antes   de filtrar: <vacia>despues de filtrar: <vacia>antes   de colapsar { [ -0.906762 ] }