antes   de colapsar <vacia>
despues de colapsar <vacia>
antes   de filtrar: { [ -22.164166 ] }
despues de filtrar: { [ -22.164166 ] }
antes   de colapsar { [ -22.164166 ][ 58.097915 ] }
despues de colapsar { [ -22.164166 ][ 58.097915 ] }
antes   de colapsar { [ -22.164166 ][ 58.097915 ] } { [ 44.398885 ][ -18.042957 ] } { [ 72.802789 ] } { [ -20.896375 ] }
despues de colapsar { [ -22.164166 ][ 58.097915 ] } { [ 44.398885 ][ -18.042957 ] } { [ 72.802789 ] } { [ -20.896375 ] }
antes   de colapsar { [ -22.164166 ][ 58.097915 ][ 44.999912 ] } { [ 44.398885 ][ -18.042957 ][ 10.625472 ] } { [ 72.802789 ][ 68.531216 ] } { [ -20.896375 ] } { [ 33.823805 ] } { [ 29.058479 ] } { [ -20.532204 ] } { [ 29.082299 ] } { [ 7.574415 ][ -19.042904 ] } { [ 37.631634 ] } { [ 21.346565 ] } { [ 34.581087 ] }
despues de colapsar { [ -22.164166 ][ 58.097915 ][ 44.999912 ] } { [ 44.398885 ][ -18.042957 ][ 10.625472 ] } { [ 11.888398 ] } { [ -20.896375 ] } { [ 33.823805 ] } { [ 29.058479 ] } { [ -20.532204 ] } { [ 29.082299 ] } { [ -nan ] } { [ 37.631634 ] } { [ 21.346565 ] } { [ 34.581087 ] }
antes   de filtrar: { [ -22.164166 ][ 58.097915 ][ 44.999912 ] } { [ 44.398885 ][ -18.042957 ][ 10.625472 ][ 37.782087 ] } { [ 11.888398 ] } { [ -20.896375 ] } { [ 33.823805 ] } { [ 29.058479 ][ -4.652737 ] } { [ -20.532204 ] } { [ 29.082299 ] } { [ -nan ] } { [ 37.631634 ] } { [ 21.346565 ] } { [ 34.581087 ] } { [ -0.118326 ] } { [ 22.488795 ] }
despues de filtrar: { [ -22.164166 ][ 58.097915 ][ 44.999912 ] } { [ 44.398885 ][ -18.042957 ][ 10.625472 ][ 37.782087 ] } { [ 29.058479 ][ -4.652737 ] } { [ 29.082299 ] } { [ -nan ] } { [ 21.346565 ] } { [ -0.118326 ] } { [ 22.488795 ] }
antes   de colapsar { [ -22.164166 ][ 58.097915 ][ 44.999912 ] } { [ 44.398885 ][ -18.042957 ][ 10.625472 ][ 37.782087 ] } { [ 29.058479 ][ -4.652737 ] } { [ 29.082299 ] } { [ -nan ] } { [ 21.346565 ] } { [ -0.118326 ] } { [ 22.488795 ] }
despues de colapsar { [ -22.164166 ][ 58.097915 ][ 44.999912 ] } { [ 44.398885 ][ -18.042957 ][ 10.625472 ][ 37.782087 ] } { [ 29.058479 ][ -4.652737 ] } { [ 29.082299 ] } { [ -nan ] } { [ 21.346565 ] } { [ -0.118326 ] } { [ 22.488795 ] }
antes   de colapsar { [ -22.164166 ][ 58.097915 ][ 44.999912 ] } { [ 44.398885 ][ -18.042957 ][ 10.625472 ][ 37.782087 ][ -12.788591 ] } { [ 29.058479 ][ -4.652737 ] } { [ 29.082299 ] } { [ -nan ] } { [ 21.346565 ] } { [ -0.118326 ] } { [ 22.488795 ] } { [ 26.858057 ] } { [ 60.606395 ] } { [ -1.549073 ] } { [ -0.113546 ][ 62.370257 ] } { [ 52.534325 ] } { [ 54.111544 ][ 56.484377 ] } { [ -20.499676 ] } { [ 34.891568 ] } { [ 23.956097 ] } { [ -8.751291 ] }
despues de colapsar { [ -22.164166 ][ 58.097915 ][ 44.999912 ] } { [ 44.398885 ][ -18.042957 ][ 10.625472 ][ 37.782087 ][ -12.788591 ] } { [ 29.058479 ][ -4.652737 ] } { [ 29.082299 ] } { [ -nan ] } { [ 21.346565 ] } { [ -0.118326 ] } { [ 22.488795 ] } { [ 26.858057 ] } { [ 60.606395 ] } { [ -1.549073 ] } { [ -0.113546 ][ 62.370257 ] } { [ 52.534325 ] } { [ 54.111544 ][ 56.484377 ] } { [ -20.499676 ] } { [ 34.891568 ] } { [ 23.956097 ] } { [ -8.751291 ] }
antes   de colapsar { [ -22.164166 ][ 58.097915 ][ 44.999912 ] } { [ 44.398885 ][ -18.042957 ][ 10.625472 ][ 37.782087 ][ -12.788591 ] } { [ 29.058479 ][ -4.652737 ] } { [ 29.082299 ] } { [ -nan ] } { [ 21.346565 ] } { [ -0.118326 ] } { [ 22.488795 ] } { [ 26.858057 ] } { [ 60.606395 ] } { [ -1.549073 ] } { [ -0.113546 ][ 62.370257 ] } { [ 52.534325 ] } { [ 54.111544 ][ 56.484377 ] } { [ -20.499676 ] } { [ 34.891568 ] } { [ 23.956097 ] } { [ -8.751291 ] } { [ 71.529624 ] }
despues de colapsar { [ -22.164166 ][ 58.097915 ][ 44.999912 ] } { [ 44.398885 ][ -18.042957 ][ 10.625472 ][ 37.782087 ][ -12.788591 ] } { [ 29.058479 ][ -4.652737 ] } { [ 29.082299 ] } { [ -nan ] } { [ 21.346565 ] } { [ -0.118326 ] } { [ 22.488795 ] } { [ 26.858057 ] } { [ 60.606395 ] } { [ -1.549073 ] } { [ -0.113546 ][ 62.370257 ] } { [ 52.534325 ] } { [ 54.111544 ][ 56.484377 ] } { [ -20.499676 ] } { [ 34.891568 ] } { [ 23.956097 ] } { [ -8.751291 ] } { [ 71.529624 ] }
antes   de filtrar: { [ -22.164166 ][ 58.097915 ][ 44.999912 ] } { [ 44.398885 ][ -18.042957 ][ 10.625472 ][ 37.782087 ][ -12.788591 ] } { [ 29.058479 ][ -4.652737 ] } { [ 29.082299 ] } { [ -nan ] } { [ 21.346565 ] } { [ -0.118326 ] } { [ 22.488795 ] } { [ 26.858057 ] } { [ 60.606395 ] } { [ -1.549073 ] } { [ -0.113546 ][ 62.370257 ] } { [ 52.534325 ] } { [ 54.111544 ][ 56.484377 ] } { [ -20.499676 ] } { [ 34.891568 ][ 7.170891 ] } { [ 23.956097 ] } { [ -8.751291 ] } { [ 71.529624 ] } { [ 28.786928 ] } { [ 50.841434 ] }
despues de filtrar: { [ -22.164166 ][ 58.097915 ][ 44.999912 ] } { [ 44.398885 ][ -18.042957 ][ 10.625472 ][ 37.782087 ][ -12.788591 ] } { [ 29.058479 ][ -4.652737 ] } { [ 29.082299 ] } { [ -nan ] } { [ 21.346565 ] } { [ -0.118326 ] } { [ 22.488795 ] } { [ -0.113546 ][ 62.370257 ] } { [ 54.111544 ][ 56.484377 ] } { [ -20.499676 ] }
antes   de colapsar <vacia>
despues de colapsar <vacia>
antes   de colapsar <vacia>
despues de colapsar <vacia>
antes   de filtrar: { [ e1a ] } { [ 40r5t ] } { [ sucrtj ] } { [ b3j ] } { [ 6bl ] }
despues de filtrar: { [ sucrtj ] }
antes   de colapsar { [ sucrtj ][ 8fiawp72 ] } { [ c2 ][ s13f ][ ka4mk98k8 ] } { [ kk ] } { [ apbcxw ][ gs1a ] } { [ 5yjw ] } { [ 57yr ][ nhf0 ][ n5wf ] } { [ o0d2i3 ] } { [ v4w8amil ][ dvidqgc8u ] } { [ cs ] } { [ w ] } { [ i982yg3 ] }
despues de colapsar { [ sucrtj ][ 8fiawp72 ] } { [ cksa241m3k ] } { [ kk ] } { [ apbcxw ][ gs1a ] } { [ 5yjw ] } { [ 5nn57whfyf ] } { [ o0d2i3 ] } { [ vd4vwi8daq ] } { [ cs ] } { [ w ] } { [ i982yg3 ] }
antes   de filtrar: { [ sucrtj ][ 8fiawp72 ] } { [ cksa241m3k ] } { [ kk ] } { [ apbcxw ][ gs1a ] } { [ 5yjw ] } { [ 5nn57whfyf ] } { [ o0d2i3 ] } { [ vd4vwi8daq ] } { [ cs ] } { [ w ] } { [ i982yg3 ] } { [ wh6 ] } { [ 4 ] }
despues de filtrar: { [ sucrtj ][ 8fiawp72 ] } { [ kk ] } { [ apbcxw ][ gs1a ] } { [ cs ] } { [ w ] }
antes   de colapsar { [ sucrtj ][ 8fiawp72 ] } { [ kk ] } { [ apbcxw ][ gs1a ] } { [ cs ] } { [ w ][ nifw3q ] } { [ gg5lwfl4 ] } { [ fg ] } { [ f6k ] } { [ d65h ] } { [ 66 ] }
despues de colapsar { [ sucrtj ][ 8fiawp72 ] } { [ kk ] } { [ apbcxw ][ gs1a ] } { [ cs ] } { [ w ][ nifw3q ] } { [ gg5lwfl4 ] } { [ fg ] } { [ f6k ] } { [ d65h ] } { [ 66 ] }
antes   de colapsar { [ sucrtj ][ 8fiawp72 ] } { [ kk ] } { [ apbcxw ][ gs1a ] } { [ cs ] } { [ w ][ nifw3q ] } { [ gg5lwfl4 ] } { [ fg ] } { [ f6k ] } { [ d65h ] } { [ 66 ] }
despues de colapsar { [ sucrtj ][ 8fiawp72 ] } { [ kk ] } { [ apbcxw ][ gs1a ] } { [ cs ] } { [ w ][ nifw3q ] } { [ gg5lwfl4 ] } { [ fg ] } { [ f6k ] } { [ d65h ] } { [ 66 ] }
antes   de colapsar { [ sucrtj ][ 8fiawp72 ] } { [ kk ][ d6c ] } { [ apbcxw ][ gs1a ] } { [ cs ] } { [ w ][ nifw3q ] } { [ gg5lwfl4 ] } { [ fg ] } { [ f6k ] } { [ d65h ] } { [ 66 ] } { [ r5dgekld ] } { [ x ] }
despues de colapsar { [ sucrtj ][ 8fiawp72 ] } { [ kk ][ d6c ] } { [ apbcxw ][ gs1a ] } { [ cs ] } { [ w ][ nifw3q ] } { [ gg5lwfl4 ] } { [ fg ] } { [ f6k ] } { [ d65h ] } { [ 66 ] } { [ r5dgekld ] } { [ x ] }
antes   de colapsar { [ sucrtj ][ 8fiawp72 ] } { [ kk ][ d6c ] } { [ apbcxw ][ gs1a ] } { [ cs ] } { [ w ][ nifw3q ] } { [ gg5lwfl4 ] } { [ fg ] } { [ f6k ] } { [ d65h ] } { [ 66 ] } { [ r5dgekld ] } { [ x ] } { [ 75fvq70m ] } { [ bbpgppo ] }
despues de colapsar { [ sucrtj ][ 8fiawp72 ] } { [ kk ][ d6c ] } { [ apbcxw ][ gs1a ] } { [ cs ] } { [ w ][ nifw3q ] } { [ gg5lwfl4 ] } { [ fg ] } { [ f6k ] } { [ d65h ] } { [ 66 ] } { [ r5dgekld ] } { [ x ] } { [ 75fvq70m ] } { [ bbpgppo ] }
antes   de filtrar: { [ sucrtj ][ 8fiawp72 ] } { [ kk ][ d6c ] } { [ apbcxw ][ gs1a ] } { [ cs ] } { [ w ][ nifw3q ] } { [ gg5lwfl4 ] } { [ fg ] } { [ f6k ] } { [ d65h ] } { [ 66 ] } { [ r5dgekld ] } { [ x ] } { [ 75fvq70m ] } { [ bbpgppo ] } { [ wk ] }
despues de filtrar: { [ sucrtj ][ 8fiawp72 ] } { [ kk ][ d6c ] } { [ apbcxw ][ gs1a ] } { [ cs ] } { [ w ][ nifw3q ] } { [ fg ] } { [ x ] } { [ bbpgppo ] } { [ wk ] }
antes   de colapsar { [ -2780 ] } { [ -417 ] } { [ -3691 ] }
despues de colapsar { [ -2780 ] } { [ -417 ] } { [ -3691 ] }
antes   de colapsar { [ -2780 ] } { [ -417 ][ 159 ] } { [ -3691 ] } { [ -2414 ] } { [ 3552 ][ -4172 ] } { [ -4010 ][ 4294 ] } { [ 3601 ] } { [ -474 ] } { [ 3404 ] } { [ 2585 ] } { [ -4202 ] }
despues de colapsar { [ -2780 ] } { [ -417 ][ 159 ] } { [ -3691 ] } { [ -2414 ] } { [ 3552 ][ -4172 ] } { [ 0 ] } { [ 3601 ] } { [ -474 ] } { [ 3404 ] } { [ 2585 ] } { [ -4202 ] }
antes   de colapsar { [ -2780 ] } { [ -417 ][ 159 ] } { [ -3691 ] } { [ -2414 ] } { [ 3552 ][ -4172 ] } { [ 0 ] } { [ 3601 ] } { [ -474 ] } { [ 3404 ] } { [ 2585 ] } { [ -4202 ] }
despues de colapsar { [ -2780 ] } { [ -417 ][ 159 ] } { [ -3691 ] } { [ -2414 ] } { [ 3552 ][ -4172 ] } { [ 0 ] } { [ 3601 ] } { [ -474 ] } { [ 3404 ] } { [ 2585 ] } { [ -4202 ] }
antes   de filtrar: { [ -2780 ] } { [ -417 ][ 159 ] } { [ -3691 ] } { [ -2414 ] } { [ 3552 ][ -4172 ] } { [ 0 ] } { [ 3601 ] } { [ -474 ] } { [ 3404 ] } { [ 2585 ] } { [ -4202 ] } { [ -4155 ] } { [ 3402 ] }
despues de filtrar: { [ -417 ][ 159 ] } { [ -3691 ] } { [ -2414 ] } { [ 3552 ][ -4172 ] } { [ 0 ] } { [ -474 ] } { [ 2585 ] } { [ -4155 ] }
antes   de colapsar { [ -417 ][ 159 ] } { [ -3691 ] } { [ -2414 ] } { [ 3552 ][ -4172 ] } { [ 0 ] } { [ -474 ] } { [ 2585 ] } { [ -4155 ] } { [ 3096 ] } { [ -3682 ] } { [ 1161 ] }
despues de colapsar { [ -417 ][ 159 ] } { [ -3691 ] } { [ -2414 ] } { [ 3552 ][ -4172 ] } { [ 0 ] } { [ -474 ] } { [ 2585 ] } { [ -4155 ] } { [ 3096 ] } { [ -3682 ] } { [ 1161 ] }
antes   de colapsar { [ -417 ][ 159 ] } { [ -3691 ] } { [ -2414 ] } { [ 3552 ][ -4172 ] } { [ 0 ] } { [ -474 ] } { [ 2585 ] } { [ -4155 ] } { [ 3096 ] } { [ -3682 ] } { [ 1161 ][ -1127 ] } { [ 4587 ][ 1467 ] } { [ 3871 ] } { [ 4366 ] }
despues de colapsar { [ -417 ][ 159 ] } { [ -3691 ] } { [ -2414 ] } { [ 3552 ][ -4172 ] } { [ 0 ] } { [ -474 ] } { [ 2585 ] } { [ -4155 ] } { [ 3096 ] } { [ -3682 ] } { [ 1161 ][ -1127 ] } { [ 4587 ][ 1467 ] } { [ 3871 ] } { [ 4366 ] }
antes   de colapsar { [ -417 ][ 159 ] } { [ -3691 ] } { [ -2414 ] } { [ 3552 ][ -4172 ] } { [ 0 ] } { [ -474 ] } { [ 2585 ] } { [ -4155 ] } { [ 3096 ] } { [ -3682 ] } { [ 1161 ][ -1127 ] } { [ 4587 ][ 1467 ] } { [ 3871 ] } { [ 4366 ] } { [ 3084 ] } { [ -3980 ] } { [ -537 ] }
despues de colapsar { [ -417 ][ 159 ] } { [ -3691 ] } { [ -2414 ] } { [ 3552 ][ -4172 ] } { [ 0 ] } { [ -474 ] } { [ 2585 ] } { [ -4155 ] } { [ 3096 ] } { [ -3682 ] } { [ 1161 ][ -1127 ] } { [ 4587 ][ 1467 ] } { [ 3871 ] } { [ 4366 ] } { [ 3084 ] } { [ -3980 ] } { [ -537 ] }
antes   de filtrar: { [ -417 ][ 159 ] } { [ -3691 ] } { [ -2414 ] } { [ 3552 ][ -4172 ] } { [ 0 ] } { [ -474 ][ -2893 ] } { [ 2585 ][ 1060 ] } { [ -4155 ] } { [ 3096 ] } { [ -3682 ] } { [ 1161 ][ -1127 ] } { [ 4587 ][ 1467 ] } { [ 3871 ] } { [ 4366 ] } { [ 3084 ] } { [ -3980 ] } { [ -537 ][ 3363 ] } { [ -421 ] } { [ 1281 ][ 3643 ] } { [ 4821 ] } { [ 2273 ] }
despues de filtrar: { [ -417 ][ 159 ] } { [ -3691 ] } { [ -2414 ] } { [ 3552 ][ -4172 ] } { [ 0 ] } { [ -474 ][ -2893 ] } { [ 2585 ][ 1060 ] } { [ -4155 ] } { [ -3682 ] } { [ 1161 ][ -1127 ] } { [ 4587 ][ 1467 ] } { [ 3871 ] } { [ 4366 ] } { [ -537 ][ 3363 ] } { [ -421 ] } { [ 1281 ][ 3643 ] } { [ 4821 ] } { [ 2273 ] }
antes   de colapsar { [ -417 ][ 159 ] } { [ -3691 ] } { [ -2414 ] } { [ 3552 ][ -4172 ] } { [ 0 ] } { [ -474 ][ -2893 ] } { [ 2585 ][ 1060 ] } { [ -4155 ] } { [ -3682 ] } { [ 1161 ][ -1127 ] } { [ 4587 ][ 1467 ] } { [ 3871 ] } { [ 4366 ] } { [ -537 ][ 3363 ] } { [ -421 ] } { [ 1281 ][ 3643 ] } { [ 4821 ] } { [ 2273 ] } { [ -2222 ] }
despues de colapsar { [ -417 ][ 159 ] } { [ -3691 ] } { [ -2414 ] } { [ 3552 ][ -4172 ] } { [ 0 ] } { [ -474 ][ -2893 ] } { [ 2585 ][ 1060 ] } { [ -4155 ] } { [ -3682 ] } { [ 1161 ][ -1127 ] } { [ 4587 ][ 1467 ] } { [ 3871 ] } { [ 4366 ] } { [ -537 ][ 3363 ] } { [ -421 ] } { [ 1281 ][ 3643 ] } { [ 4821 ] } { [ 2273 ] } { [ -2222 ] }
antes   de filtrar: { [ -417 ][ 159 ] } { [ -3691 ] } { [ -2414 ] } { [ 3552 ][ -4172 ] } { [ 0 ] } { [ -474 ][ -2893 ][ 1876 ] } { [ 2585 ][ 1060 ] } { [ -4155 ] } { [ -3682 ] } { [ 1161 ][ -1127 ] } { [ 4587 ][ 1467 ] } { [ 3871 ][ -1043 ] } { [ 4366 ] } { [ -537 ][ 3363 ][ 1838 ] } { [ -421 ] } { [ 1281 ][ 3643 ] } { [ 4821 ] } { [ 2273 ] } { [ -2222 ] } { [ 1905 ] } { [ -4785 ] } { [ -2835 ] } { [ -3258 ] } { [ 406 ] } { [ -3074 ] }
despues de filtrar: { [ -417 ][ 159 ] } { [ -3691 ] } { [ -2414 ] } { [ 3552 ][ -4172 ] } { [ 0 ] } { [ -474 ][ -2893 ][ 1876 ] } { [ 2585 ][ 1060 ] } { [ -4155 ] } { [ -3682 ] } { [ 1161 ][ -1127 ] } { [ 4587 ][ 1467 ] } { [ 3871 ][ -1043 ] } { [ 4366 ] } { [ -537 ][ 3363 ][ 1838 ] } { [ -421 ] } { [ 1281 ][ 3643 ] } { [ 4821 ] } { [ 2273 ] } { [ -2222 ] } { [ -4785 ] } { [ -2835 ] } { [ -3258 ] }
antes   de filtrar: { [ 11.070789 ][ 56.600111 ] } { [ 73.486076 ][ 15.344752 ][ 39.433572 ] } { [ 66.639717 ] } { [ -22.976089 ][ 5.633937 ] } { [ 39.539046 ][ 18.901834 ] } { [ 66.194575 ] } { [ -14.061930 ] } { [ 49.998269 ] } { [ 74.383853 ] } { [ 17.860445 ] } { [ 40.431351 ] }
despues de filtrar: { [ 11.070789 ][ 56.600111 ] } { [ 73.486076 ][ 15.344752 ][ 39.433572 ] } { [ 66.194575 ] } { [ -14.061930 ] } { [ 74.383853 ] } { [ 40.431351 ] }
antes   de colapsar { [ 11.070789 ][ 56.600111 ] } { [ 73.486076 ][ 15.344752 ][ 39.433572 ] } { [ 66.194575 ] } { [ -14.061930 ] } { [ 74.383853 ] } { [ 40.431351 ] } { [ -1.946265 ] }
despues de colapsar { [ 11.070789 ][ 56.600111 ] } { [ 73.486076 ][ 15.344752 ][ 39.433572 ] } { [ 66.194575 ] } { [ -14.061930 ] } { [ 74.383853 ] } { [ 40.431351 ] } { [ -1.946265 ] }
antes   de colapsar { [ 11.070789 ][ 56.600111 ][ 19.181060 ] } { [ 73.486076 ][ 15.344752 ][ 39.433572 ][ -20.877099 ] } { [ 66.194575 ] } { [ -14.061930 ] } { [ 74.383853 ] } { [ 40.431351 ] } { [ -1.946265 ] } { [ 59.286032 ] } { [ 25.232501 ] } { [ 37.352303 ] }
despues de colapsar { [ 11.070789 ][ 56.600111 ][ 19.181060 ] } { [ 73.486076 ][ 15.344752 ][ 39.433572 ][ -20.877099 ] } { [ 66.194575 ] } { [ -14.061930 ] } { [ 74.383853 ] } { [ 40.431351 ] } { [ -1.946265 ] } { [ 59.286032 ] } { [ 25.232501 ] } { [ 37.352303 ] }
antes   de filtrar: { [ 11.070789 ][ 56.600111 ][ 19.181060 ] } { [ 73.486076 ][ 15.344752 ][ 39.433572 ][ -20.877099 ] } { [ 66.194575 ] } { [ -14.061930 ] } { [ 74.383853 ] } { [ 40.431351 ] } { [ -1.946265 ] } { [ 59.286032 ] } { [ 25.232501 ] } { [ 37.352303 ] } { [ 51.607588 ] } { [ -20.442493 ] } { [ 61.841511 ] } { [ -4.192992 ] } { [ -10.288176 ] } { [ 69.089921 ] } { [ -6.311906 ] }
despues de filtrar: { [ 11.070789 ][ 56.600111 ][ 19.181060 ] } { [ 73.486076 ][ 15.344752 ][ 39.433572 ][ -20.877099 ] } { [ 66.194575 ] } { [ -14.061930 ] } { [ 74.383853 ] } { [ 40.431351 ] } { [ 59.286032 ] } { [ 25.232501 ] } { [ 37.352303 ] } { [ -20.442493 ] } { [ -4.192992 ] } { [ -10.288176 ] } { [ 69.089921 ] } { [ -6.311906 ] }
antes   de colapsar { [ 11.070789 ][ 56.600111 ][ 19.181060 ] } { [ 73.486076 ][ 15.344752 ][ 39.433572 ][ -20.877099 ] } { [ 66.194575 ] } { [ -14.061930 ] } { [ 74.383853 ] } { [ 40.431351 ] } { [ 59.286032 ] } { [ 25.232501 ] } { [ 37.352303 ] } { [ -20.442493 ][ 4.322458 ] } { [ -4.192992 ] } { [ -10.288176 ] } { [ 69.089921 ] } { [ -6.311906 ] } { [ 28.280336 ] }
despues de colapsar { [ 11.070789 ][ 56.600111 ][ 19.181060 ] } { [ 73.486076 ][ 15.344752 ][ 39.433572 ][ -20.877099 ] } { [ 66.194575 ] } { [ -14.061930 ] } { [ 74.383853 ] } { [ 40.431351 ] } { [ 59.286032 ] } { [ 25.232501 ] } { [ 37.352303 ] } { [ -20.442493 ][ 4.322458 ] } { [ -4.192992 ] } { [ -10.288176 ] } { [ 69.089921 ] } { [ -6.311906 ] } { [ 28.280336 ] }
antes   de colapsar { [ 11.070789 ][ 56.600111 ][ 19.181060 ] } { [ 73.486076 ][ 15.344752 ][ 39.433572 ][ -20.877099 ] } { [ 66.194575 ] } { [ -14.061930 ] } { [ 74.383853 ] } { [ 40.431351 ] } { [ 59.286032 ] } { [ 25.232501 ] } { [ 37.352303 ] } { [ -20.442493 ][ 4.322458 ] } { [ -4.192992 ] } { [ -10.288176 ] } { [ 69.089921 ] } { [ -6.311906 ][ 67.578063 ] } { [ 28.280336 ] }
despues de colapsar { [ 11.070789 ][ 56.600111 ][ 19.181060 ] } { [ 73.486076 ][ 15.344752 ][ 39.433572 ][ -20.877099 ] } { [ 66.194575 ] } { [ -14.061930 ] } { [ 74.383853 ] } { [ 40.431351 ] } { [ 59.286032 ] } { [ 25.232501 ] } { [ 37.352303 ] } { [ -20.442493 ][ 4.322458 ] } { [ -4.192992 ] } { [ -10.288176 ] } { [ 69.089921 ] } { [ -6.311906 ][ 67.578063 ] } { [ 28.280336 ] }
antes   de colapsar { [ 11.070789 ][ 56.600111 ][ 19.181060 ] } { [ 73.486076 ][ 15.344752 ][ 39.433572 ][ -20.877099 ] } { [ 66.194575 ] } { [ -14.061930 ] } { [ 74.383853 ] } { [ 40.431351 ] } { [ 59.286032 ] } { [ 25.232501 ] } { [ 37.352303 ] } { [ -20.442493 ][ 4.322458 ] } { [ -4.192992 ] } { [ -10.288176 ] } { [ 69.089921 ] } { [ -6.311906 ][ 67.578063 ] } { [ 28.280336 ] } { [ 50.428300 ] }
despues de colapsar { [ 11.070789 ][ 56.600111 ][ 19.181060 ] } { [ 73.486076 ][ 15.344752 ][ 39.433572 ][ -20.877099 ] } { [ 66.194575 ] } { [ -14.061930 ] } { [ 74.383853 ] } { [ 40.431351 ] } { [ 59.286032 ] } { [ 25.232501 ] } { [ 37.352303 ] } { [ -20.442493 ][ 4.322458 ] } { [ -4.192992 ] } { [ -10.288176 ] } { [ 69.089921 ] } { [ -6.311906 ][ 67.578063 ] } { [ 28.280336 ] } { [ 50.428300 ] }
antes   de colapsar { [ 11.070789 ][ 56.600111 ][ 19.181060 ] } { [ 73.486076 ][ 15.344752 ][ 39.433572 ][ -20.877099 ] } { [ 66.194575 ] } { [ -14.061930 ][ 40.464311 ] } { [ 74.383853 ] } { [ 40.431351 ] } { [ 59.286032 ] } { [ 25.232501 ] } { [ 37.352303 ] } { [ -20.442493 ][ 4.322458 ][ 36.307841 ] } { [ -4.192992 ] } { [ -10.288176 ] } { [ 69.089921 ] } { [ -6.311906 ][ 67.578063 ] } { [ 28.280336 ] } { [ 50.428300 ] } { [ 3.350786 ] }
despues de colapsar { [ 11.070789 ][ 56.600111 ][ 19.181060 ] } { [ 73.486076 ][ 15.344752 ][ 39.433572 ][ -20.877099 ] } { [ 66.194575 ] } { [ -14.061930 ][ 40.464311 ] } { [ 74.383853 ] } { [ 40.431351 ] } { [ 59.286032 ] } { [ 25.232501 ] } { [ 37.352303 ] } { [ -20.442493 ][ 4.322458 ][ 36.307841 ] } { [ -4.192992 ] } { [ -10.288176 ] } { [ 69.089921 ] } { [ -6.311906 ][ 67.578063 ] } { [ 28.280336 ] } { [ 50.428300 ] } { [ 3.350786 ] }
antes   de colapsar { [ 11.070789 ][ 56.600111 ][ 19.181060 ] } { [ 73.486076 ][ 15.344752 ][ 39.433572 ][ -20.877099 ] } { [ 66.194575 ] } { [ -14.061930 ][ 40.464311 ][ 24.658729 ] } { [ 74.383853 ] } { [ 40.431351 ] } { [ 59.286032 ] } { [ 25.232501 ] } { [ 37.352303 ] } { [ -20.442493 ][ 4.322458 ][ 36.307841 ] } { [ -4.192992 ] } { [ -10.288176 ] } { [ 69.089921 ] } { [ -6.311906 ][ 67.578063 ][ 66.516981 ] } { [ 28.280336 ] } { [ 50.428300 ] } { [ 3.350786 ] } { [ 60.166916 ] } { [ 57.039474 ] } { [ -4.331426 ] } { [ 57.609020 ] }
despues de colapsar { [ 11.070789 ][ 56.600111 ][ 19.181060 ] } { [ 73.486076 ][ 15.344752 ][ 39.433572 ][ -20.877099 ] } { [ 66.194575 ] } { [ -14.061930 ][ 40.464311 ][ 24.658729 ] } { [ 74.383853 ] } { [ 40.431351 ] } { [ 59.286032 ] } { [ 25.232501 ] } { [ 37.352303 ] } { [ -20.442493 ][ 4.322458 ][ 36.307841 ] } { [ -4.192992 ] } { [ -10.288176 ] } { [ 69.089921 ] } { [ -6.311906 ][ 67.578063 ][ 66.516981 ] } { [ 28.280336 ] } { [ 50.428300 ] } { [ 3.350786 ] } { [ 60.166916 ] } { [ 57.039474 ] } { [ -4.331426 ] } { [ 57.609020 ] }
antes   de filtrar: { [ 11.070789 ][ 56.600111 ][ 19.181060 ] } { [ 73.486076 ][ 15.344752 ][ 39.433572 ][ -20.877099 ] } { [ 66.194575 ] } { [ -14.061930 ][ 40.464311 ][ 24.658729 ] } { [ 74.383853 ] } { [ 40.431351 ] } { [ 59.286032 ] } { [ 25.232501 ] } { [ 37.352303 ] } { [ -20.442493 ][ 4.322458 ][ 36.307841 ] } { [ -4.192992 ] } { [ -10.288176 ] } { [ 69.089921 ] } { [ -6.311906 ][ 67.578063 ][ 66.516981 ] } { [ 28.280336 ] } { [ 50.428300 ] } { [ 3.350786 ] } { [ 60.166916 ] } { [ 57.039474 ] } { [ -4.331426 ] } { [ 57.609020 ] } { [ -8.504373 ] } { [ 59.577376 ] }
despues de filtrar: { [ 11.070789 ][ 56.600111 ][ 19.181060 ] } { [ 73.486076 ][ 15.344752 ][ 39.433572 ][ -20.877099 ] } { [ 66.194575 ] } { [ -14.061930 ][ 40.464311 ][ 24.658729 ] } { [ 74.383853 ] } { [ 40.431351 ] } { [ 59.286032 ] } { [ 25.232501 ] } { [ 37.352303 ] } { [ -20.442493 ][ 4.322458 ][ 36.307841 ] } { [ -4.192992 ] } { [ -10.288176 ] } { [ 69.089921 ] } { [ -6.311906 ][ 67.578063 ][ 66.516981 ] } { [ 28.280336 ] } { [ 50.428300 ] } { [ 3.350786 ] } { [ 60.166916 ] } { [ 57.039474 ] } { [ -4.331426 ] }
antes   de colapsar { [ -2655 ][ 514 ] } { [ 2513 ] } { [ 3056 ][ -402 ] } { [ -2230 ] }
despues de colapsar { [ -2655 ][ 514 ] } { [ 2513 ] } { [ 0 ] } { [ -2230 ] }
antes   de filtrar: { [ -2655 ][ 514 ] } { [ 2513 ] } { [ 0 ][ 1528 ] } { [ -2230 ] } { [ 1823 ] } { [ -4893 ] } { [ -3744 ] }
despues de filtrar: { [ -2655 ][ 514 ] } { [ 2513 ] } { [ 0 ][ 1528 ] } { [ 1823 ] } { [ -4893 ] } { [ -3744 ] }
antes   de colapsar { [ -2655 ][ 514 ] } { [ 2513 ] } { [ 0 ][ 1528 ] } { [ 1823 ] } { [ -4893 ] } { [ -3744 ] }
despues de colapsar { [ -2655 ][ 514 ] } { [ 2513 ] } { [ 0 ][ 1528 ] } { [ 1823 ] } { [ -4893 ] } { [ -3744 ] }
antes   de colapsar { [ -2655 ][ 514 ][ 2330 ] } { [ 2513 ] } { [ 0 ][ 1528 ] } { [ 1823 ] } { [ -4893 ] } { [ -3744 ] } { [ -1082 ] }
despues de colapsar { [ -2655 ][ 514 ][ 2330 ] } { [ 2513 ] } { [ 0 ][ 1528 ] } { [ 1823 ] } { [ -4893 ] } { [ -3744 ] } { [ -1082 ] }
antes   de colapsar { [ -2655 ][ 514 ][ 2330 ] } { [ 2513 ] } { [ 0 ][ 1528 ][ -4580 ] } { [ 1823 ] } { [ -4893 ][ 2149 ] } { [ -3744 ] } { [ -1082 ][ -3652 ] } { [ -4061 ] } { [ -1048 ][ -3811 ][ 2029 ] } { [ 2589 ] } { [ -1250 ] } { [ 1932 ] } { [ 3172 ] } { [ 4643 ] } { [ 812 ] }
despues de colapsar { [ -2655 ][ 514 ][ 2330 ] } { [ 2513 ] } { [ 0 ][ 1528 ][ -4580 ] } { [ 1823 ] } { [ -4893 ][ 2149 ] } { [ -3744 ] } { [ 1987 ] } { [ -4061 ] } { [ 2013 ] } { [ 2589 ] } { [ -1250 ] } { [ 1932 ] } { [ 3172 ] } { [ 4643 ] } { [ 812 ] }
antes   de filtrar: { [ -2655 ][ 514 ][ 2330 ] } { [ 2513 ] } { [ 0 ][ 1528 ][ -4580 ] } { [ 1823 ] } { [ -4893 ][ 2149 ] } { [ -3744 ] } { [ 1987 ] } { [ -4061 ] } { [ 2013 ] } { [ 2589 ] } { [ -1250 ] } { [ 1932 ] } { [ 3172 ] } { [ 4643 ] } { [ 812 ] } { [ -2560 ] }
despues de filtrar: { [ -2655 ][ 514 ][ 2330 ] } { [ 2513 ] } { [ 0 ][ 1528 ][ -4580 ] } { [ 1823 ] } { [ -4893 ][ 2149 ] } { [ -3744 ] } { [ 1987 ] } { [ 2589 ] } { [ 1932 ] } { [ 3172 ] } { [ 4643 ] } { [ 812 ] }
antes   de colapsar { [ -2655 ][ 514 ][ 2330 ] } { [ 2513 ] } { [ 0 ][ 1528 ][ -4580 ] } { [ 1823 ] } { [ -4893 ][ 2149 ] } { [ -3744 ] } { [ 1987 ] } { [ 2589 ] } { [ 1932 ] } { [ 3172 ] } { [ 4643 ] } { [ 812 ] } { [ -4343 ] } { [ -768 ] }
despues de colapsar { [ -2655 ][ 514 ][ 2330 ] } { [ 2513 ] } { [ 0 ][ 1528 ][ -4580 ] } { [ 1823 ] } { [ -4893 ][ 2149 ] } { [ -3744 ] } { [ 1987 ] } { [ 2589 ] } { [ 1932 ] } { [ 3172 ] } { [ 4643 ] } { [ 812 ] } { [ -4343 ] } { [ -768 ] }
antes   de colapsar { [ -2655 ][ 514 ][ 2330 ] } { [ 2513 ] } { [ 0 ][ 1528 ][ -4580 ] } { [ 1823 ] } { [ -4893 ][ 2149 ] } { [ -3744 ] } { [ 1987 ] } { [ 2589 ] } { [ 1932 ] } { [ 3172 ] } { [ 4643 ] } { [ 812 ] } { [ -4343 ] } { [ -768 ] }
despues de colapsar { [ -2655 ][ 514 ][ 2330 ] } { [ 2513 ] } { [ 0 ][ 1528 ][ -4580 ] } { [ 1823 ] } { [ -4893 ][ 2149 ] } { [ -3744 ] } { [ 1987 ] } { [ 2589 ] } { [ 1932 ] } { [ 3172 ] } { [ 4643 ] } { [ 812 ] } { [ -4343 ] } { [ -768 ] }
antes   de filtrar: { [ -2655 ][ 514 ][ 2330 ] } { [ 2513 ] } { [ 0 ][ 1528 ][ -4580 ] } { [ 1823 ] } { [ -4893 ][ 2149 ] } { [ -3744 ] } { [ 1987 ] } { [ 2589 ] } { [ 1932 ] } { [ 3172 ] } { [ 4643 ] } { [ 812 ] } { [ -4343 ] } { [ -768 ] } { [ -2064 ] } { [ 130 ] } { [ -2469 ] } { [ -693 ] }
despues de filtrar: { [ -2655 ][ 514 ][ 2330 ] } { [ 2513 ] } { [ 0 ][ 1528 ][ -4580 ] } { [ 1823 ] } { [ -4893 ][ 2149 ] } { [ -3744 ] } { [ 1987 ] } { [ 2589 ] } { [ 1932 ] } { [ 3172 ] } { [ 4643 ] } { [ 812 ] } { [ -4343 ] } { [ -768 ] } { [ -2469 ] } { [ -693 ] }
antes   de colapsar { [ -2655 ][ 514 ][ 2330 ][ 4778 ][ 1167 ] } { [ 2513 ] } { [ 0 ][ 1528 ][ -4580 ] } { [ 1823 ] } { [ -4893 ][ 2149 ][ -2592 ] } { [ -3744 ] } { [ 1987 ] } { [ 2589 ] } { [ 1932 ] } { [ 3172 ] } { [ 4643 ][ 3146 ] } { [ 812 ][ -3110 ] } { [ -4343 ] } { [ -768 ] } { [ -2469 ] } { [ -693 ] } { [ 1407 ][ -2912 ] } { [ -608 ] } { [ 1515 ] } { [ -16 ] } { [ 377 ] } { [ 850 ] } { [ -4204 ] } { [ 2134 ] } { [ 1270 ] } { [ 3543 ] } { [ 980 ] } { [ 1296 ] }
despues de colapsar { [ -2655 ][ 514 ][ 2330 ][ 4778 ][ 1167 ] } { [ 2513 ] } { [ 0 ][ 1528 ][ -4580 ] } { [ 1823 ] } { [ -4893 ][ 2149 ][ -2592 ] } { [ -3744 ] } { [ 1987 ] } { [ 2589 ] } { [ 1932 ] } { [ 3172 ] } { [ 4643 ][ 3146 ] } { [ 812 ][ -3110 ] } { [ -4343 ] } { [ -768 ] } { [ -2469 ] } { [ -693 ] } { [ 0 ] } { [ -608 ] } { [ 1515 ] } { [ -16 ] } { [ 377 ] } { [ 850 ] } { [ -4204 ] } { [ 2134 ] } { [ 1270 ] } { [ 3543 ] } { [ 980 ] } { [ 1296 ] }
