antes   de filtrar: { [ jcw ][ s4xx2 ] } { [ htyvmiw ][ tb1 ] } { [ 3vwlbfid12 ][ budb ][ ey ] } { [ d3xq96ucx4 ][ bs2w ] } { [ 2qgc9xi9 ] } { [ ty96nfgvk ] } { [ t ][ bmy38 ][ cncqh ] } { [ uebnx9u8s9 ] } { [ jah7 ] } { [ so5if2620 ] } { [ od ] } { [ podspgt0vh ] }despues de filtrar: { [ jcw ][ s4xx2 ] } { [ htyvmiw ][ tb1 ] } { [ t ][ bmy38 ][ cncqh ] } { [ od ] }antes   de colapsar { [ jcw ][ s4xx2 ] } { [ htyvmiw ][ tb1 ] } { [ t ][ bmy38 ][ cncqh ] } { [ od ] }