antes   de colapsar { [ rhbleb ] } { [ xa6fo7ig ] }