antes   de filtrar: { [ 40.999865 ][ 64.900060 ] }despues de filtrar: <vacia>antes   de colapsar { [ 4.416051 ] } { [ 45.736906 ] }