antes   de colapsar <vacia>
despues de colapsar <vacia>
antes   de colapsar { [ 1292 ] }
despues de colapsar { [ 1292 ] }
antes   de colapsar { [ 1292 ][ 3161 ][ 4852 ] } { [ 1878 ] } { [ 4738 ] } { [ -422 ][ -2557 ] }
despues de colapsar { [ 1292 ][ 3161 ][ 4852 ] } { [ 1878 ] } { [ 4738 ] } { [ -422 ][ -2557 ] }
antes   de filtrar: { [ 1292 ][ 3161 ][ 4852 ] } { [ 1878 ] } { [ 4738 ] } { [ -422 ][ -2557 ] }
despues de filtrar: { [ 1292 ][ 3161 ][ 4852 ] } { [ 1878 ] } { [ 4738 ] } { [ -422 ][ -2557 ] }
antes   de colapsar { [ 1292 ][ 3161 ][ 4852 ] } { [ 1878 ] } { [ 4738 ] } { [ -422 ][ -2557 ] }
despues de colapsar { [ 1292 ][ 3161 ][ 4852 ] } { [ 1878 ] } { [ 4738 ] } { [ -422 ][ -2557 ] }
antes   de colapsar { [ 1292 ][ 3161 ][ 4852 ] } { [ 1878 ] } { [ 4738 ] } { [ -422 ][ -2557 ] } { [ -2839 ] } { [ -822 ] } { [ -2125 ] } { [ 1251 ] } { [ -3611 ] } { [ 2112 ] } { [ 2043 ] } { [ -2636 ] } { [ 1538 ] } { [ -1727 ] } { [ 2349 ] }
despues de colapsar { [ 1292 ][ 3161 ][ 4852 ] } { [ 1878 ] } { [ 4738 ] } { [ -422 ][ -2557 ] } { [ -2839 ] } { [ -822 ] } { [ -2125 ] } { [ 1251 ] } { [ -3611 ] } { [ 2112 ] } { [ 2043 ] } { [ -2636 ] } { [ 1538 ] } { [ -1727 ] } { [ 2349 ] }
antes   de filtrar: { [ 1292 ][ 3161 ][ 4852 ] } { [ 1878 ][ 2518 ] } { [ 4738 ] } { [ -422 ][ -2557 ][ 243 ][ 240 ] } { [ -2839 ] } { [ -822 ][ 1358 ] } { [ -2125 ] } { [ 1251 ] } { [ -3611 ] } { [ 2112 ] } { [ 2043 ] } { [ -2636 ][ -45 ] } { [ 1538 ][ 115 ][ 64 ] } { [ -1727 ][ -961 ] } { [ 2349 ] } { [ -1063 ] } { [ 2026 ] } { [ -3008 ] } { [ 4936 ][ -2761 ] } { [ -2163 ] } { [ -3344 ] } { [ 4330 ] }
despues de filtrar: { [ 1292 ][ 3161 ][ 4852 ] } { [ 1878 ][ 2518 ] } { [ 4738 ] } { [ -422 ][ -2557 ][ 243 ][ 240 ] } { [ -2839 ] } { [ -822 ][ 1358 ] } { [ -2125 ] } { [ 1251 ] } { [ -3611 ] } { [ 2112 ] } { [ -2636 ][ -45 ] } { [ 1538 ][ 115 ][ 64 ] } { [ -1727 ][ -961 ] } { [ 2349 ] } { [ 4936 ][ -2761 ] } { [ -2163 ] } { [ -3344 ] }
antes   de colapsar { [ 1292 ][ 3161 ][ 4852 ] } { [ 1878 ][ 2518 ] } { [ 4738 ] } { [ -422 ][ -2557 ][ 243 ][ 240 ] } { [ -2839 ] } { [ -822 ][ 1358 ] } { [ -2125 ][ 3755 ] } { [ 1251 ] } { [ -3611 ] } { [ 2112 ] } { [ -2636 ][ -45 ] } { [ 1538 ][ 115 ][ 64 ] } { [ -1727 ][ -961 ] } { [ 2349 ] } { [ 4936 ][ -2761 ] } { [ -2163 ] } { [ -3344 ] } { [ -4772 ] } { [ -3984 ] } { [ -3792 ] }
despues de colapsar { [ 1292 ][ 3161 ][ 4852 ] } { [ 1878 ][ 2518 ] } { [ 4738 ] } { [ -422 ][ -2557 ][ 243 ][ 240 ] } { [ -2839 ] } { [ -822 ][ 1358 ] } { [ -2125 ][ 3755 ] } { [ 1251 ] } { [ -3611 ] } { [ 2112 ] } { [ -2636 ][ -45 ] } { [ 1538 ][ 115 ][ 64 ] } { [ -1727 ][ -961 ] } { [ 2349 ] } { [ 4936 ][ -2761 ] } { [ -2163 ] } { [ -3344 ] } { [ -4772 ] } { [ -3984 ] } { [ -3792 ] }
antes   de colapsar { [ 1292 ][ 3161 ][ 4852 ] } { [ 1878 ][ 2518 ] } { [ 4738 ] } { [ -422 ][ -2557 ][ 243 ][ 240 ] } { [ -2839 ] } { [ -822 ][ 1358 ] } { [ -2125 ][ 3755 ] } { [ 1251 ] } { [ -3611 ] } { [ 2112 ] } { [ -2636 ][ -45 ] } { [ 1538 ][ 115 ][ 64 ] } { [ -1727 ][ -961 ] } { [ 2349 ] } { [ 4936 ][ -2761 ] } { [ -2163 ] } { [ -3344 ] } { [ -4772 ] } { [ -3984 ] } { [ -3792 ] } { [ 4835 ] } { [ 126 ] } { [ 1516 ] } { [ -3871 ] } { [ 3682 ] } { [ 2074 ] }
despues de colapsar { [ 1292 ][ 3161 ][ 4852 ] } { [ 1878 ][ 2518 ] } { [ 4738 ] } { [ -422 ][ -2557 ][ 243 ][ 240 ] } { [ -2839 ] } { [ -822 ][ 1358 ] } { [ -2125 ][ 3755 ] } { [ 1251 ] } { [ -3611 ] } { [ 2112 ] } { [ -2636 ][ -45 ] } { [ 1538 ][ 115 ][ 64 ] } { [ -1727 ][ -961 ] } { [ 2349 ] } { [ 4936 ][ -2761 ] } { [ -2163 ] } { [ -3344 ] } { [ -4772 ] } { [ -3984 ] } { [ -3792 ] } { [ 4835 ] } { [ 126 ] } { [ 1516 ] } { [ -3871 ] } { [ 3682 ] } { [ 2074 ] }
antes   de filtrar: { [ 1292 ][ 3161 ][ 4852 ] } { [ 1878 ][ 2518 ] } { [ 4738 ] } { [ -422 ][ -2557 ][ 243 ][ 240 ] } { [ -2839 ] } { [ -822 ][ 1358 ] } { [ -2125 ][ 3755 ] } { [ 1251 ][ 4028 ] } { [ -3611 ] } { [ 2112 ] } { [ -2636 ][ -45 ] } { [ 1538 ][ 115 ][ 64 ] } { [ -1727 ][ -961 ] } { [ 2349 ] } { [ 4936 ][ -2761 ] } { [ -2163 ] } { [ -3344 ] } { [ -4772 ] } { [ -3984 ] } { [ -3792 ] } { [ 4835 ] } { [ 126 ] } { [ 1516 ] } { [ -3871 ] } { [ 3682 ] } { [ 2074 ] } { [ 2724 ] } { [ 932 ] } { [ -2181 ] } { [ -4005 ] }
despues de filtrar: { [ 1292 ][ 3161 ][ 4852 ] } { [ 1878 ][ 2518 ] } { [ 4738 ] } { [ -422 ][ -2557 ][ 243 ][ 240 ] } { [ -2839 ] } { [ -822 ][ 1358 ] } { [ -2125 ][ 3755 ] } { [ 1251 ][ 4028 ] } { [ -3611 ] } { [ 2112 ] } { [ -2636 ][ -45 ] } { [ 1538 ][ 115 ][ 64 ] } { [ -1727 ][ -961 ] } { [ 2349 ] } { [ 4936 ][ -2761 ] } { [ -2163 ] } { [ -3344 ] } { [ -4772 ] } { [ -3984 ] } { [ -3792 ] } { [ 4835 ] } { [ 126 ] } { [ 1516 ] } { [ -3871 ] } { [ 3682 ] } { [ 2724 ] } { [ 932 ] } { [ -2181 ] }
antes   de colapsar { [ 3546 ] }
despues de colapsar { [ 3546 ] }
antes   de filtrar: { [ 3546 ][ -2805 ][ -4559 ] }
despues de filtrar: { [ 3546 ][ -2805 ][ -4559 ] }
antes   de colapsar { [ 3546 ][ -2805 ][ -4559 ] } { [ 3087 ] }
despues de colapsar { [ 3546 ][ -2805 ][ -4559 ] } { [ 3087 ] }
antes   de colapsar { [ 3546 ][ -2805 ][ -4559 ] } { [ 3087 ] } { [ -1421 ] } { [ -335 ] } { [ -534 ] } { [ 870 ] }
despues de colapsar { [ 3546 ][ -2805 ][ -4559 ] } { [ 3087 ] } { [ -1421 ] } { [ -335 ] } { [ -534 ] } { [ 870 ] }
antes   de filtrar: { [ 3546 ][ -2805 ][ -4559 ] } { [ 3087 ] } { [ -1421 ] } { [ -335 ] } { [ -534 ] } { [ 870 ] } { [ -944 ] }
despues de filtrar: { [ 3546 ][ -2805 ][ -4559 ] } { [ -1421 ] } { [ -335 ] } { [ -534 ] } { [ -944 ] }
antes   de filtrar: { [ 3546 ][ -2805 ][ -4559 ] } { [ -1421 ] } { [ -335 ] } { [ -534 ] } { [ -944 ][ -3651 ] } { [ 3390 ] }
despues de filtrar: { [ 3546 ][ -2805 ][ -4559 ] } { [ -1421 ] } { [ -335 ] } { [ -534 ] } { [ -944 ][ -3651 ] }
antes   de colapsar { [ 3546 ][ -2805 ][ -4559 ] } { [ -1421 ] } { [ -335 ] } { [ -534 ] } { [ -944 ][ -3651 ] }
despues de colapsar { [ 3546 ][ -2805 ][ -4559 ] } { [ -1421 ] } { [ -335 ] } { [ -534 ] } { [ -944 ][ -3651 ] }
antes   de colapsar { [ 3546 ][ -2805 ][ -4559 ][ -1886 ] } { [ -1421 ] } { [ -335 ][ -1825 ] } { [ -534 ][ 2270 ] } { [ -944 ][ -3651 ] } { [ 916 ] } { [ -2905 ] } { [ 2697 ] } { [ -4790 ] } { [ 337 ] } { [ 2136 ] } { [ 1742 ] } { [ -1250 ] } { [ -1800 ] }
despues de colapsar { [ 3546 ][ -2805 ][ -4559 ][ -1886 ] } { [ -1421 ] } { [ -335 ][ -1825 ] } { [ -534 ][ 2270 ] } { [ -944 ][ -3651 ] } { [ 916 ] } { [ -2905 ] } { [ 2697 ] } { [ -4790 ] } { [ 337 ] } { [ 2136 ] } { [ 1742 ] } { [ -1250 ] } { [ -1800 ] }
antes   de colapsar { [ 3546 ][ -2805 ][ -4559 ][ -1886 ] } { [ -1421 ] } { [ -335 ][ -1825 ] } { [ -534 ][ 2270 ] } { [ -944 ][ -3651 ] } { [ 916 ] } { [ -2905 ] } { [ 2697 ] } { [ -4790 ] } { [ 337 ][ 4105 ] } { [ 2136 ] } { [ 1742 ] } { [ -1250 ][ -4970 ] } { [ -1800 ] } { [ 4300 ] } { [ 206 ] } { [ 3654 ] } { [ -1907 ] } { [ 4051 ] } { [ 2410 ] }
despues de colapsar { [ 3546 ][ -2805 ][ -4559 ][ -1886 ] } { [ -1421 ] } { [ -335 ][ -1825 ] } { [ -534 ][ 2270 ] } { [ -944 ][ -3651 ] } { [ 916 ] } { [ -2905 ] } { [ 2697 ] } { [ -4790 ] } { [ 337 ][ 4105 ] } { [ 2136 ] } { [ 1742 ] } { [ 2492 ] } { [ -1800 ] } { [ 4300 ] } { [ 206 ] } { [ 3654 ] } { [ -1907 ] } { [ 4051 ] } { [ 2410 ] }
antes   de colapsar { [ 3546 ][ -2805 ][ -4559 ][ -1886 ] } { [ -1421 ] } { [ -335 ][ -1825 ] } { [ -534 ][ 2270 ] } { [ -944 ][ -3651 ] } { [ 916 ] } { [ -2905 ] } { [ 2697 ] } { [ -4790 ] } { [ 337 ][ 4105 ][ 2759 ] } { [ 2136 ][ 2960 ] } { [ 1742 ] } { [ 2492 ] } { [ -1800 ] } { [ 4300 ] } { [ 206 ] } { [ 3654 ] } { [ -1907 ] } { [ 4051 ] } { [ 2410 ] } { [ -3608 ] }
despues de colapsar { [ 3546 ][ -2805 ][ -4559 ][ -1886 ] } { [ -1421 ] } { [ -335 ][ -1825 ] } { [ -534 ][ 2270 ] } { [ -944 ][ -3651 ] } { [ 916 ] } { [ -2905 ] } { [ 2697 ] } { [ -4790 ] } { [ 337 ][ 4105 ][ 2759 ] } { [ 2136 ][ 2960 ] } { [ 1742 ] } { [ 2492 ] } { [ -1800 ] } { [ 4300 ] } { [ 206 ] } { [ 3654 ] } { [ -1907 ] } { [ 4051 ] } { [ 2410 ] } { [ -3608 ] }
antes   de filtrar: { [ 1890 ][ -741 ][ 4200 ] } { [ 2605 ] } { [ -2811 ] }
despues de filtrar: { [ -2811 ] }
antes   de colapsar { [ -2811 ] }
despues de colapsar { [ -2811 ] }
antes   de colapsar { [ -2811 ] } { [ 2150 ] }
despues de colapsar { [ -2811 ] } { [ 2150 ] }
antes   de filtrar: { [ -2811 ] } { [ 2150 ] } { [ 3379 ] } { [ -3614 ] } { [ 4899 ] }
despues de filtrar: { [ -2811 ] } { [ 3379 ] } { [ -3614 ] } { [ 4899 ] }
antes   de colapsar { [ -2811 ][ -4262 ] } { [ 3379 ] } { [ -3614 ] } { [ 4899 ] }
despues de colapsar { [ -2811 ][ -4262 ] } { [ 3379 ] } { [ -3614 ] } { [ 4899 ] }
antes   de colapsar { [ -2811 ][ -4262 ][ -1174 ] } { [ 3379 ] } { [ -3614 ] } { [ 4899 ] } { [ -762 ] } { [ -1356 ] } { [ 2725 ] }
despues de colapsar { [ -2811 ][ -4262 ][ -1174 ] } { [ 3379 ] } { [ -3614 ] } { [ 4899 ] } { [ -762 ] } { [ -1356 ] } { [ 2725 ] }
antes   de colapsar { [ -2811 ][ -4262 ][ -1174 ] } { [ 3379 ] } { [ -3614 ] } { [ 4899 ] } { [ -762 ] } { [ -1356 ] } { [ 2725 ][ 2646 ] } { [ -3813 ] } { [ -2848 ] } { [ 4367 ] } { [ -4594 ] } { [ -4935 ] } { [ -2103 ] } { [ 499 ] }
despues de colapsar { [ -2811 ][ -4262 ][ -1174 ] } { [ 3379 ] } { [ -3614 ] } { [ 4899 ] } { [ -762 ] } { [ -1356 ] } { [ 2725 ][ 2646 ] } { [ -3813 ] } { [ -2848 ] } { [ 4367 ] } { [ -4594 ] } { [ -4935 ] } { [ -2103 ] } { [ 499 ] }
antes   de colapsar { [ -2811 ][ -4262 ][ -1174 ][ -3329 ] } { [ 3379 ] } { [ -3614 ] } { [ 4899 ] } { [ -762 ] } { [ -1356 ] } { [ 2725 ][ 2646 ] } { [ -3813 ] } { [ -2848 ] } { [ 4367 ] } { [ -4594 ] } { [ -4935 ] } { [ -2103 ] } { [ 499 ] } { [ 220 ] } { [ -1308 ] } { [ -3736 ] } { [ -189 ] } { [ 3628 ] } { [ 3495 ] } { [ 4881 ] } { [ -465 ] } { [ 952 ] } { [ -1850 ] }
despues de colapsar { [ -2811 ][ -4262 ][ -1174 ][ -3329 ] } { [ 3379 ] } { [ -3614 ] } { [ 4899 ] } { [ -762 ] } { [ -1356 ] } { [ 2725 ][ 2646 ] } { [ -3813 ] } { [ -2848 ] } { [ 4367 ] } { [ -4594 ] } { [ -4935 ] } { [ -2103 ] } { [ 499 ] } { [ 220 ] } { [ -1308 ] } { [ -3736 ] } { [ -189 ] } { [ 3628 ] } { [ 3495 ] } { [ 4881 ] } { [ -465 ] } { [ 952 ] } { [ -1850 ] }
antes   de colapsar { [ -2811 ][ -4262 ][ -1174 ][ -3329 ] } { [ 3379 ] } { [ -3614 ] } { [ 4899 ][ -3186 ] } { [ -762 ] } { [ -1356 ] } { [ 2725 ][ 2646 ] } { [ -3813 ] } { [ -2848 ] } { [ 4367 ] } { [ -4594 ] } { [ -4935 ] } { [ -2103 ] } { [ 499 ] } { [ 220 ] } { [ -1308 ] } { [ -3736 ] } { [ -189 ] } { [ 3628 ] } { [ 3495 ] } { [ 4881 ] } { [ -465 ] } { [ 952 ] } { [ -1850 ][ 1121 ] } { [ 3511 ] }
despues de colapsar { [ -2811 ][ -4262 ][ -1174 ][ -3329 ] } { [ 3379 ] } { [ -3614 ] } { [ 4899 ][ -3186 ] } { [ -762 ] } { [ -1356 ] } { [ 2725 ][ 2646 ] } { [ -3813 ] } { [ -2848 ] } { [ 4367 ] } { [ -4594 ] } { [ -4935 ] } { [ -2103 ] } { [ 499 ] } { [ 220 ] } { [ -1308 ] } { [ -3736 ] } { [ -189 ] } { [ 3628 ] } { [ 3495 ] } { [ 4881 ] } { [ -465 ] } { [ 952 ] } { [ 0 ] } { [ 3511 ] }
antes   de filtrar: { [ -2811 ][ -4262 ][ -1174 ][ -3329 ] } { [ 3379 ] } { [ -3614 ] } { [ 4899 ][ -3186 ] } { [ -762 ] } { [ -1356 ][ -3232 ] } { [ 2725 ][ 2646 ] } { [ -3813 ] } { [ -2848 ] } { [ 4367 ] } { [ -4594 ] } { [ -4935 ] } { [ -2103 ][ 4946 ] } { [ 499 ] } { [ 220 ] } { [ -1308 ] } { [ -3736 ] } { [ -189 ] } { [ 3628 ] } { [ 3495 ] } { [ 4881 ] } { [ -465 ] } { [ 952 ][ -3340 ] } { [ 0 ][ 3443 ] } { [ 3511 ] } { [ 1670 ] } { [ -2991 ] } { [ -750 ] } { [ -4722 ] } { [ -3953 ] } { [ -862 ] } { [ 4717 ] }
despues de filtrar: { [ -2811 ][ -4262 ][ -1174 ][ -3329 ] } { [ 3379 ] } { [ -3614 ] } { [ 4899 ][ -3186 ] } { [ -762 ] } { [ -1356 ][ -3232 ] } { [ 2725 ][ 2646 ] } { [ -3813 ] } { [ -2848 ] } { [ 4367 ] } { [ -4594 ] } { [ -4935 ] } { [ 499 ] } { [ -3736 ] } { [ -189 ] } { [ 3628 ] } { [ 3495 ] } { [ 4881 ] } { [ -465 ] } { [ 952 ][ -3340 ] } { [ 0 ][ 3443 ] } { [ 3511 ] } { [ -2991 ] } { [ -4722 ] } { [ -3953 ] } { [ -862 ] } { [ 4717 ] }
antes   de filtrar: { [ 7.400019 ] }
despues de filtrar: { [ 7.400019 ] }
antes   de colapsar { [ 7.400019 ] } { [ 25.776746 ][ 31.095691 ] }
despues de colapsar { [ 7.400019 ] } { [ 7.541382 ] }
antes   de colapsar { [ 7.400019 ] } { [ 7.541382 ] } { [ -9.226866 ][ -1.109157 ] } { [ 12.013049 ] } { [ 27.008299 ] } { [ 25.560620 ] } { [ -7.723355 ][ 4.761747 ] } { [ 13.777134 ] }
despues de colapsar { [ 7.400019 ] } { [ 7.541382 ] } { [ -9.226866 ][ -1.109157 ] } { [ 12.013049 ] } { [ 27.008299 ] } { [ 25.560620 ] } { [ -nan ] } { [ 13.777134 ] }
antes   de colapsar { [ 7.400019 ] } { [ 7.541382 ] } { [ -9.226866 ][ -1.109157 ] } { [ 12.013049 ][ 31.975312 ] } { [ 27.008299 ] } { [ 25.560620 ] } { [ -nan ] } { [ 13.777134 ] } { [ 56.163230 ] }
despues de colapsar { [ 7.400019 ] } { [ 7.541382 ] } { [ -9.226866 ][ -1.109157 ] } { [ 12.013049 ][ 31.975312 ] } { [ 27.008299 ] } { [ 25.560620 ] } { [ -nan ] } { [ 13.777134 ] } { [ 56.163230 ] }
antes   de colapsar { [ 7.400019 ] } { [ 7.541382 ] } { [ -9.226866 ][ -1.109157 ] } { [ 12.013049 ][ 31.975312 ] } { [ 27.008299 ] } { [ 25.560620 ] } { [ -nan ] } { [ 13.777134 ] } { [ 56.163230 ][ 33.092621 ] } { [ 46.461382 ] } { [ 49.684686 ] } { [ 2.865721 ][ 3.643414 ] } { [ 47.743589 ] } { [ 32.186178 ] } { [ -19.599247 ] }
despues de colapsar { [ 7.400019 ] } { [ 7.541382 ] } { [ -9.226866 ][ -1.109157 ] } { [ 12.013049 ][ 31.975312 ] } { [ 27.008299 ] } { [ 25.560620 ] } { [ -nan ] } { [ 13.777134 ] } { [ 56.163230 ][ 33.092621 ] } { [ 46.461382 ] } { [ 49.684686 ] } { [ 2.551301 ] } { [ 47.743589 ] } { [ 32.186178 ] } { [ -19.599247 ] }
antes   de filtrar: { [ 7.400019 ] } { [ 7.541382 ] } { [ -9.226866 ][ -1.109157 ] } { [ 12.013049 ][ 31.975312 ] } { [ 27.008299 ][ 32.847525 ] } { [ 25.560620 ] } { [ -nan ] } { [ 13.777134 ] } { [ 56.163230 ][ 33.092621 ] } { [ 46.461382 ] } { [ 49.684686 ] } { [ 2.551301 ] } { [ 47.743589 ] } { [ 32.186178 ] } { [ -19.599247 ] }
despues de filtrar: { [ 7.400019 ] } { [ -9.226866 ][ -1.109157 ] } { [ 12.013049 ][ 31.975312 ] } { [ 27.008299 ][ 32.847525 ] } { [ -nan ] } { [ 56.163230 ][ 33.092621 ] } { [ 46.461382 ] } { [ 32.186178 ] }
antes   de filtrar: { [ 7.400019 ] } { [ -9.226866 ][ -1.109157 ] } { [ 12.013049 ][ 31.975312 ] } { [ 27.008299 ][ 32.847525 ] } { [ -nan ] } { [ 56.163230 ][ 33.092621 ] } { [ 46.461382 ] } { [ 32.186178 ] } { [ 28.574410 ][ 62.593667 ] }
despues de filtrar: { [ 7.400019 ] } { [ -9.226866 ][ -1.109157 ] } { [ 12.013049 ][ 31.975312 ] } { [ 27.008299 ][ 32.847525 ] } { [ -nan ] } { [ 56.163230 ][ 33.092621 ] } { [ 46.461382 ] } { [ 32.186178 ] }
antes   de colapsar { [ 7.400019 ] } { [ -9.226866 ][ -1.109157 ] } { [ 12.013049 ][ 31.975312 ] } { [ 27.008299 ][ 32.847525 ] } { [ -nan ] } { [ 56.163230 ][ 33.092621 ] } { [ 46.461382 ] } { [ 32.186178 ] }
despues de colapsar { [ 7.400019 ] } { [ -9.226866 ][ -1.109157 ] } { [ 12.013049 ][ 31.975312 ] } { [ 27.008299 ][ 32.847525 ] } { [ -nan ] } { [ 56.163230 ][ 33.092621 ] } { [ 46.461382 ] } { [ 32.186178 ] }
antes   de colapsar { [ 7.400019 ] } { [ -9.226866 ][ -1.109157 ] } { [ 12.013049 ][ 31.975312 ] } { [ 27.008299 ][ 32.847525 ] } { [ -nan ] } { [ 56.163230 ][ 33.092621 ] } { [ 46.461382 ] } { [ 32.186178 ] } { [ -4.521616 ] } { [ 22.748294 ] } { [ 26.679504 ] } { [ 51.064514 ] } { [ 38.482347 ] } { [ 8.013169 ] }
despues de colapsar { [ 7.400019 ] } { [ -9.226866 ][ -1.109157 ] } { [ 12.013049 ][ 31.975312 ] } { [ 27.008299 ][ 32.847525 ] } { [ -nan ] } { [ 56.163230 ][ 33.092621 ] } { [ 46.461382 ] } { [ 32.186178 ] } { [ -4.521616 ] } { [ 22.748294 ] } { [ 26.679504 ] } { [ 51.064514 ] } { [ 38.482347 ] } { [ 8.013169 ] }
antes   de colapsar { [ 7.400019 ] } { [ -9.226866 ][ -1.109157 ] } { [ 12.013049 ][ 31.975312 ] } { [ 27.008299 ][ 32.847525 ] } { [ -nan ][ -5.559893 ] } { [ 56.163230 ][ 33.092621 ] } { [ 46.461382 ][ 50.403373 ] } { [ 32.186178 ] } { [ -4.521616 ] } { [ 22.748294 ][ 21.949442 ] } { [ 26.679504 ] } { [ 51.064514 ] } { [ 38.482347 ] } { [ 8.013169 ] } { [ -7.992360 ] } { [ 52.369396 ] } { [ 50.543231 ][ 0.933924 ] } { [ 63.506382 ] } { [ 9.603901 ] } { [ -11.825146 ] } { [ -16.320033 ] } { [ 18.419625 ] } { [ 60.486312 ] } { [ 12.751675 ] }
despues de colapsar { [ 7.400019 ] } { [ -9.226866 ][ -1.109157 ] } { [ 12.013049 ][ 31.975312 ] } { [ 27.008299 ][ 32.847525 ] } { [ -nan ][ -5.559893 ] } { [ 56.163230 ][ 33.092621 ] } { [ 46.461382 ][ 50.403373 ] } { [ 32.186178 ] } { [ -4.521616 ] } { [ 6.685637 ] } { [ 26.679504 ] } { [ 51.064514 ] } { [ 38.482347 ] } { [ 8.013169 ] } { [ -7.992360 ] } { [ 52.369396 ] } { [ 7.174758 ] } { [ 63.506382 ] } { [ 9.603901 ] } { [ -11.825146 ] } { [ -16.320033 ] } { [ 18.419625 ] } { [ 60.486312 ] } { [ 12.751675 ] }
antes   de filtrar: <vacia>
despues de filtrar: <vacia>
antes   de colapsar { [ m3p5tbl ] } { [ v ][ cmcxgcv6 ] } { [ hporos ][ 3gb ][ w ][ ae2e ] } { [ avr9v0 ] }
despues de colapsar { [ m3p5tbl ] } { [ v ][ cmcxgcv6 ] } { [ hporos ][ 3gb ][ w ][ ae2e ] } { [ avr9v0 ] }
antes   de colapsar { [ m3p5tbl ] } { [ v ][ cmcxgcv6 ] } { [ hporos ][ 3gb ][ w ][ ae2e ] } { [ avr9v0 ] } { [ 58fwmwbh ] }
despues de colapsar { [ m3p5tbl ] } { [ v ][ cmcxgcv6 ] } { [ hporos ][ 3gb ][ w ][ ae2e ] } { [ avr9v0 ] } { [ 58fwmwbh ] }
antes   de filtrar: { [ m3p5tbl ] } { [ v ][ cmcxgcv6 ] } { [ hporos ][ 3gb ][ w ][ ae2e ][ xvcj6uvvgn ] } { [ avr9v0 ] } { [ 58fwmwbh ] } { [ xphcbpp ][ adrk9c ] } { [ 45j ] } { [ nk9lpvbpau ] } { [ 86ia1c4u ] } { [ jr7d9y ] } { [ fx1vo4b ] } { [ 6au757btt ] } { [ 8f ] } { [ 4 ] }
despues de filtrar: { [ v ][ cmcxgcv6 ] } { [ hporos ][ 3gb ][ w ][ ae2e ][ xvcj6uvvgn ] } { [ xphcbpp ][ adrk9c ] }
antes   de colapsar { [ v ][ cmcxgcv6 ][ 18 ] } { [ hporos ][ 3gb ][ w ][ ae2e ][ xvcj6uvvgn ] } { [ xphcbpp ][ adrk9c ][ 44 ][ df ] } { [ xnu4oo0wu ] } { [ 4x8pwtvm53 ][ rgqnc7a76 ] }
despues de colapsar { [ v ][ cmcxgcv6 ][ 18 ] } { [ hporos ][ 3gb ][ w ][ ae2e ][ xvcj6uvvgn ] } { [ xphcbpp ][ adrk9c ][ 44 ][ df ] } { [ xnu4oo0wu ] } { [ 4rxg8qpnwc ] }
antes   de filtrar: { [ v ][ cmcxgcv6 ][ 18 ] } { [ hporos ][ 3gb ][ w ][ ae2e ][ xvcj6uvvgn ] } { [ xphcbpp ][ adrk9c ][ 44 ][ df ] } { [ xnu4oo0wu ] } { [ 4rxg8qpnwc ][ iwtmjwc2 ] } { [ 80mgnnbn2 ] } { [ 1n ][ 0c ][ wvqdpwt3 ] } { [ m1tx8gw1j ] } { [ hukfigu7 ] } { [ m1eu7y4h ] }
despues de filtrar: { [ v ][ cmcxgcv6 ][ 18 ] } { [ hporos ][ 3gb ][ w ][ ae2e ][ xvcj6uvvgn ] } { [ xphcbpp ][ adrk9c ][ 44 ][ df ] }
antes   de colapsar { [ v ][ cmcxgcv6 ][ 18 ][ qitp8ktsu ] } { [ hporos ][ 3gb ][ w ][ ae2e ][ xvcj6uvvgn ] } { [ xphcbpp ][ adrk9c ][ 44 ][ df ] } { [ r0ktrro8d ] } { [ rw7ohwtk ] } { [ 0tq ] }
despues de colapsar { [ v ][ cmcxgcv6 ][ 18 ][ qitp8ktsu ] } { [ hporos ][ 3gb ][ w ][ ae2e ][ xvcj6uvvgn ] } { [ xphcbpp ][ adrk9c ][ 44 ][ df ] } { [ r0ktrro8d ] } { [ rw7ohwtk ] } { [ 0tq ] }
antes   de colapsar { [ v ][ cmcxgcv6 ][ 18 ][ qitp8ktsu ] } { [ hporos ][ 3gb ][ w ][ ae2e ][ xvcj6uvvgn ] } { [ xphcbpp ][ adrk9c ][ 44 ][ df ] } { [ r0ktrro8d ] } { [ rw7ohwtk ] } { [ 0tq ] }
despues de colapsar { [ v ][ cmcxgcv6 ][ 18 ][ qitp8ktsu ] } { [ hporos ][ 3gb ][ w ][ ae2e ][ xvcj6uvvgn ] } { [ xphcbpp ][ adrk9c ][ 44 ][ df ] } { [ r0ktrro8d ] } { [ rw7ohwtk ] } { [ 0tq ] }
antes   de colapsar { [ v ][ cmcxgcv6 ][ 18 ][ qitp8ktsu ] } { [ hporos ][ 3gb ][ w ][ ae2e ][ xvcj6uvvgn ] } { [ xphcbpp ][ adrk9c ][ 44 ][ df ] } { [ r0ktrro8d ] } { [ rw7ohwtk ] } { [ 0tq ] } { [ hr1 ] }
despues de colapsar { [ v ][ cmcxgcv6 ][ 18 ][ qitp8ktsu ] } { [ hporos ][ 3gb ][ w ][ ae2e ][ xvcj6uvvgn ] } { [ xphcbpp ][ adrk9c ][ 44 ][ df ] } { [ r0ktrro8d ] } { [ rw7ohwtk ] } { [ 0tq ] } { [ hr1 ] }
antes   de colapsar { [ v ][ cmcxgcv6 ][ 18 ][ qitp8ktsu ] } { [ hporos ][ 3gb ][ w ][ ae2e ][ xvcj6uvvgn ] } { [ xphcbpp ][ adrk9c ][ 44 ][ df ] } { [ r0ktrro8d ] } { [ rw7ohwtk ] } { [ 0tq ] } { [ hr1 ] } { [ jsk3few ] } { [ e ] } { [ eqj1 ] }
despues de colapsar { [ v ][ cmcxgcv6 ][ 18 ][ qitp8ktsu ] } { [ hporos ][ 3gb ][ w ][ ae2e ][ xvcj6uvvgn ] } { [ xphcbpp ][ adrk9c ][ 44 ][ df ] } { [ r0ktrro8d ] } { [ rw7ohwtk ] } { [ 0tq ] } { [ hr1 ] } { [ jsk3few ] } { [ e ] } { [ eqj1 ] }
