antes   de colapsar { [ -1566 ] } { [ -4416 ][ -3798 ] } { [ 749 ] } { [ 972 ] } { [ 1085 ] } { [ -145 ] } { [ 2433 ] } { [ -303 ] } { [ -3463 ] } { [ -1164 ] }