antes   de filtrar: { [ -15.360261 ] }
despues de filtrar: { [ -15.360261 ] }
antes   de colapsar { [ -15.360261 ][ 12.623306 ] } { [ 59.795315 ] } { [ 30.015261 ] } { [ 42.081923 ] } { [ 26.826125 ] } { [ 26.784852 ] } { [ 28.328422 ] } { [ 11.689692 ] } { [ 1.643833 ] }
despues de colapsar { [ -15.360261 ][ 12.623306 ] } { [ 59.795315 ] } { [ 30.015261 ] } { [ 42.081923 ] } { [ 26.826125 ] } { [ 26.784852 ] } { [ 28.328422 ] } { [ 11.689692 ] } { [ 1.643833 ] }
antes   de filtrar: { [ -15.360261 ][ 12.623306 ] } { [ 59.795315 ] } { [ 30.015261 ] } { [ 42.081923 ] } { [ 26.826125 ] } { [ 26.784852 ] } { [ 28.328422 ] } { [ 11.689692 ] } { [ 1.643833 ] }
despues de filtrar: { [ -15.360261 ][ 12.623306 ] } { [ 30.015261 ] } { [ 42.081923 ] } { [ 28.328422 ] }
antes   de colapsar { [ -15.360261 ][ 12.623306 ] } { [ 30.015261 ] } { [ 42.081923 ] } { [ 28.328422 ] } { [ 64.865382 ] } { [ 58.989405 ] }
despues de colapsar { [ -15.360261 ][ 12.623306 ] } { [ 30.015261 ] } { [ 42.081923 ] } { [ 28.328422 ] } { [ 64.865382 ] } { [ 58.989405 ] }
antes   de filtrar: { [ -15.360261 ][ 12.623306 ] } { [ 30.015261 ] } { [ 42.081923 ] } { [ 28.328422 ] } { [ 64.865382 ] } { [ 58.989405 ] }
despues de filtrar: { [ -15.360261 ][ 12.623306 ] } { [ 30.015261 ] } { [ 42.081923 ] } { [ 28.328422 ] }
antes   de colapsar { [ -15.360261 ][ 12.623306 ] } { [ 30.015261 ] } { [ 42.081923 ] } { [ 28.328422 ][ 70.460416 ] } { [ 51.278720 ] } { [ 8.910107 ] }
despues de colapsar { [ -15.360261 ][ 12.623306 ] } { [ 30.015261 ] } { [ 42.081923 ] } { [ 28.328422 ][ 70.460416 ] } { [ 51.278720 ] } { [ 8.910107 ] }
antes   de colapsar { [ -15.360261 ][ 12.623306 ][ 66.949378 ][ 49.953806 ] } { [ 30.015261 ][ -23.004692 ][ 39.919776 ] } { [ 42.081923 ] } { [ 28.328422 ][ 70.460416 ] } { [ 51.278720 ] } { [ 8.910107 ] } { [ 67.660945 ] } { [ 55.410221 ] } { [ 32.861229 ][ 62.474293 ][ -18.525213 ] } { [ -0.547878 ] } { [ 7.266733 ] } { [ 19.220522 ] } { [ 29.560369 ] }
despues de colapsar { [ -15.360261 ][ 12.623306 ][ 66.949378 ][ 49.953806 ] } { [ 30.015261 ][ -23.004692 ][ 39.919776 ] } { [ 42.081923 ] } { [ 28.328422 ][ 70.460416 ] } { [ 51.278720 ] } { [ 8.910107 ] } { [ 67.660945 ] } { [ 55.410221 ] } { [ -nan ] } { [ -0.547878 ] } { [ 7.266733 ] } { [ 19.220522 ] } { [ 29.560369 ] }
antes   de colapsar { [ -15.360261 ][ 12.623306 ][ 66.949378 ][ 49.953806 ] } { [ 30.015261 ][ -23.004692 ][ 39.919776 ] } { [ 42.081923 ] } { [ 28.328422 ][ 70.460416 ] } { [ 51.278720 ] } { [ 8.910107 ] } { [ 67.660945 ][ -22.254494 ] } { [ 55.410221 ] } { [ -nan ] } { [ -0.547878 ] } { [ 7.266733 ] } { [ 19.220522 ] } { [ 29.560369 ] } { [ 42.514903 ] }
despues de colapsar { [ -15.360261 ][ 12.623306 ][ 66.949378 ][ 49.953806 ] } { [ 30.015261 ][ -23.004692 ][ 39.919776 ] } { [ 42.081923 ] } { [ 28.328422 ][ 70.460416 ] } { [ 51.278720 ] } { [ 8.910107 ] } { [ 6.738431 ] } { [ 55.410221 ] } { [ -nan ] } { [ -0.547878 ] } { [ 7.266733 ] } { [ 19.220522 ] } { [ 29.560369 ] } { [ 42.514903 ] }
antes   de colapsar { [ -15.360261 ][ 12.623306 ][ 66.949378 ][ 49.953806 ] } { [ 30.015261 ][ -23.004692 ][ 39.919776 ] } { [ 42.081923 ] } { [ 28.328422 ][ 70.460416 ] } { [ 51.278720 ] } { [ 8.910107 ] } { [ 6.738431 ][ 2.004155 ] } { [ 55.410221 ] } { [ -nan ] } { [ -0.547878 ] } { [ 7.266733 ][ -14.643267 ] } { [ 19.220522 ] } { [ 29.560369 ] } { [ 42.514903 ] } { [ 32.461424 ] } { [ 33.416489 ] } { [ 69.542216 ] } { [ 25.374515 ] } { [ 36.042443 ] } { [ -11.940924 ] } { [ 46.299999 ] } { [ 21.717034 ] } { [ -19.975053 ] }
despues de colapsar { [ -15.360261 ][ 12.623306 ][ 66.949378 ][ 49.953806 ] } { [ 30.015261 ][ -23.004692 ][ 39.919776 ] } { [ 42.081923 ] } { [ 28.328422 ][ 70.460416 ] } { [ 51.278720 ] } { [ 8.910107 ] } { [ 2.956786 ] } { [ 55.410221 ] } { [ -nan ] } { [ -0.547878 ] } { [ 7.266733 ][ -14.643267 ] } { [ 19.220522 ] } { [ 29.560369 ] } { [ 42.514903 ] } { [ 32.461424 ] } { [ 33.416489 ] } { [ 69.542216 ] } { [ 25.374515 ] } { [ 36.042443 ] } { [ -11.940924 ] } { [ 46.299999 ] } { [ 21.717034 ] } { [ -19.975053 ] }
antes   de colapsar { [ -15.360261 ][ 12.623306 ][ 66.949378 ][ 49.953806 ] } { [ 30.015261 ][ -23.004692 ][ 39.919776 ] } { [ 42.081923 ] } { [ 28.328422 ][ 70.460416 ] } { [ 51.278720 ] } { [ 8.910107 ] } { [ 2.956786 ] } { [ 55.410221 ] } { [ -nan ] } { [ -0.547878 ] } { [ 7.266733 ][ -14.643267 ] } { [ 19.220522 ] } { [ 29.560369 ] } { [ 42.514903 ] } { [ 32.461424 ] } { [ 33.416489 ] } { [ 69.542216 ][ -14.618571 ] } { [ 25.374515 ] } { [ 36.042443 ] } { [ -11.940924 ] } { [ 46.299999 ] } { [ 21.717034 ] } { [ -19.975053 ] } { [ -1.153095 ] } { [ -16.022805 ] } { [ 40.290095 ] } { [ 11.821126 ] }
despues de colapsar { [ -15.360261 ][ 12.623306 ][ 66.949378 ][ 49.953806 ] } { [ 30.015261 ][ -23.004692 ][ 39.919776 ] } { [ 42.081923 ] } { [ 28.328422 ][ 70.460416 ] } { [ 51.278720 ] } { [ 8.910107 ] } { [ 2.956786 ] } { [ 55.410221 ] } { [ -nan ] } { [ -0.547878 ] } { [ 7.266733 ][ -14.643267 ] } { [ 19.220522 ] } { [ 29.560369 ] } { [ 42.514903 ] } { [ 32.461424 ] } { [ 33.416489 ] } { [ 7.411049 ] } { [ 25.374515 ] } { [ 36.042443 ] } { [ -11.940924 ] } { [ 46.299999 ] } { [ 21.717034 ] } { [ -19.975053 ] } { [ -1.153095 ] } { [ -16.022805 ] } { [ 40.290095 ] } { [ 11.821126 ] }
antes   de filtrar: { [ 1940 ] } { [ 2894 ] } { [ -271 ] } { [ -2367 ] }
despues de filtrar: { [ 2894 ] } { [ -271 ] } { [ -2367 ] }
antes   de filtrar: { [ 2894 ] } { [ -271 ] } { [ -2367 ] }
despues de filtrar: { [ 2894 ] } { [ -271 ] } { [ -2367 ] }
antes   de colapsar { [ 2894 ][ -1306 ] } { [ -271 ] } { [ -2367 ] } { [ 4469 ] } { [ 817 ] }
despues de colapsar { [ 2894 ][ -1306 ] } { [ -271 ] } { [ -2367 ] } { [ 4469 ] } { [ 817 ] }
antes   de colapsar { [ 2894 ][ -1306 ] } { [ -271 ] } { [ -2367 ] } { [ 4469 ] } { [ 817 ] }
despues de colapsar { [ 2894 ][ -1306 ] } { [ -271 ] } { [ -2367 ] } { [ 4469 ] } { [ 817 ] }
antes   de colapsar { [ 2894 ][ -1306 ] } { [ -271 ] } { [ -2367 ] } { [ 4469 ][ -2995 ] } { [ 817 ][ 926 ] } { [ 125 ] } { [ 4665 ] } { [ 4256 ] }
despues de colapsar { [ 2894 ][ -1306 ] } { [ -271 ] } { [ -2367 ] } { [ 4469 ][ -2995 ] } { [ 817 ][ 926 ] } { [ 125 ] } { [ 4665 ] } { [ 4256 ] }
antes   de colapsar { [ 2894 ][ -1306 ][ 4105 ] } { [ -271 ] } { [ -2367 ] } { [ 4469 ][ -2995 ] } { [ 817 ][ 926 ] } { [ 125 ] } { [ 4665 ] } { [ 4256 ] } { [ 3666 ] } { [ 10 ] } { [ 3283 ] } { [ 3415 ] } { [ -3214 ][ 1418 ] } { [ 1449 ] } { [ 2542 ] } { [ 3021 ] } { [ -4188 ] }
despues de colapsar { [ 2894 ][ -1306 ][ 4105 ] } { [ -271 ] } { [ -2367 ] } { [ 4469 ][ -2995 ] } { [ 817 ][ 926 ] } { [ 125 ] } { [ 4665 ] } { [ 4256 ] } { [ 3666 ] } { [ 10 ] } { [ 3283 ] } { [ 3415 ] } { [ -3214 ][ 1418 ] } { [ 1449 ] } { [ 2542 ] } { [ 3021 ] } { [ -4188 ] }
antes   de colapsar { [ 2894 ][ -1306 ][ 4105 ][ -1117 ] } { [ -271 ] } { [ -2367 ] } { [ 4469 ][ -2995 ] } { [ 817 ][ 926 ] } { [ 125 ] } { [ 4665 ] } { [ 4256 ] } { [ 3666 ] } { [ 10 ] } { [ 3283 ] } { [ 3415 ] } { [ -3214 ][ 1418 ][ 1463 ][ -3629 ] } { [ 1449 ] } { [ 2542 ] } { [ 3021 ] } { [ -4188 ] } { [ 4422 ] } { [ 1385 ] }
despues de colapsar { [ 2894 ][ -1306 ][ 4105 ][ -1117 ] } { [ -271 ] } { [ -2367 ] } { [ 4469 ][ -2995 ] } { [ 817 ][ 926 ] } { [ 125 ] } { [ 4665 ] } { [ 4256 ] } { [ 3666 ] } { [ 10 ] } { [ 3283 ] } { [ 3415 ] } { [ -3214 ][ 1418 ][ 1463 ][ -3629 ] } { [ 1449 ] } { [ 2542 ] } { [ 3021 ] } { [ -4188 ] } { [ 4422 ] } { [ 1385 ] }
antes   de colapsar { [ 2894 ][ -1306 ][ 4105 ][ -1117 ] } { [ -271 ] } { [ -2367 ] } { [ 4469 ][ -2995 ] } { [ 817 ][ 926 ] } { [ 125 ] } { [ 4665 ] } { [ 4256 ] } { [ 3666 ] } { [ 10 ] } { [ 3283 ] } { [ 3415 ] } { [ -3214 ][ 1418 ][ 1463 ][ -3629 ] } { [ 1449 ][ 2697 ] } { [ 2542 ] } { [ 3021 ] } { [ -4188 ] } { [ 4422 ] } { [ 1385 ] }
despues de colapsar { [ 2894 ][ -1306 ][ 4105 ][ -1117 ] } { [ -271 ] } { [ -2367 ] } { [ 4469 ][ -2995 ] } { [ 817 ][ 926 ] } { [ 125 ] } { [ 4665 ] } { [ 4256 ] } { [ 3666 ] } { [ 10 ] } { [ 3283 ] } { [ 3415 ] } { [ -3214 ][ 1418 ][ 1463 ][ -3629 ] } { [ 1449 ][ 2697 ] } { [ 2542 ] } { [ 3021 ] } { [ -4188 ] } { [ 4422 ] } { [ 1385 ] }
antes   de filtrar: { [ 2894 ][ -1306 ][ 4105 ][ -1117 ] } { [ -271 ] } { [ -2367 ] } { [ 4469 ][ -2995 ] } { [ 817 ][ 926 ] } { [ 125 ] } { [ 4665 ] } { [ 4256 ] } { [ 3666 ] } { [ 10 ] } { [ 3283 ] } { [ 3415 ] } { [ -3214 ][ 1418 ][ 1463 ][ -3629 ] } { [ 1449 ][ 2697 ] } { [ 2542 ] } { [ 3021 ] } { [ -4188 ] } { [ 4422 ] } { [ 1385 ] }
despues de filtrar: { [ 2894 ][ -1306 ][ 4105 ][ -1117 ] } { [ -271 ] } { [ -2367 ] } { [ 4469 ][ -2995 ] } { [ 817 ][ 926 ] } { [ 125 ] } { [ 4665 ] } { [ 4256 ] } { [ 3666 ] } { [ 3283 ] } { [ 3415 ] } { [ -3214 ][ 1418 ][ 1463 ][ -3629 ] } { [ 1449 ][ 2697 ] } { [ 2542 ] } { [ -4188 ] } { [ 4422 ] } { [ 1385 ] }
antes   de colapsar { [ 2894 ][ -1306 ][ 4105 ][ -1117 ] } { [ -271 ] } { [ -2367 ] } { [ 4469 ][ -2995 ][ 2756 ] } { [ 817 ][ 926 ] } { [ 125 ][ -2600 ] } { [ 4665 ] } { [ 4256 ] } { [ 3666 ] } { [ 3283 ] } { [ 3415 ] } { [ -3214 ][ 1418 ][ 1463 ][ -3629 ] } { [ 1449 ][ 2697 ] } { [ 2542 ] } { [ -4188 ] } { [ 4422 ] } { [ 1385 ] } { [ 3970 ] } { [ 119 ] } { [ -1047 ] } { [ 2583 ] }
despues de colapsar { [ 2894 ][ -1306 ][ 4105 ][ -1117 ] } { [ -271 ] } { [ -2367 ] } { [ 4469 ][ -2995 ][ 2756 ] } { [ 817 ][ 926 ] } { [ 125 ][ -2600 ] } { [ 4665 ] } { [ 4256 ] } { [ 3666 ] } { [ 3283 ] } { [ 3415 ] } { [ -3214 ][ 1418 ][ 1463 ][ -3629 ] } { [ 1449 ][ 2697 ] } { [ 2542 ] } { [ -4188 ] } { [ 4422 ] } { [ 1385 ] } { [ 3970 ] } { [ 119 ] } { [ -1047 ] } { [ 2583 ] }
antes   de filtrar: { [ -3733 ] } { [ 3386 ][ -469 ] } { [ 322 ] }
despues de filtrar: { [ -3733 ] } { [ 3386 ][ -469 ] } { [ 322 ] }
antes   de colapsar { [ -3733 ][ 831 ] } { [ 3386 ][ -469 ] } { [ 322 ] } { [ -4641 ] }
despues de colapsar { [ -3733 ][ 831 ] } { [ 3386 ][ -469 ] } { [ 322 ] } { [ -4641 ] }
antes   de colapsar { [ -3733 ][ 831 ] } { [ 3386 ][ -469 ][ -2531 ] } { [ 322 ] } { [ -4641 ] } { [ -2531 ] } { [ -2153 ] } { [ -1562 ] }
despues de colapsar { [ -3733 ][ 831 ] } { [ 3386 ][ -469 ][ -2531 ] } { [ 322 ] } { [ -4641 ] } { [ -2531 ] } { [ -2153 ] } { [ -1562 ] }
antes   de colapsar { [ -3733 ][ 831 ] } { [ 3386 ][ -469 ][ -2531 ] } { [ 322 ] } { [ -4641 ] } { [ -2531 ] } { [ -2153 ] } { [ -1562 ] }
despues de colapsar { [ -3733 ][ 831 ] } { [ 3386 ][ -469 ][ -2531 ] } { [ 322 ] } { [ -4641 ] } { [ -2531 ] } { [ -2153 ] } { [ -1562 ] }
antes   de colapsar { [ -3733 ][ 831 ] } { [ 3386 ][ -469 ][ -2531 ][ 676 ] } { [ 322 ][ 2278 ] } { [ -4641 ][ 2788 ] } { [ -2531 ][ 4577 ] } { [ -2153 ] } { [ -1562 ] } { [ 4343 ] } { [ 57 ] } { [ 1631 ] } { [ -9 ] } { [ 3999 ] } { [ -4032 ] } { [ -1993 ] } { [ -3328 ] }
despues de colapsar { [ -3733 ][ 831 ] } { [ 3386 ][ -469 ][ -2531 ][ 676 ] } { [ 322 ][ 2278 ] } { [ -4641 ][ 2788 ] } { [ -2531 ][ 4577 ] } { [ -2153 ] } { [ -1562 ] } { [ 4343 ] } { [ 57 ] } { [ 1631 ] } { [ -9 ] } { [ 3999 ] } { [ -4032 ] } { [ -1993 ] } { [ -3328 ] }
antes   de filtrar: { [ -3733 ][ 831 ] } { [ 3386 ][ -469 ][ -2531 ][ 676 ] } { [ 322 ][ 2278 ] } { [ -4641 ][ 2788 ] } { [ -2531 ][ 4577 ] } { [ -2153 ] } { [ -1562 ] } { [ 4343 ] } { [ 57 ] } { [ 1631 ] } { [ -9 ] } { [ 3999 ] } { [ -4032 ] } { [ -1993 ] } { [ -3328 ] } { [ -4295 ] }
despues de filtrar: { [ -3733 ][ 831 ] } { [ 3386 ][ -469 ][ -2531 ][ 676 ] } { [ 322 ][ 2278 ] } { [ -4641 ][ 2788 ] } { [ -2531 ][ 4577 ] } { [ -2153 ] } { [ -1562 ] } { [ 4343 ] } { [ 57 ] } { [ 1631 ] } { [ -9 ] } { [ 3999 ] } { [ -1993 ] } { [ -3328 ] } { [ -4295 ] }
antes   de colapsar { [ -3733 ][ 831 ] } { [ 3386 ][ -469 ][ -2531 ][ 676 ] } { [ 322 ][ 2278 ][ 1425 ] } { [ -4641 ][ 2788 ] } { [ -2531 ][ 4577 ] } { [ -2153 ][ 309 ] } { [ -1562 ] } { [ 4343 ] } { [ 57 ] } { [ 1631 ] } { [ -9 ] } { [ 3999 ] } { [ -1993 ] } { [ -3328 ] } { [ -4295 ] } { [ -1916 ] }
despues de colapsar { [ -3733 ][ 831 ] } { [ 3386 ][ -469 ][ -2531 ][ 676 ] } { [ 322 ][ 2278 ][ 1425 ] } { [ -4641 ][ 2788 ] } { [ -2531 ][ 4577 ] } { [ -2153 ][ 309 ] } { [ -1562 ] } { [ 4343 ] } { [ 57 ] } { [ 1631 ] } { [ -9 ] } { [ 3999 ] } { [ -1993 ] } { [ -3328 ] } { [ -4295 ] } { [ -1916 ] }
antes   de filtrar: { [ -3733 ][ 831 ] } { [ 3386 ][ -469 ][ -2531 ][ 676 ][ 1406 ] } { [ 322 ][ 2278 ][ 1425 ] } { [ -4641 ][ 2788 ] } { [ -2531 ][ 4577 ] } { [ -2153 ][ 309 ] } { [ -1562 ][ 625 ] } { [ 4343 ] } { [ 57 ] } { [ 1631 ] } { [ -9 ][ -1293 ] } { [ 3999 ] } { [ -1993 ] } { [ -3328 ] } { [ -4295 ] } { [ -1916 ] } { [ -4900 ] } { [ 571 ] } { [ 947 ] } { [ 1147 ] } { [ -3148 ] } { [ 4328 ] }
despues de filtrar: { [ -3733 ][ 831 ] } { [ 3386 ][ -469 ][ -2531 ][ 676 ][ 1406 ] } { [ 322 ][ 2278 ][ 1425 ] } { [ -4641 ][ 2788 ] } { [ -2531 ][ 4577 ] } { [ -2153 ][ 309 ] } { [ -1562 ][ 625 ] } { [ 4343 ] } { [ 57 ] } { [ 1631 ] } { [ -9 ][ -1293 ] } { [ 3999 ] } { [ -1993 ] } { [ -3328 ] } { [ -4295 ] } { [ -1916 ] } { [ 571 ] } { [ 947 ] } { [ 1147 ] } { [ -3148 ] } { [ 4328 ] }
antes   de colapsar { [ -3733 ][ 831 ][ 3904 ] } { [ 3386 ][ -469 ][ -2531 ][ 676 ][ 1406 ] } { [ 322 ][ 2278 ][ 1425 ] } { [ -4641 ][ 2788 ] } { [ -2531 ][ 4577 ] } { [ -2153 ][ 309 ] } { [ -1562 ][ 625 ] } { [ 4343 ] } { [ 57 ] } { [ 1631 ] } { [ -9 ][ -1293 ][ -1986 ] } { [ 3999 ] } { [ -1993 ] } { [ -3328 ] } { [ -4295 ] } { [ -1916 ] } { [ 571 ] } { [ 947 ] } { [ 1147 ] } { [ -3148 ] } { [ 4328 ] } { [ 4870 ] } { [ -3700 ] } { [ -941 ] } { [ 61 ] } { [ -3900 ] }
despues de colapsar { [ -3733 ][ 831 ][ 3904 ] } { [ 3386 ][ -469 ][ -2531 ][ 676 ][ 1406 ] } { [ 322 ][ 2278 ][ 1425 ] } { [ -4641 ][ 2788 ] } { [ -2531 ][ 4577 ] } { [ -2153 ][ 309 ] } { [ -1562 ][ 625 ] } { [ 4343 ] } { [ 57 ] } { [ 1631 ] } { [ -9 ][ -1293 ][ -1986 ] } { [ 3999 ] } { [ -1993 ] } { [ -3328 ] } { [ -4295 ] } { [ -1916 ] } { [ 571 ] } { [ 947 ] } { [ 1147 ] } { [ -3148 ] } { [ 4328 ] } { [ 4870 ] } { [ -3700 ] } { [ -941 ] } { [ 61 ] } { [ -3900 ] }
antes   de colapsar { [ -3733 ][ 831 ][ 3904 ] } { [ 3386 ][ -469 ][ -2531 ][ 676 ][ 1406 ] } { [ 322 ][ 2278 ][ 1425 ] } { [ -4641 ][ 2788 ] } { [ -2531 ][ 4577 ] } { [ -2153 ][ 309 ] } { [ -1562 ][ 625 ] } { [ 4343 ] } { [ 57 ] } { [ 1631 ] } { [ -9 ][ -1293 ][ -1986 ] } { [ 3999 ] } { [ -1993 ][ -3195 ] } { [ -3328 ] } { [ -4295 ] } { [ -1916 ] } { [ 571 ] } { [ 947 ] } { [ 1147 ] } { [ -3148 ] } { [ 4328 ] } { [ 4870 ] } { [ -3700 ] } { [ -941 ] } { [ 61 ] } { [ -3900 ] } { [ 2734 ] } { [ 299 ] } { [ -3351 ] } { [ -740 ] } { [ -3328 ] } { [ -1256 ] } { [ 4789 ] }
despues de colapsar { [ -3733 ][ 831 ][ 3904 ] } { [ 3386 ][ -469 ][ -2531 ][ 676 ][ 1406 ] } { [ 322 ][ 2278 ][ 1425 ] } { [ -4641 ][ 2788 ] } { [ -2531 ][ 4577 ] } { [ -2153 ][ 309 ] } { [ -1562 ][ 625 ] } { [ 4343 ] } { [ 57 ] } { [ 1631 ] } { [ -9 ][ -1293 ][ -1986 ] } { [ 3999 ] } { [ -1993 ][ -3195 ] } { [ -3328 ] } { [ -4295 ] } { [ -1916 ] } { [ 571 ] } { [ 947 ] } { [ 1147 ] } { [ -3148 ] } { [ 4328 ] } { [ 4870 ] } { [ -3700 ] } { [ -941 ] } { [ 61 ] } { [ -3900 ] } { [ 2734 ] } { [ 299 ] } { [ -3351 ] } { [ -740 ] } { [ -3328 ] } { [ -1256 ] } { [ 4789 ] }
antes   de filtrar: { [ -774 ][ -2594 ] } { [ 2605 ] } { [ -2504 ] } { [ -1638 ] }
despues de filtrar: { [ -774 ][ -2594 ] } { [ -1638 ] }
antes   de colapsar { [ -774 ][ -2594 ] } { [ -1638 ] } { [ 3952 ] }
despues de colapsar { [ -774 ][ -2594 ] } { [ -1638 ] } { [ 3952 ] }
antes   de colapsar { [ -774 ][ -2594 ] } { [ -1638 ] } { [ 3952 ] } { [ -4295 ] }
despues de colapsar { [ -774 ][ -2594 ] } { [ -1638 ] } { [ 3952 ] } { [ -4295 ] }
antes   de filtrar: { [ -774 ][ -2594 ] } { [ -1638 ] } { [ 3952 ] } { [ -4295 ] } { [ 1000 ] } { [ 4326 ] } { [ 1310 ] } { [ -591 ] } { [ 2775 ] } { [ 3054 ] } { [ -3218 ] }
despues de filtrar: { [ -774 ][ -2594 ] } { [ -1638 ] } { [ 3952 ] } { [ -4295 ] } { [ 4326 ] } { [ -591 ] } { [ 2775 ] } { [ -3218 ] }
antes   de colapsar { [ -774 ][ -2594 ] } { [ -1638 ] } { [ 3952 ] } { [ -4295 ] } { [ 4326 ] } { [ -591 ] } { [ 2775 ] } { [ -3218 ] } { [ -470 ] }
despues de colapsar { [ -774 ][ -2594 ] } { [ -1638 ] } { [ 3952 ] } { [ -4295 ] } { [ 4326 ] } { [ -591 ] } { [ 2775 ] } { [ -3218 ] } { [ -470 ] }
antes   de filtrar: { [ -774 ][ -2594 ] } { [ -1638 ] } { [ 3952 ] } { [ -4295 ] } { [ 4326 ] } { [ -591 ] } { [ 2775 ] } { [ -3218 ][ 3607 ][ -1761 ] } { [ -470 ] } { [ -2528 ] } { [ -1101 ] }
despues de filtrar: { [ -774 ][ -2594 ] } { [ -1638 ] } { [ 3952 ] } { [ -4295 ] } { [ 4326 ] } { [ -591 ] } { [ 2775 ] } { [ -3218 ][ 3607 ][ -1761 ] } { [ -2528 ] }
antes   de colapsar { [ -774 ][ -2594 ] } { [ -1638 ] } { [ 3952 ] } { [ -4295 ] } { [ 4326 ] } { [ -591 ] } { [ 2775 ] } { [ -3218 ][ 3607 ][ -1761 ] } { [ -2528 ] }
despues de colapsar { [ -774 ][ -2594 ] } { [ -1638 ] } { [ 3952 ] } { [ -4295 ] } { [ 4326 ] } { [ -591 ] } { [ 2775 ] } { [ -3218 ][ 3607 ][ -1761 ] } { [ -2528 ] }
antes   de colapsar { [ -774 ][ -2594 ] } { [ -1638 ] } { [ 3952 ] } { [ -4295 ] } { [ 4326 ] } { [ -591 ][ 4355 ] } { [ 2775 ] } { [ -3218 ][ 3607 ][ -1761 ][ 4647 ] } { [ -2528 ] } { [ 1384 ] } { [ 4633 ] } { [ 4295 ] }
despues de colapsar { [ -774 ][ -2594 ] } { [ -1638 ] } { [ 3952 ] } { [ -4295 ] } { [ 4326 ] } { [ -591 ][ 4355 ] } { [ 2775 ] } { [ -3218 ][ 3607 ][ -1761 ][ 4647 ] } { [ -2528 ] } { [ 1384 ] } { [ 4633 ] } { [ 4295 ] }
antes   de colapsar { [ -774 ][ -2594 ] } { [ -1638 ] } { [ 3952 ] } { [ -4295 ] } { [ 4326 ] } { [ -591 ][ 4355 ] } { [ 2775 ] } { [ -3218 ][ 3607 ][ -1761 ][ 4647 ][ -612 ] } { [ -2528 ] } { [ 1384 ] } { [ 4633 ] } { [ 4295 ][ -222 ][ 4717 ] } { [ -2234 ] } { [ 3010 ] } { [ -3765 ] } { [ 3463 ] } { [ -3386 ] } { [ 4015 ] } { [ -3076 ] } { [ 3618 ] }
despues de colapsar { [ -774 ][ -2594 ] } { [ -1638 ] } { [ 3952 ] } { [ -4295 ] } { [ 4326 ] } { [ -591 ][ 4355 ] } { [ 2775 ] } { [ -3218 ][ 3607 ][ -1761 ][ 4647 ][ -612 ] } { [ -2528 ] } { [ 1384 ] } { [ 4633 ] } { [ 4295 ][ -222 ][ 4717 ] } { [ -2234 ] } { [ 3010 ] } { [ -3765 ] } { [ 3463 ] } { [ -3386 ] } { [ 4015 ] } { [ -3076 ] } { [ 3618 ] }
antes   de colapsar { [ -774 ][ -2594 ] } { [ -1638 ] } { [ 3952 ] } { [ -4295 ] } { [ 4326 ] } { [ -591 ][ 4355 ] } { [ 2775 ] } { [ -3218 ][ 3607 ][ -1761 ][ 4647 ][ -612 ] } { [ -2528 ] } { [ 1384 ] } { [ 4633 ] } { [ 4295 ][ -222 ][ 4717 ] } { [ -2234 ] } { [ 3010 ] } { [ -3765 ] } { [ 3463 ] } { [ -3386 ][ -1838 ] } { [ 4015 ] } { [ -3076 ] } { [ 3618 ] }
despues de colapsar { [ -774 ][ -2594 ] } { [ -1638 ] } { [ 3952 ] } { [ -4295 ] } { [ 4326 ] } { [ -591 ][ 4355 ] } { [ 2775 ] } { [ -3218 ][ 3607 ][ -1761 ][ 4647 ][ -612 ] } { [ -2528 ] } { [ 1384 ] } { [ 4633 ] } { [ 4295 ][ -222 ][ 4717 ] } { [ -2234 ] } { [ 3010 ] } { [ -3765 ] } { [ 3463 ] } { [ -3386 ][ -1838 ] } { [ 4015 ] } { [ -3076 ] } { [ 3618 ] }
antes   de colapsar { [ 3775 ] }
despues de colapsar { [ 3775 ] }
antes   de filtrar: { [ 3775 ][ -4141 ] } { [ -3853 ] }
despues de filtrar: { [ 3775 ][ -4141 ] } { [ -3853 ] }
antes   de filtrar: { [ 3775 ][ -4141 ] } { [ -3853 ][ 0 ] } { [ -999 ] } { [ -834 ] }
despues de filtrar: { [ 3775 ][ -4141 ] } { [ -3853 ][ 0 ] } { [ -999 ] } { [ -834 ] }
antes   de colapsar { [ 3775 ][ -4141 ] } { [ -3853 ][ 0 ] } { [ -999 ] } { [ -834 ] } { [ 2463 ] } { [ 2899 ] } { [ 1103 ] } { [ 322 ] } { [ 3910 ] } { [ 3086 ] } { [ 2172 ][ 1424 ] } { [ 2847 ] }
despues de colapsar { [ 3775 ][ -4141 ] } { [ -3853 ][ 0 ] } { [ -999 ] } { [ -834 ] } { [ 2463 ] } { [ 2899 ] } { [ 1103 ] } { [ 322 ] } { [ 3910 ] } { [ 3086 ] } { [ 2172 ][ 1424 ] } { [ 2847 ] }
antes   de colapsar { [ 3775 ][ -4141 ] } { [ -3853 ][ 0 ] } { [ -999 ] } { [ -834 ] } { [ 2463 ] } { [ 2899 ] } { [ 1103 ] } { [ 322 ] } { [ 3910 ] } { [ 3086 ] } { [ 2172 ][ 1424 ] } { [ 2847 ] } { [ -3259 ] }
despues de colapsar { [ 3775 ][ -4141 ] } { [ -3853 ][ 0 ] } { [ -999 ] } { [ -834 ] } { [ 2463 ] } { [ 2899 ] } { [ 1103 ] } { [ 322 ] } { [ 3910 ] } { [ 3086 ] } { [ 2172 ][ 1424 ] } { [ 2847 ] } { [ -3259 ] }
antes   de colapsar { [ 3775 ][ -4141 ] } { [ -3853 ][ 0 ] } { [ -999 ] } { [ -834 ] } { [ 2463 ] } { [ 2899 ] } { [ 1103 ] } { [ 322 ] } { [ 3910 ] } { [ 3086 ] } { [ 2172 ][ 1424 ] } { [ 2847 ] } { [ -3259 ] }
despues de colapsar { [ 3775 ][ -4141 ] } { [ -3853 ][ 0 ] } { [ -999 ] } { [ -834 ] } { [ 2463 ] } { [ 2899 ] } { [ 1103 ] } { [ 322 ] } { [ 3910 ] } { [ 3086 ] } { [ 2172 ][ 1424 ] } { [ 2847 ] } { [ -3259 ] }
antes   de colapsar { [ 3775 ][ -4141 ] } { [ -3853 ][ 0 ] } { [ -999 ] } { [ -834 ] } { [ 2463 ] } { [ 2899 ] } { [ 1103 ] } { [ 322 ][ -4333 ] } { [ 3910 ] } { [ 3086 ] } { [ 2172 ][ 1424 ] } { [ 2847 ] } { [ -3259 ] }
despues de colapsar { [ 3775 ][ -4141 ] } { [ -3853 ][ 0 ] } { [ -999 ] } { [ -834 ] } { [ 2463 ] } { [ 2899 ] } { [ 1103 ] } { [ 322 ][ -4333 ] } { [ 3910 ] } { [ 3086 ] } { [ 2172 ][ 1424 ] } { [ 2847 ] } { [ -3259 ] }
antes   de filtrar: { [ 3775 ][ -4141 ][ -292 ] } { [ -3853 ][ 0 ] } { [ -999 ][ 3180 ][ -828 ] } { [ -834 ][ 1413 ] } { [ 2463 ][ -3583 ] } { [ 2899 ] } { [ 1103 ][ -4661 ] } { [ 322 ][ -4333 ] } { [ 3910 ] } { [ 3086 ] } { [ 2172 ][ 1424 ] } { [ 2847 ] } { [ -3259 ] } { [ 2258 ][ 2230 ] } { [ 2324 ] } { [ 4915 ][ 4813 ] } { [ -3243 ] } { [ -3438 ] } { [ -2790 ] } { [ -1681 ] } { [ -2437 ] } { [ 1259 ] } { [ 4937 ] } { [ 2887 ] } { [ 2987 ] } { [ 4474 ] } { [ 3562 ] } { [ 1190 ] }
despues de filtrar: { [ 3775 ][ -4141 ][ -292 ] } { [ -3853 ][ 0 ] } { [ -999 ][ 3180 ][ -828 ] } { [ -834 ][ 1413 ] } { [ 2463 ][ -3583 ] } { [ 2899 ] } { [ 322 ][ -4333 ] } { [ 2172 ][ 1424 ] } { [ 2847 ] } { [ -3259 ] } { [ 2258 ][ 2230 ] } { [ 2324 ] } { [ 4915 ][ 4813 ] } { [ -3243 ] } { [ -3438 ] } { [ -1681 ] } { [ -2437 ] } { [ 1259 ] } { [ 4937 ] } { [ 2887 ] } { [ 2987 ] } { [ 4474 ] } { [ 3562 ] }
antes   de colapsar { [ 3775 ][ -4141 ][ -292 ] } { [ -3853 ][ 0 ] } { [ -999 ][ 3180 ][ -828 ] } { [ -834 ][ 1413 ] } { [ 2463 ][ -3583 ] } { [ 2899 ][ -2734 ] } { [ 322 ][ -4333 ] } { [ 2172 ][ 1424 ] } { [ 2847 ] } { [ -3259 ] } { [ 2258 ][ 2230 ] } { [ 2324 ] } { [ 4915 ][ 4813 ] } { [ -3243 ] } { [ -3438 ] } { [ -1681 ] } { [ -2437 ] } { [ 1259 ] } { [ 4937 ] } { [ 2887 ] } { [ 2987 ] } { [ 4474 ] } { [ 3562 ] } { [ -2866 ] } { [ 3412 ] } { [ 4580 ] } { [ 605 ] } { [ -2946 ] }
despues de colapsar { [ 3775 ][ -4141 ][ -292 ] } { [ -3853 ][ 0 ] } { [ -999 ][ 3180 ][ -828 ] } { [ -834 ][ 1413 ] } { [ 2463 ][ -3583 ] } { [ 2899 ][ -2734 ] } { [ 322 ][ -4333 ] } { [ 2172 ][ 1424 ] } { [ 2847 ] } { [ -3259 ] } { [ 2258 ][ 2230 ] } { [ 2324 ] } { [ 4915 ][ 4813 ] } { [ -3243 ] } { [ -3438 ] } { [ -1681 ] } { [ -2437 ] } { [ 1259 ] } { [ 4937 ] } { [ 2887 ] } { [ 2987 ] } { [ 4474 ] } { [ 3562 ] } { [ -2866 ] } { [ 3412 ] } { [ 4580 ] } { [ 605 ] } { [ -2946 ] }
antes   de colapsar { [ 3775 ][ -4141 ][ -292 ] } { [ -3853 ][ 0 ] } { [ -999 ][ 3180 ][ -828 ] } { [ -834 ][ 1413 ] } { [ 2463 ][ -3583 ] } { [ 2899 ][ -2734 ] } { [ 322 ][ -4333 ] } { [ 2172 ][ 1424 ] } { [ 2847 ] } { [ -3259 ] } { [ 2258 ][ 2230 ] } { [ 2324 ] } { [ 4915 ][ 4813 ] } { [ -3243 ] } { [ -3438 ] } { [ -1681 ] } { [ -2437 ] } { [ 1259 ] } { [ 4937 ] } { [ 2887 ] } { [ 2987 ] } { [ 4474 ] } { [ 3562 ] } { [ -2866 ] } { [ 3412 ] } { [ 4580 ] } { [ 605 ] } { [ -2946 ] } { [ 1130 ] } { [ -4158 ] }
despues de colapsar { [ 3775 ][ -4141 ][ -292 ] } { [ -3853 ][ 0 ] } { [ -999 ][ 3180 ][ -828 ] } { [ -834 ][ 1413 ] } { [ 2463 ][ -3583 ] } { [ 2899 ][ -2734 ] } { [ 322 ][ -4333 ] } { [ 2172 ][ 1424 ] } { [ 2847 ] } { [ -3259 ] } { [ 2258 ][ 2230 ] } { [ 2324 ] } { [ 4915 ][ 4813 ] } { [ -3243 ] } { [ -3438 ] } { [ -1681 ] } { [ -2437 ] } { [ 1259 ] } { [ 4937 ] } { [ 2887 ] } { [ 2987 ] } { [ 4474 ] } { [ 3562 ] } { [ -2866 ] } { [ 3412 ] } { [ 4580 ] } { [ 605 ] } { [ -2946 ] } { [ 1130 ] } { [ -4158 ] }
