antes   de colapsar <vacia>despues de colapsar <vacia>antes   de colapsar { [ -3508 ] } { [ -4588 ] } { [ 813 ] } { [ -3318 ] } { [ -4436 ] } { [ -1138 ] }