antes   de colapsar { [ -16.272649 ][ 22.918415 ][ 47.824780 ] } { [ 50.685813 ] }