antes   de colapsar { [ ad0 ] } { [ 7kq ] } { [ k085wwbc ] } { [ e ] } { [ 036f51us9b ][ aa1xl6 ] } { [ 8i ] }