antes   de colapsar { [ 81 ][ 4272 ] } { [ -2049 ] } { [ 4469 ] } { [ -1313 ] } { [ -4531 ] } { [ 103 ][ 418 ] } { [ -2683 ] } { [ 1724 ] } { [ -4784 ] }
despues de colapsar { [ 81 ][ 4272 ] } { [ -2049 ] } { [ 4469 ] } { [ -1313 ] } { [ -4531 ] } { [ 207 ] } { [ -2683 ] } { [ 1724 ] } { [ -4784 ] }
antes   de colapsar { [ 81 ][ 4272 ] } { [ -2049 ] } { [ 4469 ] } { [ -1313 ] } { [ -4531 ] } { [ 207 ] } { [ -2683 ] } { [ 1724 ] } { [ -4784 ] } { [ 1275 ] } { [ 597 ] } { [ -4568 ] }
despues de colapsar { [ 81 ][ 4272 ] } { [ -2049 ] } { [ 4469 ] } { [ -1313 ] } { [ -4531 ] } { [ 207 ] } { [ -2683 ] } { [ 1724 ] } { [ -4784 ] } { [ 1275 ] } { [ 597 ] } { [ -4568 ] }
antes   de colapsar { [ 81 ][ 4272 ] } { [ -2049 ] } { [ 4469 ] } { [ -1313 ] } { [ -4531 ] } { [ 207 ] } { [ -2683 ] } { [ 1724 ] } { [ -4784 ] } { [ 1275 ] } { [ 597 ] } { [ -4568 ] }
despues de colapsar { [ 81 ][ 4272 ] } { [ -2049 ] } { [ 4469 ] } { [ -1313 ] } { [ -4531 ] } { [ 207 ] } { [ -2683 ] } { [ 1724 ] } { [ -4784 ] } { [ 1275 ] } { [ 597 ] } { [ -4568 ] }
antes   de colapsar { [ 81 ][ 4272 ] } { [ -2049 ] } { [ 4469 ] } { [ -1313 ] } { [ -4531 ][ 1071 ] } { [ 207 ] } { [ -2683 ] } { [ 1724 ] } { [ -4784 ] } { [ 1275 ] } { [ 597 ] } { [ -4568 ] }
despues de colapsar { [ 81 ][ 4272 ] } { [ -2049 ] } { [ 4469 ] } { [ -1313 ] } { [ -4531 ][ 1071 ] } { [ 207 ] } { [ -2683 ] } { [ 1724 ] } { [ -4784 ] } { [ 1275 ] } { [ 597 ] } { [ -4568 ] }
antes   de filtrar: { [ 81 ][ 4272 ][ 4280 ][ 4737 ] } { [ -2049 ] } { [ 4469 ] } { [ -1313 ][ -2207 ][ 2544 ] } { [ -4531 ][ 1071 ] } { [ 207 ] } { [ -2683 ] } { [ 1724 ] } { [ -4784 ][ -542 ] } { [ 1275 ] } { [ 597 ] } { [ -4568 ][ -870 ] } { [ -3580 ] } { [ -188 ] } { [ 973 ] } { [ -878 ] } { [ 1166 ] } { [ -4736 ] } { [ 1764 ] } { [ 4765 ] } { [ -2201 ] } { [ 3036 ] } { [ -2605 ] }
despues de filtrar: { [ 81 ][ 4272 ][ 4280 ][ 4737 ] } { [ 4469 ] } { [ -1313 ][ -2207 ][ 2544 ] } { [ -4531 ][ 1071 ] } { [ -2683 ] } { [ 1724 ] } { [ -4784 ][ -542 ] } { [ 1275 ] } { [ 597 ] } { [ -4568 ][ -870 ] } { [ -188 ] } { [ 973 ] } { [ -878 ] } { [ 1166 ] } { [ -4736 ] } { [ 1764 ] } { [ 4765 ] }
antes   de filtrar: { [ 81 ][ 4272 ][ 4280 ][ 4737 ] } { [ 4469 ] } { [ -1313 ][ -2207 ][ 2544 ] } { [ -4531 ][ 1071 ][ 2710 ] } { [ -2683 ] } { [ 1724 ] } { [ -4784 ][ -542 ] } { [ 1275 ] } { [ 597 ] } { [ -4568 ][ -870 ] } { [ -188 ] } { [ 973 ] } { [ -878 ] } { [ 1166 ] } { [ -4736 ] } { [ 1764 ] } { [ 4765 ] } { [ -2896 ] } { [ -4070 ] } { [ 2515 ] } { [ 773 ] } { [ -8 ] }
despues de filtrar: { [ 81 ][ 4272 ][ 4280 ][ 4737 ] } { [ 4469 ] } { [ -1313 ][ -2207 ][ 2544 ] } { [ -4531 ][ 1071 ][ 2710 ] } { [ -2683 ] } { [ 1724 ] } { [ -4784 ][ -542 ] } { [ 1275 ] } { [ 597 ] } { [ -4568 ][ -870 ] } { [ -188 ] } { [ 973 ] } { [ -878 ] } { [ 1166 ] } { [ -4736 ] } { [ 1764 ] } { [ 4765 ] } { [ -2896 ] } { [ 2515 ] } { [ 773 ] } { [ -8 ] }
antes   de colapsar { [ 81 ][ 4272 ][ 4280 ][ 4737 ] } { [ 4469 ] } { [ -1313 ][ -2207 ][ 2544 ] } { [ -4531 ][ 1071 ][ 2710 ] } { [ -2683 ] } { [ 1724 ] } { [ -4784 ][ -542 ] } { [ 1275 ] } { [ 597 ] } { [ -4568 ][ -870 ] } { [ -188 ] } { [ 973 ] } { [ -878 ] } { [ 1166 ] } { [ -4736 ] } { [ 1764 ] } { [ 4765 ] } { [ -2896 ] } { [ 2515 ] } { [ 773 ] } { [ -8 ] } { [ 4896 ] }
despues de colapsar { [ 81 ][ 4272 ][ 4280 ][ 4737 ] } { [ 4469 ] } { [ -1313 ][ -2207 ][ 2544 ] } { [ -4531 ][ 1071 ][ 2710 ] } { [ -2683 ] } { [ 1724 ] } { [ -4784 ][ -542 ] } { [ 1275 ] } { [ 597 ] } { [ -4568 ][ -870 ] } { [ -188 ] } { [ 973 ] } { [ -878 ] } { [ 1166 ] } { [ -4736 ] } { [ 1764 ] } { [ 4765 ] } { [ -2896 ] } { [ 2515 ] } { [ 773 ] } { [ -8 ] } { [ 4896 ] }
antes   de filtrar: { [ 81 ][ 4272 ][ 4280 ][ 4737 ] } { [ 4469 ] } { [ -1313 ][ -2207 ][ 2544 ] } { [ -4531 ][ 1071 ][ 2710 ] } { [ -2683 ] } { [ 1724 ] } { [ -4784 ][ -542 ] } { [ 1275 ] } { [ 597 ] } { [ -4568 ][ -870 ] } { [ -188 ] } { [ 973 ] } { [ -878 ] } { [ 1166 ] } { [ -4736 ] } { [ 1764 ] } { [ 4765 ] } { [ -2896 ] } { [ 2515 ] } { [ 773 ] } { [ -8 ] } { [ 4896 ] }
despues de filtrar: { [ 81 ][ 4272 ][ 4280 ][ 4737 ] } { [ 4469 ] } { [ -1313 ][ -2207 ][ 2544 ] } { [ -4531 ][ 1071 ][ 2710 ] } { [ -2683 ] } { [ 1724 ] } { [ -4784 ][ -542 ] } { [ 1275 ] } { [ 597 ] } { [ -4568 ][ -870 ] } { [ -188 ] } { [ 973 ] } { [ -878 ] } { [ 1166 ] } { [ -4736 ] } { [ 1764 ] } { [ 4765 ] } { [ -2896 ] } { [ 2515 ] } { [ 773 ] } { [ -8 ] } { [ 4896 ] }
antes   de colapsar { [ 81 ][ 4272 ][ 4280 ][ 4737 ] } { [ 4469 ] } { [ -1313 ][ -2207 ][ 2544 ] } { [ -4531 ][ 1071 ][ 2710 ] } { [ -2683 ] } { [ 1724 ] } { [ -4784 ][ -542 ][ 1870 ] } { [ 1275 ] } { [ 597 ] } { [ -4568 ][ -870 ] } { [ -188 ] } { [ 973 ] } { [ -878 ] } { [ 1166 ] } { [ -4736 ] } { [ 1764 ] } { [ 4765 ] } { [ -2896 ] } { [ 2515 ] } { [ 773 ] } { [ -8 ] } { [ 4896 ] } { [ -1826 ] }
despues de colapsar { [ 81 ][ 4272 ][ 4280 ][ 4737 ] } { [ 4469 ] } { [ -1313 ][ -2207 ][ 2544 ] } { [ -4531 ][ 1071 ][ 2710 ] } { [ -2683 ] } { [ 1724 ] } { [ -4784 ][ -542 ][ 1870 ] } { [ 1275 ] } { [ 597 ] } { [ -4568 ][ -870 ] } { [ -188 ] } { [ 973 ] } { [ -878 ] } { [ 1166 ] } { [ -4736 ] } { [ 1764 ] } { [ 4765 ] } { [ -2896 ] } { [ 2515 ] } { [ 773 ] } { [ -8 ] } { [ 4896 ] } { [ -1826 ] }
antes   de colapsar { [ 81 ][ 4272 ][ 4280 ][ 4737 ] } { [ 4469 ] } { [ -1313 ][ -2207 ][ 2544 ] } { [ -4531 ][ 1071 ][ 2710 ] } { [ -2683 ] } { [ 1724 ] } { [ -4784 ][ -542 ][ 1870 ] } { [ 1275 ] } { [ 597 ] } { [ -4568 ][ -870 ] } { [ -188 ] } { [ 973 ] } { [ -878 ] } { [ 1166 ] } { [ -4736 ] } { [ 1764 ] } { [ 4765 ] } { [ -2896 ] } { [ 2515 ] } { [ 773 ] } { [ -8 ] } { [ 4896 ] } { [ -1826 ] }
despues de colapsar { [ 81 ][ 4272 ][ 4280 ][ 4737 ] } { [ 4469 ] } { [ -1313 ][ -2207 ][ 2544 ] } { [ -4531 ][ 1071 ][ 2710 ] } { [ -2683 ] } { [ 1724 ] } { [ -4784 ][ -542 ][ 1870 ] } { [ 1275 ] } { [ 597 ] } { [ -4568 ][ -870 ] } { [ -188 ] } { [ 973 ] } { [ -878 ] } { [ 1166 ] } { [ -4736 ] } { [ 1764 ] } { [ 4765 ] } { [ -2896 ] } { [ 2515 ] } { [ 773 ] } { [ -8 ] } { [ 4896 ] } { [ -1826 ] }
antes   de colapsar { [ -20.402485 ] } { [ 44.469018 ] } { [ -12.602280 ][ 23.666574 ] } { [ 39.305302 ] }
despues de colapsar { [ -20.402485 ] } { [ 44.469018 ] } { [ 3.326303 ] } { [ 39.305302 ] }
antes   de colapsar { [ -20.402485 ] } { [ 44.469018 ] } { [ 3.326303 ][ 4.206099 ] } { [ 39.305302 ][ 69.282108 ] } { [ 5.382478 ] } { [ 14.693899 ] } { [ 73.956226 ] } { [ 4.337457 ][ 51.529640 ] } { [ 64.914671 ] }
despues de colapsar { [ -20.402485 ] } { [ 44.469018 ] } { [ 3.326303 ][ 4.206099 ] } { [ 39.305302 ][ 69.282108 ] } { [ 5.382478 ] } { [ 14.693899 ] } { [ 73.956226 ] } { [ 4.337457 ][ 51.529640 ] } { [ 64.914671 ] }
antes   de filtrar: { [ -20.402485 ] } { [ 44.469018 ] } { [ 3.326303 ][ 4.206099 ][ -6.391954 ] } { [ 39.305302 ][ 69.282108 ] } { [ 5.382478 ][ 14.381322 ] } { [ 14.693899 ][ -20.657674 ] } { [ 73.956226 ] } { [ 4.337457 ][ 51.529640 ][ 71.522501 ] } { [ 64.914671 ] } { [ 54.318725 ] } { [ 40.499450 ][ 51.728382 ] } { [ -0.402351 ] }
despues de filtrar: { [ -20.402485 ] } { [ 44.469018 ] } { [ 3.326303 ][ 4.206099 ][ -6.391954 ] } { [ 39.305302 ][ 69.282108 ] } { [ 5.382478 ][ 14.381322 ] } { [ 4.337457 ][ 51.529640 ][ 71.522501 ] } { [ 54.318725 ] } { [ 40.499450 ][ 51.728382 ] } { [ -0.402351 ] }
antes   de colapsar { [ -20.402485 ] } { [ 44.469018 ] } { [ 3.326303 ][ 4.206099 ][ -6.391954 ] } { [ 39.305302 ][ 69.282108 ] } { [ 5.382478 ][ 14.381322 ] } { [ 4.337457 ][ 51.529640 ][ 71.522501 ] } { [ 54.318725 ] } { [ 40.499450 ][ 51.728382 ] } { [ -0.402351 ] } { [ 34.915723 ] } { [ 1.549065 ] } { [ 61.619497 ] }
despues de colapsar { [ -20.402485 ] } { [ 44.469018 ] } { [ 3.326303 ][ 4.206099 ][ -6.391954 ] } { [ 39.305302 ][ 69.282108 ] } { [ 5.382478 ][ 14.381322 ] } { [ 4.337457 ][ 51.529640 ][ 71.522501 ] } { [ 54.318725 ] } { [ 40.499450 ][ 51.728382 ] } { [ -0.402351 ] } { [ 34.915723 ] } { [ 1.549065 ] } { [ 61.619497 ] }
antes   de colapsar { [ -20.402485 ] } { [ 44.469018 ] } { [ 3.326303 ][ 4.206099 ][ -6.391954 ] } { [ 39.305302 ][ 69.282108 ] } { [ 5.382478 ][ 14.381322 ] } { [ 4.337457 ][ 51.529640 ][ 71.522501 ] } { [ 54.318725 ] } { [ 40.499450 ][ 51.728382 ] } { [ -0.402351 ] } { [ 34.915723 ] } { [ 1.549065 ] } { [ 61.619497 ] }
despues de colapsar { [ -20.402485 ] } { [ 44.469018 ] } { [ 3.326303 ][ 4.206099 ][ -6.391954 ] } { [ 39.305302 ][ 69.282108 ] } { [ 5.382478 ][ 14.381322 ] } { [ 4.337457 ][ 51.529640 ][ 71.522501 ] } { [ 54.318725 ] } { [ 40.499450 ][ 51.728382 ] } { [ -0.402351 ] } { [ 34.915723 ] } { [ 1.549065 ] } { [ 61.619497 ] }
antes   de filtrar: { [ -20.402485 ] } { [ 44.469018 ] } { [ 3.326303 ][ 4.206099 ][ -6.391954 ] } { [ 39.305302 ][ 69.282108 ] } { [ 5.382478 ][ 14.381322 ] } { [ 4.337457 ][ 51.529640 ][ 71.522501 ] } { [ 54.318725 ] } { [ 40.499450 ][ 51.728382 ] } { [ -0.402351 ] } { [ 34.915723 ] } { [ 1.549065 ] } { [ 61.619497 ] }
despues de filtrar: { [ -20.402485 ] } { [ 44.469018 ] } { [ 3.326303 ][ 4.206099 ][ -6.391954 ] } { [ 39.305302 ][ 69.282108 ] } { [ 5.382478 ][ 14.381322 ] } { [ 4.337457 ][ 51.529640 ][ 71.522501 ] } { [ 54.318725 ] } { [ 40.499450 ][ 51.728382 ] } { [ -0.402351 ] }
antes   de filtrar: { [ -20.402485 ] } { [ 44.469018 ] } { [ 3.326303 ][ 4.206099 ][ -6.391954 ] } { [ 39.305302 ][ 69.282108 ] } { [ 5.382478 ][ 14.381322 ] } { [ 4.337457 ][ 51.529640 ][ 71.522501 ] } { [ 54.318725 ] } { [ 40.499450 ][ 51.728382 ] } { [ -0.402351 ] } { [ 50.790050 ] } { [ 18.933774 ] } { [ 64.287695 ] } { [ -7.327263 ] } { [ 49.682386 ] } { [ -15.327132 ] } { [ 30.628335 ] } { [ 54.506086 ] } { [ 74.859854 ] } { [ 6.801264 ] }
despues de filtrar: { [ -20.402485 ] } { [ 44.469018 ] } { [ 3.326303 ][ 4.206099 ][ -6.391954 ] } { [ 39.305302 ][ 69.282108 ] } { [ 5.382478 ][ 14.381322 ] } { [ 4.337457 ][ 51.529640 ][ 71.522501 ] } { [ 54.318725 ] } { [ 40.499450 ][ 51.728382 ] } { [ -0.402351 ] } { [ 64.287695 ] } { [ -7.327263 ] } { [ -15.327132 ] }
antes   de colapsar { [ -20.402485 ] } { [ 44.469018 ] } { [ 3.326303 ][ 4.206099 ][ -6.391954 ] } { [ 39.305302 ][ 69.282108 ] } { [ 5.382478 ][ 14.381322 ] } { [ 4.337457 ][ 51.529640 ][ 71.522501 ] } { [ 54.318725 ] } { [ 40.499450 ][ 51.728382 ] } { [ -0.402351 ] } { [ 64.287695 ] } { [ -7.327263 ] } { [ -15.327132 ] } { [ 30.236129 ] } { [ 46.966762 ][ 3.639654 ] }
despues de colapsar { [ -20.402485 ] } { [ 44.469018 ] } { [ 3.326303 ][ 4.206099 ][ -6.391954 ] } { [ 39.305302 ][ 69.282108 ] } { [ 5.382478 ][ 14.381322 ] } { [ 4.337457 ][ 51.529640 ][ 71.522501 ] } { [ 54.318725 ] } { [ 40.499450 ][ 51.728382 ] } { [ -0.402351 ] } { [ 64.287695 ] } { [ -7.327263 ] } { [ -15.327132 ] } { [ 30.236129 ] } { [ 7.113819 ] }
antes   de colapsar { [ -20.402485 ][ 19.990459 ] } { [ 44.469018 ] } { [ 3.326303 ][ 4.206099 ][ -6.391954 ][ 38.560533 ] } { [ 39.305302 ][ 69.282108 ] } { [ 5.382478 ][ 14.381322 ] } { [ 4.337457 ][ 51.529640 ][ 71.522501 ] } { [ 54.318725 ] } { [ 40.499450 ][ 51.728382 ] } { [ -0.402351 ] } { [ 64.287695 ] } { [ -7.327263 ] } { [ -15.327132 ][ -4.357246 ] } { [ 30.236129 ] } { [ 7.113819 ] } { [ 19.973079 ] } { [ 69.381308 ] } { [ 71.285219 ] }
despues de colapsar { [ -20.402485 ][ 19.990459 ] } { [ 44.469018 ] } { [ 3.326303 ][ 4.206099 ][ -6.391954 ][ 38.560533 ] } { [ 39.305302 ][ 69.282108 ] } { [ 5.382478 ][ 14.381322 ] } { [ 4.337457 ][ 51.529640 ][ 71.522501 ] } { [ 54.318725 ] } { [ 40.499450 ][ 51.728382 ] } { [ -0.402351 ] } { [ 64.287695 ] } { [ -7.327263 ] } { [ -15.327132 ][ -4.357246 ] } { [ 30.236129 ] } { [ 7.113819 ] } { [ 19.973079 ] } { [ 69.381308 ] } { [ 71.285219 ] }
antes   de colapsar { [ -20.402485 ][ 19.990459 ] } { [ 44.469018 ] } { [ 3.326303 ][ 4.206099 ][ -6.391954 ][ 38.560533 ] } { [ 39.305302 ][ 69.282108 ][ 43.552449 ] } { [ 5.382478 ][ 14.381322 ] } { [ 4.337457 ][ 51.529640 ][ 71.522501 ] } { [ 54.318725 ] } { [ 40.499450 ][ 51.728382 ] } { [ -0.402351 ] } { [ 64.287695 ] } { [ -7.327263 ] } { [ -15.327132 ][ -4.357246 ] } { [ 30.236129 ] } { [ 7.113819 ] } { [ 19.973079 ] } { [ 69.381308 ] } { [ 71.285219 ] } { [ 0.914247 ] } { [ 41.309851 ] } { [ -0.550430 ] }
despues de colapsar { [ -20.402485 ][ 19.990459 ] } { [ 44.469018 ] } { [ 3.326303 ][ 4.206099 ][ -6.391954 ][ 38.560533 ] } { [ 39.305302 ][ 69.282108 ][ 43.552449 ] } { [ 5.382478 ][ 14.381322 ] } { [ 4.337457 ][ 51.529640 ][ 71.522501 ] } { [ 54.318725 ] } { [ 40.499450 ][ 51.728382 ] } { [ -0.402351 ] } { [ 64.287695 ] } { [ -7.327263 ] } { [ -15.327132 ][ -4.357246 ] } { [ 30.236129 ] } { [ 7.113819 ] } { [ 19.973079 ] } { [ 69.381308 ] } { [ 71.285219 ] } { [ 0.914247 ] } { [ 41.309851 ] } { [ -0.550430 ] }
antes   de colapsar { [ 73.592138 ][ -24.822930 ] } { [ 70.327098 ] }
despues de colapsar { [ 6.983495 ] } { [ 70.327098 ] }
antes   de filtrar: { [ 6.983495 ] } { [ 70.327098 ] }
despues de filtrar: { [ 70.327098 ] }
antes   de colapsar { [ 70.327098 ][ -16.724864 ][ 13.282803 ] } { [ 26.007988 ] } { [ -5.743521 ] } { [ -21.983544 ] }
despues de colapsar { [ 70.327098 ][ -16.724864 ][ 13.282803 ] } { [ 26.007988 ] } { [ -5.743521 ] } { [ -21.983544 ] }
antes   de colapsar { [ 70.327098 ][ -16.724864 ][ 13.282803 ] } { [ 26.007988 ] } { [ -5.743521 ] } { [ -21.983544 ] } { [ -7.205588 ] } { [ 71.203708 ] } { [ -4.432736 ] }
despues de colapsar { [ 70.327098 ][ -16.724864 ][ 13.282803 ] } { [ 26.007988 ] } { [ -5.743521 ] } { [ -21.983544 ] } { [ -7.205588 ] } { [ 71.203708 ] } { [ -4.432736 ] }
antes   de filtrar: { [ 70.327098 ][ -16.724864 ][ 13.282803 ] } { [ 26.007988 ] } { [ -5.743521 ] } { [ -21.983544 ] } { [ -7.205588 ] } { [ 71.203708 ] } { [ -4.432736 ] } { [ 20.057142 ] } { [ 26.708035 ] } { [ -20.531776 ] }
despues de filtrar: { [ 70.327098 ][ -16.724864 ][ 13.282803 ] } { [ 26.007988 ] } { [ -7.205588 ] } { [ 71.203708 ] } { [ -4.432736 ] } { [ 20.057142 ] }
antes   de colapsar { [ 70.327098 ][ -16.724864 ][ 13.282803 ] } { [ 26.007988 ] } { [ -7.205588 ] } { [ 71.203708 ][ -21.015977 ] } { [ -4.432736 ] } { [ 20.057142 ] } { [ 56.466290 ] } { [ -16.507491 ] }
despues de colapsar { [ 70.327098 ][ -16.724864 ][ 13.282803 ] } { [ 26.007988 ] } { [ -7.205588 ] } { [ 71.203708 ][ -21.015977 ] } { [ -4.432736 ] } { [ 20.057142 ] } { [ 56.466290 ] } { [ -16.507491 ] }
antes   de colapsar { [ 70.327098 ][ -16.724864 ][ 13.282803 ] } { [ 26.007988 ] } { [ -7.205588 ] } { [ 71.203708 ][ -21.015977 ] } { [ -4.432736 ] } { [ 20.057142 ] } { [ 56.466290 ] } { [ -16.507491 ][ 30.918436 ] } { [ -19.332734 ] } { [ 50.316518 ][ 45.838845 ] } { [ 32.383166 ] } { [ 48.540690 ] }
despues de colapsar { [ 70.327098 ][ -16.724864 ][ 13.282803 ] } { [ 26.007988 ] } { [ -7.205588 ] } { [ 71.203708 ][ -21.015977 ] } { [ -4.432736 ] } { [ 20.057142 ] } { [ 56.466290 ] } { [ 3.796175 ] } { [ -19.332734 ] } { [ 50.316518 ][ 45.838845 ] } { [ 32.383166 ] } { [ 48.540690 ] }
antes   de colapsar { [ 70.327098 ][ -16.724864 ][ 13.282803 ] } { [ 26.007988 ] } { [ -7.205588 ] } { [ 71.203708 ][ -21.015977 ] } { [ -4.432736 ] } { [ 20.057142 ] } { [ 56.466290 ] } { [ 3.796175 ] } { [ -19.332734 ] } { [ 50.316518 ][ 45.838845 ] } { [ 32.383166 ] } { [ 48.540690 ] } { [ -9.493714 ] }
despues de colapsar { [ 70.327098 ][ -16.724864 ][ 13.282803 ] } { [ 26.007988 ] } { [ -7.205588 ] } { [ 71.203708 ][ -21.015977 ] } { [ -4.432736 ] } { [ 20.057142 ] } { [ 56.466290 ] } { [ 3.796175 ] } { [ -19.332734 ] } { [ 50.316518 ][ 45.838845 ] } { [ 32.383166 ] } { [ 48.540690 ] } { [ -9.493714 ] }
antes   de colapsar { [ 70.327098 ][ -16.724864 ][ 13.282803 ] } { [ 26.007988 ] } { [ -7.205588 ] } { [ 71.203708 ][ -21.015977 ] } { [ -4.432736 ] } { [ 20.057142 ] } { [ 56.466290 ] } { [ 3.796175 ] } { [ -19.332734 ] } { [ 50.316518 ][ 45.838845 ] } { [ 32.383166 ] } { [ 48.540690 ] } { [ -9.493714 ] }
despues de colapsar { [ 70.327098 ][ -16.724864 ][ 13.282803 ] } { [ 26.007988 ] } { [ -7.205588 ] } { [ 71.203708 ][ -21.015977 ] } { [ -4.432736 ] } { [ 20.057142 ] } { [ 56.466290 ] } { [ 3.796175 ] } { [ -19.332734 ] } { [ 50.316518 ][ 45.838845 ] } { [ 32.383166 ] } { [ 48.540690 ] } { [ -9.493714 ] }
antes   de filtrar: { [ 70.327098 ][ -16.724864 ][ 13.282803 ][ -12.159419 ] } { [ 26.007988 ] } { [ -7.205588 ] } { [ 71.203708 ][ -21.015977 ] } { [ -4.432736 ] } { [ 20.057142 ] } { [ 56.466290 ] } { [ 3.796175 ] } { [ -19.332734 ][ 63.979541 ] } { [ 50.316518 ][ 45.838845 ] } { [ 32.383166 ] } { [ 48.540690 ] } { [ -9.493714 ] } { [ -21.644572 ] }
despues de filtrar: { [ 70.327098 ][ -16.724864 ][ 13.282803 ][ -12.159419 ] } { [ 26.007988 ] } { [ -7.205588 ] } { [ 71.203708 ][ -21.015977 ] } { [ -4.432736 ] } { [ 20.057142 ] } { [ 56.466290 ] } { [ -19.332734 ][ 63.979541 ] } { [ 50.316518 ][ 45.838845 ] } { [ 32.383166 ] } { [ -9.493714 ] }
antes   de colapsar { [ 2401 ][ 889 ] } { [ 1478 ][ -2384 ] } { [ -3109 ][ 4169 ] } { [ -299 ] } { [ 2936 ] } { [ -2237 ] } { [ -3127 ] } { [ 3900 ] } { [ -2621 ] }
despues de colapsar { [ 1460 ] } { [ 1478 ][ -2384 ] } { [ 0 ] } { [ -299 ] } { [ 2936 ] } { [ -2237 ] } { [ -3127 ] } { [ 3900 ] } { [ -2621 ] }
antes   de colapsar { [ 1460 ] } { [ 1478 ][ -2384 ] } { [ 0 ] } { [ -299 ] } { [ 2936 ] } { [ -2237 ] } { [ -3127 ] } { [ 3900 ] } { [ -2621 ][ 1845 ] } { [ -1266 ] } { [ -44 ] } { [ -2585 ] }
despues de colapsar { [ 1460 ] } { [ 1478 ][ -2384 ] } { [ 0 ] } { [ -299 ] } { [ 2936 ] } { [ -2237 ] } { [ -3127 ] } { [ 3900 ] } { [ -2621 ][ 1845 ] } { [ -1266 ] } { [ -44 ] } { [ -2585 ] }
antes   de colapsar { [ 1460 ] } { [ 1478 ][ -2384 ] } { [ 0 ][ 2504 ] } { [ -299 ] } { [ 2936 ] } { [ -2237 ] } { [ -3127 ][ 2028 ] } { [ 3900 ] } { [ -2621 ][ 1845 ][ -133 ] } { [ -1266 ][ 3697 ] } { [ -44 ] } { [ -2585 ] } { [ 2054 ] } { [ -2178 ] } { [ -3832 ] } { [ 3088 ][ 3549 ] } { [ -127 ] } { [ -3592 ] } { [ -4663 ] } { [ -4218 ] } { [ 2580 ] }
despues de colapsar { [ 1460 ] } { [ 1478 ][ -2384 ] } { [ 0 ][ 2504 ] } { [ -299 ] } { [ 2936 ] } { [ -2237 ] } { [ -3127 ][ 2028 ] } { [ 3900 ] } { [ -2621 ][ 1845 ][ -133 ] } { [ -1266 ][ 3697 ] } { [ -44 ] } { [ -2585 ] } { [ 2054 ] } { [ -2178 ] } { [ -3832 ] } { [ 3310 ] } { [ -127 ] } { [ -3592 ] } { [ -4663 ] } { [ -4218 ] } { [ 2580 ] }
antes   de filtrar: { [ 1460 ] } { [ 1478 ][ -2384 ] } { [ 0 ][ 2504 ] } { [ -299 ] } { [ 2936 ] } { [ -2237 ] } { [ -3127 ][ 2028 ] } { [ 3900 ] } { [ -2621 ][ 1845 ][ -133 ] } { [ -1266 ][ 3697 ] } { [ -44 ] } { [ -2585 ] } { [ 2054 ] } { [ -2178 ] } { [ -3832 ] } { [ 3310 ] } { [ -127 ] } { [ -3592 ] } { [ -4663 ] } { [ -4218 ] } { [ 2580 ] } { [ 2437 ] } { [ -4987 ] } { [ 3286 ] } { [ -2837 ] } { [ -3960 ] } { [ -1593 ] }
despues de filtrar: { [ 1478 ][ -2384 ] } { [ 0 ][ 2504 ] } { [ -299 ] } { [ 2936 ] } { [ -2237 ] } { [ -3127 ][ 2028 ] } { [ -2621 ][ 1845 ][ -133 ] } { [ -1266 ][ 3697 ] } { [ -44 ] } { [ -2585 ] } { [ -2178 ] } { [ -3832 ] } { [ -127 ] } { [ -3592 ] } { [ -4663 ] } { [ -4218 ] } { [ 2437 ] } { [ -4987 ] } { [ 3286 ] } { [ -2837 ] } { [ -1593 ] }
antes   de colapsar { [ 1478 ][ -2384 ] } { [ 0 ][ 2504 ] } { [ -299 ] } { [ 2936 ] } { [ -2237 ] } { [ -3127 ][ 2028 ] } { [ -2621 ][ 1845 ][ -133 ] } { [ -1266 ][ 3697 ] } { [ -44 ] } { [ -2585 ] } { [ -2178 ] } { [ -3832 ] } { [ -127 ] } { [ -3592 ] } { [ -4663 ] } { [ -4218 ] } { [ 2437 ] } { [ -4987 ] } { [ 3286 ] } { [ -2837 ] } { [ -1593 ] }
despues de colapsar { [ 1478 ][ -2384 ] } { [ 0 ][ 2504 ] } { [ -299 ] } { [ 2936 ] } { [ -2237 ] } { [ -3127 ][ 2028 ] } { [ -2621 ][ 1845 ][ -133 ] } { [ -1266 ][ 3697 ] } { [ -44 ] } { [ -2585 ] } { [ -2178 ] } { [ -3832 ] } { [ -127 ] } { [ -3592 ] } { [ -4663 ] } { [ -4218 ] } { [ 2437 ] } { [ -4987 ] } { [ 3286 ] } { [ -2837 ] } { [ -1593 ] }
antes   de filtrar: { [ 1478 ][ -2384 ] } { [ 0 ][ 2504 ] } { [ -299 ] } { [ 2936 ] } { [ -2237 ] } { [ -3127 ][ 2028 ] } { [ -2621 ][ 1845 ][ -133 ] } { [ -1266 ][ 3697 ][ -2017 ] } { [ -44 ] } { [ -2585 ] } { [ -2178 ] } { [ -3832 ] } { [ -127 ] } { [ -3592 ] } { [ -4663 ] } { [ -4218 ] } { [ 2437 ][ -4781 ] } { [ -4987 ] } { [ 3286 ] } { [ -2837 ] } { [ -1593 ] } { [ -3999 ] } { [ -3696 ] } { [ 2274 ] } { [ 166 ] }
despues de filtrar: { [ 1478 ][ -2384 ] } { [ 0 ][ 2504 ] } { [ -299 ] } { [ 2936 ] } { [ -2237 ] } { [ -3127 ][ 2028 ] } { [ -2621 ][ 1845 ][ -133 ] } { [ -1266 ][ 3697 ][ -2017 ] } { [ -44 ] } { [ -2585 ] } { [ -2178 ] } { [ -3832 ] } { [ -127 ] } { [ -3592 ] } { [ -4663 ] } { [ -4218 ] } { [ 2437 ][ -4781 ] } { [ -4987 ] } { [ 3286 ] } { [ -2837 ] } { [ -1593 ] } { [ -3999 ] } { [ -3696 ] } { [ 2274 ] } { [ 166 ] }
antes   de colapsar { [ 1478 ][ -2384 ] } { [ 0 ][ 2504 ] } { [ -299 ] } { [ 2936 ] } { [ -2237 ] } { [ -3127 ][ 2028 ] } { [ -2621 ][ 1845 ][ -133 ] } { [ -1266 ][ 3697 ][ -2017 ] } { [ -44 ] } { [ -2585 ] } { [ -2178 ] } { [ -3832 ] } { [ -127 ] } { [ -3592 ] } { [ -4663 ] } { [ -4218 ] } { [ 2437 ][ -4781 ] } { [ -4987 ] } { [ 3286 ] } { [ -2837 ] } { [ -1593 ] } { [ -3999 ] } { [ -3696 ] } { [ 2274 ] } { [ 166 ] }
despues de colapsar { [ 1478 ][ -2384 ] } { [ 0 ][ 2504 ] } { [ -299 ] } { [ 2936 ] } { [ -2237 ] } { [ -3127 ][ 2028 ] } { [ -2621 ][ 1845 ][ -133 ] } { [ -1266 ][ 3697 ][ -2017 ] } { [ -44 ] } { [ -2585 ] } { [ -2178 ] } { [ -3832 ] } { [ -127 ] } { [ -3592 ] } { [ -4663 ] } { [ -4218 ] } { [ 2437 ][ -4781 ] } { [ -4987 ] } { [ 3286 ] } { [ -2837 ] } { [ -1593 ] } { [ -3999 ] } { [ -3696 ] } { [ 2274 ] } { [ 166 ] }
antes   de colapsar { [ 1478 ][ -2384 ] } { [ 0 ][ 2504 ] } { [ -299 ] } { [ 2936 ] } { [ -2237 ] } { [ -3127 ][ 2028 ] } { [ -2621 ][ 1845 ][ -133 ] } { [ -1266 ][ 3697 ][ -2017 ] } { [ -44 ] } { [ -2585 ] } { [ -2178 ] } { [ -3832 ] } { [ -127 ] } { [ -3592 ] } { [ -4663 ] } { [ -4218 ] } { [ 2437 ][ -4781 ] } { [ -4987 ] } { [ 3286 ] } { [ -2837 ] } { [ -1593 ] } { [ -3999 ] } { [ -3696 ] } { [ 2274 ] } { [ 166 ][ -3487 ] } { [ -1164 ] } { [ -3566 ] }
despues de colapsar { [ 1478 ][ -2384 ] } { [ 0 ][ 2504 ] } { [ -299 ] } { [ 2936 ] } { [ -2237 ] } { [ -3127 ][ 2028 ] } { [ -2621 ][ 1845 ][ -133 ] } { [ -1266 ][ 3697 ][ -2017 ] } { [ -44 ] } { [ -2585 ] } { [ -2178 ] } { [ -3832 ] } { [ -127 ] } { [ -3592 ] } { [ -4663 ] } { [ -4218 ] } { [ 2437 ][ -4781 ] } { [ -4987 ] } { [ 3286 ] } { [ -2837 ] } { [ -1593 ] } { [ -3999 ] } { [ -3696 ] } { [ 2274 ] } { [ 166 ][ -3487 ] } { [ -1164 ] } { [ -3566 ] }
antes   de filtrar: { [ 1478 ][ -2384 ] } { [ 0 ][ 2504 ] } { [ -299 ] } { [ 2936 ] } { [ -2237 ] } { [ -3127 ][ 2028 ] } { [ -2621 ][ 1845 ][ -133 ] } { [ -1266 ][ 3697 ][ -2017 ] } { [ -44 ] } { [ -2585 ] } { [ -2178 ] } { [ -3832 ] } { [ -127 ] } { [ -3592 ] } { [ -4663 ] } { [ -4218 ] } { [ 2437 ][ -4781 ] } { [ -4987 ] } { [ 3286 ] } { [ -2837 ] } { [ -1593 ] } { [ -3999 ] } { [ -3696 ] } { [ 2274 ] } { [ 166 ][ -3487 ] } { [ -1164 ] } { [ -3566 ] }
despues de filtrar: { [ 1478 ][ -2384 ] } { [ 0 ][ 2504 ] } { [ -299 ] } { [ 2936 ] } { [ -2237 ] } { [ -3127 ][ 2028 ] } { [ -2621 ][ 1845 ][ -133 ] } { [ -1266 ][ 3697 ][ -2017 ] } { [ -44 ] } { [ -2585 ] } { [ -2178 ] } { [ -3832 ] } { [ -127 ] } { [ -3592 ] } { [ -4663 ] } { [ -4218 ] } { [ 2437 ][ -4781 ] } { [ -4987 ] } { [ 3286 ] } { [ -2837 ] } { [ -1593 ] } { [ -3999 ] } { [ -3696 ] } { [ 2274 ] } { [ 166 ][ -3487 ] } { [ -1164 ] } { [ -3566 ] }
antes   de colapsar { [ 1478 ][ -2384 ] } { [ 0 ][ 2504 ] } { [ -299 ] } { [ 2936 ] } { [ -2237 ] } { [ -3127 ][ 2028 ] } { [ -2621 ][ 1845 ][ -133 ] } { [ -1266 ][ 3697 ][ -2017 ] } { [ -44 ] } { [ -2585 ] } { [ -2178 ] } { [ -3832 ] } { [ -127 ] } { [ -3592 ] } { [ -4663 ] } { [ -4218 ] } { [ 2437 ][ -4781 ] } { [ -4987 ] } { [ 3286 ] } { [ -2837 ] } { [ -1593 ] } { [ -3999 ] } { [ -3696 ] } { [ 2274 ] } { [ 166 ][ -3487 ] } { [ -1164 ] } { [ -3566 ] } { [ -671 ] } { [ 153 ] }
despues de colapsar { [ 1478 ][ -2384 ] } { [ 0 ][ 2504 ] } { [ -299 ] } { [ 2936 ] } { [ -2237 ] } { [ -3127 ][ 2028 ] } { [ -2621 ][ 1845 ][ -133 ] } { [ -1266 ][ 3697 ][ -2017 ] } { [ -44 ] } { [ -2585 ] } { [ -2178 ] } { [ -3832 ] } { [ -127 ] } { [ -3592 ] } { [ -4663 ] } { [ -4218 ] } { [ 2437 ][ -4781 ] } { [ -4987 ] } { [ 3286 ] } { [ -2837 ] } { [ -1593 ] } { [ -3999 ] } { [ -3696 ] } { [ 2274 ] } { [ 166 ][ -3487 ] } { [ -1164 ] } { [ -3566 ] } { [ -671 ] } { [ 153 ] }
antes   de colapsar { [ 4y ] }
despues de colapsar { [ 4y ] }
antes   de colapsar { [ 4y ][ 19u ] } { [ l ] } { [ 0j5447s ] } { [ ms ] } { [ qx9m1i ] } { [ y2uin ] }
despues de colapsar { [ 41y9u ] } { [ l ] } { [ 0j5447s ] } { [ ms ] } { [ qx9m1i ] } { [ y2uin ] }
antes   de filtrar: { [ 41y9u ] } { [ l ] } { [ 0j5447s ] } { [ ms ] } { [ qx9m1i ][ h ] } { [ y2uin ] } { [ goa5wk3 ] } { [ rs4d ] } { [ lxkaok8h ] }
despues de filtrar: { [ l ] } { [ ms ] }
antes   de filtrar: { [ l ] } { [ ms ][ gmgir ] } { [ i9kt ] } { [ d0ro07baqv ] } { [ 4mpyj8ncxv ] }
despues de filtrar: { [ l ] } { [ ms ][ gmgir ] }
antes   de filtrar: { [ l ] } { [ ms ][ gmgir ] }
despues de filtrar: { [ l ] } { [ ms ][ gmgir ] }
antes   de colapsar { [ l ] } { [ ms ][ gmgir ][ ttnp ] } { [ lo ][ v52hit6v59 ] } { [ 4u ][ wxvva ][ 3x ] } { [ of ] } { [ 2y67 ] } { [ e1avhg ] } { [ xnsxo9fsph ] } { [ geh ] } { [ 1fh ] } { [ 1yjpikv ] } { [ 61hva3om6 ][ q907 ][ dpkej ] } { [ dpgsoh ][ 78y2u0yrss ] } { [ vx05 ] } { [ 2tlx6oqcj ] }
despues de colapsar { [ l ] } { [ ms ][ gmgir ][ ttnp ] } { [ lo ][ v52hit6v59 ] } { [ 43wxuxvva ] } { [ of ] } { [ 2y67 ] } { [ e1avhg ] } { [ xnsxo9fsph ] } { [ geh ] } { [ 1fh ] } { [ 1yjpikv ] } { [ 6dqp1k9ehj ] } { [ dpgsoh ][ 78y2u0yrss ] } { [ vx05 ] } { [ 2tlx6oqcj ] }
antes   de colapsar { [ l ] } { [ ms ][ gmgir ][ ttnp ] } { [ lo ][ v52hit6v59 ] } { [ 43wxuxvva ] } { [ of ] } { [ 2y67 ] } { [ e1avhg ][ h ] } { [ xnsxo9fsph ] } { [ geh ] } { [ 1fh ] } { [ 1yjpikv ] } { [ 6dqp1k9ehj ] } { [ dpgsoh ][ 78y2u0yrss ] } { [ vx05 ] } { [ 2tlx6oqcj ] } { [ eq ] } { [ r0503gjia ] } { [ lwc ] } { [ 7cjlmfv ] } { [ y ] }
despues de colapsar { [ l ] } { [ ms ][ gmgir ][ ttnp ] } { [ lo ][ v52hit6v59 ] } { [ 43wxuxvva ] } { [ of ] } { [ 2y67 ] } { [ eh1avhg ] } { [ xnsxo9fsph ] } { [ geh ] } { [ 1fh ] } { [ 1yjpikv ] } { [ 6dqp1k9ehj ] } { [ dpgsoh ][ 78y2u0yrss ] } { [ vx05 ] } { [ 2tlx6oqcj ] } { [ eq ] } { [ r0503gjia ] } { [ lwc ] } { [ 7cjlmfv ] } { [ y ] }
antes   de colapsar { [ l ] } { [ ms ][ gmgir ][ ttnp ] } { [ lo ][ v52hit6v59 ] } { [ 43wxuxvva ] } { [ of ] } { [ 2y67 ] } { [ eh1avhg ] } { [ xnsxo9fsph ] } { [ geh ] } { [ 1fh ] } { [ 1yjpikv ] } { [ 6dqp1k9ehj ] } { [ dpgsoh ][ 78y2u0yrss ] } { [ vx05 ] } { [ 2tlx6oqcj ] } { [ eq ] } { [ r0503gjia ] } { [ lwc ] } { [ 7cjlmfv ][ q ] } { [ y ] } { [ lk ] } { [ 7gfql37lp ] } { [ 9cbq0191r ] } { [ wa2mbt ] }
despues de colapsar { [ l ] } { [ ms ][ gmgir ][ ttnp ] } { [ lo ][ v52hit6v59 ] } { [ 43wxuxvva ] } { [ of ] } { [ 2y67 ] } { [ eh1avhg ] } { [ xnsxo9fsph ] } { [ geh ] } { [ 1fh ] } { [ 1yjpikv ] } { [ 6dqp1k9ehj ] } { [ dpgsoh ][ 78y2u0yrss ] } { [ vx05 ] } { [ 2tlx6oqcj ] } { [ eq ] } { [ r0503gjia ] } { [ lwc ] } { [ 7qcjlmfv ] } { [ y ] } { [ lk ] } { [ 7gfql37lp ] } { [ 9cbq0191r ] } { [ wa2mbt ] }
antes   de colapsar { [ l ] } { [ ms ][ gmgir ][ ttnp ] } { [ lo ][ v52hit6v59 ] } { [ 43wxuxvva ] } { [ of ] } { [ 2y67 ] } { [ eh1avhg ] } { [ xnsxo9fsph ] } { [ geh ] } { [ 1fh ] } { [ 1yjpikv ] } { [ 6dqp1k9ehj ] } { [ dpgsoh ][ 78y2u0yrss ] } { [ vx05 ] } { [ 2tlx6oqcj ] } { [ eq ] } { [ r0503gjia ] } { [ lwc ] } { [ 7qcjlmfv ] } { [ y ] } { [ lk ] } { [ 7gfql37lp ] } { [ 9cbq0191r ] } { [ wa2mbt ] } { [ qb672qv ] }
despues de colapsar { [ l ] } { [ ms ][ gmgir ][ ttnp ] } { [ lo ][ v52hit6v59 ] } { [ 43wxuxvva ] } { [ of ] } { [ 2y67 ] } { [ eh1avhg ] } { [ xnsxo9fsph ] } { [ geh ] } { [ 1fh ] } { [ 1yjpikv ] } { [ 6dqp1k9ehj ] } { [ dpgsoh ][ 78y2u0yrss ] } { [ vx05 ] } { [ 2tlx6oqcj ] } { [ eq ] } { [ r0503gjia ] } { [ lwc ] } { [ 7qcjlmfv ] } { [ y ] } { [ lk ] } { [ 7gfql37lp ] } { [ 9cbq0191r ] } { [ wa2mbt ] } { [ qb672qv ] }
antes   de colapsar { [ l ] } { [ ms ][ gmgir ][ ttnp ] } { [ lo ][ v52hit6v59 ] } { [ 43wxuxvva ] } { [ of ] } { [ 2y67 ] } { [ eh1avhg ] } { [ xnsxo9fsph ] } { [ geh ] } { [ 1fh ] } { [ 1yjpikv ] } { [ 6dqp1k9ehj ] } { [ dpgsoh ][ 78y2u0yrss ] } { [ vx05 ] } { [ 2tlx6oqcj ] } { [ eq ] } { [ r0503gjia ] } { [ lwc ] } { [ 7qcjlmfv ] } { [ y ] } { [ lk ] } { [ 7gfql37lp ] } { [ 9cbq0191r ] } { [ wa2mbt ] } { [ qb672qv ] }
despues de colapsar { [ l ] } { [ ms ][ gmgir ][ ttnp ] } { [ lo ][ v52hit6v59 ] } { [ 43wxuxvva ] } { [ of ] } { [ 2y67 ] } { [ eh1avhg ] } { [ xnsxo9fsph ] } { [ geh ] } { [ 1fh ] } { [ 1yjpikv ] } { [ 6dqp1k9ehj ] } { [ dpgsoh ][ 78y2u0yrss ] } { [ vx05 ] } { [ 2tlx6oqcj ] } { [ eq ] } { [ r0503gjia ] } { [ lwc ] } { [ 7qcjlmfv ] } { [ y ] } { [ lk ] } { [ 7gfql37lp ] } { [ 9cbq0191r ] } { [ wa2mbt ] } { [ qb672qv ] }
