antes   de filtrar: { [ 1324 ] } { [ 3509 ] } { [ -4996 ] }
despues de filtrar: { [ 1324 ] } { [ -4996 ] }
antes   de colapsar { [ 1324 ] } { [ -4996 ] }
despues de colapsar { [ 1324 ] } { [ -4996 ] }
antes   de colapsar { [ 1324 ][ 1127 ] } { [ -4996 ] } { [ -3721 ] } { [ 2488 ] }
despues de colapsar { [ 1324 ][ 1127 ] } { [ -4996 ] } { [ -3721 ] } { [ 2488 ] }
antes   de colapsar { [ 1324 ][ 1127 ] } { [ -4996 ][ 3990 ] } { [ -3721 ][ 585 ] } { [ 2488 ][ -3435 ] } { [ 635 ] } { [ -1017 ] }
despues de colapsar { [ 1324 ][ 1127 ] } { [ -4996 ][ 3990 ] } { [ -3721 ][ 585 ] } { [ 2488 ][ -3435 ] } { [ 635 ] } { [ -1017 ] }
antes   de filtrar: { [ 1324 ][ 1127 ] } { [ -4996 ][ 3990 ][ 1303 ] } { [ -3721 ][ 585 ][ -2270 ] } { [ 2488 ][ -3435 ] } { [ 635 ] } { [ -1017 ] } { [ 429 ][ -3779 ] } { [ 3705 ][ 2023 ] } { [ 338 ] } { [ -1173 ] } { [ -4733 ] } { [ 26 ] } { [ 21 ] } { [ -3063 ] } { [ 1569 ] } { [ 4973 ] } { [ 506 ][ 2855 ] } { [ -4233 ] } { [ 4789 ] } { [ 4732 ] } { [ -2042 ] } { [ 1833 ] } { [ 328 ] } { [ -1693 ] }
despues de filtrar: { [ 1324 ][ 1127 ] } { [ -4996 ][ 3990 ][ 1303 ] } { [ -3721 ][ 585 ][ -2270 ] } { [ 2488 ][ -3435 ] } { [ 635 ] } { [ 429 ][ -3779 ] } { [ 338 ] } { [ -1173 ] } { [ -4733 ] } { [ 26 ] } { [ 21 ] } { [ 1569 ] } { [ 4973 ] } { [ -4233 ] } { [ 4789 ] } { [ 4732 ] } { [ 1833 ] } { [ 328 ] } { [ -1693 ] }
antes   de colapsar { [ 1324 ][ 1127 ] } { [ -4996 ][ 3990 ][ 1303 ] } { [ -3721 ][ 585 ][ -2270 ] } { [ 2488 ][ -3435 ] } { [ 635 ] } { [ 429 ][ -3779 ] } { [ 338 ] } { [ -1173 ] } { [ -4733 ] } { [ 26 ] } { [ 21 ] } { [ 1569 ] } { [ 4973 ] } { [ -4233 ] } { [ 4789 ] } { [ 4732 ] } { [ 1833 ] } { [ 328 ] } { [ -1693 ][ -308 ] }
despues de colapsar { [ 1324 ][ 1127 ] } { [ -4996 ][ 3990 ][ 1303 ] } { [ -3721 ][ 585 ][ -2270 ] } { [ 2488 ][ -3435 ] } { [ 635 ] } { [ 429 ][ -3779 ] } { [ 338 ] } { [ -1173 ] } { [ -4733 ] } { [ 26 ] } { [ 21 ] } { [ 1569 ] } { [ 4973 ] } { [ -4233 ] } { [ 4789 ] } { [ 4732 ] } { [ 1833 ] } { [ 328 ] } { [ -1693 ][ -308 ] }
antes   de filtrar: { [ 1324 ][ 1127 ] } { [ -4996 ][ 3990 ][ 1303 ] } { [ -3721 ][ 585 ][ -2270 ] } { [ 2488 ][ -3435 ] } { [ 635 ] } { [ 429 ][ -3779 ] } { [ 338 ][ -2916 ][ -943 ] } { [ -1173 ] } { [ -4733 ] } { [ 26 ][ -2066 ] } { [ 21 ] } { [ 1569 ] } { [ 4973 ] } { [ -4233 ] } { [ 4789 ] } { [ 4732 ] } { [ 1833 ] } { [ 328 ] } { [ -1693 ][ -308 ] } { [ -4439 ] } { [ -3598 ] }
despues de filtrar: { [ 1324 ][ 1127 ] } { [ -4996 ][ 3990 ][ 1303 ] } { [ -3721 ][ 585 ][ -2270 ] } { [ 2488 ][ -3435 ] } { [ 635 ] } { [ 429 ][ -3779 ] } { [ 338 ][ -2916 ][ -943 ] } { [ -1173 ] } { [ -4733 ] } { [ 26 ][ -2066 ] } { [ 21 ] } { [ 1569 ] } { [ 4973 ] } { [ -4233 ] } { [ 4789 ] } { [ 4732 ] } { [ 1833 ] } { [ 328 ] } { [ -1693 ][ -308 ] } { [ -4439 ] } { [ -3598 ] }
antes   de colapsar { [ 1324 ][ 1127 ] } { [ -4996 ][ 3990 ][ 1303 ] } { [ -3721 ][ 585 ][ -2270 ] } { [ 2488 ][ -3435 ] } { [ 635 ] } { [ 429 ][ -3779 ] } { [ 338 ][ -2916 ][ -943 ] } { [ -1173 ] } { [ -4733 ] } { [ 26 ][ -2066 ] } { [ 21 ] } { [ 1569 ] } { [ 4973 ] } { [ -4233 ] } { [ 4789 ] } { [ 4732 ] } { [ 1833 ] } { [ 328 ] } { [ -1693 ][ -308 ] } { [ -4439 ] } { [ -3598 ] } { [ 2246 ] }
despues de colapsar { [ 1324 ][ 1127 ] } { [ -4996 ][ 3990 ][ 1303 ] } { [ -3721 ][ 585 ][ -2270 ] } { [ 2488 ][ -3435 ] } { [ 635 ] } { [ 429 ][ -3779 ] } { [ 338 ][ -2916 ][ -943 ] } { [ -1173 ] } { [ -4733 ] } { [ 26 ][ -2066 ] } { [ 21 ] } { [ 1569 ] } { [ 4973 ] } { [ -4233 ] } { [ 4789 ] } { [ 4732 ] } { [ 1833 ] } { [ 328 ] } { [ -1693 ][ -308 ] } { [ -4439 ] } { [ -3598 ] } { [ 2246 ] }
antes   de colapsar { [ 1324 ][ 1127 ] } { [ -4996 ][ 3990 ][ 1303 ] } { [ -3721 ][ 585 ][ -2270 ] } { [ 2488 ][ -3435 ] } { [ 635 ] } { [ 429 ][ -3779 ] } { [ 338 ][ -2916 ][ -943 ] } { [ -1173 ] } { [ -4733 ] } { [ 26 ][ -2066 ] } { [ 21 ] } { [ 1569 ] } { [ 4973 ] } { [ -4233 ] } { [ 4789 ] } { [ 4732 ] } { [ 1833 ] } { [ 328 ] } { [ -1693 ][ -308 ] } { [ -4439 ] } { [ -3598 ] } { [ 2246 ] } { [ -2981 ] } { [ -2796 ] } { [ 2378 ] } { [ -3624 ] } { [ -3082 ] }
despues de colapsar { [ 1324 ][ 1127 ] } { [ -4996 ][ 3990 ][ 1303 ] } { [ -3721 ][ 585 ][ -2270 ] } { [ 2488 ][ -3435 ] } { [ 635 ] } { [ 429 ][ -3779 ] } { [ 338 ][ -2916 ][ -943 ] } { [ -1173 ] } { [ -4733 ] } { [ 26 ][ -2066 ] } { [ 21 ] } { [ 1569 ] } { [ 4973 ] } { [ -4233 ] } { [ 4789 ] } { [ 4732 ] } { [ 1833 ] } { [ 328 ] } { [ -1693 ][ -308 ] } { [ -4439 ] } { [ -3598 ] } { [ 2246 ] } { [ -2981 ] } { [ -2796 ] } { [ 2378 ] } { [ -3624 ] } { [ -3082 ] }
antes   de colapsar { [ 1324 ][ 1127 ] } { [ -4996 ][ 3990 ][ 1303 ] } { [ -3721 ][ 585 ][ -2270 ] } { [ 2488 ][ -3435 ] } { [ 635 ] } { [ 429 ][ -3779 ] } { [ 338 ][ -2916 ][ -943 ] } { [ -1173 ] } { [ -4733 ] } { [ 26 ][ -2066 ] } { [ 21 ] } { [ 1569 ] } { [ 4973 ] } { [ -4233 ] } { [ 4789 ] } { [ 4732 ] } { [ 1833 ] } { [ 328 ] } { [ -1693 ][ -308 ] } { [ -4439 ] } { [ -3598 ] } { [ 2246 ] } { [ -2981 ] } { [ -2796 ] } { [ 2378 ] } { [ -3624 ] } { [ -3082 ] }
despues de colapsar { [ 1324 ][ 1127 ] } { [ -4996 ][ 3990 ][ 1303 ] } { [ -3721 ][ 585 ][ -2270 ] } { [ 2488 ][ -3435 ] } { [ 635 ] } { [ 429 ][ -3779 ] } { [ 338 ][ -2916 ][ -943 ] } { [ -1173 ] } { [ -4733 ] } { [ 26 ][ -2066 ] } { [ 21 ] } { [ 1569 ] } { [ 4973 ] } { [ -4233 ] } { [ 4789 ] } { [ 4732 ] } { [ 1833 ] } { [ 328 ] } { [ -1693 ][ -308 ] } { [ -4439 ] } { [ -3598 ] } { [ 2246 ] } { [ -2981 ] } { [ -2796 ] } { [ 2378 ] } { [ -3624 ] } { [ -3082 ] }
antes   de filtrar: { [ 3447 ] }
despues de filtrar: { [ 3447 ] }
antes   de filtrar: { [ 3447 ][ -3454 ] } { [ 4923 ] }
despues de filtrar: { [ 3447 ][ -3454 ] } { [ 4923 ] }
antes   de colapsar { [ 3447 ][ -3454 ] } { [ 4923 ] } { [ -3925 ][ 1167 ] } { [ 819 ] }
despues de colapsar { [ 3447 ][ -3454 ] } { [ 4923 ] } { [ -3925 ][ 1167 ] } { [ 819 ] }
antes   de colapsar { [ 3447 ][ -3454 ] } { [ 4923 ] } { [ -3925 ][ 1167 ] } { [ 819 ][ 1830 ] } { [ 4947 ] } { [ -4896 ] } { [ -834 ] }
despues de colapsar { [ 3447 ][ -3454 ] } { [ 4923 ] } { [ -3925 ][ 1167 ] } { [ 819 ][ 1830 ] } { [ 4947 ] } { [ -4896 ] } { [ -834 ] }
antes   de colapsar { [ 3447 ][ -3454 ] } { [ 4923 ] } { [ -3925 ][ 1167 ][ -3756 ] } { [ 819 ][ 1830 ][ -1304 ] } { [ 4947 ] } { [ -4896 ] } { [ -834 ] } { [ -2007 ] } { [ 1772 ] } { [ -4311 ] }
despues de colapsar { [ 3447 ][ -3454 ] } { [ 4923 ] } { [ -3925 ][ 1167 ][ -3756 ] } { [ 819 ][ 1830 ][ -1304 ] } { [ 4947 ] } { [ -4896 ] } { [ -834 ] } { [ -2007 ] } { [ 1772 ] } { [ -4311 ] }
antes   de colapsar { [ 3447 ][ -3454 ] } { [ 4923 ] } { [ -3925 ][ 1167 ][ -3756 ] } { [ 819 ][ 1830 ][ -1304 ] } { [ 4947 ] } { [ -4896 ] } { [ -834 ] } { [ -2007 ] } { [ 1772 ] } { [ -4311 ] } { [ -4840 ] } { [ -4144 ][ 2476 ] } { [ -2320 ] } { [ -3118 ] }
despues de colapsar { [ 3447 ][ -3454 ] } { [ 4923 ] } { [ -3925 ][ 1167 ][ -3756 ] } { [ 819 ][ 1830 ][ -1304 ] } { [ 4947 ] } { [ -4896 ] } { [ -834 ] } { [ -2007 ] } { [ 1772 ] } { [ -4311 ] } { [ -4840 ] } { [ -4144 ][ 2476 ] } { [ -2320 ] } { [ -3118 ] }
antes   de colapsar { [ 3447 ][ -3454 ] } { [ 4923 ] } { [ -3925 ][ 1167 ][ -3756 ] } { [ 819 ][ 1830 ][ -1304 ] } { [ 4947 ] } { [ -4896 ] } { [ -834 ] } { [ -2007 ] } { [ 1772 ] } { [ -4311 ] } { [ -4840 ] } { [ -4144 ][ 2476 ] } { [ -2320 ] } { [ -3118 ] }
despues de colapsar { [ 3447 ][ -3454 ] } { [ 4923 ] } { [ -3925 ][ 1167 ][ -3756 ] } { [ 819 ][ 1830 ][ -1304 ] } { [ 4947 ] } { [ -4896 ] } { [ -834 ] } { [ -2007 ] } { [ 1772 ] } { [ -4311 ] } { [ -4840 ] } { [ -4144 ][ 2476 ] } { [ -2320 ] } { [ -3118 ] }
antes   de filtrar: { [ 3447 ][ -3454 ] } { [ 4923 ] } { [ -3925 ][ 1167 ][ -3756 ] } { [ 819 ][ 1830 ][ -1304 ] } { [ 4947 ] } { [ -4896 ] } { [ -834 ] } { [ -2007 ] } { [ 1772 ] } { [ -4311 ] } { [ -4840 ] } { [ -4144 ][ 2476 ] } { [ -2320 ] } { [ -3118 ] }
despues de filtrar: { [ 3447 ][ -3454 ] } { [ 4923 ] } { [ -3925 ][ 1167 ][ -3756 ] } { [ 819 ][ 1830 ][ -1304 ] } { [ 4947 ] } { [ -4896 ] } { [ -834 ] } { [ 1772 ] } { [ -4311 ] } { [ -4144 ][ 2476 ] } { [ -3118 ] }
antes   de colapsar { [ 3447 ][ -3454 ][ 1491 ] } { [ 4923 ][ 3483 ] } { [ -3925 ][ 1167 ][ -3756 ] } { [ 819 ][ 1830 ][ -1304 ] } { [ 4947 ] } { [ -4896 ] } { [ -834 ] } { [ 1772 ] } { [ -4311 ][ 2568 ] } { [ -4144 ][ 2476 ] } { [ -3118 ] } { [ -4217 ] } { [ 596 ][ -4340 ] } { [ -4462 ] } { [ 709 ] } { [ 4109 ] } { [ 4931 ] } { [ 270 ] } { [ 3391 ] } { [ -3093 ] } { [ 692 ] } { [ 1456 ][ 1457 ] } { [ -3174 ] } { [ 1412 ] } { [ -2711 ] } { [ -2042 ] }
despues de colapsar { [ 3447 ][ -3454 ][ 1491 ] } { [ 4923 ][ 3483 ] } { [ -3925 ][ 1167 ][ -3756 ] } { [ 819 ][ 1830 ][ -1304 ] } { [ 4947 ] } { [ -4896 ] } { [ -834 ] } { [ 1772 ] } { [ -4311 ][ 2568 ] } { [ -4144 ][ 2476 ] } { [ -3118 ] } { [ -4217 ] } { [ 596 ][ -4340 ] } { [ -4462 ] } { [ 709 ] } { [ 4109 ] } { [ 4931 ] } { [ 270 ] } { [ 3391 ] } { [ -3093 ] } { [ 692 ] } { [ 1456 ][ 1457 ] } { [ -3174 ] } { [ 1412 ] } { [ -2711 ] } { [ -2042 ] }
antes   de colapsar { [ 3447 ][ -3454 ][ 1491 ] } { [ 4923 ][ 3483 ] } { [ -3925 ][ 1167 ][ -3756 ] } { [ 819 ][ 1830 ][ -1304 ] } { [ 4947 ] } { [ -4896 ] } { [ -834 ] } { [ 1772 ] } { [ -4311 ][ 2568 ] } { [ -4144 ][ 2476 ] } { [ -3118 ][ -4960 ][ -4469 ] } { [ -4217 ] } { [ 596 ][ -4340 ] } { [ -4462 ] } { [ 709 ] } { [ 4109 ] } { [ 4931 ] } { [ 270 ][ 3366 ] } { [ 3391 ] } { [ -3093 ] } { [ 692 ] } { [ 1456 ][ 1457 ] } { [ -3174 ] } { [ 1412 ] } { [ -2711 ] } { [ -2042 ] } { [ -1726 ] } { [ -1764 ] } { [ -2023 ] } { [ -2634 ] } { [ -4549 ] }
despues de colapsar { [ 3447 ][ -3454 ][ 1491 ] } { [ 4923 ][ 3483 ] } { [ -3925 ][ 1167 ][ -3756 ] } { [ 819 ][ 1830 ][ -1304 ] } { [ 4947 ] } { [ -4896 ] } { [ -834 ] } { [ 1772 ] } { [ -4311 ][ 2568 ] } { [ -4144 ][ 2476 ] } { [ -3118 ][ -4960 ][ -4469 ] } { [ -4217 ] } { [ 596 ][ -4340 ] } { [ -4462 ] } { [ 709 ] } { [ 4109 ] } { [ 4931 ] } { [ 953 ] } { [ 3391 ] } { [ -3093 ] } { [ 692 ] } { [ 1456 ][ 1457 ] } { [ -3174 ] } { [ 1412 ] } { [ -2711 ] } { [ -2042 ] } { [ -1726 ] } { [ -1764 ] } { [ -2023 ] } { [ -2634 ] } { [ -4549 ] }
antes   de colapsar { [ 13.512743 ] } { [ 2.515640 ] } { [ 74.790033 ] } { [ 2.910438 ] }
despues de colapsar { [ 13.512743 ] } { [ 2.515640 ] } { [ 74.790033 ] } { [ 2.910438 ] }
antes   de filtrar: { [ 13.512743 ] } { [ 2.515640 ] } { [ 74.790033 ] } { [ 2.910438 ] }
despues de filtrar: <vacia>
antes   de colapsar { [ 44.553842 ] }
despues de colapsar { [ 44.553842 ] }
antes   de filtrar: { [ 44.553842 ] }
despues de filtrar: <vacia>
antes   de colapsar { [ 71.564917 ][ 6.242612 ] } { [ 63.973459 ] } { [ 63.020499 ] } { [ 1.634203 ] }
despues de colapsar { [ 8.820858 ] } { [ 63.973459 ] } { [ 63.020499 ] } { [ 1.634203 ] }
antes   de colapsar { [ 8.820858 ] } { [ 63.973459 ] } { [ 63.020499 ] } { [ 1.634203 ] } { [ 56.354149 ] }
despues de colapsar { [ 8.820858 ] } { [ 63.973459 ] } { [ 63.020499 ] } { [ 1.634203 ] } { [ 56.354149 ] }
antes   de colapsar { [ 8.820858 ] } { [ 63.973459 ] } { [ 63.020499 ] } { [ 1.634203 ] } { [ 56.354149 ] } { [ -3.511757 ] } { [ 28.465644 ] } { [ -10.242530 ] }
despues de colapsar { [ 8.820858 ] } { [ 63.973459 ] } { [ 63.020499 ] } { [ 1.634203 ] } { [ 56.354149 ] } { [ -3.511757 ] } { [ 28.465644 ] } { [ -10.242530 ] }
antes   de colapsar { [ 8.820858 ] } { [ 63.973459 ] } { [ 63.020499 ][ 30.339887 ] } { [ 1.634203 ][ -2.714213 ] } { [ 56.354149 ] } { [ -3.511757 ] } { [ 28.465644 ] } { [ -10.242530 ] } { [ 23.022733 ] } { [ -7.365820 ] } { [ -1.371125 ] } { [ 26.772559 ] }
despues de colapsar { [ 8.820858 ] } { [ 63.973459 ] } { [ 63.020499 ][ 30.339887 ] } { [ -nan ] } { [ 56.354149 ] } { [ -3.511757 ] } { [ 28.465644 ] } { [ -10.242530 ] } { [ 23.022733 ] } { [ -7.365820 ] } { [ -1.371125 ] } { [ 26.772559 ] }
antes   de colapsar { [ 8.820858 ] } { [ 63.973459 ][ -16.373471 ] } { [ 63.020499 ][ 30.339887 ][ 37.043578 ] } { [ -nan ][ 50.150962 ] } { [ 56.354149 ][ 16.220708 ] } { [ -3.511757 ] } { [ 28.465644 ] } { [ -10.242530 ] } { [ 23.022733 ] } { [ -7.365820 ] } { [ -1.371125 ] } { [ 26.772559 ] } { [ -17.078298 ] } { [ 3.020276 ] } { [ 43.717829 ] } { [ -3.026028 ] } { [ 70.072983 ] } { [ -19.022544 ] } { [ 66.052612 ] } { [ 5.019026 ] } { [ 27.347012 ] } { [ 64.242151 ] }
despues de colapsar { [ 8.820858 ] } { [ 6.899274 ] } { [ 63.020499 ][ 30.339887 ][ 37.043578 ] } { [ -nan ][ 50.150962 ] } { [ 56.354149 ][ 16.220708 ] } { [ -3.511757 ] } { [ 28.465644 ] } { [ -10.242530 ] } { [ 23.022733 ] } { [ -7.365820 ] } { [ -1.371125 ] } { [ 26.772559 ] } { [ -17.078298 ] } { [ 3.020276 ] } { [ 43.717829 ] } { [ -3.026028 ] } { [ 70.072983 ] } { [ -19.022544 ] } { [ 66.052612 ] } { [ 5.019026 ] } { [ 27.347012 ] } { [ 64.242151 ] }
antes   de filtrar: { [ 8.820858 ] } { [ 6.899274 ] } { [ 63.020499 ][ 30.339887 ][ 37.043578 ][ 59.461479 ] } { [ -nan ][ 50.150962 ] } { [ 56.354149 ][ 16.220708 ] } { [ -3.511757 ] } { [ 28.465644 ] } { [ -10.242530 ] } { [ 23.022733 ][ 21.811578 ] } { [ -7.365820 ][ -1.415548 ] } { [ -1.371125 ] } { [ 26.772559 ] } { [ -17.078298 ] } { [ 3.020276 ] } { [ 43.717829 ] } { [ -3.026028 ] } { [ 70.072983 ][ -21.682113 ] } { [ -19.022544 ] } { [ 66.052612 ] } { [ 5.019026 ] } { [ 27.347012 ] } { [ 64.242151 ] } { [ 26.116863 ] } { [ 1.314349 ] } { [ 7.018416 ] } { [ -18.821184 ] } { [ 68.487699 ] } { [ 44.816477 ] }
despues de filtrar: { [ 63.020499 ][ 30.339887 ][ 37.043578 ][ 59.461479 ] } { [ -nan ][ 50.150962 ] } { [ 56.354149 ][ 16.220708 ] } { [ 28.465644 ] } { [ -10.242530 ] } { [ 23.022733 ][ 21.811578 ] } { [ -7.365820 ][ -1.415548 ] } { [ -1.371125 ] } { [ -17.078298 ] } { [ 3.020276 ] } { [ -3.026028 ] } { [ 70.072983 ][ -21.682113 ] } { [ -19.022544 ] } { [ 66.052612 ] } { [ 5.019026 ] } { [ 27.347012 ] } { [ 64.242151 ] } { [ 26.116863 ] } { [ 1.314349 ] } { [ 7.018416 ] } { [ 68.487699 ] }
antes   de filtrar: { [ 3297 ] } { [ 2763 ][ 1971 ] } { [ -4940 ] } { [ 2696 ] }
despues de filtrar: { [ 3297 ] } { [ 2763 ][ 1971 ] } { [ 2696 ] }
antes   de filtrar: { [ 3297 ] } { [ 2763 ][ 1971 ][ 3385 ][ -4012 ] } { [ 2696 ][ -2025 ] } { [ -1547 ] } { [ -4404 ] } { [ 78 ] } { [ -4449 ] } { [ 4508 ] }
despues de filtrar: { [ 3297 ] } { [ 2763 ][ 1971 ][ 3385 ][ -4012 ] } { [ 2696 ][ -2025 ] } { [ -1547 ] } { [ 78 ] } { [ -4449 ] }
antes   de colapsar { [ 3297 ] } { [ 2763 ][ 1971 ][ 3385 ][ -4012 ] } { [ 2696 ][ -2025 ] } { [ -1547 ] } { [ 78 ] } { [ -4449 ] }
despues de colapsar { [ 3297 ] } { [ 2763 ][ 1971 ][ 3385 ][ -4012 ] } { [ 2696 ][ -2025 ] } { [ -1547 ] } { [ 78 ] } { [ -4449 ] }
antes   de colapsar { [ 3297 ] } { [ 2763 ][ 1971 ][ 3385 ][ -4012 ] } { [ 2696 ][ -2025 ] } { [ -1547 ] } { [ 78 ] } { [ -4449 ] } { [ -1201 ] } { [ 2234 ] } { [ 1168 ] } { [ 1314 ] } { [ -4578 ] } { [ 1045 ] } { [ 3315 ] } { [ 4492 ] }
despues de colapsar { [ 3297 ] } { [ 2763 ][ 1971 ][ 3385 ][ -4012 ] } { [ 2696 ][ -2025 ] } { [ -1547 ] } { [ 78 ] } { [ -4449 ] } { [ -1201 ] } { [ 2234 ] } { [ 1168 ] } { [ 1314 ] } { [ -4578 ] } { [ 1045 ] } { [ 3315 ] } { [ 4492 ] }
antes   de colapsar { [ 3297 ] } { [ 2763 ][ 1971 ][ 3385 ][ -4012 ] } { [ 2696 ][ -2025 ] } { [ -1547 ] } { [ 78 ] } { [ -4449 ] } { [ -1201 ] } { [ 2234 ] } { [ 1168 ] } { [ 1314 ] } { [ -4578 ] } { [ 1045 ] } { [ 3315 ] } { [ 4492 ] } { [ -439 ] } { [ -185 ] }
despues de colapsar { [ 3297 ] } { [ 2763 ][ 1971 ][ 3385 ][ -4012 ] } { [ 2696 ][ -2025 ] } { [ -1547 ] } { [ 78 ] } { [ -4449 ] } { [ -1201 ] } { [ 2234 ] } { [ 1168 ] } { [ 1314 ] } { [ -4578 ] } { [ 1045 ] } { [ 3315 ] } { [ 4492 ] } { [ -439 ] } { [ -185 ] }
antes   de filtrar: { [ 3297 ] } { [ 2763 ][ 1971 ][ 3385 ][ -4012 ] } { [ 2696 ][ -2025 ] } { [ -1547 ] } { [ 78 ] } { [ -4449 ] } { [ -1201 ] } { [ 2234 ] } { [ 1168 ] } { [ 1314 ] } { [ -4578 ] } { [ 1045 ] } { [ 3315 ] } { [ 4492 ] } { [ -439 ] } { [ -185 ] } { [ -2829 ] } { [ 298 ] } { [ 1937 ] } { [ 2774 ] }
despues de filtrar: { [ 3297 ] } { [ 2763 ][ 1971 ][ 3385 ][ -4012 ] } { [ 2696 ][ -2025 ] } { [ -1547 ] } { [ 78 ] } { [ -4449 ] } { [ 2234 ] } { [ 1168 ] } { [ 1314 ] } { [ -4578 ] } { [ 3315 ] } { [ 4492 ] } { [ -439 ] } { [ -185 ] } { [ -2829 ] } { [ 298 ] } { [ 1937 ] } { [ 2774 ] }
antes   de colapsar { [ 3297 ][ -4727 ][ 3765 ] } { [ 2763 ][ 1971 ][ 3385 ][ -4012 ] } { [ 2696 ][ -2025 ] } { [ -1547 ][ 292 ] } { [ 78 ] } { [ -4449 ] } { [ 2234 ][ 3780 ] } { [ 1168 ][ -2221 ] } { [ 1314 ] } { [ -4578 ] } { [ 3315 ] } { [ 4492 ] } { [ -439 ] } { [ -185 ] } { [ -2829 ] } { [ 298 ] } { [ 1937 ] } { [ 2774 ] } { [ -4712 ] } { [ 3598 ] } { [ -1284 ][ 1536 ] } { [ 1115 ] } { [ 470 ] }
despues de colapsar { [ 3297 ][ -4727 ][ 3765 ] } { [ 2763 ][ 1971 ][ 3385 ][ -4012 ] } { [ 2696 ][ -2025 ] } { [ -1547 ][ 292 ] } { [ 78 ] } { [ -4449 ] } { [ 2234 ][ 3780 ] } { [ 1168 ][ -2221 ] } { [ 1314 ] } { [ -4578 ] } { [ 3315 ] } { [ 4492 ] } { [ -439 ] } { [ -185 ] } { [ -2829 ] } { [ 298 ] } { [ 1937 ] } { [ 2774 ] } { [ -4712 ] } { [ 3598 ] } { [ -1284 ][ 1536 ] } { [ 1115 ] } { [ 470 ] }
antes   de colapsar { [ 3297 ][ -4727 ][ 3765 ] } { [ 2763 ][ 1971 ][ 3385 ][ -4012 ] } { [ 2696 ][ -2025 ] } { [ -1547 ][ 292 ] } { [ 78 ] } { [ -4449 ] } { [ 2234 ][ 3780 ] } { [ 1168 ][ -2221 ] } { [ 1314 ] } { [ -4578 ] } { [ 3315 ] } { [ 4492 ] } { [ -439 ] } { [ -185 ] } { [ -2829 ] } { [ 298 ] } { [ 1937 ] } { [ 2774 ] } { [ -4712 ] } { [ 3598 ] } { [ -1284 ][ 1536 ] } { [ 1115 ] } { [ 470 ] }
despues de colapsar { [ 3297 ][ -4727 ][ 3765 ] } { [ 2763 ][ 1971 ][ 3385 ][ -4012 ] } { [ 2696 ][ -2025 ] } { [ -1547 ][ 292 ] } { [ 78 ] } { [ -4449 ] } { [ 2234 ][ 3780 ] } { [ 1168 ][ -2221 ] } { [ 1314 ] } { [ -4578 ] } { [ 3315 ] } { [ 4492 ] } { [ -439 ] } { [ -185 ] } { [ -2829 ] } { [ 298 ] } { [ 1937 ] } { [ 2774 ] } { [ -4712 ] } { [ 3598 ] } { [ -1284 ][ 1536 ] } { [ 1115 ] } { [ 470 ] }
antes   de colapsar { [ 3297 ][ -4727 ][ 3765 ][ -650 ] } { [ 2763 ][ 1971 ][ 3385 ][ -4012 ] } { [ 2696 ][ -2025 ] } { [ -1547 ][ 292 ] } { [ 78 ] } { [ -4449 ] } { [ 2234 ][ 3780 ] } { [ 1168 ][ -2221 ] } { [ 1314 ] } { [ -4578 ] } { [ 3315 ] } { [ 4492 ] } { [ -439 ] } { [ -185 ] } { [ -2829 ] } { [ 298 ] } { [ 1937 ] } { [ 2774 ] } { [ -4712 ] } { [ 3598 ] } { [ -1284 ][ 1536 ] } { [ 1115 ] } { [ 470 ] } { [ -2640 ] } { [ -1133 ] } { [ -3171 ] } { [ 728 ] }
despues de colapsar { [ 3297 ][ -4727 ][ 3765 ][ -650 ] } { [ 2763 ][ 1971 ][ 3385 ][ -4012 ] } { [ 2696 ][ -2025 ] } { [ -1547 ][ 292 ] } { [ 78 ] } { [ -4449 ] } { [ 2234 ][ 3780 ] } { [ 1168 ][ -2221 ] } { [ 1314 ] } { [ -4578 ] } { [ 3315 ] } { [ 4492 ] } { [ -439 ] } { [ -185 ] } { [ -2829 ] } { [ 298 ] } { [ 1937 ] } { [ 2774 ] } { [ -4712 ] } { [ 3598 ] } { [ -1284 ][ 1536 ] } { [ 1115 ] } { [ 470 ] } { [ -2640 ] } { [ -1133 ] } { [ -3171 ] } { [ 728 ] }
antes   de colapsar { [ 3297 ][ -4727 ][ 3765 ][ -650 ] } { [ 2763 ][ 1971 ][ 3385 ][ -4012 ] } { [ 2696 ][ -2025 ] } { [ -1547 ][ 292 ] } { [ 78 ] } { [ -4449 ] } { [ 2234 ][ 3780 ] } { [ 1168 ][ -2221 ] } { [ 1314 ] } { [ -4578 ] } { [ 3315 ][ -2379 ] } { [ 4492 ] } { [ -439 ] } { [ -185 ] } { [ -2829 ][ 4401 ][ -354 ] } { [ 298 ] } { [ 1937 ] } { [ 2774 ] } { [ -4712 ] } { [ 3598 ][ -754 ] } { [ -1284 ][ 1536 ] } { [ 1115 ] } { [ 470 ] } { [ -2640 ] } { [ -1133 ] } { [ -3171 ] } { [ 728 ] } { [ -610 ] } { [ 471 ] } { [ 847 ] }
despues de colapsar { [ 3297 ][ -4727 ][ 3765 ][ -650 ] } { [ 2763 ][ 1971 ][ 3385 ][ -4012 ] } { [ 2696 ][ -2025 ] } { [ -1547 ][ 292 ] } { [ 78 ] } { [ -4449 ] } { [ 2234 ][ 3780 ] } { [ 1168 ][ -2221 ] } { [ 1314 ] } { [ -4578 ] } { [ 3315 ][ -2379 ] } { [ 4492 ] } { [ -439 ] } { [ -185 ] } { [ -2829 ][ 4401 ][ -354 ] } { [ 298 ] } { [ 1937 ] } { [ 2774 ] } { [ -4712 ] } { [ 3598 ][ -754 ] } { [ -1284 ][ 1536 ] } { [ 1115 ] } { [ 470 ] } { [ -2640 ] } { [ -1133 ] } { [ -3171 ] } { [ 728 ] } { [ -610 ] } { [ 471 ] } { [ 847 ] }
antes   de filtrar: { [ 46.439050 ] }
despues de filtrar: { [ 46.439050 ] }
antes   de colapsar { [ 46.439050 ] } { [ -6.026182 ] }
despues de colapsar { [ 46.439050 ] } { [ -6.026182 ] }
antes   de colapsar { [ 46.439050 ][ 63.410029 ][ -22.676170 ] } { [ -6.026182 ][ 46.752974 ] }
despues de colapsar { [ 46.439050 ][ 63.410029 ][ -22.676170 ] } { [ -6.026182 ][ 46.752974 ] }
antes   de colapsar { [ 46.439050 ][ 63.410029 ][ -22.676170 ] } { [ -6.026182 ][ 46.752974 ] }
despues de colapsar { [ 46.439050 ][ 63.410029 ][ -22.676170 ] } { [ -6.026182 ][ 46.752974 ] }
antes   de filtrar: { [ 46.439050 ][ 63.410029 ][ -22.676170 ] } { [ -6.026182 ][ 46.752974 ] } { [ 61.600378 ] }
despues de filtrar: { [ 46.439050 ][ 63.410029 ][ -22.676170 ] } { [ -6.026182 ][ 46.752974 ] }
antes   de colapsar { [ 46.439050 ][ 63.410029 ][ -22.676170 ][ 36.498153 ] } { [ -6.026182 ][ 46.752974 ][ 19.136538 ] } { [ 39.650633 ][ 12.072476 ] } { [ 26.337563 ][ -14.034408 ] } { [ 43.002543 ][ 31.276648 ] } { [ 31.944661 ] } { [ -5.593027 ] } { [ 6.971724 ] } { [ 11.473925 ] } { [ -14.584916 ][ 15.348311 ] } { [ 18.321309 ] } { [ -7.398284 ] } { [ -1.894337 ] } { [ -18.468806 ][ 67.782659 ] } { [ 70.778827 ] } { [ -18.376905 ] } { [ 39.957661 ] } { [ 31.843385 ] } { [ 10.058201 ] } { [ 18.742340 ] }
despues de colapsar { [ 46.439050 ][ 63.410029 ][ -22.676170 ][ 36.498153 ] } { [ -6.026182 ][ 46.752974 ][ 19.136538 ] } { [ 7.191878 ] } { [ 26.337563 ][ -14.034408 ] } { [ 43.002543 ][ 31.276648 ] } { [ 31.944661 ] } { [ -5.593027 ] } { [ 6.971724 ] } { [ 11.473925 ] } { [ 0.873725 ] } { [ 18.321309 ] } { [ -7.398284 ] } { [ -1.894337 ] } { [ -18.468806 ][ 67.782659 ] } { [ 70.778827 ] } { [ -18.376905 ] } { [ 39.957661 ] } { [ 31.843385 ] } { [ 10.058201 ] } { [ 18.742340 ] }
antes   de filtrar: { [ 46.439050 ][ 63.410029 ][ -22.676170 ][ 36.498153 ] } { [ -6.026182 ][ 46.752974 ][ 19.136538 ] } { [ 7.191878 ] } { [ 26.337563 ][ -14.034408 ] } { [ 43.002543 ][ 31.276648 ] } { [ 31.944661 ] } { [ -5.593027 ] } { [ 6.971724 ] } { [ 11.473925 ] } { [ 0.873725 ] } { [ 18.321309 ] } { [ -7.398284 ] } { [ -1.894337 ] } { [ -18.468806 ][ 67.782659 ] } { [ 70.778827 ] } { [ -18.376905 ] } { [ 39.957661 ] } { [ 31.843385 ] } { [ 10.058201 ] } { [ 18.742340 ] } { [ 49.904330 ][ 33.597561 ] } { [ 28.977454 ] } { [ 37.936174 ] } { [ 1.940387 ] } { [ 66.046893 ] }
despues de filtrar: { [ 46.439050 ][ 63.410029 ][ -22.676170 ][ 36.498153 ] } { [ -6.026182 ][ 46.752974 ][ 19.136538 ] } { [ 7.191878 ] } { [ 26.337563 ][ -14.034408 ] } { [ 43.002543 ][ 31.276648 ] } { [ 11.473925 ] } { [ 18.321309 ] } { [ -7.398284 ] } { [ -18.468806 ][ 67.782659 ] } { [ -18.376905 ] } { [ 10.058201 ] } { [ 66.046893 ] }
antes   de colapsar { [ 46.439050 ][ 63.410029 ][ -22.676170 ][ 36.498153 ] } { [ -6.026182 ][ 46.752974 ][ 19.136538 ] } { [ 7.191878 ] } { [ 26.337563 ][ -14.034408 ] } { [ 43.002543 ][ 31.276648 ] } { [ 11.473925 ] } { [ 18.321309 ] } { [ -7.398284 ] } { [ -18.468806 ][ 67.782659 ] } { [ -18.376905 ] } { [ 10.058201 ] } { [ 66.046893 ][ 50.407916 ] } { [ 0.600398 ] } { [ 39.137828 ] }
despues de colapsar { [ 46.439050 ][ 63.410029 ][ -22.676170 ][ 36.498153 ] } { [ -6.026182 ][ 46.752974 ][ 19.136538 ] } { [ 7.191878 ] } { [ 26.337563 ][ -14.034408 ] } { [ 43.002543 ][ 31.276648 ] } { [ 11.473925 ] } { [ 18.321309 ] } { [ -7.398284 ] } { [ -18.468806 ][ 67.782659 ] } { [ -18.376905 ] } { [ 10.058201 ] } { [ 66.046893 ][ 50.407916 ] } { [ 0.600398 ] } { [ 39.137828 ] }
antes   de colapsar { [ 46.439050 ][ 63.410029 ][ -22.676170 ][ 36.498153 ] } { [ -6.026182 ][ 46.752974 ][ 19.136538 ] } { [ 7.191878 ] } { [ 26.337563 ][ -14.034408 ] } { [ 43.002543 ][ 31.276648 ] } { [ 11.473925 ] } { [ 18.321309 ] } { [ -7.398284 ] } { [ -18.468806 ][ 67.782659 ] } { [ -18.376905 ] } { [ 10.058201 ] } { [ 66.046893 ][ 50.407916 ] } { [ 0.600398 ] } { [ 39.137828 ] }
despues de colapsar { [ 46.439050 ][ 63.410029 ][ -22.676170 ][ 36.498153 ] } { [ -6.026182 ][ 46.752974 ][ 19.136538 ] } { [ 7.191878 ] } { [ 26.337563 ][ -14.034408 ] } { [ 43.002543 ][ 31.276648 ] } { [ 11.473925 ] } { [ 18.321309 ] } { [ -7.398284 ] } { [ -18.468806 ][ 67.782659 ] } { [ -18.376905 ] } { [ 10.058201 ] } { [ 66.046893 ][ 50.407916 ] } { [ 0.600398 ] } { [ 39.137828 ] }
antes   de colapsar { [ 46.439050 ][ 63.410029 ][ -22.676170 ][ 36.498153 ] } { [ -6.026182 ][ 46.752974 ][ 19.136538 ] } { [ 7.191878 ] } { [ 26.337563 ][ -14.034408 ] } { [ 43.002543 ][ 31.276648 ] } { [ 11.473925 ] } { [ 18.321309 ] } { [ -7.398284 ] } { [ -18.468806 ][ 67.782659 ] } { [ -18.376905 ] } { [ 10.058201 ] } { [ 66.046893 ][ 50.407916 ] } { [ 0.600398 ] } { [ 39.137828 ] } { [ -20.492879 ] } { [ 34.461059 ] } { [ 49.214098 ] } { [ 68.639235 ] }
despues de colapsar { [ 46.439050 ][ 63.410029 ][ -22.676170 ][ 36.498153 ] } { [ -6.026182 ][ 46.752974 ][ 19.136538 ] } { [ 7.191878 ] } { [ 26.337563 ][ -14.034408 ] } { [ 43.002543 ][ 31.276648 ] } { [ 11.473925 ] } { [ 18.321309 ] } { [ -7.398284 ] } { [ -18.468806 ][ 67.782659 ] } { [ -18.376905 ] } { [ 10.058201 ] } { [ 66.046893 ][ 50.407916 ] } { [ 0.600398 ] } { [ 39.137828 ] } { [ -20.492879 ] } { [ 34.461059 ] } { [ 49.214098 ] } { [ 68.639235 ] }
