antes   de colapsar { [ -719 ] } { [ 2365 ][ -1178 ] } { [ -3960 ] } { [ -260 ] }
despues de colapsar { [ -719 ] } { [ 2365 ][ -1178 ] } { [ -3960 ] } { [ -260 ] }
antes   de colapsar { [ -719 ] } { [ 2365 ][ -1178 ] } { [ -3960 ] } { [ -260 ] }
despues de colapsar { [ -719 ] } { [ 2365 ][ -1178 ] } { [ -3960 ] } { [ -260 ] }
antes   de colapsar { [ -719 ][ 2313 ][ 1844 ] } { [ 2365 ][ -1178 ] } { [ -3960 ] } { [ -260 ] } { [ -3193 ] } { [ -4342 ] } { [ 901 ] } { [ 1561 ] } { [ -4137 ] } { [ -2652 ] } { [ 1472 ] }
despues de colapsar { [ -719 ][ 2313 ][ 1844 ] } { [ 2365 ][ -1178 ] } { [ -3960 ] } { [ -260 ] } { [ -3193 ] } { [ -4342 ] } { [ 901 ] } { [ 1561 ] } { [ -4137 ] } { [ -2652 ] } { [ 1472 ] }
antes   de filtrar: { [ -719 ][ 2313 ][ 1844 ] } { [ 2365 ][ -1178 ] } { [ -3960 ] } { [ -260 ] } { [ -3193 ] } { [ -4342 ] } { [ 901 ] } { [ 1561 ] } { [ -4137 ] } { [ -2652 ] } { [ 1472 ] }
despues de filtrar: { [ -719 ][ 2313 ][ 1844 ] } { [ 2365 ][ -1178 ] } { [ -3193 ] } { [ -4342 ] } { [ 1561 ] } { [ -4137 ] } { [ -2652 ] } { [ 1472 ] }
antes   de filtrar: { [ -719 ][ 2313 ][ 1844 ] } { [ 2365 ][ -1178 ] } { [ -3193 ] } { [ -4342 ] } { [ 1561 ] } { [ -4137 ] } { [ -2652 ] } { [ 1472 ] } { [ -2504 ][ -323 ] } { [ 4831 ] } { [ 3124 ] }
despues de filtrar: { [ -719 ][ 2313 ][ 1844 ] } { [ 2365 ][ -1178 ] } { [ -3193 ] } { [ -4342 ] } { [ 1561 ] } { [ -4137 ] } { [ -2652 ] } { [ 1472 ] } { [ 4831 ] } { [ 3124 ] }
antes   de colapsar { [ -719 ][ 2313 ][ 1844 ] } { [ 2365 ][ -1178 ] } { [ -3193 ][ -4383 ] } { [ -4342 ] } { [ 1561 ] } { [ -4137 ] } { [ -2652 ] } { [ 1472 ][ -1365 ] } { [ 4831 ] } { [ 3124 ] } { [ 2539 ] } { [ -1216 ] }
despues de colapsar { [ -719 ][ 2313 ][ 1844 ] } { [ 2365 ][ -1178 ] } { [ -3193 ][ -4383 ] } { [ -4342 ] } { [ 1561 ] } { [ -4137 ] } { [ -2652 ] } { [ 1472 ][ -1365 ] } { [ 4831 ] } { [ 3124 ] } { [ 2539 ] } { [ -1216 ] }
antes   de colapsar { [ -719 ][ 2313 ][ 1844 ] } { [ 2365 ][ -1178 ] } { [ -3193 ][ -4383 ] } { [ -4342 ] } { [ 1561 ] } { [ -4137 ] } { [ -2652 ] } { [ 1472 ][ -1365 ][ -2135 ] } { [ 4831 ] } { [ 3124 ] } { [ 2539 ] } { [ -1216 ] } { [ -3591 ] } { [ -1019 ] } { [ -4945 ] }
despues de colapsar { [ -719 ][ 2313 ][ 1844 ] } { [ 2365 ][ -1178 ] } { [ -3193 ][ -4383 ] } { [ -4342 ] } { [ 1561 ] } { [ -4137 ] } { [ -2652 ] } { [ 1472 ][ -1365 ][ -2135 ] } { [ 4831 ] } { [ 3124 ] } { [ 2539 ] } { [ -1216 ] } { [ -3591 ] } { [ -1019 ] } { [ -4945 ] }
antes   de colapsar { [ -719 ][ 2313 ][ 1844 ] } { [ 2365 ][ -1178 ] } { [ -3193 ][ -4383 ] } { [ -4342 ][ 675 ] } { [ 1561 ] } { [ -4137 ] } { [ -2652 ] } { [ 1472 ][ -1365 ][ -2135 ][ -1315 ] } { [ 4831 ] } { [ 3124 ][ -141 ] } { [ 2539 ] } { [ -1216 ] } { [ -3591 ] } { [ -1019 ] } { [ -4945 ][ -3043 ] } { [ 1614 ] } { [ 2343 ] } { [ -1477 ] }
despues de colapsar { [ -719 ][ 2313 ][ 1844 ] } { [ 2365 ][ -1178 ] } { [ -3193 ][ -4383 ] } { [ -4342 ][ 675 ] } { [ 1561 ] } { [ -4137 ] } { [ -2652 ] } { [ 1472 ][ -1365 ][ -2135 ][ -1315 ] } { [ 4831 ] } { [ 3124 ][ -141 ] } { [ 2539 ] } { [ -1216 ] } { [ -3591 ] } { [ -1019 ] } { [ -4945 ][ -3043 ] } { [ 1614 ] } { [ 2343 ] } { [ -1477 ] }
antes   de filtrar: { [ -719 ][ 2313 ][ 1844 ] } { [ 2365 ][ -1178 ] } { [ -3193 ][ -4383 ] } { [ -4342 ][ 675 ] } { [ 1561 ] } { [ -4137 ] } { [ -2652 ] } { [ 1472 ][ -1365 ][ -2135 ][ -1315 ] } { [ 4831 ] } { [ 3124 ][ -141 ] } { [ 2539 ] } { [ -1216 ] } { [ -3591 ] } { [ -1019 ] } { [ -4945 ][ -3043 ] } { [ 1614 ] } { [ 2343 ] } { [ -1477 ] } { [ -4837 ] } { [ 710 ] } { [ 679 ] } { [ -6 ] } { [ -1790 ] } { [ -1333 ] }
despues de filtrar: { [ -719 ][ 2313 ][ 1844 ] } { [ 2365 ][ -1178 ] } { [ -3193 ][ -4383 ] } { [ -4342 ][ 675 ] } { [ 1561 ] } { [ -4137 ] } { [ -2652 ] } { [ 1472 ][ -1365 ][ -2135 ][ -1315 ] } { [ 4831 ] } { [ 3124 ][ -141 ] } { [ 2539 ] } { [ -1216 ] } { [ -3591 ] } { [ -4945 ][ -3043 ] } { [ 1614 ] } { [ 2343 ] } { [ -1477 ] } { [ -4837 ] } { [ 679 ] } { [ -6 ] } { [ -1333 ] }
antes   de colapsar { [ -719 ][ 2313 ][ 1844 ] } { [ 2365 ][ -1178 ] } { [ -3193 ][ -4383 ] } { [ -4342 ][ 675 ] } { [ 1561 ] } { [ -4137 ] } { [ -2652 ] } { [ 1472 ][ -1365 ][ -2135 ][ -1315 ] } { [ 4831 ] } { [ 3124 ][ -141 ][ 1187 ] } { [ 2539 ] } { [ -1216 ] } { [ -3591 ] } { [ -4945 ][ -3043 ] } { [ 1614 ] } { [ 2343 ][ -1544 ] } { [ -1477 ] } { [ -4837 ] } { [ 679 ] } { [ -6 ] } { [ -1333 ] } { [ -4603 ] } { [ 49 ] }
despues de colapsar { [ -719 ][ 2313 ][ 1844 ] } { [ 2365 ][ -1178 ] } { [ -3193 ][ -4383 ] } { [ -4342 ][ 675 ] } { [ 1561 ] } { [ -4137 ] } { [ -2652 ] } { [ 1472 ][ -1365 ][ -2135 ][ -1315 ] } { [ 4831 ] } { [ 3124 ][ -141 ][ 1187 ] } { [ 2539 ] } { [ -1216 ] } { [ -3591 ] } { [ -4945 ][ -3043 ] } { [ 1614 ] } { [ 2343 ][ -1544 ] } { [ -1477 ] } { [ -4837 ] } { [ 679 ] } { [ -6 ] } { [ -1333 ] } { [ -4603 ] } { [ 49 ] }
antes   de filtrar: { [ j5e2 ] } { [ 6eo4d ][ mox4e ] } { [ iuhhs ][ b42jf05o ] } { [ v9 ] } { [ sx44s8d ] } { [ b ] } { [ l689134b6 ] } { [ g3 ] } { [ s44gy8cjn ] }
despues de filtrar: { [ iuhhs ][ b42jf05o ] } { [ b ] }
antes   de colapsar { [ iuhhs ][ b42jf05o ] } { [ b ] }
despues de colapsar { [ iuhhs ][ b42jf05o ] } { [ b ] }
antes   de colapsar { [ iuhhs ][ b42jf05o ] } { [ b ] } { [ fvmmp5n0j ] }
despues de colapsar { [ iuhhs ][ b42jf05o ] } { [ b ] } { [ fvmmp5n0j ] }
antes   de colapsar { [ iuhhs ][ b42jf05o ][ f2c1i8 ] } { [ b ][ kmbysu7y0y ][ le6a62nw ] } { [ fvmmp5n0j ] } { [ de6bf ] } { [ 39r88 ] } { [ 6a33 ] } { [ 46p ] }
despues de colapsar { [ iuhhs ][ b42jf05o ][ f2c1i8 ] } { [ b ][ kmbysu7y0y ][ le6a62nw ] } { [ fvmmp5n0j ] } { [ de6bf ] } { [ 39r88 ] } { [ 6a33 ] } { [ 46p ] }
antes   de colapsar { [ iuhhs ][ b42jf05o ][ f2c1i8 ] } { [ b ][ kmbysu7y0y ][ le6a62nw ] } { [ fvmmp5n0j ] } { [ de6bf ][ n ] } { [ 39r88 ] } { [ 6a33 ] } { [ 46p ] } { [ df3u ] } { [ 90sd5odx ][ xi1 ] } { [ 91egw75l ][ 1y1x20nk ] } { [ qxciaab ] } { [ 58 ] } { [ h66qurl ] } { [ 13apndbp9 ] } { [ fup4mft ] }
despues de colapsar { [ iuhhs ][ b42jf05o ][ f2c1i8 ] } { [ b ][ kmbysu7y0y ][ le6a62nw ] } { [ fvmmp5n0j ] } { [ dne6bf ] } { [ 39r88 ] } { [ 6a33 ] } { [ 46p ] } { [ df3u ] } { [ 9x0is1d5od ] } { [ 911ye1gxw2 ] } { [ qxciaab ] } { [ 58 ] } { [ h66qurl ] } { [ 13apndbp9 ] } { [ fup4mft ] }
antes   de colapsar { [ iuhhs ][ b42jf05o ][ f2c1i8 ] } { [ b ][ kmbysu7y0y ][ le6a62nw ] } { [ fvmmp5n0j ] } { [ dne6bf ] } { [ 39r88 ] } { [ 6a33 ] } { [ 46p ] } { [ df3u ] } { [ 9x0is1d5od ] } { [ 911ye1gxw2 ] } { [ qxciaab ] } { [ 58 ][ 02or2kcg ] } { [ h66qurl ] } { [ 13apndbp9 ] } { [ fup4mft ] } { [ 5ai85uppav ] } { [ 7jjf3 ] } { [ 15h8t5v8w ] } { [ k4t3b ] } { [ nibr ] }
despues de colapsar { [ iuhhs ][ b42jf05o ][ f2c1i8 ] } { [ b ][ kmbysu7y0y ][ le6a62nw ] } { [ fvmmp5n0j ] } { [ dne6bf ] } { [ 39r88 ] } { [ 6a33 ] } { [ 46p ] } { [ df3u ] } { [ 9x0is1d5od ] } { [ 911ye1gxw2 ] } { [ qxciaab ] } { [ 5082or2kcg ] } { [ h66qurl ] } { [ 13apndbp9 ] } { [ fup4mft ] } { [ 5ai85uppav ] } { [ 7jjf3 ] } { [ 15h8t5v8w ] } { [ k4t3b ] } { [ nibr ] }
antes   de colapsar { [ iuhhs ][ b42jf05o ][ f2c1i8 ] } { [ b ][ kmbysu7y0y ][ le6a62nw ] } { [ fvmmp5n0j ] } { [ dne6bf ] } { [ 39r88 ] } { [ 6a33 ] } { [ 46p ] } { [ df3u ] } { [ 9x0is1d5od ] } { [ 911ye1gxw2 ] } { [ qxciaab ] } { [ 5082or2kcg ] } { [ h66qurl ] } { [ 13apndbp9 ] } { [ fup4mft ] } { [ 5ai85uppav ] } { [ 7jjf3 ] } { [ 15h8t5v8w ] } { [ k4t3b ] } { [ nibr ] }
despues de colapsar { [ iuhhs ][ b42jf05o ][ f2c1i8 ] } { [ b ][ kmbysu7y0y ][ le6a62nw ] } { [ fvmmp5n0j ] } { [ dne6bf ] } { [ 39r88 ] } { [ 6a33 ] } { [ 46p ] } { [ df3u ] } { [ 9x0is1d5od ] } { [ 911ye1gxw2 ] } { [ qxciaab ] } { [ 5082or2kcg ] } { [ h66qurl ] } { [ 13apndbp9 ] } { [ fup4mft ] } { [ 5ai85uppav ] } { [ 7jjf3 ] } { [ 15h8t5v8w ] } { [ k4t3b ] } { [ nibr ] }
antes   de filtrar: { [ iuhhs ][ b42jf05o ][ f2c1i8 ] } { [ b ][ kmbysu7y0y ][ le6a62nw ] } { [ fvmmp5n0j ][ i7s003ei0 ] } { [ dne6bf ] } { [ 39r88 ] } { [ 6a33 ] } { [ 46p ] } { [ df3u ] } { [ 9x0is1d5od ] } { [ 911ye1gxw2 ] } { [ qxciaab ] } { [ 5082or2kcg ] } { [ h66qurl ] } { [ 13apndbp9 ] } { [ fup4mft ] } { [ 5ai85uppav ] } { [ 7jjf3 ] } { [ 15h8t5v8w ] } { [ k4t3b ] } { [ nibr ] }
despues de filtrar: { [ iuhhs ][ b42jf05o ][ f2c1i8 ] } { [ b ][ kmbysu7y0y ][ le6a62nw ] } { [ qxciaab ] } { [ nibr ] }
antes   de filtrar: { [ iuhhs ][ b42jf05o ][ f2c1i8 ] } { [ b ][ kmbysu7y0y ][ le6a62nw ] } { [ qxciaab ] } { [ nibr ] }
despues de filtrar: { [ iuhhs ][ b42jf05o ][ f2c1i8 ] } { [ b ][ kmbysu7y0y ][ le6a62nw ] } { [ qxciaab ] } { [ nibr ] }
antes   de colapsar { [ iuhhs ][ b42jf05o ][ f2c1i8 ] } { [ b ][ kmbysu7y0y ][ le6a62nw ] } { [ qxciaab ] } { [ nibr ] } { [ lfkt ] } { [ l ][ ivbebe1 ] } { [ 02x566 ] } { [ v6xth3hdm ] } { [ jprosvon ] }
despues de colapsar { [ iuhhs ][ b42jf05o ][ f2c1i8 ] } { [ b ][ kmbysu7y0y ][ le6a62nw ] } { [ qxciaab ] } { [ nibr ] } { [ lfkt ] } { [ l ][ ivbebe1 ] } { [ 02x566 ] } { [ v6xth3hdm ] } { [ jprosvon ] }
antes   de colapsar { [ 1039 ][ 2775 ] } { [ -805 ][ 1509 ][ -3840 ] } { [ -2469 ] } { [ -2221 ] } { [ 2118 ] } { [ -4514 ][ -1777 ] }
despues de colapsar { [ 1698 ] } { [ 0 ] } { [ -2469 ] } { [ -2221 ] } { [ 2118 ] } { [ -4514 ][ -1777 ] }
antes   de colapsar { [ 1698 ] } { [ 0 ] } { [ -2469 ] } { [ -2221 ] } { [ 2118 ] } { [ -4514 ][ -1777 ] } { [ -4208 ] }
despues de colapsar { [ 1698 ] } { [ 0 ] } { [ -2469 ] } { [ -2221 ] } { [ 2118 ] } { [ -4514 ][ -1777 ] } { [ -4208 ] }
antes   de colapsar { [ 1698 ] } { [ 0 ] } { [ -2469 ] } { [ -2221 ] } { [ 2118 ] } { [ -4514 ][ -1777 ] } { [ -4208 ] } { [ -186 ] } { [ 1240 ] } { [ 4513 ] }
despues de colapsar { [ 1698 ] } { [ 0 ] } { [ -2469 ] } { [ -2221 ] } { [ 2118 ] } { [ -4514 ][ -1777 ] } { [ -4208 ] } { [ -186 ] } { [ 1240 ] } { [ 4513 ] }
antes   de filtrar: { [ 1698 ] } { [ 0 ] } { [ -2469 ] } { [ -2221 ] } { [ 2118 ] } { [ -4514 ][ -1777 ][ 3305 ] } { [ -4208 ][ -4454 ] } { [ -186 ] } { [ 1240 ] } { [ 4513 ] } { [ -4668 ] } { [ -4401 ] }
despues de filtrar: { [ 1698 ] } { [ 0 ] } { [ -2469 ] } { [ -2221 ] } { [ 2118 ] } { [ -4514 ][ -1777 ][ 3305 ] } { [ -186 ] } { [ 4513 ] } { [ -4668 ] }
antes   de colapsar { [ 1698 ] } { [ 0 ] } { [ -2469 ] } { [ -2221 ] } { [ 2118 ] } { [ -4514 ][ -1777 ][ 3305 ] } { [ -186 ] } { [ 4513 ][ -3213 ] } { [ -4668 ] }
despues de colapsar { [ 1698 ] } { [ 0 ] } { [ -2469 ] } { [ -2221 ] } { [ 2118 ] } { [ -4514 ][ -1777 ][ 3305 ] } { [ -186 ] } { [ 4513 ][ -3213 ] } { [ -4668 ] }
antes   de colapsar { [ 1698 ] } { [ 0 ] } { [ -2469 ][ 2501 ] } { [ -2221 ] } { [ 2118 ] } { [ -4514 ][ -1777 ][ 3305 ] } { [ -186 ] } { [ 4513 ][ -3213 ] } { [ -4668 ] }
despues de colapsar { [ 1698 ] } { [ 0 ] } { [ -2469 ][ 2501 ] } { [ -2221 ] } { [ 2118 ] } { [ -4514 ][ -1777 ][ 3305 ] } { [ -186 ] } { [ 4513 ][ -3213 ] } { [ -4668 ] }
antes   de colapsar { [ 1698 ] } { [ 0 ] } { [ -2469 ][ 2501 ] } { [ -2221 ] } { [ 2118 ] } { [ -4514 ][ -1777 ][ 3305 ] } { [ -186 ] } { [ 4513 ][ -3213 ] } { [ -4668 ] } { [ 2644 ] } { [ 2166 ] }
despues de colapsar { [ 1698 ] } { [ 0 ] } { [ -2469 ][ 2501 ] } { [ -2221 ] } { [ 2118 ] } { [ -4514 ][ -1777 ][ 3305 ] } { [ -186 ] } { [ 4513 ][ -3213 ] } { [ -4668 ] } { [ 2644 ] } { [ 2166 ] }
antes   de filtrar: { [ 1698 ] } { [ 0 ] } { [ -2469 ][ 2501 ] } { [ -2221 ] } { [ 2118 ] } { [ -4514 ][ -1777 ][ 3305 ] } { [ -186 ] } { [ 4513 ][ -3213 ] } { [ -4668 ] } { [ 2644 ][ 1576 ] } { [ 2166 ] } { [ -1523 ] } { [ -1654 ] } { [ 2182 ] } { [ 4614 ] } { [ 597 ] }
despues de filtrar: { [ 1698 ] } { [ 0 ] } { [ -2469 ][ 2501 ] } { [ -2221 ] } { [ 2118 ] } { [ -4514 ][ -1777 ][ 3305 ] } { [ -186 ] } { [ 4513 ][ -3213 ] } { [ -4668 ] } { [ 2644 ][ 1576 ] } { [ 2166 ] } { [ -1523 ] } { [ -1654 ] } { [ 2182 ] } { [ 4614 ] } { [ 597 ] }
antes   de colapsar { [ 1698 ] } { [ 0 ] } { [ -2469 ][ 2501 ] } { [ -2221 ] } { [ 2118 ] } { [ -4514 ][ -1777 ][ 3305 ] } { [ -186 ] } { [ 4513 ][ -3213 ] } { [ -4668 ] } { [ 2644 ][ 1576 ] } { [ 2166 ] } { [ -1523 ] } { [ -1654 ] } { [ 2182 ] } { [ 4614 ] } { [ 597 ] }
despues de colapsar { [ 1698 ] } { [ 0 ] } { [ -2469 ][ 2501 ] } { [ -2221 ] } { [ 2118 ] } { [ -4514 ][ -1777 ][ 3305 ] } { [ -186 ] } { [ 4513 ][ -3213 ] } { [ -4668 ] } { [ 2644 ][ 1576 ] } { [ 2166 ] } { [ -1523 ] } { [ -1654 ] } { [ 2182 ] } { [ 4614 ] } { [ 597 ] }
antes   de filtrar: { [ 1698 ] } { [ 0 ] } { [ -2469 ][ 2501 ] } { [ -2221 ] } { [ 2118 ] } { [ -4514 ][ -1777 ][ 3305 ] } { [ -186 ] } { [ 4513 ][ -3213 ] } { [ -4668 ][ 1560 ] } { [ 2644 ][ 1576 ] } { [ 2166 ] } { [ -1523 ] } { [ -1654 ] } { [ 2182 ][ 2895 ] } { [ 4614 ] } { [ 597 ] } { [ 1443 ][ 2811 ] } { [ -2798 ] } { [ 544 ] } { [ -1669 ] } { [ -436 ] } { [ -1902 ] } { [ -1814 ] } { [ 2874 ] } { [ -1888 ] } { [ 2774 ] } { [ 23 ] } { [ -3364 ][ 3781 ] } { [ 4346 ] }
despues de filtrar: { [ 1698 ] } { [ 0 ] } { [ -2469 ][ 2501 ] } { [ -2221 ] } { [ 2118 ] } { [ -4514 ][ -1777 ][ 3305 ] } { [ -186 ] } { [ 4513 ][ -3213 ] } { [ -4668 ][ 1560 ] } { [ 2644 ][ 1576 ] } { [ 2166 ] } { [ -1523 ] } { [ -1654 ] } { [ 2182 ][ 2895 ] } { [ 4614 ] } { [ 597 ] } { [ 1443 ][ 2811 ] } { [ -2798 ] } { [ 544 ] } { [ -1669 ] } { [ -436 ] } { [ -1814 ] } { [ 2874 ] } { [ -1888 ] } { [ 2774 ] } { [ 23 ] } { [ -3364 ][ 3781 ] } { [ 4346 ] }
antes   de colapsar { [ i ] } { [ 5sbl47n ] } { [ ahv16t4yew ][ m45xg ] }
despues de colapsar { [ i ] } { [ 5sbl47n ] } { [ amh4v51x6g ] }
antes   de colapsar { [ i ] } { [ 5sbl47n ] } { [ amh4v51x6g ] } { [ 0c7g7qksl ] }
despues de colapsar { [ i ] } { [ 5sbl47n ] } { [ amh4v51x6g ] } { [ 0c7g7qksl ] }
antes   de colapsar { [ i ][ n1o2a ] } { [ 5sbl47n ] } { [ amh4v51x6g ] } { [ 0c7g7qksl ] } { [ 1r1elpkhdq ] }
despues de colapsar { [ i ][ n1o2a ] } { [ 5sbl47n ] } { [ amh4v51x6g ] } { [ 0c7g7qksl ] } { [ 1r1elpkhdq ] }
antes   de colapsar { [ i ][ n1o2a ] } { [ 5sbl47n ] } { [ amh4v51x6g ][ gkgva60 ] } { [ 0c7g7qksl ] } { [ 1r1elpkhdq ] }
despues de colapsar { [ i ][ n1o2a ] } { [ 5sbl47n ] } { [ agmkhg4vva ] } { [ 0c7g7qksl ] } { [ 1r1elpkhdq ] }
antes   de filtrar: { [ i ][ n1o2a ] } { [ 5sbl47n ] } { [ agmkhg4vva ] } { [ 0c7g7qksl ] } { [ 1r1elpkhdq ] } { [ 8klb2pfq ] } { [ pe6y4 ] } { [ md1wo ] }
despues de filtrar: { [ i ][ n1o2a ] }
antes   de filtrar: { [ i ][ n1o2a ] } { [ 9i9b9j ] }
despues de filtrar: { [ i ][ n1o2a ] }
antes   de filtrar: { [ i ][ n1o2a ][ nqa4j ] } { [ ss08wm ] }
despues de filtrar: { [ i ][ n1o2a ][ nqa4j ] }
antes   de colapsar { [ i ][ n1o2a ][ nqa4j ][ d ] } { [ fa ][ fbd ] } { [ qhjl7h8v7m ] } { [ 6j75965nd ] } { [ diosei ] } { [ 3q0kbnh1 ] } { [ rhl7 ] } { [ q24 ] } { [ 6jk ][ f2i ] } { [ ug57v ][ rm6 ] } { [ bh8os ] } { [ 54 ] } { [ fg6 ] } { [ bb ] } { [ xhnyyi5cv ] } { [ 6 ] } { [ kc9s ] } { [ asxoh6y5 ] } { [ yjdqn ] }
despues de colapsar { [ i ][ n1o2a ][ nqa4j ][ d ] } { [ fa ][ fbd ] } { [ qhjl7h8v7m ] } { [ 6j75965nd ] } { [ diosei ] } { [ 3q0kbnh1 ] } { [ rhl7 ] } { [ q24 ] } { [ 6fj2ki ] } { [ urgm567v ] } { [ bh8os ] } { [ 54 ] } { [ fg6 ] } { [ bb ] } { [ xhnyyi5cv ] } { [ 6 ] } { [ kc9s ] } { [ asxoh6y5 ] } { [ yjdqn ] }
antes   de colapsar { [ i ][ n1o2a ][ nqa4j ][ d ] } { [ fa ][ fbd ] } { [ qhjl7h8v7m ] } { [ 6j75965nd ] } { [ diosei ] } { [ 3q0kbnh1 ] } { [ rhl7 ][ ruis ] } { [ q24 ] } { [ 6fj2ki ] } { [ urgm567v ] } { [ bh8os ] } { [ 54 ][ 1xdo2g0 ] } { [ fg6 ] } { [ bb ] } { [ xhnyyi5cv ] } { [ 6 ] } { [ kc9s ] } { [ asxoh6y5 ] } { [ yjdqn ] } { [ 1g8 ] }
despues de colapsar { [ i ][ n1o2a ][ nqa4j ][ d ] } { [ fa ][ fbd ] } { [ qhjl7h8v7m ] } { [ 6j75965nd ] } { [ diosei ] } { [ 3q0kbnh1 ] } { [ rrhuli7s ] } { [ q24 ] } { [ 6fj2ki ] } { [ urgm567v ] } { [ bh8os ] } { [ 514xdo2g0 ] } { [ fg6 ] } { [ bb ] } { [ xhnyyi5cv ] } { [ 6 ] } { [ kc9s ] } { [ asxoh6y5 ] } { [ yjdqn ] } { [ 1g8 ] }
antes   de colapsar { [ i ][ n1o2a ][ nqa4j ][ d ] } { [ fa ][ fbd ] } { [ qhjl7h8v7m ] } { [ 6j75965nd ][ 0fh89es ] } { [ diosei ] } { [ 3q0kbnh1 ] } { [ rrhuli7s ] } { [ q24 ] } { [ 6fj2ki ] } { [ urgm567v ] } { [ bh8os ] } { [ 514xdo2g0 ] } { [ fg6 ] } { [ bb ] } { [ xhnyyi5cv ] } { [ 6 ] } { [ kc9s ] } { [ asxoh6y5 ] } { [ yjdqn ] } { [ 1g8 ] } { [ 6p ] } { [ tvrkk8ojy7 ] }
despues de colapsar { [ i ][ n1o2a ][ nqa4j ][ d ] } { [ fa ][ fbd ] } { [ qhjl7h8v7m ] } { [ 60jf7h5899 ] } { [ diosei ] } { [ 3q0kbnh1 ] } { [ rrhuli7s ] } { [ q24 ] } { [ 6fj2ki ] } { [ urgm567v ] } { [ bh8os ] } { [ 514xdo2g0 ] } { [ fg6 ] } { [ bb ] } { [ xhnyyi5cv ] } { [ 6 ] } { [ kc9s ] } { [ asxoh6y5 ] } { [ yjdqn ] } { [ 1g8 ] } { [ 6p ] } { [ tvrkk8ojy7 ] }
antes   de colapsar <vacia>
despues de colapsar <vacia>
antes   de filtrar: { [ iq72p ] } { [ vrrxn ][ 3 ] } { [ cavlyx9q ] } { [ 4scvki ] } { [ mvxg ] }
despues de filtrar: { [ vrrxn ][ 3 ] } { [ mvxg ] }
antes   de colapsar { [ vrrxn ][ 3 ] } { [ mvxg ] } { [ sw ] } { [ dcdh ][ 62o ][ a ][ f ] } { [ 3xj31 ][ qben ] } { [ 0655ws ] } { [ kho ] } { [ tjmf7qnbxx ] } { [ 4p ] }
despues de colapsar { [ vrrxn ][ 3 ] } { [ mvxg ] } { [ sw ] } { [ dcdh ][ 62o ][ a ][ f ] } { [ 3qxbje3n1 ] } { [ 0655ws ] } { [ kho ] } { [ tjmf7qnbxx ] } { [ 4p ] }
antes   de filtrar: { [ vrrxn ][ 3 ] } { [ mvxg ][ rayu08e7tm ][ jgio82t6c ] } { [ sw ] } { [ dcdh ][ 62o ][ a ][ f ] } { [ 3qxbje3n1 ] } { [ 0655ws ][ n ] } { [ kho ] } { [ tjmf7qnbxx ] } { [ 4p ] } { [ 1knmyh ] } { [ laebm4iu ] } { [ 7xjg4r ] } { [ yi08kfpg37 ] } { [ s7guc3 ][ ceo ] } { [ ypgev ] } { [ w7j14fp ] } { [ ehvnvwufw ] }
despues de filtrar: { [ vrrxn ][ 3 ] } { [ mvxg ][ rayu08e7tm ][ jgio82t6c ] } { [ sw ] } { [ dcdh ][ 62o ][ a ][ f ] } { [ kho ] } { [ ypgev ] } { [ ehvnvwufw ] }
antes   de colapsar { [ vrrxn ][ 3 ] } { [ mvxg ][ rayu08e7tm ][ jgio82t6c ] } { [ sw ] } { [ dcdh ][ 62o ][ a ][ f ] } { [ kho ] } { [ ypgev ] } { [ ehvnvwufw ] }
despues de colapsar { [ vrrxn ][ 3 ] } { [ mvxg ][ rayu08e7tm ][ jgio82t6c ] } { [ sw ] } { [ dcdh ][ 62o ][ a ][ f ] } { [ kho ] } { [ ypgev ] } { [ ehvnvwufw ] }
antes   de filtrar: { [ vrrxn ][ 3 ] } { [ mvxg ][ rayu08e7tm ][ jgio82t6c ] } { [ sw ] } { [ dcdh ][ 62o ][ a ][ f ] } { [ kho ] } { [ ypgev ] } { [ ehvnvwufw ] }
despues de filtrar: { [ vrrxn ][ 3 ] } { [ mvxg ][ rayu08e7tm ][ jgio82t6c ] } { [ sw ] } { [ dcdh ][ 62o ][ a ][ f ] } { [ kho ] } { [ ypgev ] } { [ ehvnvwufw ] }
antes   de colapsar { [ vrrxn ][ 3 ] } { [ mvxg ][ rayu08e7tm ][ jgio82t6c ] } { [ sw ] } { [ dcdh ][ 62o ][ a ][ f ] } { [ kho ] } { [ ypgev ] } { [ ehvnvwufw ] } { [ t4ymaf ][ wru0odet ] } { [ kcvk91jud ] } { [ b03wqu70i ] } { [ 9v7vx ] } { [ u1u4n ] }
despues de colapsar { [ vrrxn ][ 3 ] } { [ mvxg ][ rayu08e7tm ][ jgio82t6c ] } { [ sw ] } { [ dcdh ][ 62o ][ a ][ f ] } { [ kho ] } { [ ypgev ] } { [ ehvnvwufw ] } { [ tw4ryum0ao ] } { [ kcvk91jud ] } { [ b03wqu70i ] } { [ 9v7vx ] } { [ u1u4n ] }
antes   de colapsar { [ vrrxn ][ 3 ] } { [ mvxg ][ rayu08e7tm ][ jgio82t6c ] } { [ sw ][ a2lol7kpqd ] } { [ dcdh ][ 62o ][ a ][ f ] } { [ kho ] } { [ ypgev ] } { [ ehvnvwufw ] } { [ tw4ryum0ao ] } { [ kcvk91jud ] } { [ b03wqu70i ] } { [ 9v7vx ] } { [ u1u4n ] } { [ 1lkv ] }
despues de colapsar { [ vrrxn ][ 3 ] } { [ mvxg ][ rayu08e7tm ][ jgio82t6c ] } { [ sw ][ a2lol7kpqd ] } { [ dcdh ][ 62o ][ a ][ f ] } { [ kho ] } { [ ypgev ] } { [ ehvnvwufw ] } { [ tw4ryum0ao ] } { [ kcvk91jud ] } { [ b03wqu70i ] } { [ 9v7vx ] } { [ u1u4n ] } { [ 1lkv ] }
antes   de colapsar { [ vrrxn ][ 3 ] } { [ mvxg ][ rayu08e7tm ][ jgio82t6c ] } { [ sw ][ a2lol7kpqd ] } { [ dcdh ][ 62o ][ a ][ f ] } { [ kho ] } { [ ypgev ][ 3fohusdh ] } { [ ehvnvwufw ] } { [ tw4ryum0ao ] } { [ kcvk91jud ] } { [ b03wqu70i ] } { [ 9v7vx ] } { [ u1u4n ] } { [ 1lkv ] } { [ l ] }
despues de colapsar { [ vrrxn ][ 3 ] } { [ mvxg ][ rayu08e7tm ][ jgio82t6c ] } { [ sw ][ a2lol7kpqd ] } { [ dcdh ][ 62o ][ a ][ f ] } { [ kho ] } { [ ypgev ][ 3fohusdh ] } { [ ehvnvwufw ] } { [ tw4ryum0ao ] } { [ kcvk91jud ] } { [ b03wqu70i ] } { [ 9v7vx ] } { [ u1u4n ] } { [ 1lkv ] } { [ l ] }
antes   de colapsar { [ vrrxn ][ 3 ] } { [ mvxg ][ rayu08e7tm ][ jgio82t6c ] } { [ sw ][ a2lol7kpqd ] } { [ dcdh ][ 62o ][ a ][ f ] } { [ kho ] } { [ ypgev ][ 3fohusdh ] } { [ ehvnvwufw ] } { [ tw4ryum0ao ] } { [ kcvk91jud ] } { [ b03wqu70i ] } { [ 9v7vx ] } { [ u1u4n ] } { [ 1lkv ] } { [ l ] } { [ 5vya8 ] }
despues de colapsar { [ vrrxn ][ 3 ] } { [ mvxg ][ rayu08e7tm ][ jgio82t6c ] } { [ sw ][ a2lol7kpqd ] } { [ dcdh ][ 62o ][ a ][ f ] } { [ kho ] } { [ ypgev ][ 3fohusdh ] } { [ ehvnvwufw ] } { [ tw4ryum0ao ] } { [ kcvk91jud ] } { [ b03wqu70i ] } { [ 9v7vx ] } { [ u1u4n ] } { [ 1lkv ] } { [ l ] } { [ 5vya8 ] }
