antes   de colapsar <vacia>
despues de colapsar <vacia>
antes   de filtrar: { [ 25.396176 ] } { [ -22.831172 ] }
despues de filtrar: { [ 25.396176 ] }
antes   de colapsar { [ 25.396176 ][ -1.540585 ] } { [ -19.590058 ] } { [ -8.198141 ] }
despues de colapsar { [ 25.396176 ][ -1.540585 ] } { [ -19.590058 ] } { [ -8.198141 ] }
antes   de colapsar { [ 25.396176 ][ -1.540585 ][ -1.322357 ] } { [ -19.590058 ] } { [ -8.198141 ] } { [ -7.466626 ][ -12.227402 ] } { [ 38.672658 ] } { [ 57.812239 ] } { [ 65.540181 ] }
despues de colapsar { [ 25.396176 ][ -1.540585 ][ -1.322357 ] } { [ -19.590058 ] } { [ -8.198141 ] } { [ -7.466626 ][ -12.227402 ] } { [ 38.672658 ] } { [ 57.812239 ] } { [ 65.540181 ] }
antes   de colapsar { [ 25.396176 ][ -1.540585 ][ -1.322357 ] } { [ -19.590058 ][ -17.459411 ] } { [ -8.198141 ] } { [ -7.466626 ][ -12.227402 ] } { [ 38.672658 ] } { [ 57.812239 ] } { [ 65.540181 ][ -21.882326 ] } { [ 59.625961 ] } { [ 4.261838 ] } { [ 74.165061 ] } { [ 66.856299 ] } { [ -4.381935 ] }
despues de colapsar { [ 25.396176 ][ -1.540585 ][ -1.322357 ] } { [ -nan ] } { [ -8.198141 ] } { [ -7.466626 ][ -12.227402 ] } { [ 38.672658 ] } { [ 57.812239 ] } { [ 6.607409 ] } { [ 59.625961 ] } { [ 4.261838 ] } { [ 74.165061 ] } { [ 66.856299 ] } { [ -4.381935 ] }
antes   de colapsar { [ 25.396176 ][ -1.540585 ][ -1.322357 ][ 18.475081 ] } { [ -nan ] } { [ -8.198141 ] } { [ -7.466626 ][ -12.227402 ] } { [ 38.672658 ] } { [ 57.812239 ] } { [ 6.607409 ] } { [ 59.625961 ] } { [ 4.261838 ] } { [ 74.165061 ] } { [ 66.856299 ] } { [ -4.381935 ][ 69.342331 ] } { [ 27.473884 ] } { [ 72.630129 ] }
despues de colapsar { [ 25.396176 ][ -1.540585 ][ -1.322357 ][ 18.475081 ] } { [ -nan ] } { [ -8.198141 ] } { [ -7.466626 ][ -12.227402 ] } { [ 38.672658 ] } { [ 57.812239 ] } { [ 6.607409 ] } { [ 59.625961 ] } { [ 4.261838 ] } { [ 74.165061 ] } { [ 66.856299 ] } { [ -4.381935 ][ 69.342331 ] } { [ 27.473884 ] } { [ 72.630129 ] }
antes   de colapsar { [ 25.396176 ][ -1.540585 ][ -1.322357 ][ 18.475081 ] } { [ -nan ] } { [ -8.198141 ] } { [ -7.466626 ][ -12.227402 ][ -6.618380 ] } { [ 38.672658 ] } { [ 57.812239 ][ 18.926553 ] } { [ 6.607409 ] } { [ 59.625961 ] } { [ 4.261838 ] } { [ 74.165061 ] } { [ 66.856299 ] } { [ -4.381935 ][ 69.342331 ][ 72.857702 ] } { [ 27.473884 ] } { [ 72.630129 ][ 11.270684 ] } { [ 12.258329 ] } { [ 11.908192 ] } { [ 10.912778 ] } { [ 25.427308 ][ 31.426359 ] } { [ 20.834964 ] } { [ 14.227095 ] } { [ -11.274846 ] } { [ 18.746980 ] } { [ 30.130833 ] } { [ 48.806747 ] } { [ 41.732605 ] } { [ 54.151859 ] } { [ -16.748839 ] } { [ 8.688101 ] } { [ -24.246324 ] } { [ 28.294489 ] } { [ -22.300872 ] }
despues de colapsar { [ 25.396176 ][ -1.540585 ][ -1.322357 ][ 18.475081 ] } { [ -nan ] } { [ -8.198141 ] } { [ -7.466626 ][ -12.227402 ][ -6.618380 ] } { [ 38.672658 ] } { [ 8.760068 ] } { [ 6.607409 ] } { [ 59.625961 ] } { [ 4.261838 ] } { [ 74.165061 ] } { [ 66.856299 ] } { [ -4.381935 ][ 69.342331 ][ 72.857702 ] } { [ 27.473884 ] } { [ 9.159739 ] } { [ 12.258329 ] } { [ 11.908192 ] } { [ 10.912778 ] } { [ 25.427308 ][ 31.426359 ] } { [ 20.834964 ] } { [ 14.227095 ] } { [ -11.274846 ] } { [ 18.746980 ] } { [ 30.130833 ] } { [ 48.806747 ] } { [ 41.732605 ] } { [ 54.151859 ] } { [ -16.748839 ] } { [ 8.688101 ] } { [ -24.246324 ] } { [ 28.294489 ] } { [ -22.300872 ] }
antes   de filtrar: { [ 25.396176 ][ -1.540585 ][ -1.322357 ][ 18.475081 ] } { [ -nan ] } { [ -8.198141 ] } { [ -7.466626 ][ -12.227402 ][ -6.618380 ] } { [ 38.672658 ] } { [ 8.760068 ] } { [ 6.607409 ] } { [ 59.625961 ] } { [ 4.261838 ] } { [ 74.165061 ] } { [ 66.856299 ] } { [ -4.381935 ][ 69.342331 ][ 72.857702 ] } { [ 27.473884 ] } { [ 9.159739 ] } { [ 12.258329 ] } { [ 11.908192 ] } { [ 10.912778 ] } { [ 25.427308 ][ 31.426359 ] } { [ 20.834964 ] } { [ 14.227095 ] } { [ -11.274846 ] } { [ 18.746980 ] } { [ 30.130833 ] } { [ 48.806747 ] } { [ 41.732605 ] } { [ 54.151859 ] } { [ -16.748839 ] } { [ 8.688101 ] } { [ -24.246324 ] } { [ 28.294489 ] } { [ -22.300872 ] } { [ -18.551680 ] }
despues de filtrar: { [ 25.396176 ][ -1.540585 ][ -1.322357 ][ 18.475081 ] } { [ -nan ] } { [ -8.198141 ] } { [ -7.466626 ][ -12.227402 ][ -6.618380 ] } { [ 4.261838 ] } { [ 74.165061 ] } { [ -4.381935 ][ 69.342331 ][ 72.857702 ] } { [ 27.473884 ] } { [ 9.159739 ] } { [ 12.258329 ] } { [ 25.427308 ][ 31.426359 ] } { [ 14.227095 ] } { [ -11.274846 ] } { [ 30.130833 ] } { [ 54.151859 ] } { [ -24.246324 ] } { [ 28.294489 ] } { [ -22.300872 ] }
antes   de filtrar: { [ 25.396176 ][ -1.540585 ][ -1.322357 ][ 18.475081 ] } { [ -nan ] } { [ -8.198141 ] } { [ -7.466626 ][ -12.227402 ][ -6.618380 ] } { [ 4.261838 ] } { [ 74.165061 ] } { [ -4.381935 ][ 69.342331 ][ 72.857702 ] } { [ 27.473884 ] } { [ 9.159739 ] } { [ 12.258329 ] } { [ 25.427308 ][ 31.426359 ] } { [ 14.227095 ] } { [ -11.274846 ][ 19.224235 ] } { [ 30.130833 ] } { [ 54.151859 ] } { [ -24.246324 ] } { [ 28.294489 ] } { [ -22.300872 ] }
despues de filtrar: { [ 25.396176 ][ -1.540585 ][ -1.322357 ][ 18.475081 ] } { [ -nan ] } { [ -8.198141 ] } { [ -7.466626 ][ -12.227402 ][ -6.618380 ] } { [ 4.261838 ] } { [ 74.165061 ] } { [ -4.381935 ][ 69.342331 ][ 72.857702 ] } { [ 27.473884 ] } { [ 9.159739 ] } { [ 12.258329 ] } { [ 25.427308 ][ 31.426359 ] } { [ 14.227095 ] } { [ -11.274846 ][ 19.224235 ] } { [ 30.130833 ] } { [ 54.151859 ] } { [ -24.246324 ] } { [ 28.294489 ] } { [ -22.300872 ] }
antes   de colapsar { [ 25.396176 ][ -1.540585 ][ -1.322357 ][ 18.475081 ] } { [ -nan ] } { [ -8.198141 ] } { [ -7.466626 ][ -12.227402 ][ -6.618380 ] } { [ 4.261838 ] } { [ 74.165061 ] } { [ -4.381935 ][ 69.342331 ][ 72.857702 ] } { [ 27.473884 ] } { [ 9.159739 ] } { [ 12.258329 ] } { [ 25.427308 ][ 31.426359 ] } { [ 14.227095 ] } { [ -11.274846 ][ 19.224235 ] } { [ 30.130833 ] } { [ 54.151859 ] } { [ -24.246324 ] } { [ 28.294489 ] } { [ -22.300872 ] }
despues de colapsar { [ 25.396176 ][ -1.540585 ][ -1.322357 ][ 18.475081 ] } { [ -nan ] } { [ -8.198141 ] } { [ -7.466626 ][ -12.227402 ][ -6.618380 ] } { [ 4.261838 ] } { [ 74.165061 ] } { [ -4.381935 ][ 69.342331 ][ 72.857702 ] } { [ 27.473884 ] } { [ 9.159739 ] } { [ 12.258329 ] } { [ 25.427308 ][ 31.426359 ] } { [ 14.227095 ] } { [ -11.274846 ][ 19.224235 ] } { [ 30.130833 ] } { [ 54.151859 ] } { [ -24.246324 ] } { [ 28.294489 ] } { [ -22.300872 ] }
antes   de colapsar { [ 6n88924 ] } { [ 3qtthb ] }
despues de colapsar { [ 6n88924 ] } { [ 3qtthb ] }
antes   de colapsar { [ 6n88924 ][ 8 ][ 8w06sqnvs ] } { [ 3qtthb ] } { [ r0g ] } { [ sj1dtjfnm ] } { [ ysqgui72 ] } { [ 3ufa8l4 ] } { [ ys9p0b0ll ][ 62rqkt6 ] } { [ 3wbo ] }
despues de colapsar { [ 688wn0868s ] } { [ 3qtthb ] } { [ r0g ] } { [ sj1dtjfnm ] } { [ ysqgui72 ] } { [ 3ufa8l4 ] } { [ y6s29rpq0k ] } { [ 3wbo ] }
antes   de filtrar: { [ 688wn0868s ] } { [ 3qtthb ] } { [ r0g ] } { [ sj1dtjfnm ][ 8ni ] } { [ ysqgui72 ] } { [ 3ufa8l4 ][ 5ord0tt ][ q33dm ] } { [ y6s29rpq0k ] } { [ 3wbo ] } { [ mbnndyc ] } { [ yowf3 ] } { [ cqfhu ] }
despues de filtrar: { [ mbnndyc ] } { [ cqfhu ] }
antes   de colapsar { [ mbnndyc ] } { [ cqfhu ] } { [ wrh ] } { [ 79wr0p ] } { [ ch24lfvi ] } { [ cglshdhkk ][ tdauxu0tpp ] } { [ ahg2j2pvg ] } { [ c2en1ugty5 ] }
despues de colapsar { [ mbnndyc ] } { [ cqfhu ] } { [ wrh ] } { [ 79wr0p ] } { [ ch24lfvi ] } { [ cglshdhkk ][ tdauxu0tpp ] } { [ ahg2j2pvg ] } { [ c2en1ugty5 ] }
antes   de colapsar { [ mbnndyc ][ nmr63t ] } { [ cqfhu ] } { [ wrh ] } { [ 79wr0p ] } { [ ch24lfvi ] } { [ cglshdhkk ][ tdauxu0tpp ] } { [ ahg2j2pvg ] } { [ c2en1ugty5 ] } { [ 4r3ru93 ] }
despues de colapsar { [ mbnndyc ][ nmr63t ] } { [ cqfhu ] } { [ wrh ] } { [ 79wr0p ] } { [ ch24lfvi ] } { [ cglshdhkk ][ tdauxu0tpp ] } { [ ahg2j2pvg ] } { [ c2en1ugty5 ] } { [ 4r3ru93 ] }
antes   de filtrar: { [ mbnndyc ][ nmr63t ] } { [ cqfhu ] } { [ wrh ] } { [ 79wr0p ] } { [ ch24lfvi ] } { [ cglshdhkk ][ tdauxu0tpp ][ hr ] } { [ ahg2j2pvg ] } { [ c2en1ugty5 ] } { [ 4r3ru93 ] } { [ yawm2gxo ] } { [ i ] } { [ fch4uq0a3 ] } { [ o44p ] }
despues de filtrar: { [ mbnndyc ][ nmr63t ] } { [ cqfhu ] } { [ wrh ] } { [ cglshdhkk ][ tdauxu0tpp ][ hr ] } { [ i ] }
antes   de filtrar: { [ mbnndyc ][ nmr63t ] } { [ cqfhu ][ 5s ] } { [ wrh ] } { [ cglshdhkk ][ tdauxu0tpp ][ hr ] } { [ i ] } { [ 8td8w8yi ] } { [ 13d7wsgdi8 ] }
despues de filtrar: { [ mbnndyc ][ nmr63t ] } { [ cqfhu ][ 5s ] } { [ wrh ] } { [ cglshdhkk ][ tdauxu0tpp ][ hr ] } { [ i ] }
antes   de colapsar { [ mbnndyc ][ nmr63t ] } { [ cqfhu ][ 5s ] } { [ wrh ] } { [ cglshdhkk ][ tdauxu0tpp ][ hr ] } { [ i ][ 1kby7mnr1 ] } { [ 9e8 ] } { [ ka4t ] }
despues de colapsar { [ mbnndyc ][ nmr63t ] } { [ cqfhu ][ 5s ] } { [ wrh ] } { [ cglshdhkk ][ tdauxu0tpp ][ hr ] } { [ i ][ 1kby7mnr1 ] } { [ 9e8 ] } { [ ka4t ] }
antes   de colapsar { [ mbnndyc ][ nmr63t ] } { [ cqfhu ][ 5s ] } { [ wrh ] } { [ cglshdhkk ][ tdauxu0tpp ][ hr ] } { [ i ][ 1kby7mnr1 ] } { [ 9e8 ] } { [ ka4t ] } { [ e2 ] } { [ d3lr ] }
despues de colapsar { [ mbnndyc ][ nmr63t ] } { [ cqfhu ][ 5s ] } { [ wrh ] } { [ cglshdhkk ][ tdauxu0tpp ][ hr ] } { [ i ][ 1kby7mnr1 ] } { [ 9e8 ] } { [ ka4t ] } { [ e2 ] } { [ d3lr ] }
antes   de colapsar { [ mbnndyc ][ nmr63t ] } { [ cqfhu ][ 5s ] } { [ wrh ] } { [ cglshdhkk ][ tdauxu0tpp ][ hr ] } { [ i ][ 1kby7mnr1 ] } { [ 9e8 ] } { [ ka4t ] } { [ e2 ] } { [ d3lr ] } { [ 48gxokd ] } { [ 2 ] } { [ vuj31tjn ][ 5ah9 ] } { [ m ] }
despues de colapsar { [ mbnndyc ][ nmr63t ] } { [ cqfhu ][ 5s ] } { [ wrh ] } { [ cglshdhkk ][ tdauxu0tpp ][ hr ] } { [ i ][ 1kby7mnr1 ] } { [ 9e8 ] } { [ ka4t ] } { [ e2 ] } { [ d3lr ] } { [ 48gxokd ] } { [ 2 ] } { [ v5uajh391t ] } { [ m ] }
antes   de colapsar { [ 47.602177 ] }
despues de colapsar { [ 47.602177 ] }
antes   de filtrar: { [ 47.602177 ][ 55.886120 ] } { [ -18.810506 ] }
despues de filtrar: <vacia>
antes   de colapsar { [ 40.301857 ] } { [ 42.688844 ] } { [ 35.113295 ] } { [ 42.141589 ][ 18.128322 ] }
despues de colapsar { [ 40.301857 ] } { [ 42.688844 ] } { [ 35.113295 ] } { [ 42.141589 ][ 18.128322 ] }
antes   de colapsar { [ 40.301857 ] } { [ 42.688844 ] } { [ 35.113295 ] } { [ 42.141589 ][ 18.128322 ][ 52.359695 ] }
despues de colapsar { [ 40.301857 ] } { [ 42.688844 ] } { [ 35.113295 ] } { [ 42.141589 ][ 18.128322 ][ 52.359695 ] }
antes   de colapsar { [ 40.301857 ] } { [ 42.688844 ] } { [ 35.113295 ] } { [ 42.141589 ][ 18.128322 ][ 52.359695 ][ 50.404270 ] } { [ 17.708275 ] } { [ 53.436605 ] } { [ 16.699687 ] }
despues de colapsar { [ 40.301857 ] } { [ 42.688844 ] } { [ 35.113295 ] } { [ 42.141589 ][ 18.128322 ][ 52.359695 ][ 50.404270 ] } { [ 17.708275 ] } { [ 53.436605 ] } { [ 16.699687 ] }
antes   de colapsar { [ 40.301857 ] } { [ 42.688844 ][ 45.252891 ] } { [ 35.113295 ] } { [ 42.141589 ][ 18.128322 ][ 52.359695 ][ 50.404270 ][ 43.090974 ] } { [ 17.708275 ][ 13.595075 ] } { [ 53.436605 ] } { [ 16.699687 ] } { [ 49.562289 ] } { [ -24.259221 ] } { [ -0.008070 ] } { [ -5.839885 ] } { [ 14.532471 ] }
despues de colapsar { [ 40.301857 ] } { [ 9.377725 ] } { [ 35.113295 ] } { [ 42.141589 ][ 18.128322 ][ 52.359695 ][ 50.404270 ][ 43.090974 ] } { [ 5.594940 ] } { [ 53.436605 ] } { [ 16.699687 ] } { [ 49.562289 ] } { [ -24.259221 ] } { [ -0.008070 ] } { [ -5.839885 ] } { [ 14.532471 ] }
antes   de filtrar: { [ 40.301857 ] } { [ 9.377725 ] } { [ 35.113295 ] } { [ 42.141589 ][ 18.128322 ][ 52.359695 ][ 50.404270 ][ 43.090974 ] } { [ 5.594940 ] } { [ 53.436605 ] } { [ 16.699687 ] } { [ 49.562289 ] } { [ -24.259221 ] } { [ -0.008070 ] } { [ -5.839885 ] } { [ 14.532471 ] } { [ 48.744804 ] }
despues de filtrar: { [ 40.301857 ] } { [ 9.377725 ] } { [ 35.113295 ] } { [ 42.141589 ][ 18.128322 ][ 52.359695 ][ 50.404270 ][ 43.090974 ] } { [ 53.436605 ] } { [ -24.259221 ] } { [ -0.008070 ] }
antes   de filtrar: { [ 40.301857 ] } { [ 9.377725 ] } { [ 35.113295 ] } { [ 42.141589 ][ 18.128322 ][ 52.359695 ][ 50.404270 ][ 43.090974 ] } { [ 53.436605 ][ 9.224498 ] } { [ -24.259221 ] } { [ -0.008070 ] } { [ 21.834350 ] } { [ 20.557780 ] } { [ 60.306617 ][ 14.201865 ] } { [ 3.771837 ] } { [ 16.629110 ] } { [ 36.321536 ] }
despues de filtrar: { [ 40.301857 ] } { [ 9.377725 ] } { [ 35.113295 ] } { [ 42.141589 ][ 18.128322 ][ 52.359695 ][ 50.404270 ][ 43.090974 ] } { [ 53.436605 ][ 9.224498 ] } { [ -24.259221 ] } { [ -0.008070 ] } { [ 60.306617 ][ 14.201865 ] } { [ 36.321536 ] }
antes   de colapsar { [ 40.301857 ] } { [ 9.377725 ] } { [ 35.113295 ][ 65.761937 ] } { [ 42.141589 ][ 18.128322 ][ 52.359695 ][ 50.404270 ][ 43.090974 ][ 53.111318 ] } { [ 53.436605 ][ 9.224498 ] } { [ -24.259221 ] } { [ -0.008070 ] } { [ 60.306617 ][ 14.201865 ] } { [ 36.321536 ] } { [ -1.941348 ] } { [ 56.699451 ][ 22.291406 ] } { [ -17.117130 ] } { [ 66.995097 ][ 35.651743 ] } { [ 62.786848 ] } { [ 41.430110 ] } { [ -16.191399 ] } { [ 62.688738 ] } { [ -2.611830 ] } { [ 8.826212 ] } { [ -5.632817 ] } { [ -17.296956 ] } { [ -10.355864 ] } { [ 52.699574 ] }
despues de colapsar { [ 40.301857 ] } { [ 9.377725 ] } { [ 35.113295 ][ 65.761937 ] } { [ 42.141589 ][ 18.128322 ][ 52.359695 ][ 50.404270 ][ 43.090974 ][ 53.111318 ] } { [ 53.436605 ][ 9.224498 ] } { [ -24.259221 ] } { [ -0.008070 ] } { [ 60.306617 ][ 14.201865 ] } { [ 36.321536 ] } { [ -1.941348 ] } { [ 8.887680 ] } { [ -17.117130 ] } { [ 10.131478 ] } { [ 62.786848 ] } { [ 41.430110 ] } { [ -16.191399 ] } { [ 62.688738 ] } { [ -2.611830 ] } { [ 8.826212 ] } { [ -5.632817 ] } { [ -17.296956 ] } { [ -10.355864 ] } { [ 52.699574 ] }
antes   de colapsar { [ 40.301857 ] } { [ 9.377725 ] } { [ 35.113295 ][ 65.761937 ] } { [ 42.141589 ][ 18.128322 ][ 52.359695 ][ 50.404270 ][ 43.090974 ][ 53.111318 ] } { [ 53.436605 ][ 9.224498 ] } { [ -24.259221 ][ -1.448888 ] } { [ -0.008070 ] } { [ 60.306617 ][ 14.201865 ] } { [ 36.321536 ] } { [ -1.941348 ] } { [ 8.887680 ] } { [ -17.117130 ] } { [ 10.131478 ] } { [ 62.786848 ] } { [ 41.430110 ] } { [ -16.191399 ] } { [ 62.688738 ] } { [ -2.611830 ] } { [ 8.826212 ] } { [ -5.632817 ] } { [ -17.296956 ] } { [ -10.355864 ] } { [ 52.699574 ][ 12.370305 ] }
despues de colapsar { [ 40.301857 ] } { [ 9.377725 ] } { [ 35.113295 ][ 65.761937 ] } { [ 42.141589 ][ 18.128322 ][ 52.359695 ][ 50.404270 ][ 43.090974 ][ 53.111318 ] } { [ 53.436605 ][ 9.224498 ] } { [ -24.259221 ][ -1.448888 ] } { [ -0.008070 ] } { [ 60.306617 ][ 14.201865 ] } { [ 36.321536 ] } { [ -1.941348 ] } { [ 8.887680 ] } { [ -17.117130 ] } { [ 10.131478 ] } { [ 62.786848 ] } { [ 41.430110 ] } { [ -16.191399 ] } { [ 62.688738 ] } { [ -2.611830 ] } { [ 8.826212 ] } { [ -5.632817 ] } { [ -17.296956 ] } { [ -10.355864 ] } { [ 8.066590 ] }
antes   de colapsar <vacia>
despues de colapsar <vacia>
antes   de colapsar { [ f2ts ][ iicf ] } { [ wx0lqu3r ] } { [ 8pnd ] }
despues de colapsar { [ fi2itcsf ] } { [ wx0lqu3r ] } { [ 8pnd ] }
antes   de colapsar { [ fi2itcsf ] } { [ wx0lqu3r ][ 9gpvavbgb ] } { [ 8pnd ][ 2yc ] } { [ 9ymett7k ][ f1tynew44c ] } { [ w8cxwhh ] } { [ 4o ] } { [ 6gr ] } { [ e85u ] } { [ lcpjobkud ] }
despues de colapsar { [ fi2itcsf ] } { [ w9xg0plvqa ] } { [ 82pyncd ] } { [ 9fy1mteytn ] } { [ w8cxwhh ] } { [ 4o ] } { [ 6gr ] } { [ e85u ] } { [ lcpjobkud ] }
antes   de colapsar { [ fi2itcsf ] } { [ w9xg0plvqa ] } { [ 82pyncd ] } { [ 9fy1mteytn ] } { [ w8cxwhh ] } { [ 4o ] } { [ 6gr ] } { [ e85u ] } { [ lcpjobkud ] }
despues de colapsar { [ fi2itcsf ] } { [ w9xg0plvqa ] } { [ 82pyncd ] } { [ 9fy1mteytn ] } { [ w8cxwhh ] } { [ 4o ] } { [ 6gr ] } { [ e85u ] } { [ lcpjobkud ] }
antes   de colapsar { [ fi2itcsf ] } { [ w9xg0plvqa ] } { [ 82pyncd ][ vbq87ej ][ nycxkshj ] } { [ 9fy1mteytn ] } { [ w8cxwhh ] } { [ 4o ] } { [ 6gr ] } { [ e85u ] } { [ lcpjobkud ] } { [ cu ] } { [ 5c9kafk ] } { [ 8rwv ] }
despues de colapsar { [ fi2itcsf ] } { [ w9xg0plvqa ] } { [ 8nvy2cbxpk ] } { [ 9fy1mteytn ] } { [ w8cxwhh ] } { [ 4o ] } { [ 6gr ] } { [ e85u ] } { [ lcpjobkud ] } { [ cu ] } { [ 5c9kafk ] } { [ 8rwv ] }
antes   de filtrar: { [ fi2itcsf ] } { [ w9xg0plvqa ][ jbd9xruh ] } { [ 8nvy2cbxpk ] } { [ 9fy1mteytn ][ 6 ][ l8kt ] } { [ w8cxwhh ] } { [ 4o ] } { [ 6gr ] } { [ e85u ] } { [ lcpjobkud ] } { [ cu ] } { [ 5c9kafk ] } { [ 8rwv ] } { [ n ] } { [ s37156b5cx ] } { [ hu ] } { [ 9k ] } { [ cjqjxers6 ] }
despues de filtrar: { [ lcpjobkud ] } { [ cu ] } { [ n ] } { [ hu ] }
antes   de colapsar { [ lcpjobkud ] } { [ cu ] } { [ n ] } { [ hu ] } { [ 1pwicc ] }
despues de colapsar { [ lcpjobkud ] } { [ cu ] } { [ n ] } { [ hu ] } { [ 1pwicc ] }
antes   de colapsar { [ lcpjobkud ][ 059eptonr ] } { [ cu ][ 1pvvjk6 ] } { [ n ] } { [ hu ][ h6vhaqcj ][ sjur4m ] } { [ 1pwicc ] } { [ m5n ] } { [ pa ] } { [ fj14jj ] } { [ 8sdpegjop ] } { [ oltfe ] } { [ yvlxfy ] } { [ hl5n ] } { [ v ] } { [ whr ] } { [ 0 ] }
despues de colapsar { [ lcpjobkud ][ 059eptonr ] } { [ cu ][ 1pvvjk6 ] } { [ n ] } { [ hu ][ h6vhaqcj ][ sjur4m ] } { [ 1pwicc ] } { [ m5n ] } { [ pa ] } { [ fj14jj ] } { [ 8sdpegjop ] } { [ oltfe ] } { [ yvlxfy ] } { [ hl5n ] } { [ v ] } { [ whr ] } { [ 0 ] }
antes   de filtrar: { [ lcpjobkud ][ 059eptonr ] } { [ cu ][ 1pvvjk6 ] } { [ n ] } { [ hu ][ h6vhaqcj ][ sjur4m ] } { [ 1pwicc ] } { [ m5n ] } { [ pa ] } { [ fj14jj ] } { [ 8sdpegjop ] } { [ oltfe ] } { [ yvlxfy ] } { [ hl5n ] } { [ v ] } { [ whr ] } { [ 0 ] } { [ 8q4s ] } { [ mx ] }
despues de filtrar: { [ lcpjobkud ][ 059eptonr ] } { [ cu ][ 1pvvjk6 ] } { [ n ] } { [ hu ][ h6vhaqcj ][ sjur4m ] } { [ pa ] } { [ oltfe ] } { [ yvlxfy ] } { [ v ] } { [ whr ] } { [ mx ] }
antes   de filtrar: { [ lcpjobkud ][ 059eptonr ] } { [ cu ][ 1pvvjk6 ] } { [ n ] } { [ hu ][ h6vhaqcj ][ sjur4m ] } { [ pa ] } { [ oltfe ] } { [ yvlxfy ] } { [ v ] } { [ whr ] } { [ mx ] }
despues de filtrar: { [ lcpjobkud ][ 059eptonr ] } { [ cu ][ 1pvvjk6 ] } { [ n ] } { [ hu ][ h6vhaqcj ][ sjur4m ] } { [ pa ] } { [ oltfe ] } { [ yvlxfy ] } { [ v ] } { [ whr ] } { [ mx ] }
antes   de colapsar <vacia>
despues de colapsar <vacia>
antes   de colapsar { [ 74.373048 ] }
despues de colapsar { [ 74.373048 ] }
antes   de filtrar: { [ 74.373048 ][ -24.254447 ] } { [ -20.062141 ] } { [ 39.985712 ] } { [ 22.722154 ] } { [ -18.268141 ] } { [ 71.342276 ] }
despues de filtrar: { [ 74.373048 ][ -24.254447 ] } { [ -20.062141 ] } { [ -18.268141 ] } { [ 71.342276 ] }
antes   de colapsar { [ 74.373048 ][ -24.254447 ] } { [ -20.062141 ] } { [ -18.268141 ] } { [ 71.342276 ] }
despues de colapsar { [ 74.373048 ][ -24.254447 ] } { [ -20.062141 ] } { [ -18.268141 ] } { [ 71.342276 ] }
antes   de filtrar: { [ 74.373048 ][ -24.254447 ] } { [ -20.062141 ] } { [ -18.268141 ] } { [ 71.342276 ] } { [ -15.504804 ] } { [ -2.942251 ] }
despues de filtrar: { [ 74.373048 ][ -24.254447 ] } { [ -20.062141 ] } { [ -18.268141 ] } { [ 71.342276 ] }
antes   de colapsar { [ 74.373048 ][ -24.254447 ] } { [ -20.062141 ] } { [ -18.268141 ] } { [ 71.342276 ] } { [ 44.961024 ] }
despues de colapsar { [ 74.373048 ][ -24.254447 ] } { [ -20.062141 ] } { [ -18.268141 ] } { [ 71.342276 ] } { [ 44.961024 ] }
antes   de colapsar { [ 74.373048 ][ -24.254447 ] } { [ -20.062141 ] } { [ -18.268141 ][ -11.941979 ] } { [ 71.342276 ] } { [ 44.961024 ][ 43.166764 ] } { [ -12.167503 ] } { [ 31.275279 ] } { [ 9.407842 ] } { [ -1.658588 ] } { [ 69.900610 ] } { [ 70.717470 ] }
despues de colapsar { [ 74.373048 ][ -24.254447 ] } { [ -20.062141 ] } { [ -18.268141 ][ -11.941979 ] } { [ 71.342276 ] } { [ 9.387640 ] } { [ -12.167503 ] } { [ 31.275279 ] } { [ 9.407842 ] } { [ -1.658588 ] } { [ 69.900610 ] } { [ 70.717470 ] }
antes   de colapsar { [ 74.373048 ][ -24.254447 ] } { [ -20.062141 ] } { [ -18.268141 ][ -11.941979 ] } { [ 71.342276 ][ 47.402199 ] } { [ 9.387640 ] } { [ -12.167503 ][ 49.738781 ] } { [ 31.275279 ] } { [ 9.407842 ] } { [ -1.658588 ] } { [ 69.900610 ] } { [ 70.717470 ] } { [ 9.684780 ] } { [ 63.129417 ] } { [ 48.703842 ] } { [ -0.216612 ][ 68.915666 ] } { [ -7.547388 ] } { [ 49.732948 ] }
despues de colapsar { [ 74.373048 ][ -24.254447 ] } { [ -20.062141 ] } { [ -18.268141 ][ -11.941979 ] } { [ 71.342276 ][ 47.402199 ] } { [ 9.387640 ] } { [ -12.167503 ][ 49.738781 ] } { [ 31.275279 ] } { [ 9.407842 ] } { [ -1.658588 ] } { [ 69.900610 ] } { [ 70.717470 ] } { [ 9.684780 ] } { [ 63.129417 ] } { [ 48.703842 ] } { [ -0.216612 ][ 68.915666 ] } { [ -7.547388 ] } { [ 49.732948 ] }
antes   de filtrar: { [ 74.373048 ][ -24.254447 ] } { [ -20.062141 ] } { [ -18.268141 ][ -11.941979 ] } { [ 71.342276 ][ 47.402199 ] } { [ 9.387640 ] } { [ -12.167503 ][ 49.738781 ] } { [ 31.275279 ][ 43.872432 ] } { [ 9.407842 ] } { [ -1.658588 ] } { [ 69.900610 ] } { [ 70.717470 ][ -22.255852 ] } { [ 9.684780 ] } { [ 63.129417 ] } { [ 48.703842 ] } { [ -0.216612 ][ 68.915666 ] } { [ -7.547388 ] } { [ 49.732948 ] } { [ -7.339860 ] } { [ 0.117702 ] } { [ -5.941735 ] } { [ -16.401690 ] }
despues de filtrar: { [ 74.373048 ][ -24.254447 ] } { [ -20.062141 ] } { [ -18.268141 ][ -11.941979 ] } { [ 71.342276 ][ 47.402199 ] } { [ 9.387640 ] } { [ -12.167503 ][ 49.738781 ] } { [ 31.275279 ][ 43.872432 ] } { [ 9.407842 ] } { [ 63.129417 ] } { [ -0.216612 ][ 68.915666 ] } { [ -7.339860 ] } { [ 0.117702 ] } { [ -16.401690 ] }
antes   de colapsar { [ 74.373048 ][ -24.254447 ] } { [ -20.062141 ] } { [ -18.268141 ][ -11.941979 ][ 9.442009 ] } { [ 71.342276 ][ 47.402199 ] } { [ 9.387640 ][ 42.486347 ] } { [ -12.167503 ][ 49.738781 ] } { [ 31.275279 ][ 43.872432 ] } { [ 9.407842 ] } { [ 63.129417 ] } { [ -0.216612 ][ 68.915666 ] } { [ -7.339860 ] } { [ 0.117702 ][ -9.035089 ] } { [ -16.401690 ] } { [ 60.651200 ] } { [ 2.681751 ] }
despues de colapsar { [ 74.373048 ][ -24.254447 ] } { [ -20.062141 ] } { [ -18.268141 ][ -11.941979 ][ 9.442009 ] } { [ 71.342276 ][ 47.402199 ] } { [ 9.387640 ][ 42.486347 ] } { [ -12.167503 ][ 49.738781 ] } { [ 31.275279 ][ 43.872432 ] } { [ 9.407842 ] } { [ 63.129417 ] } { [ -0.216612 ][ 68.915666 ] } { [ -7.339860 ] } { [ 0.117702 ][ -9.035089 ] } { [ -16.401690 ] } { [ 60.651200 ] } { [ 2.681751 ] }
