antes   de colapsar { [ 11.581078 ][ 68.184474 ][ -9.140782 ] }
despues de colapsar { [ -nan ] }
antes   de filtrar: { [ -nan ] } { [ 23.045989 ] } { [ -2.439647 ] }
despues de filtrar: { [ -nan ] } { [ 23.045989 ] } { [ -2.439647 ] }
antes   de colapsar { [ -nan ] } { [ 23.045989 ] } { [ -2.439647 ] } { [ -19.085285 ] } { [ 11.093379 ] } { [ 72.716887 ][ -20.734092 ] } { [ 17.726825 ][ 14.911105 ] } { [ 2.242287 ] } { [ -14.518615 ] }
despues de colapsar { [ -nan ] } { [ 23.045989 ] } { [ -2.439647 ] } { [ -19.085285 ] } { [ 11.093379 ] } { [ 7.209910 ] } { [ 5.712962 ] } { [ 2.242287 ] } { [ -14.518615 ] }
antes   de filtrar: { [ -nan ] } { [ 23.045989 ] } { [ -2.439647 ] } { [ -19.085285 ] } { [ 11.093379 ] } { [ 7.209910 ] } { [ 5.712962 ] } { [ 2.242287 ] } { [ -14.518615 ] }
despues de filtrar: { [ -nan ] } { [ 23.045989 ] } { [ -2.439647 ] } { [ -19.085285 ] } { [ 11.093379 ] } { [ 7.209910 ] } { [ 2.242287 ] }
antes   de filtrar: { [ -nan ][ 6.734791 ] } { [ 23.045989 ][ 0.180009 ] } { [ -2.439647 ][ -24.566825 ] } { [ -19.085285 ][ -1.092358 ] } { [ 11.093379 ] } { [ 7.209910 ] } { [ 2.242287 ] } { [ 49.588855 ] } { [ 16.551893 ] } { [ 16.447117 ] } { [ 31.409696 ] } { [ -18.136172 ] } { [ -12.831802 ] } { [ 19.316780 ] } { [ -20.314818 ] }
despues de filtrar: { [ -nan ][ 6.734791 ] } { [ 23.045989 ][ 0.180009 ] } { [ -2.439647 ][ -24.566825 ] } { [ -19.085285 ][ -1.092358 ] } { [ 11.093379 ] } { [ 7.209910 ] } { [ 2.242287 ] } { [ 16.447117 ] } { [ 31.409696 ] } { [ -18.136172 ] } { [ 19.316780 ] } { [ -20.314818 ] }
antes   de colapsar { [ -nan ][ 6.734791 ] } { [ 23.045989 ][ 0.180009 ] } { [ -2.439647 ][ -24.566825 ] } { [ -19.085285 ][ -1.092358 ] } { [ 11.093379 ] } { [ 7.209910 ] } { [ 2.242287 ] } { [ 16.447117 ] } { [ 31.409696 ] } { [ -18.136172 ] } { [ 19.316780 ] } { [ -20.314818 ] } { [ 71.154218 ] }
despues de colapsar { [ -nan ][ 6.734791 ] } { [ 23.045989 ][ 0.180009 ] } { [ -2.439647 ][ -24.566825 ] } { [ -19.085285 ][ -1.092358 ] } { [ 11.093379 ] } { [ 7.209910 ] } { [ 2.242287 ] } { [ 16.447117 ] } { [ 31.409696 ] } { [ -18.136172 ] } { [ 19.316780 ] } { [ -20.314818 ] } { [ 71.154218 ] }
antes   de colapsar { [ -nan ][ 6.734791 ] } { [ 23.045989 ][ 0.180009 ][ 56.215798 ] } { [ -2.439647 ][ -24.566825 ][ 5.526532 ] } { [ -19.085285 ][ -1.092358 ] } { [ 11.093379 ] } { [ 7.209910 ] } { [ 2.242287 ] } { [ 16.447117 ] } { [ 31.409696 ] } { [ -18.136172 ] } { [ 19.316780 ] } { [ -20.314818 ] } { [ 71.154218 ] } { [ 72.472137 ] } { [ 47.717201 ] } { [ 55.560144 ] } { [ 69.496720 ] } { [ 45.896386 ] }
despues de colapsar { [ -nan ][ 6.734791 ] } { [ 23.045989 ][ 0.180009 ][ 56.215798 ] } { [ -2.439647 ][ -24.566825 ][ 5.526532 ] } { [ -19.085285 ][ -1.092358 ] } { [ 11.093379 ] } { [ 7.209910 ] } { [ 2.242287 ] } { [ 16.447117 ] } { [ 31.409696 ] } { [ -18.136172 ] } { [ 19.316780 ] } { [ -20.314818 ] } { [ 71.154218 ] } { [ 72.472137 ] } { [ 47.717201 ] } { [ 55.560144 ] } { [ 69.496720 ] } { [ 45.896386 ] }
antes   de colapsar { [ -nan ][ 6.734791 ] } { [ 23.045989 ][ 0.180009 ][ 56.215798 ] } { [ -2.439647 ][ -24.566825 ][ 5.526532 ] } { [ -19.085285 ][ -1.092358 ] } { [ 11.093379 ] } { [ 7.209910 ] } { [ 2.242287 ] } { [ 16.447117 ] } { [ 31.409696 ] } { [ -18.136172 ] } { [ 19.316780 ] } { [ -20.314818 ] } { [ 71.154218 ] } { [ 72.472137 ][ 5.018500 ] } { [ 47.717201 ] } { [ 55.560144 ] } { [ 69.496720 ] } { [ 45.896386 ] } { [ 0.598842 ] } { [ 1.148400 ] } { [ 67.775072 ] }
despues de colapsar { [ -nan ][ 6.734791 ] } { [ 23.045989 ][ 0.180009 ][ 56.215798 ] } { [ -2.439647 ][ -24.566825 ][ 5.526532 ] } { [ -19.085285 ][ -1.092358 ] } { [ 11.093379 ] } { [ 7.209910 ] } { [ 2.242287 ] } { [ 16.447117 ] } { [ 31.409696 ] } { [ -18.136172 ] } { [ 19.316780 ] } { [ -20.314818 ] } { [ 71.154218 ] } { [ 72.472137 ][ 5.018500 ] } { [ 47.717201 ] } { [ 55.560144 ] } { [ 69.496720 ] } { [ 45.896386 ] } { [ 0.598842 ] } { [ 1.148400 ] } { [ 67.775072 ] }
antes   de colapsar { [ -nan ][ 6.734791 ] } { [ 23.045989 ][ 0.180009 ][ 56.215798 ] } { [ -2.439647 ][ -24.566825 ][ 5.526532 ] } { [ -19.085285 ][ -1.092358 ] } { [ 11.093379 ] } { [ 7.209910 ][ 28.116576 ] } { [ 2.242287 ] } { [ 16.447117 ][ -5.125885 ] } { [ 31.409696 ] } { [ -18.136172 ] } { [ 19.316780 ] } { [ -20.314818 ] } { [ 71.154218 ] } { [ 72.472137 ][ 5.018500 ][ -0.727249 ] } { [ 47.717201 ] } { [ 55.560144 ] } { [ 69.496720 ] } { [ 45.896386 ] } { [ 0.598842 ] } { [ 1.148400 ] } { [ 67.775072 ] } { [ -9.667666 ] } { [ 47.332875 ] } { [ 17.678197 ] } { [ 18.164631 ] } { [ 18.921690 ] } { [ 15.971972 ] } { [ 30.775714 ] }
despues de colapsar { [ -nan ][ 6.734791 ] } { [ 23.045989 ][ 0.180009 ][ 56.215798 ] } { [ -2.439647 ][ -24.566825 ][ 5.526532 ] } { [ -19.085285 ][ -1.092358 ] } { [ 11.093379 ] } { [ 7.209910 ][ 28.116576 ] } { [ 2.242287 ] } { [ 16.447117 ][ -5.125885 ] } { [ 31.409696 ] } { [ -18.136172 ] } { [ 19.316780 ] } { [ -20.314818 ] } { [ 71.154218 ] } { [ 72.472137 ][ 5.018500 ][ -0.727249 ] } { [ 47.717201 ] } { [ 55.560144 ] } { [ 69.496720 ] } { [ 45.896386 ] } { [ 0.598842 ] } { [ 1.148400 ] } { [ 67.775072 ] } { [ -9.667666 ] } { [ 47.332875 ] } { [ 17.678197 ] } { [ 18.164631 ] } { [ 18.921690 ] } { [ 15.971972 ] } { [ 30.775714 ] }
antes   de colapsar { [ -nan ][ 6.734791 ] } { [ 23.045989 ][ 0.180009 ][ 56.215798 ] } { [ -2.439647 ][ -24.566825 ][ 5.526532 ] } { [ -19.085285 ][ -1.092358 ] } { [ 11.093379 ] } { [ 7.209910 ][ 28.116576 ] } { [ 2.242287 ] } { [ 16.447117 ][ -5.125885 ] } { [ 31.409696 ] } { [ -18.136172 ] } { [ 19.316780 ] } { [ -20.314818 ] } { [ 71.154218 ] } { [ 72.472137 ][ 5.018500 ][ -0.727249 ] } { [ 47.717201 ] } { [ 55.560144 ] } { [ 69.496720 ] } { [ 45.896386 ] } { [ 0.598842 ][ 18.539378 ] } { [ 1.148400 ] } { [ 67.775072 ] } { [ -9.667666 ] } { [ 47.332875 ] } { [ 17.678197 ] } { [ 18.164631 ] } { [ 18.921690 ] } { [ 15.971972 ] } { [ 30.775714 ] } { [ -20.648212 ] } { [ 8.464286 ] }
despues de colapsar { [ -nan ][ 6.734791 ] } { [ 23.045989 ][ 0.180009 ][ 56.215798 ] } { [ -2.439647 ][ -24.566825 ][ 5.526532 ] } { [ -19.085285 ][ -1.092358 ] } { [ 11.093379 ] } { [ 7.209910 ][ 28.116576 ] } { [ 2.242287 ] } { [ 16.447117 ][ -5.125885 ] } { [ 31.409696 ] } { [ -18.136172 ] } { [ 19.316780 ] } { [ -20.314818 ] } { [ 71.154218 ] } { [ 72.472137 ][ 5.018500 ][ -0.727249 ] } { [ 47.717201 ] } { [ 55.560144 ] } { [ 69.496720 ] } { [ 45.896386 ] } { [ 4.374725 ] } { [ 1.148400 ] } { [ 67.775072 ] } { [ -9.667666 ] } { [ 47.332875 ] } { [ 17.678197 ] } { [ 18.164631 ] } { [ 18.921690 ] } { [ 15.971972 ] } { [ 30.775714 ] } { [ -20.648212 ] } { [ 8.464286 ] }
antes   de colapsar <vacia>
despues de colapsar <vacia>
antes   de colapsar { [ -2376 ][ -2891 ][ 129 ][ -2606 ] } { [ 1157 ] } { [ -1996 ] } { [ 4906 ] } { [ 1570 ] } { [ -3910 ] } { [ 4903 ][ -3509 ] } { [ -2694 ] } { [ 4150 ] }
despues de colapsar { [ -2376 ][ -2891 ][ 129 ][ -2606 ] } { [ 1157 ] } { [ -1996 ] } { [ 4906 ] } { [ 1570 ] } { [ -3910 ] } { [ 0 ] } { [ -2694 ] } { [ 4150 ] }
antes   de colapsar { [ -2376 ][ -2891 ][ 129 ][ -2606 ] } { [ 1157 ] } { [ -1996 ] } { [ 4906 ] } { [ 1570 ] } { [ -3910 ] } { [ 0 ] } { [ -2694 ] } { [ 4150 ] }
despues de colapsar { [ -2376 ][ -2891 ][ 129 ][ -2606 ] } { [ 1157 ] } { [ -1996 ] } { [ 4906 ] } { [ 1570 ] } { [ -3910 ] } { [ 0 ] } { [ -2694 ] } { [ 4150 ] }
antes   de colapsar { [ -2376 ][ -2891 ][ 129 ][ -2606 ] } { [ 1157 ] } { [ -1996 ] } { [ 4906 ][ -2952 ] } { [ 1570 ] } { [ -3910 ] } { [ 0 ] } { [ -2694 ] } { [ 4150 ] } { [ -3824 ] } { [ 4658 ][ 4975 ] } { [ 4575 ] } { [ 1658 ][ -2444 ] } { [ -4958 ] } { [ 1568 ] } { [ -3250 ] } { [ -2736 ] }
despues de colapsar { [ -2376 ][ -2891 ][ 129 ][ -2606 ] } { [ 1157 ] } { [ -1996 ] } { [ 0 ] } { [ 1570 ] } { [ -3910 ] } { [ 0 ] } { [ -2694 ] } { [ 4150 ] } { [ -3824 ] } { [ 4658 ][ 4975 ] } { [ 4575 ] } { [ 1658 ][ -2444 ] } { [ -4958 ] } { [ 1568 ] } { [ -3250 ] } { [ -2736 ] }
antes   de colapsar { [ -2376 ][ -2891 ][ 129 ][ -2606 ][ -4939 ] } { [ 1157 ] } { [ -1996 ] } { [ 0 ] } { [ 1570 ] } { [ -3910 ] } { [ 0 ] } { [ -2694 ] } { [ 4150 ] } { [ -3824 ][ 1952 ] } { [ 4658 ][ 4975 ] } { [ 4575 ] } { [ 1658 ][ -2444 ] } { [ -4958 ] } { [ 1568 ] } { [ -3250 ][ -3366 ] } { [ -2736 ] } { [ -4336 ] } { [ -278 ] } { [ 1491 ] } { [ -1283 ] } { [ -4662 ] }
despues de colapsar { [ -2376 ][ -2891 ][ 129 ][ -2606 ][ -4939 ] } { [ 1157 ] } { [ -1996 ] } { [ 0 ] } { [ 1570 ] } { [ -3910 ] } { [ 0 ] } { [ -2694 ] } { [ 4150 ] } { [ -3824 ][ 1952 ] } { [ 4658 ][ 4975 ] } { [ 4575 ] } { [ 1658 ][ -2444 ] } { [ -4958 ] } { [ 1568 ] } { [ 3307 ] } { [ -2736 ] } { [ -4336 ] } { [ -278 ] } { [ 1491 ] } { [ -1283 ] } { [ -4662 ] }
antes   de colapsar { [ -2376 ][ -2891 ][ 129 ][ -2606 ][ -4939 ] } { [ 1157 ] } { [ -1996 ] } { [ 0 ] } { [ 1570 ] } { [ -3910 ] } { [ 0 ] } { [ -2694 ] } { [ 4150 ] } { [ -3824 ][ 1952 ] } { [ 4658 ][ 4975 ] } { [ 4575 ] } { [ 1658 ][ -2444 ] } { [ -4958 ] } { [ 1568 ] } { [ 3307 ] } { [ -2736 ] } { [ -4336 ] } { [ -278 ] } { [ 1491 ] } { [ -1283 ] } { [ -4662 ] }
despues de colapsar { [ -2376 ][ -2891 ][ 129 ][ -2606 ][ -4939 ] } { [ 1157 ] } { [ -1996 ] } { [ 0 ] } { [ 1570 ] } { [ -3910 ] } { [ 0 ] } { [ -2694 ] } { [ 4150 ] } { [ -3824 ][ 1952 ] } { [ 4658 ][ 4975 ] } { [ 4575 ] } { [ 1658 ][ -2444 ] } { [ -4958 ] } { [ 1568 ] } { [ 3307 ] } { [ -2736 ] } { [ -4336 ] } { [ -278 ] } { [ 1491 ] } { [ -1283 ] } { [ -4662 ] }
antes   de filtrar: { [ -2376 ][ -2891 ][ 129 ][ -2606 ][ -4939 ] } { [ 1157 ] } { [ -1996 ] } { [ 0 ] } { [ 1570 ] } { [ -3910 ] } { [ 0 ] } { [ -2694 ] } { [ 4150 ] } { [ -3824 ][ 1952 ] } { [ 4658 ][ 4975 ] } { [ 4575 ] } { [ 1658 ][ -2444 ] } { [ -4958 ] } { [ 1568 ] } { [ 3307 ] } { [ -2736 ] } { [ -4336 ] } { [ -278 ] } { [ 1491 ] } { [ -1283 ] } { [ -4662 ] }
despues de filtrar: { [ -2376 ][ -2891 ][ 129 ][ -2606 ][ -4939 ] } { [ 1157 ] } { [ -1996 ] } { [ 0 ] } { [ 0 ] } { [ -2694 ] } { [ -3824 ][ 1952 ] } { [ 4658 ][ 4975 ] } { [ 4575 ] } { [ 1658 ][ -2444 ] } { [ -4958 ] } { [ 1568 ] } { [ -2736 ] } { [ -4336 ] } { [ -278 ] } { [ 1491 ] } { [ -1283 ] } { [ -4662 ] }
antes   de filtrar: { [ -2376 ][ -2891 ][ 129 ][ -2606 ][ -4939 ] } { [ 1157 ] } { [ -1996 ] } { [ 0 ] } { [ 0 ] } { [ -2694 ] } { [ -3824 ][ 1952 ] } { [ 4658 ][ 4975 ] } { [ 4575 ] } { [ 1658 ][ -2444 ] } { [ -4958 ] } { [ 1568 ] } { [ -2736 ] } { [ -4336 ] } { [ -278 ] } { [ 1491 ][ -3327 ] } { [ -1283 ] } { [ -4662 ] } { [ 1576 ] } { [ 2521 ] }
despues de filtrar: { [ -2376 ][ -2891 ][ 129 ][ -2606 ][ -4939 ] } { [ 1157 ] } { [ -1996 ] } { [ 0 ] } { [ 0 ] } { [ -2694 ] } { [ -3824 ][ 1952 ] } { [ 4658 ][ 4975 ] } { [ 4575 ] } { [ 1658 ][ -2444 ] } { [ -4958 ] } { [ 1568 ] } { [ -2736 ] } { [ -4336 ] } { [ -278 ] } { [ 1491 ][ -3327 ] } { [ -1283 ] } { [ -4662 ] } { [ 1576 ] } { [ 2521 ] }
antes   de colapsar { [ -2376 ][ -2891 ][ 129 ][ -2606 ][ -4939 ] } { [ 1157 ] } { [ -1996 ] } { [ 0 ][ -289 ] } { [ 0 ] } { [ -2694 ] } { [ -3824 ][ 1952 ] } { [ 4658 ][ 4975 ] } { [ 4575 ][ 164 ] } { [ 1658 ][ -2444 ] } { [ -4958 ] } { [ 1568 ][ 3754 ] } { [ -2736 ] } { [ -4336 ] } { [ -278 ] } { [ 1491 ][ -3327 ] } { [ -1283 ] } { [ -4662 ] } { [ 1576 ] } { [ 2521 ] } { [ 3699 ] } { [ 4629 ] } { [ 4052 ] } { [ 1812 ] } { [ 4996 ] } { [ -2460 ] } { [ 1456 ] } { [ -4916 ] } { [ 394 ] } { [ 3913 ] }
despues de colapsar { [ -2376 ][ -2891 ][ 129 ][ -2606 ][ -4939 ] } { [ 1157 ] } { [ -1996 ] } { [ 0 ][ -289 ] } { [ 0 ] } { [ -2694 ] } { [ -3824 ][ 1952 ] } { [ 4658 ][ 4975 ] } { [ 4575 ][ 164 ] } { [ 1658 ][ -2444 ] } { [ -4958 ] } { [ 1568 ][ 3754 ] } { [ -2736 ] } { [ -4336 ] } { [ -278 ] } { [ 1491 ][ -3327 ] } { [ -1283 ] } { [ -4662 ] } { [ 1576 ] } { [ 2521 ] } { [ 3699 ] } { [ 4629 ] } { [ 4052 ] } { [ 1812 ] } { [ 4996 ] } { [ -2460 ] } { [ 1456 ] } { [ -4916 ] } { [ 394 ] } { [ 3913 ] }
antes   de filtrar: { [ -2376 ][ -2891 ][ 129 ][ -2606 ][ -4939 ] } { [ 1157 ] } { [ -1996 ] } { [ 0 ][ -289 ] } { [ 0 ] } { [ -2694 ] } { [ -3824 ][ 1952 ] } { [ 4658 ][ 4975 ] } { [ 4575 ][ 164 ] } { [ 1658 ][ -2444 ] } { [ -4958 ] } { [ 1568 ][ 3754 ] } { [ -2736 ] } { [ -4336 ] } { [ -278 ] } { [ 1491 ][ -3327 ] } { [ -1283 ] } { [ -4662 ] } { [ 1576 ] } { [ 2521 ] } { [ 3699 ] } { [ 4629 ] } { [ 4052 ] } { [ 1812 ] } { [ 4996 ] } { [ -2460 ] } { [ 1456 ] } { [ -4916 ] } { [ 394 ] } { [ 3913 ] } { [ -4987 ] }
despues de filtrar: { [ -2376 ][ -2891 ][ 129 ][ -2606 ][ -4939 ] } { [ 1157 ] } { [ -1996 ] } { [ 0 ][ -289 ] } { [ 0 ] } { [ -2694 ] } { [ -3824 ][ 1952 ] } { [ 4658 ][ 4975 ] } { [ 4575 ][ 164 ] } { [ 1658 ][ -2444 ] } { [ -4958 ] } { [ 1568 ][ 3754 ] } { [ -2736 ] } { [ -4336 ] } { [ -278 ] } { [ 1491 ][ -3327 ] } { [ -1283 ] } { [ -4662 ] } { [ 1576 ] } { [ 2521 ] } { [ 3699 ] } { [ 4629 ] } { [ 1812 ] } { [ 4996 ] } { [ 1456 ] } { [ -4916 ] } { [ 394 ] } { [ 3913 ] } { [ -4987 ] }
antes   de filtrar: { [ 4421 ][ 1094 ] }
despues de filtrar: { [ 4421 ][ 1094 ] }
antes   de colapsar { [ 4421 ][ 1094 ][ 4887 ] } { [ -238 ] } { [ 2880 ] } { [ -4646 ] } { [ -3883 ] } { [ 1329 ] } { [ 2411 ] } { [ 442 ] }
despues de colapsar { [ 4421 ][ 1094 ][ 4887 ] } { [ -238 ] } { [ 2880 ] } { [ -4646 ] } { [ -3883 ] } { [ 1329 ] } { [ 2411 ] } { [ 442 ] }
antes   de colapsar { [ 4421 ][ 1094 ][ 4887 ] } { [ -238 ] } { [ 2880 ] } { [ -4646 ][ -2228 ] } { [ -3883 ] } { [ 1329 ] } { [ 2411 ] } { [ 442 ] } { [ -3407 ][ 2563 ] } { [ 230 ] } { [ 3329 ] } { [ 294 ] } { [ -3688 ] } { [ 3126 ] } { [ -1102 ] }
despues de colapsar { [ 4421 ][ 1094 ][ 4887 ] } { [ -238 ] } { [ 2880 ] } { [ -4646 ][ -2228 ] } { [ -3883 ] } { [ 1329 ] } { [ 2411 ] } { [ 442 ] } { [ 0 ] } { [ 230 ] } { [ 3329 ] } { [ 294 ] } { [ -3688 ] } { [ 3126 ] } { [ -1102 ] }
antes   de colapsar { [ 4421 ][ 1094 ][ 4887 ] } { [ -238 ] } { [ 2880 ] } { [ -4646 ][ -2228 ] } { [ -3883 ] } { [ 1329 ] } { [ 2411 ] } { [ 442 ] } { [ 0 ] } { [ 230 ] } { [ 3329 ] } { [ 294 ][ -4694 ] } { [ -3688 ] } { [ 3126 ] } { [ -1102 ] }
despues de colapsar { [ 4421 ][ 1094 ][ 4887 ] } { [ -238 ] } { [ 2880 ] } { [ -4646 ][ -2228 ] } { [ -3883 ] } { [ 1329 ] } { [ 2411 ] } { [ 442 ] } { [ 0 ] } { [ 230 ] } { [ 3329 ] } { [ 294 ][ -4694 ] } { [ -3688 ] } { [ 3126 ] } { [ -1102 ] }
antes   de filtrar: { [ 4421 ][ 1094 ][ 4887 ] } { [ -238 ] } { [ 2880 ] } { [ -4646 ][ -2228 ] } { [ -3883 ] } { [ 1329 ] } { [ 2411 ] } { [ 442 ] } { [ 0 ] } { [ 230 ] } { [ 3329 ] } { [ 294 ][ -4694 ] } { [ -3688 ] } { [ 3126 ] } { [ -1102 ] }
despues de filtrar: { [ 4421 ][ 1094 ][ 4887 ] } { [ -238 ] } { [ -4646 ][ -2228 ] } { [ -3883 ] } { [ 1329 ] } { [ 2411 ] } { [ 442 ] } { [ 0 ] } { [ 3329 ] } { [ 294 ][ -4694 ] } { [ -3688 ] } { [ 3126 ] }
antes   de filtrar: { [ 4421 ][ 1094 ][ 4887 ] } { [ -238 ] } { [ -4646 ][ -2228 ] } { [ -3883 ] } { [ 1329 ] } { [ 2411 ] } { [ 442 ] } { [ 0 ] } { [ 3329 ] } { [ 294 ][ -4694 ] } { [ -3688 ] } { [ 3126 ] } { [ 4776 ] }
despues de filtrar: { [ 4421 ][ 1094 ][ 4887 ] } { [ -238 ] } { [ -4646 ][ -2228 ] } { [ -3883 ] } { [ 1329 ] } { [ 2411 ] } { [ 442 ] } { [ 0 ] } { [ 3329 ] } { [ 294 ][ -4694 ] } { [ -3688 ] } { [ 3126 ] } { [ 4776 ] }
antes   de colapsar { [ 4421 ][ 1094 ][ 4887 ] } { [ -238 ] } { [ -4646 ][ -2228 ] } { [ -3883 ] } { [ 1329 ] } { [ 2411 ] } { [ 442 ][ 4143 ] } { [ 0 ] } { [ 3329 ] } { [ 294 ][ -4694 ] } { [ -3688 ] } { [ 3126 ] } { [ 4776 ] } { [ -4611 ] } { [ -4406 ] } { [ -2791 ] }
despues de colapsar { [ 4421 ][ 1094 ][ 4887 ] } { [ -238 ] } { [ -4646 ][ -2228 ] } { [ -3883 ] } { [ 1329 ] } { [ 2411 ] } { [ 442 ][ 4143 ] } { [ 0 ] } { [ 3329 ] } { [ 294 ][ -4694 ] } { [ -3688 ] } { [ 3126 ] } { [ 4776 ] } { [ -4611 ] } { [ -4406 ] } { [ -2791 ] }
antes   de colapsar { [ 4421 ][ 1094 ][ 4887 ] } { [ -238 ] } { [ -4646 ][ -2228 ] } { [ -3883 ] } { [ 1329 ] } { [ 2411 ] } { [ 442 ][ 4143 ] } { [ 0 ][ -687 ] } { [ 3329 ] } { [ 294 ][ -4694 ] } { [ -3688 ] } { [ 3126 ] } { [ 4776 ][ -3361 ] } { [ -4611 ] } { [ -4406 ] } { [ -2791 ][ 1835 ] } { [ 3085 ] } { [ 1312 ] }
despues de colapsar { [ 4421 ][ 1094 ][ 4887 ] } { [ -238 ] } { [ -4646 ][ -2228 ] } { [ -3883 ] } { [ 1329 ] } { [ 2411 ] } { [ 442 ][ 4143 ] } { [ 0 ][ -687 ] } { [ 3329 ] } { [ 294 ][ -4694 ] } { [ -3688 ] } { [ 3126 ] } { [ 4776 ][ -3361 ] } { [ -4611 ] } { [ -4406 ] } { [ -2791 ][ 1835 ] } { [ 3085 ] } { [ 1312 ] }
antes   de colapsar { [ 4421 ][ 1094 ][ 4887 ] } { [ -238 ] } { [ -4646 ][ -2228 ] } { [ -3883 ] } { [ 1329 ][ -3091 ] } { [ 2411 ] } { [ 442 ][ 4143 ] } { [ 0 ][ -687 ] } { [ 3329 ][ -519 ] } { [ 294 ][ -4694 ] } { [ -3688 ] } { [ 3126 ] } { [ 4776 ][ -3361 ] } { [ -4611 ] } { [ -4406 ] } { [ -2791 ][ 1835 ] } { [ 3085 ] } { [ 1312 ] } { [ 4833 ] } { [ -2940 ] } { [ 4996 ] }
despues de colapsar { [ 4421 ][ 1094 ][ 4887 ] } { [ -238 ] } { [ -4646 ][ -2228 ] } { [ -3883 ] } { [ 1329 ][ -3091 ] } { [ 2411 ] } { [ 442 ][ 4143 ] } { [ 0 ][ -687 ] } { [ 3329 ][ -519 ] } { [ 294 ][ -4694 ] } { [ -3688 ] } { [ 3126 ] } { [ 4776 ][ -3361 ] } { [ -4611 ] } { [ -4406 ] } { [ -2791 ][ 1835 ] } { [ 3085 ] } { [ 1312 ] } { [ 4833 ] } { [ -2940 ] } { [ 4996 ] }
antes   de colapsar { [ 4421 ][ 1094 ][ 4887 ] } { [ -238 ] } { [ -4646 ][ -2228 ] } { [ -3883 ] } { [ 1329 ][ -3091 ] } { [ 2411 ] } { [ 442 ][ 4143 ][ -2421 ] } { [ 0 ][ -687 ] } { [ 3329 ][ -519 ] } { [ 294 ][ -4694 ] } { [ -3688 ][ 2661 ] } { [ 3126 ] } { [ 4776 ][ -3361 ] } { [ -4611 ] } { [ -4406 ] } { [ -2791 ][ 1835 ] } { [ 3085 ] } { [ 1312 ] } { [ 4833 ] } { [ -2940 ] } { [ 4996 ] } { [ 2451 ] }
despues de colapsar { [ 4421 ][ 1094 ][ 4887 ] } { [ -238 ] } { [ -4646 ][ -2228 ] } { [ -3883 ] } { [ 1329 ][ -3091 ] } { [ 2411 ] } { [ 442 ][ 4143 ][ -2421 ] } { [ 0 ][ -687 ] } { [ 3329 ][ -519 ] } { [ 294 ][ -4694 ] } { [ -3688 ][ 2661 ] } { [ 3126 ] } { [ 4776 ][ -3361 ] } { [ -4611 ] } { [ -4406 ] } { [ -2791 ][ 1835 ] } { [ 3085 ] } { [ 1312 ] } { [ 4833 ] } { [ -2940 ] } { [ 4996 ] } { [ 2451 ] }
antes   de colapsar { [ eh ] } { [ 9vimidh ] } { [ 5pie ] } { [ kbp6 ] } { [ qmh ][ jqj ] }
despues de colapsar { [ eh ] } { [ 9vimidh ] } { [ 5pie ] } { [ kbp6 ] } { [ qmh ][ jqj ] }
antes   de colapsar { [ eh ] } { [ 9vimidh ] } { [ 5pie ] } { [ kbp6 ] } { [ qmh ][ jqj ][ b2r ] } { [ kdnftxs9u ] }
despues de colapsar { [ eh ] } { [ 9vimidh ] } { [ 5pie ] } { [ kbp6 ] } { [ qmh ][ jqj ][ b2r ] } { [ kdnftxs9u ] }
antes   de colapsar { [ eh ] } { [ 9vimidh ] } { [ 5pie ] } { [ kbp6 ] } { [ qmh ][ jqj ][ b2r ] } { [ kdnftxs9u ] } { [ 2yh82u1v ] }
despues de colapsar { [ eh ] } { [ 9vimidh ] } { [ 5pie ] } { [ kbp6 ] } { [ qmh ][ jqj ][ b2r ] } { [ kdnftxs9u ] } { [ 2yh82u1v ] }
antes   de filtrar: { [ eh ] } { [ 9vimidh ] } { [ 5pie ] } { [ kbp6 ][ q0q4has1 ] } { [ qmh ][ jqj ][ b2r ] } { [ kdnftxs9u ] } { [ 2yh82u1v ] } { [ ef9hdq3o6f ][ bg86 ] } { [ o4p5ny4 ] } { [ bq4s ] }
despues de filtrar: { [ eh ] } { [ qmh ][ jqj ][ b2r ] }
antes   de filtrar: { [ eh ][ gc36 ] } { [ qmh ][ jqj ][ b2r ][ ii ] } { [ un ][ lvpd2sfuig ] } { [ f5f ] } { [ vp40c ][ uxtdu ] } { [ m6 ] } { [ uekvlv5u ] }
despues de filtrar: { [ eh ][ gc36 ] } { [ qmh ][ jqj ][ b2r ][ ii ] } { [ un ][ lvpd2sfuig ] }
antes   de filtrar: { [ eh ][ gc36 ] } { [ qmh ][ jqj ][ b2r ][ ii ][ j6 ] } { [ un ][ lvpd2sfuig ] }
despues de filtrar: { [ eh ][ gc36 ] } { [ qmh ][ jqj ][ b2r ][ ii ][ j6 ] } { [ un ][ lvpd2sfuig ] }
antes   de colapsar { [ eh ][ gc36 ] } { [ qmh ][ jqj ][ b2r ][ ii ][ j6 ] } { [ un ][ lvpd2sfuig ][ 1526c829v ] } { [ jxxsc8 ] }
despues de colapsar { [ eh ][ gc36 ] } { [ qmh ][ jqj ][ b2r ][ ii ][ j6 ] } { [ un ][ lvpd2sfuig ][ 1526c829v ] } { [ jxxsc8 ] }
antes   de colapsar { [ eh ][ gc36 ] } { [ qmh ][ jqj ][ b2r ][ ii ][ j6 ] } { [ un ][ lvpd2sfuig ][ 1526c829v ][ 7p45x6c7f ] } { [ jxxsc8 ] } { [ 5 ] } { [ 3a4mo2o ] } { [ 43n7nrs445 ][ li4cq ] } { [ mcrtvve ] } { [ 8ybnpnr0 ] } { [ y726 ] } { [ 0b6p5va24 ] } { [ i ][ eh32ilhg ] } { [ d ] } { [ 11kbipadj ] }
despues de colapsar { [ eh ][ gc36 ] } { [ qmh ][ jqj ][ b2r ][ ii ][ j6 ] } { [ un ][ lvpd2sfuig ][ 1526c829v ][ 7p45x6c7f ] } { [ jxxsc8 ] } { [ 5 ] } { [ 3a4mo2o ] } { [ 4l3in47cnq ] } { [ mcrtvve ] } { [ 8ybnpnr0 ] } { [ y726 ] } { [ 0b6p5va24 ] } { [ i ][ eh32ilhg ] } { [ d ] } { [ 11kbipadj ] }
antes   de colapsar { [ eh ][ gc36 ] } { [ qmh ][ jqj ][ b2r ][ ii ][ j6 ] } { [ un ][ lvpd2sfuig ][ 1526c829v ][ 7p45x6c7f ] } { [ jxxsc8 ] } { [ 5 ] } { [ 3a4mo2o ] } { [ 4l3in47cnq ] } { [ mcrtvve ] } { [ 8ybnpnr0 ] } { [ y726 ] } { [ 0b6p5va24 ] } { [ i ][ eh32ilhg ] } { [ d ] } { [ 11kbipadj ] }
despues de colapsar { [ eh ][ gc36 ] } { [ qmh ][ jqj ][ b2r ][ ii ][ j6 ] } { [ un ][ lvpd2sfuig ][ 1526c829v ][ 7p45x6c7f ] } { [ jxxsc8 ] } { [ 5 ] } { [ 3a4mo2o ] } { [ 4l3in47cnq ] } { [ mcrtvve ] } { [ 8ybnpnr0 ] } { [ y726 ] } { [ 0b6p5va24 ] } { [ i ][ eh32ilhg ] } { [ d ] } { [ 11kbipadj ] }
antes   de colapsar { [ eh ][ gc36 ] } { [ qmh ][ jqj ][ b2r ][ ii ][ j6 ] } { [ un ][ lvpd2sfuig ][ 1526c829v ][ 7p45x6c7f ] } { [ jxxsc8 ] } { [ 5 ] } { [ 3a4mo2o ] } { [ 4l3in47cnq ] } { [ mcrtvve ] } { [ 8ybnpnr0 ] } { [ y726 ] } { [ 0b6p5va24 ] } { [ i ][ eh32ilhg ] } { [ d ] } { [ 11kbipadj ] } { [ pal2yc ] } { [ k7gf16d0 ] } { [ q5d ] }
despues de colapsar { [ eh ][ gc36 ] } { [ qmh ][ jqj ][ b2r ][ ii ][ j6 ] } { [ un ][ lvpd2sfuig ][ 1526c829v ][ 7p45x6c7f ] } { [ jxxsc8 ] } { [ 5 ] } { [ 3a4mo2o ] } { [ 4l3in47cnq ] } { [ mcrtvve ] } { [ 8ybnpnr0 ] } { [ y726 ] } { [ 0b6p5va24 ] } { [ i ][ eh32ilhg ] } { [ d ] } { [ 11kbipadj ] } { [ pal2yc ] } { [ k7gf16d0 ] } { [ q5d ] }
antes   de colapsar { [ 59.097431 ][ 20.209193 ] } { [ -5.940653 ][ -14.101290 ] } { [ 19.042725 ] } { [ 18.886609 ][ 39.165332 ][ -7.634136 ] } { [ 67.297313 ] } { [ 62.218485 ] } { [ 46.318976 ] } { [ -21.731960 ] }
despues de colapsar { [ 59.097431 ][ 20.209193 ] } { [ -nan ] } { [ 19.042725 ] } { [ -nan ] } { [ 67.297313 ] } { [ 62.218485 ] } { [ 46.318976 ] } { [ -21.731960 ] }
antes   de colapsar { [ 59.097431 ][ 20.209193 ] } { [ -nan ] } { [ 19.042725 ] } { [ -nan ] } { [ 67.297313 ] } { [ 62.218485 ] } { [ 46.318976 ] } { [ -21.731960 ] }
despues de colapsar { [ 59.097431 ][ 20.209193 ] } { [ -nan ] } { [ 19.042725 ] } { [ -nan ] } { [ 67.297313 ] } { [ 62.218485 ] } { [ 46.318976 ] } { [ -21.731960 ] }
antes   de colapsar { [ 59.097431 ][ 20.209193 ] } { [ -nan ] } { [ 19.042725 ] } { [ -nan ] } { [ 67.297313 ] } { [ 62.218485 ] } { [ 46.318976 ] } { [ -21.731960 ] } { [ 59.711636 ] }
despues de colapsar { [ 59.097431 ][ 20.209193 ] } { [ -nan ] } { [ 19.042725 ] } { [ -nan ] } { [ 67.297313 ] } { [ 62.218485 ] } { [ 46.318976 ] } { [ -21.731960 ] } { [ 59.711636 ] }
antes   de colapsar { [ 59.097431 ][ 20.209193 ] } { [ -nan ] } { [ 19.042725 ] } { [ -nan ] } { [ 67.297313 ] } { [ 62.218485 ] } { [ 46.318976 ] } { [ -21.731960 ][ 64.137529 ][ 24.496308 ] } { [ 59.711636 ] } { [ 74.032299 ] } { [ 23.525938 ] } { [ 24.117991 ] } { [ 31.675735 ] } { [ 28.728983 ] } { [ -19.084125 ] } { [ 17.022256 ] }
despues de colapsar { [ 59.097431 ][ 20.209193 ] } { [ -nan ] } { [ 19.042725 ] } { [ -nan ] } { [ 67.297313 ] } { [ 62.218485 ] } { [ 46.318976 ] } { [ 5.568506 ] } { [ 59.711636 ] } { [ 74.032299 ] } { [ 23.525938 ] } { [ 24.117991 ] } { [ 31.675735 ] } { [ 28.728983 ] } { [ -19.084125 ] } { [ 17.022256 ] }
antes   de filtrar: { [ 59.097431 ][ 20.209193 ] } { [ -nan ] } { [ 19.042725 ] } { [ -nan ] } { [ 67.297313 ] } { [ 62.218485 ] } { [ 46.318976 ] } { [ 5.568506 ] } { [ 59.711636 ] } { [ 74.032299 ] } { [ 23.525938 ] } { [ 24.117991 ] } { [ 31.675735 ] } { [ 28.728983 ] } { [ -19.084125 ] } { [ 17.022256 ] } { [ 63.497110 ] }
despues de filtrar: { [ 59.097431 ][ 20.209193 ] } { [ -nan ] } { [ 19.042725 ] } { [ -nan ] } { [ 67.297313 ] } { [ 62.218485 ] } { [ 46.318976 ] } { [ 74.032299 ] } { [ 24.117991 ] } { [ -19.084125 ] } { [ 17.022256 ] } { [ 63.497110 ] }
antes   de colapsar { [ 59.097431 ][ 20.209193 ] } { [ -nan ] } { [ 19.042725 ] } { [ -nan ] } { [ 67.297313 ] } { [ 62.218485 ] } { [ 46.318976 ] } { [ 74.032299 ] } { [ 24.117991 ] } { [ -19.084125 ] } { [ 17.022256 ] } { [ 63.497110 ] } { [ 31.279561 ] } { [ 50.019531 ] }
despues de colapsar { [ 59.097431 ][ 20.209193 ] } { [ -nan ] } { [ 19.042725 ] } { [ -nan ] } { [ 67.297313 ] } { [ 62.218485 ] } { [ 46.318976 ] } { [ 74.032299 ] } { [ 24.117991 ] } { [ -19.084125 ] } { [ 17.022256 ] } { [ 63.497110 ] } { [ 31.279561 ] } { [ 50.019531 ] }
antes   de filtrar: { [ 59.097431 ][ 20.209193 ] } { [ -nan ] } { [ 19.042725 ] } { [ -nan ] } { [ 67.297313 ] } { [ 62.218485 ] } { [ 46.318976 ] } { [ 74.032299 ] } { [ 24.117991 ] } { [ -19.084125 ] } { [ 17.022256 ] } { [ 63.497110 ] } { [ 31.279561 ] } { [ 50.019531 ] } { [ 24.088188 ] } { [ 53.902918 ] } { [ 64.451613 ] }
despues de filtrar: { [ 59.097431 ][ 20.209193 ] } { [ -nan ] } { [ 19.042725 ] } { [ -nan ] } { [ 67.297313 ] } { [ 62.218485 ] } { [ 46.318976 ] } { [ 74.032299 ] } { [ 24.117991 ] } { [ -19.084125 ] } { [ 17.022256 ] } { [ 63.497110 ] } { [ 31.279561 ] } { [ 50.019531 ] } { [ 24.088188 ] } { [ 64.451613 ] }
antes   de filtrar: { [ 59.097431 ][ 20.209193 ] } { [ -nan ] } { [ 19.042725 ] } { [ -nan ] } { [ 67.297313 ] } { [ 62.218485 ] } { [ 46.318976 ] } { [ 74.032299 ] } { [ 24.117991 ] } { [ -19.084125 ] } { [ 17.022256 ] } { [ 63.497110 ] } { [ 31.279561 ] } { [ 50.019531 ] } { [ 24.088188 ] } { [ 64.451613 ] }
despues de filtrar: { [ 59.097431 ][ 20.209193 ] } { [ -nan ] } { [ 19.042725 ] } { [ -nan ] } { [ 67.297313 ] } { [ 62.218485 ] } { [ 46.318976 ] } { [ 74.032299 ] } { [ 24.117991 ] } { [ -19.084125 ] } { [ 17.022256 ] } { [ 63.497110 ] } { [ 31.279561 ] } { [ 50.019531 ] } { [ 24.088188 ] } { [ 64.451613 ] }
antes   de colapsar { [ 59.097431 ][ 20.209193 ] } { [ -nan ] } { [ 19.042725 ] } { [ -nan ] } { [ 67.297313 ] } { [ 62.218485 ] } { [ 46.318976 ] } { [ 74.032299 ] } { [ 24.117991 ] } { [ -19.084125 ] } { [ 17.022256 ] } { [ 63.497110 ] } { [ 31.279561 ] } { [ 50.019531 ] } { [ 24.088188 ] } { [ 64.451613 ] }
despues de colapsar { [ 59.097431 ][ 20.209193 ] } { [ -nan ] } { [ 19.042725 ] } { [ -nan ] } { [ 67.297313 ] } { [ 62.218485 ] } { [ 46.318976 ] } { [ 74.032299 ] } { [ 24.117991 ] } { [ -19.084125 ] } { [ 17.022256 ] } { [ 63.497110 ] } { [ 31.279561 ] } { [ 50.019531 ] } { [ 24.088188 ] } { [ 64.451613 ] }
antes   de colapsar { [ 59.097431 ][ 20.209193 ][ 28.765472 ] } { [ -nan ] } { [ 19.042725 ] } { [ -nan ] } { [ 67.297313 ] } { [ 62.218485 ] } { [ 46.318976 ] } { [ 74.032299 ] } { [ 24.117991 ] } { [ -19.084125 ] } { [ 17.022256 ] } { [ 63.497110 ] } { [ 31.279561 ] } { [ 50.019531 ] } { [ 24.088188 ] } { [ 64.451613 ] } { [ 27.030607 ] } { [ 30.889446 ][ -14.255558 ][ -12.531678 ] } { [ 60.847543 ] } { [ 2.302817 ][ 38.058555 ] } { [ 41.663159 ] } { [ -5.305564 ] } { [ 11.249234 ][ 72.444993 ] } { [ 12.580515 ] } { [ 40.358364 ] }
despues de colapsar { [ 59.097431 ][ 20.209193 ][ 28.765472 ] } { [ -nan ] } { [ 19.042725 ] } { [ -nan ] } { [ 67.297313 ] } { [ 62.218485 ] } { [ 46.318976 ] } { [ 74.032299 ] } { [ 24.117991 ] } { [ -19.084125 ] } { [ 17.022256 ] } { [ 63.497110 ] } { [ 31.279561 ] } { [ 50.019531 ] } { [ 24.088188 ] } { [ 64.451613 ] } { [ 27.030607 ] } { [ -nan ] } { [ 60.847543 ] } { [ 2.302817 ][ 38.058555 ] } { [ 41.663159 ] } { [ -5.305564 ] } { [ 11.249234 ][ 72.444993 ] } { [ 12.580515 ] } { [ 40.358364 ] }
