antes   de colapsar <vacia>despues de colapsar <vacia>antes   de filtrar: { [ 25.396176 ] } { [ -22.831172 ] }despues de filtrar: { [ 25.396176 ] }antes   de colapsar { [ 25.396176 ][ -1.540585 ] } { [ -19.590058 ] } { [ -8.198141 ] }