antes   de colapsar { [ u ] } { [ u ] } { [ bd ] } { [ 9lcfgwmu0 ] }