antes   de colapsar { [ -719 ] } { [ 2365 ][ -1178 ] } { [ -3960 ] } { [ -260 ] }