antes   de filtrar: { [ -4.690336 ] } { [ -4.374468 ] } { [ 39.841848 ] } { [ -15.908680 ] } { [ -12.081242 ] } { [ 15.219217 ] } { [ -3.567379 ] } { [ 47.681542 ] }
despues de filtrar: { [ -4.374468 ] } { [ -12.081242 ] } { [ 15.219217 ] }
antes   de filtrar: { [ -4.374468 ] } { [ -12.081242 ][ 10.329337 ][ 55.611370 ] } { [ 15.219217 ] } { [ -12.206851 ][ 61.570996 ] } { [ 48.730914 ] } { [ 57.817416 ] } { [ 71.298977 ] }
despues de filtrar: { [ -4.374468 ] } { [ -12.081242 ][ 10.329337 ][ 55.611370 ] } { [ 15.219217 ] } { [ -12.206851 ][ 61.570996 ] } { [ 71.298977 ] }
antes   de colapsar { [ -4.374468 ] } { [ -12.081242 ][ 10.329337 ][ 55.611370 ] } { [ 15.219217 ] } { [ -12.206851 ][ 61.570996 ] } { [ 71.298977 ] }
despues de colapsar { [ -4.374468 ] } { [ -12.081242 ][ 10.329337 ][ 55.611370 ] } { [ 15.219217 ] } { [ -12.206851 ][ 61.570996 ] } { [ 71.298977 ] }
antes   de colapsar { [ -4.374468 ][ 69.875595 ] } { [ -12.081242 ][ 10.329337 ][ 55.611370 ] } { [ 15.219217 ] } { [ -12.206851 ][ 61.570996 ][ 14.517941 ] } { [ 71.298977 ] } { [ 18.137050 ] } { [ 8.430295 ] } { [ 11.418648 ] } { [ -24.201110 ] } { [ 13.377078 ] }
despues de colapsar { [ -4.374468 ][ 69.875595 ] } { [ -12.081242 ][ 10.329337 ][ 55.611370 ] } { [ 15.219217 ] } { [ -12.206851 ][ 61.570996 ][ 14.517941 ] } { [ 71.298977 ] } { [ 18.137050 ] } { [ 8.430295 ] } { [ 11.418648 ] } { [ -24.201110 ] } { [ 13.377078 ] }
antes   de colapsar { [ -4.374468 ][ 69.875595 ] } { [ -12.081242 ][ 10.329337 ][ 55.611370 ] } { [ 15.219217 ] } { [ -12.206851 ][ 61.570996 ][ 14.517941 ] } { [ 71.298977 ] } { [ 18.137050 ] } { [ 8.430295 ] } { [ 11.418648 ] } { [ -24.201110 ] } { [ 13.377078 ] } { [ 20.505314 ] }
despues de colapsar { [ -4.374468 ][ 69.875595 ] } { [ -12.081242 ][ 10.329337 ][ 55.611370 ] } { [ 15.219217 ] } { [ -12.206851 ][ 61.570996 ][ 14.517941 ] } { [ 71.298977 ] } { [ 18.137050 ] } { [ 8.430295 ] } { [ 11.418648 ] } { [ -24.201110 ] } { [ 13.377078 ] } { [ 20.505314 ] }
antes   de colapsar { [ -4.374468 ][ 69.875595 ] } { [ -12.081242 ][ 10.329337 ][ 55.611370 ] } { [ 15.219217 ] } { [ -12.206851 ][ 61.570996 ][ 14.517941 ] } { [ 71.298977 ] } { [ 18.137050 ] } { [ 8.430295 ] } { [ 11.418648 ] } { [ -24.201110 ] } { [ 13.377078 ] } { [ 20.505314 ] } { [ -19.267460 ] }
despues de colapsar { [ -4.374468 ][ 69.875595 ] } { [ -12.081242 ][ 10.329337 ][ 55.611370 ] } { [ 15.219217 ] } { [ -12.206851 ][ 61.570996 ][ 14.517941 ] } { [ 71.298977 ] } { [ 18.137050 ] } { [ 8.430295 ] } { [ 11.418648 ] } { [ -24.201110 ] } { [ 13.377078 ] } { [ 20.505314 ] } { [ -19.267460 ] }
antes   de colapsar { [ -4.374468 ][ 69.875595 ] } { [ -12.081242 ][ 10.329337 ][ 55.611370 ] } { [ 15.219217 ] } { [ -12.206851 ][ 61.570996 ][ 14.517941 ] } { [ 71.298977 ] } { [ 18.137050 ] } { [ 8.430295 ] } { [ 11.418648 ] } { [ -24.201110 ][ 48.891491 ] } { [ 13.377078 ] } { [ 20.505314 ] } { [ -19.267460 ] } { [ 66.967913 ] } { [ 70.635856 ] } { [ 38.778493 ] } { [ 18.778984 ] }
despues de colapsar { [ -4.374468 ][ 69.875595 ] } { [ -12.081242 ][ 10.329337 ][ 55.611370 ] } { [ 15.219217 ] } { [ -12.206851 ][ 61.570996 ][ 14.517941 ] } { [ 71.298977 ] } { [ 18.137050 ] } { [ 8.430295 ] } { [ 11.418648 ] } { [ -24.201110 ][ 48.891491 ] } { [ 13.377078 ] } { [ 20.505314 ] } { [ -19.267460 ] } { [ 66.967913 ] } { [ 70.635856 ] } { [ 38.778493 ] } { [ 18.778984 ] }
antes   de colapsar { [ -4.374468 ][ 69.875595 ] } { [ -12.081242 ][ 10.329337 ][ 55.611370 ] } { [ 15.219217 ] } { [ -12.206851 ][ 61.570996 ][ 14.517941 ] } { [ 71.298977 ] } { [ 18.137050 ] } { [ 8.430295 ] } { [ 11.418648 ] } { [ -24.201110 ][ 48.891491 ] } { [ 13.377078 ] } { [ 20.505314 ] } { [ -19.267460 ] } { [ 66.967913 ] } { [ 70.635856 ] } { [ 38.778493 ] } { [ 18.778984 ] } { [ -0.072237 ] }
despues de colapsar { [ -4.374468 ][ 69.875595 ] } { [ -12.081242 ][ 10.329337 ][ 55.611370 ] } { [ 15.219217 ] } { [ -12.206851 ][ 61.570996 ][ 14.517941 ] } { [ 71.298977 ] } { [ 18.137050 ] } { [ 8.430295 ] } { [ 11.418648 ] } { [ -24.201110 ][ 48.891491 ] } { [ 13.377078 ] } { [ 20.505314 ] } { [ -19.267460 ] } { [ 66.967913 ] } { [ 70.635856 ] } { [ 38.778493 ] } { [ 18.778984 ] } { [ -0.072237 ] }
antes   de colapsar { [ -4.374468 ][ 69.875595 ] } { [ -12.081242 ][ 10.329337 ][ 55.611370 ] } { [ 15.219217 ][ 16.397989 ] } { [ -12.206851 ][ 61.570996 ][ 14.517941 ][ -11.324390 ][ 21.776553 ] } { [ 71.298977 ][ 29.108108 ] } { [ 18.137050 ] } { [ 8.430295 ] } { [ 11.418648 ][ -16.469542 ] } { [ -24.201110 ][ 48.891491 ] } { [ 13.377078 ][ 13.756543 ] } { [ 20.505314 ] } { [ -19.267460 ] } { [ 66.967913 ] } { [ 70.635856 ] } { [ 38.778493 ] } { [ 18.778984 ] } { [ -0.072237 ] } { [ 55.550268 ] } { [ 14.555341 ] } { [ -6.946199 ] } { [ -0.109261 ] } { [ 18.521919 ] } { [ -4.320814 ] } { [ 21.523928 ] }
despues de colapsar { [ -4.374468 ][ 69.875595 ] } { [ -12.081242 ][ 10.329337 ][ 55.611370 ] } { [ 15.219217 ][ 16.397989 ] } { [ -12.206851 ][ 61.570996 ][ 14.517941 ][ -11.324390 ][ 21.776553 ] } { [ 71.298977 ][ 29.108108 ] } { [ 18.137050 ] } { [ 8.430295 ] } { [ 11.418648 ][ -16.469542 ] } { [ -24.201110 ][ 48.891491 ] } { [ 13.377078 ][ 13.756543 ] } { [ 20.505314 ] } { [ -19.267460 ] } { [ 66.967913 ] } { [ 70.635856 ] } { [ 38.778493 ] } { [ 18.778984 ] } { [ -0.072237 ] } { [ 55.550268 ] } { [ 14.555341 ] } { [ -6.946199 ] } { [ -0.109261 ] } { [ 18.521919 ] } { [ -4.320814 ] } { [ 21.523928 ] }
antes   de filtrar: { [ -4.374468 ][ 69.875595 ] } { [ -12.081242 ][ 10.329337 ][ 55.611370 ] } { [ 15.219217 ][ 16.397989 ] } { [ -12.206851 ][ 61.570996 ][ 14.517941 ][ -11.324390 ][ 21.776553 ] } { [ 71.298977 ][ 29.108108 ] } { [ 18.137050 ] } { [ 8.430295 ] } { [ 11.418648 ][ -16.469542 ] } { [ -24.201110 ][ 48.891491 ] } { [ 13.377078 ][ 13.756543 ] } { [ 20.505314 ] } { [ -19.267460 ] } { [ 66.967913 ] } { [ 70.635856 ] } { [ 38.778493 ] } { [ 18.778984 ] } { [ -0.072237 ] } { [ 55.550268 ] } { [ 14.555341 ] } { [ -6.946199 ] } { [ -0.109261 ] } { [ 18.521919 ] } { [ -4.320814 ] } { [ 21.523928 ] } { [ 34.178248 ] } { [ -20.782044 ] } { [ -3.797153 ] } { [ -20.046840 ] } { [ 67.424969 ] }
despues de filtrar: { [ -4.374468 ][ 69.875595 ] } { [ -12.081242 ][ 10.329337 ][ 55.611370 ] } { [ 15.219217 ][ 16.397989 ] } { [ -12.206851 ][ 61.570996 ][ 14.517941 ][ -11.324390 ][ 21.776553 ] } { [ 71.298977 ][ 29.108108 ] } { [ 18.137050 ] } { [ 8.430295 ] } { [ 11.418648 ][ -16.469542 ] } { [ -24.201110 ][ 48.891491 ] } { [ 13.377078 ][ 13.756543 ] } { [ -19.267460 ] } { [ -0.072237 ] } { [ -0.109261 ] } { [ -4.320814 ] } { [ 34.178248 ] } { [ -20.046840 ] } { [ 67.424969 ] }
antes   de colapsar { [ iv4l0w8pu5 ][ 7mqgej ] } { [ 12tn ] } { [ trc ][ po0b ][ we5 ] }
despues de colapsar { [ i7vm4qlg0e ] } { [ 12tn ] } { [ trc ][ po0b ][ we5 ] }
antes   de filtrar: { [ i7vm4qlg0e ] } { [ 12tn ][ urib ] } { [ trc ][ po0b ][ we5 ][ 1pay88oo ] } { [ tyrorkyk ][ 5beh8lhw ] } { [ dqc3omh ][ h ] } { [ 1ae4h3v ] } { [ b ] } { [ 7ace5 ] }
despues de filtrar: { [ trc ][ po0b ][ we5 ][ 1pay88oo ] } { [ tyrorkyk ][ 5beh8lhw ] } { [ b ] }
antes   de colapsar { [ trc ][ po0b ][ we5 ][ 1pay88oo ] } { [ tyrorkyk ][ 5beh8lhw ] } { [ b ] } { [ 31gm2adjk3 ] }
despues de colapsar { [ trc ][ po0b ][ we5 ][ 1pay88oo ] } { [ tyrorkyk ][ 5beh8lhw ] } { [ b ] } { [ 31gm2adjk3 ] }
antes   de colapsar { [ trc ][ po0b ][ we5 ][ 1pay88oo ] } { [ tyrorkyk ][ 5beh8lhw ] } { [ b ] } { [ 31gm2adjk3 ] } { [ c7vcwjsoc0 ] } { [ ru6e5157 ] } { [ c53 ] } { [ 2q ] }
despues de colapsar { [ trc ][ po0b ][ we5 ][ 1pay88oo ] } { [ tyrorkyk ][ 5beh8lhw ] } { [ b ] } { [ 31gm2adjk3 ] } { [ c7vcwjsoc0 ] } { [ ru6e5157 ] } { [ c53 ] } { [ 2q ] }
antes   de colapsar { [ trc ][ po0b ][ we5 ][ 1pay88oo ] } { [ tyrorkyk ][ 5beh8lhw ] } { [ b ] } { [ 31gm2adjk3 ] } { [ c7vcwjsoc0 ] } { [ ru6e5157 ] } { [ c53 ] } { [ 2q ] } { [ i4f ][ 9uf5md ] }
despues de colapsar { [ trc ][ po0b ][ we5 ][ 1pay88oo ] } { [ tyrorkyk ][ 5beh8lhw ] } { [ b ] } { [ 31gm2adjk3 ] } { [ c7vcwjsoc0 ] } { [ ru6e5157 ] } { [ c53 ] } { [ 2q ] } { [ i94uff5md ] }
antes   de filtrar: { [ trc ][ po0b ][ we5 ][ 1pay88oo ] } { [ tyrorkyk ][ 5beh8lhw ] } { [ b ] } { [ 31gm2adjk3 ] } { [ c7vcwjsoc0 ][ w9842 ] } { [ ru6e5157 ] } { [ c53 ] } { [ 2q ] } { [ i94uff5md ] } { [ x1qs9 ] }
despues de filtrar: { [ trc ][ po0b ][ we5 ][ 1pay88oo ] } { [ tyrorkyk ][ 5beh8lhw ] } { [ b ] }
antes   de colapsar { [ trc ][ po0b ][ we5 ][ 1pay88oo ] } { [ tyrorkyk ][ 5beh8lhw ] } { [ b ][ dxnx645w0 ] } { [ 2eu ] } { [ elwutdq6n ] } { [ air1cn76fb ] } { [ hniykvdg ] } { [ miioyou ] } { [ oxvjwgo4 ] } { [ 3t8 ] } { [ 80ql ] } { [ jee ] } { [ 5m7m ] } { [ gofpi ] } { [ l2sjr972m ] }
despues de colapsar { [ trc ][ po0b ][ we5 ][ 1pay88oo ] } { [ tyrorkyk ][ 5beh8lhw ] } { [ b ][ dxnx645w0 ] } { [ 2eu ] } { [ elwutdq6n ] } { [ air1cn76fb ] } { [ hniykvdg ] } { [ miioyou ] } { [ oxvjwgo4 ] } { [ 3t8 ] } { [ 80ql ] } { [ jee ] } { [ 5m7m ] } { [ gofpi ] } { [ l2sjr972m ] }
antes   de colapsar { [ trc ][ po0b ][ we5 ][ 1pay88oo ] } { [ tyrorkyk ][ 5beh8lhw ] } { [ b ][ dxnx645w0 ] } { [ 2eu ] } { [ elwutdq6n ] } { [ air1cn76fb ] } { [ hniykvdg ] } { [ miioyou ] } { [ oxvjwgo4 ] } { [ 3t8 ] } { [ 80ql ] } { [ jee ] } { [ 5m7m ] } { [ gofpi ] } { [ l2sjr972m ] }
despues de colapsar { [ trc ][ po0b ][ we5 ][ 1pay88oo ] } { [ tyrorkyk ][ 5beh8lhw ] } { [ b ][ dxnx645w0 ] } { [ 2eu ] } { [ elwutdq6n ] } { [ air1cn76fb ] } { [ hniykvdg ] } { [ miioyou ] } { [ oxvjwgo4 ] } { [ 3t8 ] } { [ 80ql ] } { [ jee ] } { [ 5m7m ] } { [ gofpi ] } { [ l2sjr972m ] }
antes   de filtrar: { [ trc ][ po0b ][ we5 ][ 1pay88oo ] } { [ tyrorkyk ][ 5beh8lhw ] } { [ b ][ dxnx645w0 ] } { [ 2eu ] } { [ elwutdq6n ] } { [ air1cn76fb ] } { [ hniykvdg ] } { [ miioyou ] } { [ oxvjwgo4 ] } { [ 3t8 ] } { [ 80ql ] } { [ jee ] } { [ 5m7m ] } { [ gofpi ] } { [ l2sjr972m ] }
despues de filtrar: { [ trc ][ po0b ][ we5 ][ 1pay88oo ] } { [ tyrorkyk ][ 5beh8lhw ] } { [ b ][ dxnx645w0 ] } { [ hniykvdg ] } { [ miioyou ] } { [ jee ] } { [ gofpi ] }
antes   de colapsar { [ trc ][ po0b ][ we5 ][ 1pay88oo ] } { [ tyrorkyk ][ 5beh8lhw ] } { [ b ][ dxnx645w0 ] } { [ hniykvdg ] } { [ miioyou ] } { [ jee ] } { [ gofpi ] } { [ 9sr ] } { [ c2w ] } { [ n5xq9 ] }
despues de colapsar { [ trc ][ po0b ][ we5 ][ 1pay88oo ] } { [ tyrorkyk ][ 5beh8lhw ] } { [ b ][ dxnx645w0 ] } { [ hniykvdg ] } { [ miioyou ] } { [ jee ] } { [ gofpi ] } { [ 9sr ] } { [ c2w ] } { [ n5xq9 ] }
antes   de filtrar: { [ 5fsv ] } { [ 478ot2fy ][ ylqa75eny ] } { [ k22lvc ][ mkmiqxpw ] } { [ qstf ] } { [ t9o ] }
despues de filtrar: { [ qstf ] }
antes   de colapsar { [ qstf ] } { [ utgh8jtu3s ][ ti7f ] } { [ r ] } { [ yg7j4vuw8 ] } { [ 3x08 ] } { [ 84tabkl ] } { [ umm47gwxi0 ] } { [ 6qdblfch1 ] } { [ 77tr31c1a ] } { [ w3pm8 ] } { [ gyxo5ut ] } { [ re4j3206ac ] } { [ kkpgw4q ] } { [ q0lkmatgla ] }
despues de colapsar { [ qstf ] } { [ uttig7hf8j ] } { [ r ] } { [ yg7j4vuw8 ] } { [ 3x08 ] } { [ 84tabkl ] } { [ umm47gwxi0 ] } { [ 6qdblfch1 ] } { [ 77tr31c1a ] } { [ w3pm8 ] } { [ gyxo5ut ] } { [ re4j3206ac ] } { [ kkpgw4q ] } { [ q0lkmatgla ] }
antes   de filtrar: { [ qstf ][ m0bij8 ] } { [ uttig7hf8j ] } { [ r ] } { [ yg7j4vuw8 ] } { [ 3x08 ] } { [ 84tabkl ] } { [ umm47gwxi0 ] } { [ 6qdblfch1 ] } { [ 77tr31c1a ] } { [ w3pm8 ] } { [ gyxo5ut ] } { [ re4j3206ac ] } { [ kkpgw4q ] } { [ q0lkmatgla ] } { [ md ] }
despues de filtrar: { [ qstf ][ m0bij8 ] } { [ r ] } { [ md ] }
antes   de colapsar { [ qstf ][ m0bij8 ] } { [ r ] } { [ md ] } { [ ul8jl1 ] }
despues de colapsar { [ qstf ][ m0bij8 ] } { [ r ] } { [ md ] } { [ ul8jl1 ] }
antes   de colapsar { [ qstf ][ m0bij8 ] } { [ r ] } { [ md ] } { [ ul8jl1 ] }
despues de colapsar { [ qstf ][ m0bij8 ] } { [ r ] } { [ md ] } { [ ul8jl1 ] }
antes   de colapsar { [ qstf ][ m0bij8 ] } { [ r ] } { [ md ] } { [ ul8jl1 ] } { [ sxb5o08f4 ] } { [ ujv ] } { [ wu4 ] }
despues de colapsar { [ qstf ][ m0bij8 ] } { [ r ] } { [ md ] } { [ ul8jl1 ] } { [ sxb5o08f4 ] } { [ ujv ] } { [ wu4 ] }
antes   de colapsar { [ qstf ][ m0bij8 ] } { [ r ] } { [ md ] } { [ ul8jl1 ] } { [ sxb5o08f4 ] } { [ ujv ][ n6ed ] } { [ wu4 ][ si ] }
despues de colapsar { [ qstf ][ m0bij8 ] } { [ r ] } { [ md ] } { [ ul8jl1 ] } { [ sxb5o08f4 ] } { [ ujv ][ n6ed ] } { [ wsui4 ] }
antes   de colapsar { [ qstf ][ m0bij8 ] } { [ r ] } { [ md ] } { [ ul8jl1 ] } { [ sxb5o08f4 ] } { [ ujv ][ n6ed ] } { [ wsui4 ] } { [ t ] }
despues de colapsar { [ qstf ][ m0bij8 ] } { [ r ] } { [ md ] } { [ ul8jl1 ] } { [ sxb5o08f4 ] } { [ ujv ][ n6ed ] } { [ wsui4 ] } { [ t ] }
antes   de filtrar: { [ qstf ][ m0bij8 ] } { [ r ] } { [ md ][ 9368 ] } { [ ul8jl1 ] } { [ sxb5o08f4 ] } { [ ujv ][ n6ed ] } { [ wsui4 ] } { [ t ] } { [ ah ] }
despues de filtrar: { [ qstf ][ m0bij8 ] } { [ r ] } { [ md ][ 9368 ] } { [ ujv ][ n6ed ] } { [ t ] } { [ ah ] }
antes   de colapsar { [ qstf ][ m0bij8 ] } { [ r ] } { [ md ][ 9368 ] } { [ ujv ][ n6ed ] } { [ t ][ d0l7k8 ][ 5n2vvr3 ] } { [ ah ] } { [ g7q03k1 ] } { [ 9o60h4b ] } { [ 41fvn2 ] } { [ f ] } { [ xtf6rwh ][ iw9gmd9iw ] } { [ d50ar ] }
despues de colapsar { [ qstf ][ m0bij8 ] } { [ r ] } { [ md ][ 9368 ] } { [ ujv ][ n6ed ] } { [ t ][ d0l7k8 ][ 5n2vvr3 ] } { [ ah ] } { [ g7q03k1 ] } { [ 9o60h4b ] } { [ 41fvn2 ] } { [ f ] } { [ xitwf96grm ] } { [ d50ar ] }
antes   de filtrar: { [ 65.145040 ] } { [ 67.979686 ] }
despues de filtrar: { [ 65.145040 ] }
antes   de colapsar { [ 65.145040 ] } { [ 38.406895 ] }
despues de colapsar { [ 65.145040 ] } { [ 38.406895 ] }
antes   de colapsar { [ 65.145040 ][ -23.120561 ] } { [ 38.406895 ] } { [ -11.639355 ] } { [ 12.320598 ] }
despues de colapsar { [ 65.145040 ][ -23.120561 ] } { [ 38.406895 ] } { [ -11.639355 ] } { [ 12.320598 ] }
antes   de colapsar { [ 65.145040 ][ -23.120561 ][ -3.692585 ][ -4.304043 ] } { [ 38.406895 ][ 60.002325 ] } { [ -11.639355 ][ 56.575046 ] } { [ 12.320598 ] }
despues de colapsar { [ 65.145040 ][ -23.120561 ][ -3.692585 ][ -4.304043 ] } { [ 38.406895 ][ 60.002325 ] } { [ 6.703409 ] } { [ 12.320598 ] }
antes   de colapsar { [ 65.145040 ][ -23.120561 ][ -3.692585 ][ -4.304043 ] } { [ 38.406895 ][ 60.002325 ] } { [ 6.703409 ] } { [ 12.320598 ] } { [ 67.152030 ] } { [ 15.971421 ] }
despues de colapsar { [ 65.145040 ][ -23.120561 ][ -3.692585 ][ -4.304043 ] } { [ 38.406895 ][ 60.002325 ] } { [ 6.703409 ] } { [ 12.320598 ] } { [ 67.152030 ] } { [ 15.971421 ] }
antes   de filtrar: { [ 65.145040 ][ -23.120561 ][ -3.692585 ][ -4.304043 ] } { [ 38.406895 ][ 60.002325 ] } { [ 6.703409 ] } { [ 12.320598 ] } { [ 67.152030 ] } { [ 15.971421 ] } { [ -23.559140 ] }
despues de filtrar: { [ 65.145040 ][ -23.120561 ][ -3.692585 ][ -4.304043 ] } { [ 38.406895 ][ 60.002325 ] } { [ 12.320598 ] } { [ 67.152030 ] }
antes   de colapsar { [ 65.145040 ][ -23.120561 ][ -3.692585 ][ -4.304043 ][ 4.047167 ] } { [ 38.406895 ][ 60.002325 ] } { [ 12.320598 ] } { [ 67.152030 ] } { [ 59.892022 ][ 59.619164 ] } { [ 74.753435 ] } { [ 16.267794 ] }
despues de colapsar { [ 65.145040 ][ -23.120561 ][ -3.692585 ][ -4.304043 ][ 4.047167 ] } { [ 38.406895 ][ 60.002325 ] } { [ 12.320598 ] } { [ 67.152030 ] } { [ 10.932117 ] } { [ 74.753435 ] } { [ 16.267794 ] }
antes   de filtrar: { [ 65.145040 ][ -23.120561 ][ -3.692585 ][ -4.304043 ][ 4.047167 ] } { [ 38.406895 ][ 60.002325 ] } { [ 12.320598 ] } { [ 67.152030 ] } { [ 10.932117 ] } { [ 74.753435 ] } { [ 16.267794 ] } { [ 35.955521 ] } { [ -14.629571 ] }
despues de filtrar: { [ 65.145040 ][ -23.120561 ][ -3.692585 ][ -4.304043 ][ 4.047167 ] } { [ 38.406895 ][ 60.002325 ] } { [ 12.320598 ] } { [ 67.152030 ] } { [ 16.267794 ] }
antes   de colapsar { [ 65.145040 ][ -23.120561 ][ -3.692585 ][ -4.304043 ][ 4.047167 ] } { [ 38.406895 ][ 60.002325 ] } { [ 12.320598 ] } { [ 67.152030 ] } { [ 16.267794 ][ 23.827671 ] }
despues de colapsar { [ 65.145040 ][ -23.120561 ][ -3.692585 ][ -4.304043 ][ 4.047167 ] } { [ 38.406895 ][ 60.002325 ] } { [ 12.320598 ] } { [ 67.152030 ] } { [ 16.267794 ][ 23.827671 ] }
antes   de colapsar { [ 65.145040 ][ -23.120561 ][ -3.692585 ][ -4.304043 ][ 4.047167 ] } { [ 38.406895 ][ 60.002325 ] } { [ 12.320598 ] } { [ 67.152030 ] } { [ 16.267794 ][ 23.827671 ] }
despues de colapsar { [ 65.145040 ][ -23.120561 ][ -3.692585 ][ -4.304043 ][ 4.047167 ] } { [ 38.406895 ][ 60.002325 ] } { [ 12.320598 ] } { [ 67.152030 ] } { [ 16.267794 ][ 23.827671 ] }
antes   de colapsar { [ -2310 ] } { [ 3606 ] } { [ 4172 ][ 2757 ] }
despues de colapsar { [ -2310 ] } { [ 3606 ] } { [ 4172 ][ 2757 ] }
antes   de colapsar { [ -2310 ][ -1032 ] } { [ 3606 ] } { [ 4172 ][ 2757 ][ 185 ] } { [ -545 ][ 1816 ] } { [ 961 ] } { [ -2365 ] } { [ 2737 ] }
despues de colapsar { [ 1543 ] } { [ 3606 ] } { [ 4172 ][ 2757 ][ 185 ] } { [ -545 ][ 1816 ] } { [ 961 ] } { [ -2365 ] } { [ 2737 ] }
antes   de filtrar: { [ 1543 ] } { [ 3606 ] } { [ 4172 ][ 2757 ][ 185 ] } { [ -545 ][ 1816 ] } { [ 961 ] } { [ -2365 ] } { [ 2737 ] }
despues de filtrar: { [ 1543 ] } { [ 4172 ][ 2757 ][ 185 ] } { [ -545 ][ 1816 ] } { [ 961 ] } { [ -2365 ] } { [ 2737 ] }
antes   de filtrar: { [ 1543 ] } { [ 4172 ][ 2757 ][ 185 ] } { [ -545 ][ 1816 ] } { [ 961 ][ -3255 ] } { [ -2365 ] } { [ 2737 ] } { [ 104 ] }
despues de filtrar: { [ 1543 ] } { [ 4172 ][ 2757 ][ 185 ] } { [ -545 ][ 1816 ] } { [ 961 ][ -3255 ] } { [ -2365 ] } { [ 2737 ] }
antes   de colapsar { [ 1543 ] } { [ 4172 ][ 2757 ][ 185 ] } { [ -545 ][ 1816 ] } { [ 961 ][ -3255 ] } { [ -2365 ] } { [ 2737 ] } { [ 523 ] }
despues de colapsar { [ 1543 ] } { [ 4172 ][ 2757 ][ 185 ] } { [ -545 ][ 1816 ] } { [ 961 ][ -3255 ] } { [ -2365 ] } { [ 2737 ] } { [ 523 ] }
antes   de colapsar { [ 1543 ] } { [ 4172 ][ 2757 ][ 185 ] } { [ -545 ][ 1816 ] } { [ 961 ][ -3255 ] } { [ -2365 ] } { [ 2737 ] } { [ 523 ] } { [ 1350 ] } { [ 742 ][ 2965 ] } { [ 730 ] } { [ 293 ] } { [ -1931 ] }
despues de colapsar { [ 1543 ] } { [ 4172 ][ 2757 ][ 185 ] } { [ -545 ][ 1816 ] } { [ 961 ][ -3255 ] } { [ -2365 ] } { [ 2737 ] } { [ 523 ] } { [ 1350 ] } { [ 742 ][ 2965 ] } { [ 730 ] } { [ 293 ] } { [ -1931 ] }
antes   de colapsar { [ 1543 ] } { [ 4172 ][ 2757 ][ 185 ] } { [ -545 ][ 1816 ] } { [ 961 ][ -3255 ] } { [ -2365 ] } { [ 2737 ] } { [ 523 ] } { [ 1350 ] } { [ 742 ][ 2965 ][ -3986 ] } { [ 730 ] } { [ 293 ] } { [ -1931 ] } { [ 795 ] } { [ 1483 ] } { [ 4314 ] } { [ 3852 ] }
despues de colapsar { [ 1543 ] } { [ 4172 ][ 2757 ][ 185 ] } { [ -545 ][ 1816 ] } { [ 961 ][ -3255 ] } { [ -2365 ] } { [ 2737 ] } { [ 523 ] } { [ 1350 ] } { [ 742 ][ 2965 ][ -3986 ] } { [ 730 ] } { [ 293 ] } { [ -1931 ] } { [ 795 ] } { [ 1483 ] } { [ 4314 ] } { [ 3852 ] }
antes   de colapsar { [ 1543 ][ 4326 ] } { [ 4172 ][ 2757 ][ 185 ] } { [ -545 ][ 1816 ] } { [ 961 ][ -3255 ] } { [ -2365 ] } { [ 2737 ] } { [ 523 ] } { [ 1350 ][ -4117 ] } { [ 742 ][ 2965 ][ -3986 ] } { [ 730 ] } { [ 293 ] } { [ -1931 ] } { [ 795 ] } { [ 1483 ][ -1012 ] } { [ 4314 ] } { [ 3852 ] } { [ -1660 ] } { [ 2366 ] } { [ 1322 ] } { [ 3124 ] } { [ 1079 ] }
despues de colapsar { [ 1543 ][ 4326 ] } { [ 4172 ][ 2757 ][ 185 ] } { [ -545 ][ 1816 ] } { [ 961 ][ -3255 ] } { [ -2365 ] } { [ 2737 ] } { [ 523 ] } { [ 0 ] } { [ 742 ][ 2965 ][ -3986 ] } { [ 730 ] } { [ 293 ] } { [ -1931 ] } { [ 795 ] } { [ 1483 ][ -1012 ] } { [ 4314 ] } { [ 3852 ] } { [ -1660 ] } { [ 2366 ] } { [ 1322 ] } { [ 3124 ] } { [ 1079 ] }
antes   de filtrar: { [ 1543 ][ 4326 ] } { [ 4172 ][ 2757 ][ 185 ] } { [ -545 ][ 1816 ] } { [ 961 ][ -3255 ] } { [ -2365 ] } { [ 2737 ] } { [ 523 ] } { [ 0 ] } { [ 742 ][ 2965 ][ -3986 ] } { [ 730 ][ -2159 ] } { [ 293 ] } { [ -1931 ] } { [ 795 ] } { [ 1483 ][ -1012 ] } { [ 4314 ][ 1033 ] } { [ 3852 ] } { [ -1660 ] } { [ 2366 ] } { [ 1322 ] } { [ 3124 ] } { [ 1079 ] } { [ -4594 ] }
despues de filtrar: { [ 1543 ][ 4326 ] } { [ 4172 ][ 2757 ][ 185 ] } { [ -545 ][ 1816 ] } { [ 961 ][ -3255 ] } { [ -2365 ] } { [ 2737 ] } { [ 523 ] } { [ 0 ] } { [ 742 ][ 2965 ][ -3986 ] } { [ 293 ] } { [ -1931 ] } { [ 795 ] } { [ 1483 ][ -1012 ] } { [ 4314 ][ 1033 ] } { [ 3852 ] } { [ 2366 ] } { [ 1322 ] } { [ 3124 ] } { [ -4594 ] }
antes   de colapsar { [ 1543 ][ 4326 ] } { [ 4172 ][ 2757 ][ 185 ] } { [ -545 ][ 1816 ][ 386 ] } { [ 961 ][ -3255 ] } { [ -2365 ] } { [ 2737 ] } { [ 523 ] } { [ 0 ] } { [ 742 ][ 2965 ][ -3986 ] } { [ 293 ] } { [ -1931 ] } { [ 795 ][ -1203 ] } { [ 1483 ][ -1012 ] } { [ 4314 ][ 1033 ] } { [ 3852 ] } { [ 2366 ] } { [ 1322 ] } { [ 3124 ] } { [ -4594 ] } { [ 4750 ] } { [ 4075 ] } { [ -2882 ] } { [ 1112 ] } { [ 3999 ] } { [ -1300 ] }
despues de colapsar { [ 1543 ][ 4326 ] } { [ 4172 ][ 2757 ][ 185 ] } { [ -545 ][ 1816 ][ 386 ] } { [ 961 ][ -3255 ] } { [ -2365 ] } { [ 2737 ] } { [ 523 ] } { [ 0 ] } { [ 742 ][ 2965 ][ -3986 ] } { [ 293 ] } { [ -1931 ] } { [ 795 ][ -1203 ] } { [ 1483 ][ -1012 ] } { [ 4314 ][ 1033 ] } { [ 3852 ] } { [ 2366 ] } { [ 1322 ] } { [ 3124 ] } { [ -4594 ] } { [ 4750 ] } { [ 4075 ] } { [ -2882 ] } { [ 1112 ] } { [ 3999 ] } { [ -1300 ] }
