antes   de colapsar <vacia>
despues de colapsar <vacia>
antes   de colapsar { [ 54.160772 ] }
despues de colapsar { [ 54.160772 ] }
antes   de colapsar { [ 54.160772 ][ -1.381666 ] } { [ 35.273433 ] }
despues de colapsar { [ 54.160772 ][ -1.381666 ] } { [ 35.273433 ] }
antes   de colapsar { [ 54.160772 ][ -1.381666 ] } { [ 35.273433 ][ 7.703962 ] } { [ 47.320920 ][ -24.598391 ] } { [ 12.469603 ][ 13.554998 ] } { [ 30.143783 ] } { [ 73.792173 ] } { [ 14.160223 ] } { [ 14.885960 ] } { [ 35.017457 ] } { [ 65.921830 ] }
despues de colapsar { [ 54.160772 ][ -1.381666 ] } { [ 35.273433 ][ 7.703962 ] } { [ 47.320920 ][ -24.598391 ] } { [ 12.469603 ][ 13.554998 ] } { [ 30.143783 ] } { [ 73.792173 ] } { [ 14.160223 ] } { [ 14.885960 ] } { [ 35.017457 ] } { [ 65.921830 ] }
antes   de colapsar { [ 54.160772 ][ -1.381666 ] } { [ 35.273433 ][ 7.703962 ] } { [ 47.320920 ][ -24.598391 ] } { [ 12.469603 ][ 13.554998 ] } { [ 30.143783 ] } { [ 73.792173 ] } { [ 14.160223 ] } { [ 14.885960 ] } { [ 35.017457 ] } { [ 65.921830 ] }
despues de colapsar { [ 54.160772 ][ -1.381666 ] } { [ 35.273433 ][ 7.703962 ] } { [ 47.320920 ][ -24.598391 ] } { [ 12.469603 ][ 13.554998 ] } { [ 30.143783 ] } { [ 73.792173 ] } { [ 14.160223 ] } { [ 14.885960 ] } { [ 35.017457 ] } { [ 65.921830 ] }
antes   de colapsar { [ 54.160772 ][ -1.381666 ] } { [ 35.273433 ][ 7.703962 ] } { [ 47.320920 ][ -24.598391 ] } { [ 12.469603 ][ 13.554998 ] } { [ 30.143783 ] } { [ 73.792173 ] } { [ 14.160223 ] } { [ 14.885960 ] } { [ 35.017457 ] } { [ 65.921830 ] } { [ 51.348681 ] }
despues de colapsar { [ 54.160772 ][ -1.381666 ] } { [ 35.273433 ][ 7.703962 ] } { [ 47.320920 ][ -24.598391 ] } { [ 12.469603 ][ 13.554998 ] } { [ 30.143783 ] } { [ 73.792173 ] } { [ 14.160223 ] } { [ 14.885960 ] } { [ 35.017457 ] } { [ 65.921830 ] } { [ 51.348681 ] }
antes   de colapsar { [ 54.160772 ][ -1.381666 ] } { [ 35.273433 ][ 7.703962 ] } { [ 47.320920 ][ -24.598391 ] } { [ 12.469603 ][ 13.554998 ] } { [ 30.143783 ] } { [ 73.792173 ] } { [ 14.160223 ] } { [ 14.885960 ][ 46.292971 ] } { [ 35.017457 ][ -17.404342 ] } { [ 65.921830 ] } { [ 51.348681 ] }
despues de colapsar { [ 54.160772 ][ -1.381666 ] } { [ 35.273433 ][ 7.703962 ] } { [ 47.320920 ][ -24.598391 ] } { [ 12.469603 ][ 13.554998 ] } { [ 30.143783 ] } { [ 73.792173 ] } { [ 14.160223 ] } { [ 7.821696 ] } { [ 35.017457 ][ -17.404342 ] } { [ 65.921830 ] } { [ 51.348681 ] }
antes   de filtrar: { [ 54.160772 ][ -1.381666 ] } { [ 35.273433 ][ 7.703962 ] } { [ 47.320920 ][ -24.598391 ] } { [ 12.469603 ][ 13.554998 ] } { [ 30.143783 ] } { [ 73.792173 ][ 59.142541 ] } { [ 14.160223 ] } { [ 7.821696 ] } { [ 35.017457 ][ -17.404342 ] } { [ 65.921830 ] } { [ 51.348681 ] } { [ 1.545725 ] }
despues de filtrar: { [ 54.160772 ][ -1.381666 ] } { [ 35.273433 ][ 7.703962 ] } { [ 47.320920 ][ -24.598391 ] } { [ 12.469603 ][ 13.554998 ] } { [ 30.143783 ] } { [ 14.160223 ] } { [ 35.017457 ][ -17.404342 ] } { [ 51.348681 ] }
antes   de filtrar: { [ 54.160772 ][ -1.381666 ] } { [ 35.273433 ][ 7.703962 ] } { [ 47.320920 ][ -24.598391 ][ -8.751531 ] } { [ 12.469603 ][ 13.554998 ] } { [ 30.143783 ] } { [ 14.160223 ] } { [ 35.017457 ][ -17.404342 ][ 60.334732 ] } { [ 51.348681 ] } { [ 28.699279 ] } { [ 43.333935 ] } { [ 27.696277 ] } { [ 31.784017 ] } { [ 24.265662 ] } { [ 60.995102 ] } { [ 60.807873 ] } { [ 71.545397 ] }
despues de filtrar: { [ 54.160772 ][ -1.381666 ] } { [ 35.273433 ][ 7.703962 ] } { [ 47.320920 ][ -24.598391 ][ -8.751531 ] } { [ 12.469603 ][ 13.554998 ] } { [ 30.143783 ] } { [ 14.160223 ] } { [ 35.017457 ][ -17.404342 ][ 60.334732 ] } { [ 51.348681 ] } { [ 43.333935 ] } { [ 24.265662 ] }
antes   de filtrar: { [ 54.160772 ][ -1.381666 ] } { [ 35.273433 ][ 7.703962 ] } { [ 47.320920 ][ -24.598391 ][ -8.751531 ] } { [ 12.469603 ][ 13.554998 ][ -19.024779 ] } { [ 30.143783 ] } { [ 14.160223 ] } { [ 35.017457 ][ -17.404342 ][ 60.334732 ] } { [ 51.348681 ][ 67.870566 ] } { [ 43.333935 ] } { [ 24.265662 ] } { [ 70.679723 ] } { [ -6.313211 ] } { [ 6.297427 ] } { [ -8.617606 ] }
despues de filtrar: { [ 54.160772 ][ -1.381666 ] } { [ 35.273433 ][ 7.703962 ] } { [ 47.320920 ][ -24.598391 ][ -8.751531 ] } { [ 12.469603 ][ 13.554998 ][ -19.024779 ] } { [ 30.143783 ] } { [ 14.160223 ] } { [ 35.017457 ][ -17.404342 ][ 60.334732 ] } { [ 51.348681 ][ 67.870566 ] } { [ 43.333935 ] } { [ 24.265662 ] } { [ -6.313211 ] } { [ 6.297427 ] }
antes   de colapsar { [ 73.375203 ][ 49.238582 ][ 24.209683 ][ 24.767096 ] } { [ 9.558514 ][ 51.319179 ] } { [ 71.182594 ] } { [ 52.939762 ] } { [ 35.988239 ] }
despues de colapsar { [ 73.375203 ][ 49.238582 ][ 24.209683 ][ 24.767096 ] } { [ 7.802416 ] } { [ 71.182594 ] } { [ 52.939762 ] } { [ 35.988239 ] }
antes   de filtrar: { [ 73.375203 ][ 49.238582 ][ 24.209683 ][ 24.767096 ] } { [ 7.802416 ] } { [ 71.182594 ] } { [ 52.939762 ][ 4.552065 ] } { [ 35.988239 ] } { [ 31.777437 ][ 24.000643 ] } { [ 21.665837 ] } { [ 66.781638 ] } { [ 21.366902 ] }
despues de filtrar: { [ 73.375203 ][ 49.238582 ][ 24.209683 ][ 24.767096 ] } { [ 71.182594 ] } { [ 21.366902 ] }
antes   de colapsar { [ 73.375203 ][ 49.238582 ][ 24.209683 ][ 24.767096 ] } { [ 71.182594 ][ 25.487167 ] } { [ 21.366902 ][ 63.372794 ] } { [ -9.535228 ] } { [ -19.396659 ] } { [ 11.062945 ] }
despues de colapsar { [ 73.375203 ][ 49.238582 ][ 24.209683 ][ 24.767096 ] } { [ 71.182594 ][ 25.487167 ] } { [ 21.366902 ][ 63.372794 ] } { [ -9.535228 ] } { [ -19.396659 ] } { [ 11.062945 ] }
antes   de colapsar { [ 73.375203 ][ 49.238582 ][ 24.209683 ][ 24.767096 ] } { [ 71.182594 ][ 25.487167 ] } { [ 21.366902 ][ 63.372794 ] } { [ -9.535228 ] } { [ -19.396659 ][ 40.109469 ] } { [ 11.062945 ] } { [ 55.300087 ] } { [ -21.584565 ] }
despues de colapsar { [ 73.375203 ][ 49.238582 ][ 24.209683 ][ 24.767096 ] } { [ 71.182594 ][ 25.487167 ] } { [ 21.366902 ][ 63.372794 ] } { [ -9.535228 ] } { [ -19.396659 ][ 40.109469 ] } { [ 11.062945 ] } { [ 55.300087 ] } { [ -21.584565 ] }
antes   de colapsar { [ 73.375203 ][ 49.238582 ][ 24.209683 ][ 24.767096 ] } { [ 71.182594 ][ 25.487167 ] } { [ 21.366902 ][ 63.372794 ] } { [ -9.535228 ] } { [ -19.396659 ][ 40.109469 ] } { [ 11.062945 ] } { [ 55.300087 ] } { [ -21.584565 ] }
despues de colapsar { [ 73.375203 ][ 49.238582 ][ 24.209683 ][ 24.767096 ] } { [ 71.182594 ][ 25.487167 ] } { [ 21.366902 ][ 63.372794 ] } { [ -9.535228 ] } { [ -19.396659 ][ 40.109469 ] } { [ 11.062945 ] } { [ 55.300087 ] } { [ -21.584565 ] }
antes   de colapsar { [ 73.375203 ][ 49.238582 ][ 24.209683 ][ 24.767096 ] } { [ 71.182594 ][ 25.487167 ] } { [ 21.366902 ][ 63.372794 ] } { [ -9.535228 ] } { [ -19.396659 ][ 40.109469 ] } { [ 11.062945 ] } { [ 55.300087 ] } { [ -21.584565 ] } { [ 19.929177 ] } { [ 41.319491 ] }
despues de colapsar { [ 73.375203 ][ 49.238582 ][ 24.209683 ][ 24.767096 ] } { [ 71.182594 ][ 25.487167 ] } { [ 21.366902 ][ 63.372794 ] } { [ -9.535228 ] } { [ -19.396659 ][ 40.109469 ] } { [ 11.062945 ] } { [ 55.300087 ] } { [ -21.584565 ] } { [ 19.929177 ] } { [ 41.319491 ] }
antes   de filtrar: { [ 73.375203 ][ 49.238582 ][ 24.209683 ][ 24.767096 ] } { [ 71.182594 ][ 25.487167 ] } { [ 21.366902 ][ 63.372794 ] } { [ -9.535228 ] } { [ -19.396659 ][ 40.109469 ] } { [ 11.062945 ][ -13.917622 ] } { [ 55.300087 ] } { [ -21.584565 ] } { [ 19.929177 ] } { [ 41.319491 ] } { [ 23.110834 ] } { [ -12.403658 ] } { [ -13.325152 ] } { [ -6.494823 ] } { [ 54.583608 ] }
despues de filtrar: { [ 73.375203 ][ 49.238582 ][ 24.209683 ][ 24.767096 ] } { [ 71.182594 ][ 25.487167 ] } { [ 21.366902 ][ 63.372794 ] } { [ -19.396659 ][ 40.109469 ] } { [ 11.062945 ][ -13.917622 ] } { [ 55.300087 ] } { [ 41.319491 ] } { [ 23.110834 ] } { [ -12.403658 ] } { [ -13.325152 ] } { [ -6.494823 ] }
antes   de colapsar { [ 73.375203 ][ 49.238582 ][ 24.209683 ][ 24.767096 ] } { [ 71.182594 ][ 25.487167 ] } { [ 21.366902 ][ 63.372794 ] } { [ -19.396659 ][ 40.109469 ] } { [ 11.062945 ][ -13.917622 ] } { [ 55.300087 ] } { [ 41.319491 ] } { [ 23.110834 ] } { [ -12.403658 ] } { [ -13.325152 ] } { [ -6.494823 ] }
despues de colapsar { [ 73.375203 ][ 49.238582 ][ 24.209683 ][ 24.767096 ] } { [ 71.182594 ][ 25.487167 ] } { [ 21.366902 ][ 63.372794 ] } { [ -19.396659 ][ 40.109469 ] } { [ 11.062945 ][ -13.917622 ] } { [ 55.300087 ] } { [ 41.319491 ] } { [ 23.110834 ] } { [ -12.403658 ] } { [ -13.325152 ] } { [ -6.494823 ] }
antes   de filtrar: { [ 73.375203 ][ 49.238582 ][ 24.209683 ][ 24.767096 ] } { [ 71.182594 ][ 25.487167 ] } { [ 21.366902 ][ 63.372794 ] } { [ -19.396659 ][ 40.109469 ] } { [ 11.062945 ][ -13.917622 ] } { [ 55.300087 ] } { [ 41.319491 ] } { [ 23.110834 ] } { [ -12.403658 ] } { [ -13.325152 ] } { [ -6.494823 ] } { [ 2.809004 ][ 65.622396 ] } { [ -14.175554 ] }
despues de filtrar: { [ 73.375203 ][ 49.238582 ][ 24.209683 ][ 24.767096 ] } { [ 71.182594 ][ 25.487167 ] } { [ 21.366902 ][ 63.372794 ] } { [ -19.396659 ][ 40.109469 ] } { [ 11.062945 ][ -13.917622 ] } { [ 55.300087 ] } { [ 41.319491 ] } { [ 23.110834 ] } { [ -12.403658 ] } { [ -13.325152 ] } { [ -6.494823 ] } { [ -14.175554 ] }
antes   de colapsar { [ 73.375203 ][ 49.238582 ][ 24.209683 ][ 24.767096 ] } { [ 71.182594 ][ 25.487167 ] } { [ 21.366902 ][ 63.372794 ] } { [ -19.396659 ][ 40.109469 ] } { [ 11.062945 ][ -13.917622 ] } { [ 55.300087 ] } { [ 41.319491 ] } { [ 23.110834 ] } { [ -12.403658 ] } { [ -13.325152 ] } { [ -6.494823 ] } { [ -14.175554 ] } { [ 5.895920 ] }
despues de colapsar { [ 73.375203 ][ 49.238582 ][ 24.209683 ][ 24.767096 ] } { [ 71.182594 ][ 25.487167 ] } { [ 21.366902 ][ 63.372794 ] } { [ -19.396659 ][ 40.109469 ] } { [ 11.062945 ][ -13.917622 ] } { [ 55.300087 ] } { [ 41.319491 ] } { [ 23.110834 ] } { [ -12.403658 ] } { [ -13.325152 ] } { [ -6.494823 ] } { [ -14.175554 ] } { [ 5.895920 ] }
antes   de filtrar: { [ vib749r ][ piy57 ][ 6mmtj4am ][ ff0iju ] } { [ kox7f ] } { [ 8ox3x ] } { [ dlfarq4 ][ k0otgp ] } { [ 12 ][ qqagswjkgp ] } { [ gf2me0dese ] }
despues de filtrar: <vacia>
antes   de colapsar <vacia>
despues de colapsar <vacia>
antes   de filtrar: { [ xsdvi ] } { [ 3y ] } { [ tp ] } { [ v5di ] } { [ 5ge5cu ] }
despues de filtrar: { [ xsdvi ] } { [ tp ] }
antes   de colapsar { [ xsdvi ] } { [ tp ][ c ] }
despues de colapsar { [ xsdvi ] } { [ tp ][ c ] }
antes   de colapsar { [ xsdvi ] } { [ tp ][ c ] }
despues de colapsar { [ xsdvi ] } { [ tp ][ c ] }
antes   de colapsar { [ xsdvi ][ q5en ] } { [ tp ][ c ][ 9qf85h ] } { [ msjf3 ] }
despues de colapsar { [ xsdvi ][ q5en ] } { [ tp ][ c ][ 9qf85h ] } { [ msjf3 ] }
antes   de filtrar: { [ xsdvi ][ q5en ][ c16lbm7 ] } { [ tp ][ c ][ 9qf85h ] } { [ msjf3 ][ h0q ] } { [ qofso8 ] } { [ q29yip07 ] } { [ 2e36p4 ] } { [ n00 ] } { [ sbbb3o0p ][ 4f913hrlq ] } { [ 0t8i90 ] } { [ ch1 ] } { [ j3mq ] } { [ 7f96h0prk1 ] } { [ ost49 ] } { [ j2 ] } { [ 4cfmfv ] } { [ ct ] }
despues de filtrar: { [ xsdvi ][ q5en ][ c16lbm7 ] } { [ tp ][ c ][ 9qf85h ] } { [ ct ] }
antes   de colapsar { [ xsdvi ][ q5en ][ c16lbm7 ][ spauu4 ][ i ] } { [ tp ][ c ][ 9qf85h ] } { [ ct ] } { [ 2r ] }
despues de colapsar { [ xsdvi ][ q5en ][ c16lbm7 ][ spauu4 ][ i ] } { [ tp ][ c ][ 9qf85h ] } { [ ct ] } { [ 2r ] }
antes   de colapsar { [ xsdvi ][ q5en ][ c16lbm7 ][ spauu4 ][ i ] } { [ tp ][ c ][ 9qf85h ] } { [ ct ] } { [ 2r ] } { [ qwtpheo ] } { [ p3k ] } { [ vr5ibw3rc1 ] } { [ kmkteb ] } { [ w6p ] } { [ v6uo ] }
despues de colapsar { [ xsdvi ][ q5en ][ c16lbm7 ][ spauu4 ][ i ] } { [ tp ][ c ][ 9qf85h ] } { [ ct ] } { [ 2r ] } { [ qwtpheo ] } { [ p3k ] } { [ vr5ibw3rc1 ] } { [ kmkteb ] } { [ w6p ] } { [ v6uo ] }
antes   de colapsar { [ xsdvi ][ q5en ][ c16lbm7 ][ spauu4 ][ i ] } { [ tp ][ c ][ 9qf85h ] } { [ ct ] } { [ 2r ] } { [ qwtpheo ] } { [ p3k ] } { [ vr5ibw3rc1 ] } { [ kmkteb ] } { [ w6p ] } { [ v6uo ][ 82 ] } { [ u4pto0 ] } { [ 7ay ] } { [ arcsphysr ] }
despues de colapsar { [ xsdvi ][ q5en ][ c16lbm7 ][ spauu4 ][ i ] } { [ tp ][ c ][ 9qf85h ] } { [ ct ] } { [ 2r ] } { [ qwtpheo ] } { [ p3k ] } { [ vr5ibw3rc1 ] } { [ kmkteb ] } { [ w6p ] } { [ v862uo ] } { [ u4pto0 ] } { [ 7ay ] } { [ arcsphysr ] }
antes   de colapsar <vacia>
despues de colapsar <vacia>
antes   de colapsar <vacia>
despues de colapsar <vacia>
antes   de colapsar { [ -565 ] }
despues de colapsar { [ -565 ] }
antes   de colapsar { [ -565 ] } { [ -740 ] } { [ -2383 ] } { [ 1555 ] }
despues de colapsar { [ -565 ] } { [ -740 ] } { [ -2383 ] } { [ 1555 ] }
antes   de filtrar: { [ -565 ] } { [ -740 ][ 4729 ] } { [ -2383 ][ 3801 ][ -4298 ] } { [ 1555 ] } { [ -3303 ] } { [ 1338 ] } { [ 2884 ] } { [ -3707 ] }
despues de filtrar: { [ -565 ] } { [ -2383 ][ 3801 ][ -4298 ] } { [ 1555 ] } { [ 1338 ] } { [ 2884 ] }
antes   de colapsar { [ -565 ] } { [ -2383 ][ 3801 ][ -4298 ] } { [ 1555 ][ 3459 ] } { [ 1338 ][ 4045 ] } { [ 2884 ] } { [ 2963 ] } { [ 1748 ] } { [ 272 ][ -4820 ] } { [ 1028 ] } { [ 4865 ] }
despues de colapsar { [ -565 ] } { [ -2383 ][ 3801 ][ -4298 ] } { [ 1555 ][ 3459 ] } { [ 1338 ][ 4045 ] } { [ 2884 ] } { [ 2963 ] } { [ 1748 ] } { [ 272 ][ -4820 ] } { [ 1028 ] } { [ 4865 ] }
antes   de filtrar: { [ -565 ] } { [ -2383 ][ 3801 ][ -4298 ] } { [ 1555 ][ 3459 ] } { [ 1338 ][ 4045 ] } { [ 2884 ] } { [ 2963 ] } { [ 1748 ] } { [ 272 ][ -4820 ] } { [ 1028 ] } { [ 4865 ] }
despues de filtrar: { [ -565 ] } { [ -2383 ][ 3801 ][ -4298 ] } { [ 1555 ][ 3459 ] } { [ 1338 ][ 4045 ] } { [ 2884 ] } { [ 2963 ] } { [ 1748 ] } { [ 272 ][ -4820 ] } { [ 4865 ] }
antes   de colapsar { [ -565 ] } { [ -2383 ][ 3801 ][ -4298 ] } { [ 1555 ][ 3459 ][ -3963 ][ -4428 ] } { [ 1338 ][ 4045 ] } { [ 2884 ] } { [ 2963 ] } { [ 1748 ] } { [ 272 ][ -4820 ] } { [ 4865 ] } { [ 2143 ] } { [ -583 ] } { [ 2802 ] } { [ -1583 ] } { [ 1256 ] } { [ 1022 ] } { [ -4831 ] } { [ -4244 ] }
despues de colapsar { [ -565 ] } { [ -2383 ][ 3801 ][ -4298 ] } { [ 1555 ][ 3459 ][ -3963 ][ -4428 ] } { [ 1338 ][ 4045 ] } { [ 2884 ] } { [ 2963 ] } { [ 1748 ] } { [ 272 ][ -4820 ] } { [ 4865 ] } { [ 2143 ] } { [ -583 ] } { [ 2802 ] } { [ -1583 ] } { [ 1256 ] } { [ 1022 ] } { [ -4831 ] } { [ -4244 ] }
antes   de filtrar: { [ -565 ] } { [ -2383 ][ 3801 ][ -4298 ] } { [ 1555 ][ 3459 ][ -3963 ][ -4428 ] } { [ 1338 ][ 4045 ] } { [ 2884 ] } { [ 2963 ] } { [ 1748 ] } { [ 272 ][ -4820 ] } { [ 4865 ] } { [ 2143 ] } { [ -583 ] } { [ 2802 ] } { [ -1583 ] } { [ 1256 ] } { [ 1022 ] } { [ -4831 ] } { [ -4244 ] } { [ 4260 ] }
despues de filtrar: { [ -565 ] } { [ -2383 ][ 3801 ][ -4298 ] } { [ 1555 ][ 3459 ][ -3963 ][ -4428 ] } { [ 1338 ][ 4045 ] } { [ 2884 ] } { [ 2963 ] } { [ 1748 ] } { [ 272 ][ -4820 ] } { [ 4865 ] } { [ 2143 ] } { [ -583 ] } { [ -1583 ] } { [ 1256 ] } { [ -4831 ] } { [ -4244 ] }
antes   de colapsar { [ -565 ] } { [ -2383 ][ 3801 ][ -4298 ] } { [ 1555 ][ 3459 ][ -3963 ][ -4428 ] } { [ 1338 ][ 4045 ] } { [ 2884 ] } { [ 2963 ] } { [ 1748 ] } { [ 272 ][ -4820 ] } { [ 4865 ] } { [ 2143 ] } { [ -583 ] } { [ -1583 ] } { [ 1256 ] } { [ -4831 ] } { [ -4244 ] } { [ -4455 ] }
despues de colapsar { [ -565 ] } { [ -2383 ][ 3801 ][ -4298 ] } { [ 1555 ][ 3459 ][ -3963 ][ -4428 ] } { [ 1338 ][ 4045 ] } { [ 2884 ] } { [ 2963 ] } { [ 1748 ] } { [ 272 ][ -4820 ] } { [ 4865 ] } { [ 2143 ] } { [ -583 ] } { [ -1583 ] } { [ 1256 ] } { [ -4831 ] } { [ -4244 ] } { [ -4455 ] }
antes   de colapsar { [ 3677 ] } { [ 1614 ][ 4060 ] } { [ -1135 ][ 2412 ] } { [ -1502 ] } { [ 3654 ] }
despues de colapsar { [ 3677 ] } { [ 1614 ][ 4060 ] } { [ -1135 ][ 2412 ] } { [ -1502 ] } { [ 3654 ] }
antes   de filtrar: { [ 3677 ] } { [ 1614 ][ 4060 ] } { [ -1135 ][ 2412 ] } { [ -1502 ][ 1345 ] } { [ 3654 ] } { [ -1259 ] }
despues de filtrar: { [ 3677 ] } { [ 1614 ][ 4060 ] } { [ -1135 ][ 2412 ] } { [ 3654 ] } { [ -1259 ] }
antes   de filtrar: { [ 3677 ] } { [ 1614 ][ 4060 ][ -2441 ] } { [ -1135 ][ 2412 ][ 2973 ] } { [ 3654 ] } { [ -1259 ][ -3018 ] } { [ 651 ] } { [ -3663 ] } { [ -918 ] } { [ 3284 ] } { [ -4872 ] } { [ 1759 ] } { [ -2016 ] } { [ -3324 ] } { [ 987 ] } { [ 260 ] } { [ -1905 ] } { [ 3884 ] } { [ -2251 ] } { [ -48 ] } { [ 2580 ] }
despues de filtrar: { [ 3677 ] } { [ 1614 ][ 4060 ][ -2441 ] } { [ -1135 ][ 2412 ][ 2973 ] } { [ 3654 ] } { [ -1259 ][ -3018 ] } { [ 651 ] } { [ -3663 ] } { [ -918 ] } { [ 3284 ] } { [ -4872 ] } { [ 1759 ] } { [ -3324 ] } { [ 987 ] } { [ 3884 ] } { [ -2251 ] } { [ -48 ] }
antes   de colapsar { [ 3677 ][ -3855 ] } { [ 1614 ][ 4060 ][ -2441 ] } { [ -1135 ][ 2412 ][ 2973 ] } { [ 3654 ] } { [ -1259 ][ -3018 ] } { [ 651 ] } { [ -3663 ] } { [ -918 ] } { [ 3284 ] } { [ -4872 ] } { [ 1759 ] } { [ -3324 ] } { [ 987 ] } { [ 3884 ] } { [ -2251 ] } { [ -48 ] } { [ -3911 ] } { [ 179 ] } { [ 1918 ] }
despues de colapsar { [ 3677 ][ -3855 ] } { [ 1614 ][ 4060 ][ -2441 ] } { [ -1135 ][ 2412 ][ 2973 ] } { [ 3654 ] } { [ -1259 ][ -3018 ] } { [ 651 ] } { [ -3663 ] } { [ -918 ] } { [ 3284 ] } { [ -4872 ] } { [ 1759 ] } { [ -3324 ] } { [ 987 ] } { [ 3884 ] } { [ -2251 ] } { [ -48 ] } { [ -3911 ] } { [ 179 ] } { [ 1918 ] }
antes   de colapsar { [ 3677 ][ -3855 ] } { [ 1614 ][ 4060 ][ -2441 ][ -1568 ] } { [ -1135 ][ 2412 ][ 2973 ] } { [ 3654 ] } { [ -1259 ][ -3018 ] } { [ 651 ] } { [ -3663 ] } { [ -918 ] } { [ 3284 ] } { [ -4872 ] } { [ 1759 ] } { [ -3324 ] } { [ 987 ][ -4282 ] } { [ 3884 ] } { [ -2251 ] } { [ -48 ] } { [ -3911 ] } { [ 179 ] } { [ 1918 ] }
despues de colapsar { [ 3677 ][ -3855 ] } { [ 1614 ][ 4060 ][ -2441 ][ -1568 ] } { [ -1135 ][ 2412 ][ 2973 ] } { [ 3654 ] } { [ -1259 ][ -3018 ] } { [ 651 ] } { [ -3663 ] } { [ -918 ] } { [ 3284 ] } { [ -4872 ] } { [ 1759 ] } { [ -3324 ] } { [ 987 ][ -4282 ] } { [ 3884 ] } { [ -2251 ] } { [ -48 ] } { [ -3911 ] } { [ 179 ] } { [ 1918 ] }
antes   de colapsar { [ 3677 ][ -3855 ] } { [ 1614 ][ 4060 ][ -2441 ][ -1568 ] } { [ -1135 ][ 2412 ][ 2973 ] } { [ 3654 ] } { [ -1259 ][ -3018 ] } { [ 651 ] } { [ -3663 ] } { [ -918 ] } { [ 3284 ] } { [ -4872 ] } { [ 1759 ] } { [ -3324 ] } { [ 987 ][ -4282 ] } { [ 3884 ] } { [ -2251 ] } { [ -48 ] } { [ -3911 ] } { [ 179 ] } { [ 1918 ] }
despues de colapsar { [ 3677 ][ -3855 ] } { [ 1614 ][ 4060 ][ -2441 ][ -1568 ] } { [ -1135 ][ 2412 ][ 2973 ] } { [ 3654 ] } { [ -1259 ][ -3018 ] } { [ 651 ] } { [ -3663 ] } { [ -918 ] } { [ 3284 ] } { [ -4872 ] } { [ 1759 ] } { [ -3324 ] } { [ 987 ][ -4282 ] } { [ 3884 ] } { [ -2251 ] } { [ -48 ] } { [ -3911 ] } { [ 179 ] } { [ 1918 ] }
antes   de colapsar { [ 3677 ][ -3855 ] } { [ 1614 ][ 4060 ][ -2441 ][ -1568 ] } { [ -1135 ][ 2412 ][ 2973 ] } { [ 3654 ] } { [ -1259 ][ -3018 ] } { [ 651 ] } { [ -3663 ] } { [ -918 ] } { [ 3284 ][ 4301 ] } { [ -4872 ] } { [ 1759 ] } { [ -3324 ] } { [ 987 ][ -4282 ] } { [ 3884 ] } { [ -2251 ] } { [ -48 ] } { [ -3911 ] } { [ 179 ][ 4600 ] } { [ 1918 ] } { [ -2405 ] } { [ -618 ] }
despues de colapsar { [ 3677 ][ -3855 ] } { [ 1614 ][ 4060 ][ -2441 ][ -1568 ] } { [ -1135 ][ 2412 ][ 2973 ] } { [ 3654 ] } { [ -1259 ][ -3018 ] } { [ 651 ] } { [ -3663 ] } { [ -918 ] } { [ 3284 ][ 4301 ] } { [ -4872 ] } { [ 1759 ] } { [ -3324 ] } { [ 987 ][ -4282 ] } { [ 3884 ] } { [ -2251 ] } { [ -48 ] } { [ -3911 ] } { [ 179 ][ 4600 ] } { [ 1918 ] } { [ -2405 ] } { [ -618 ] }
antes   de colapsar { [ 3677 ][ -3855 ] } { [ 1614 ][ 4060 ][ -2441 ][ -1568 ] } { [ -1135 ][ 2412 ][ 2973 ] } { [ 3654 ] } { [ -1259 ][ -3018 ] } { [ 651 ] } { [ -3663 ] } { [ -918 ] } { [ 3284 ][ 4301 ] } { [ -4872 ] } { [ 1759 ] } { [ -3324 ] } { [ 987 ][ -4282 ] } { [ 3884 ] } { [ -2251 ] } { [ -48 ] } { [ -3911 ] } { [ 179 ][ 4600 ] } { [ 1918 ] } { [ -2405 ] } { [ -618 ] } { [ -867 ] }
despues de colapsar { [ 3677 ][ -3855 ] } { [ 1614 ][ 4060 ][ -2441 ][ -1568 ] } { [ -1135 ][ 2412 ][ 2973 ] } { [ 3654 ] } { [ -1259 ][ -3018 ] } { [ 651 ] } { [ -3663 ] } { [ -918 ] } { [ 3284 ][ 4301 ] } { [ -4872 ] } { [ 1759 ] } { [ -3324 ] } { [ 987 ][ -4282 ] } { [ 3884 ] } { [ -2251 ] } { [ -48 ] } { [ -3911 ] } { [ 179 ][ 4600 ] } { [ 1918 ] } { [ -2405 ] } { [ -618 ] } { [ -867 ] }
antes   de colapsar { [ 3677 ][ -3855 ] } { [ 1614 ][ 4060 ][ -2441 ][ -1568 ] } { [ -1135 ][ 2412 ][ 2973 ] } { [ 3654 ] } { [ -1259 ][ -3018 ] } { [ 651 ] } { [ -3663 ] } { [ -918 ] } { [ 3284 ][ 4301 ] } { [ -4872 ] } { [ 1759 ] } { [ -3324 ] } { [ 987 ][ -4282 ] } { [ 3884 ] } { [ -2251 ] } { [ -48 ] } { [ -3911 ] } { [ 179 ][ 4600 ] } { [ 1918 ] } { [ -2405 ] } { [ -618 ] } { [ -867 ] } { [ -2576 ] }
despues de colapsar { [ 3677 ][ -3855 ] } { [ 1614 ][ 4060 ][ -2441 ][ -1568 ] } { [ -1135 ][ 2412 ][ 2973 ] } { [ 3654 ] } { [ -1259 ][ -3018 ] } { [ 651 ] } { [ -3663 ] } { [ -918 ] } { [ 3284 ][ 4301 ] } { [ -4872 ] } { [ 1759 ] } { [ -3324 ] } { [ 987 ][ -4282 ] } { [ 3884 ] } { [ -2251 ] } { [ -48 ] } { [ -3911 ] } { [ 179 ][ 4600 ] } { [ 1918 ] } { [ -2405 ] } { [ -618 ] } { [ -867 ] } { [ -2576 ] }
antes   de filtrar: { [ 3677 ][ -3855 ] } { [ 1614 ][ 4060 ][ -2441 ][ -1568 ] } { [ -1135 ][ 2412 ][ 2973 ] } { [ 3654 ] } { [ -1259 ][ -3018 ] } { [ 651 ] } { [ -3663 ] } { [ -918 ] } { [ 3284 ][ 4301 ] } { [ -4872 ] } { [ 1759 ] } { [ -3324 ] } { [ 987 ][ -4282 ] } { [ 3884 ] } { [ -2251 ] } { [ -48 ] } { [ -3911 ] } { [ 179 ][ 4600 ][ 3263 ] } { [ 1918 ] } { [ -2405 ] } { [ -618 ] } { [ -867 ] } { [ -2576 ] } { [ -2845 ] } { [ -1758 ] }
despues de filtrar: { [ 3677 ][ -3855 ] } { [ 1614 ][ 4060 ][ -2441 ][ -1568 ] } { [ -1135 ][ 2412 ][ 2973 ] } { [ 3654 ] } { [ -1259 ][ -3018 ] } { [ 651 ] } { [ -3663 ] } { [ -918 ] } { [ 3284 ][ 4301 ] } { [ -4872 ] } { [ 1759 ] } { [ -3324 ] } { [ 987 ][ -4282 ] } { [ 3884 ] } { [ -2251 ] } { [ -48 ] } { [ -3911 ] } { [ 179 ][ 4600 ][ 3263 ] } { [ 1918 ] } { [ -618 ] } { [ -867 ] } { [ -2576 ] } { [ -2845 ] } { [ -1758 ] }
