antes   de filtrar: { [ qljp ] }despues de filtrar: { [ qljp ] }antes   de colapsar { [ qljp ][ x ] } { [ juqykt8xwo ] } { [ 0mj1pa ][ x ] } { [ 8w68 ][ amlsc ] } { [ hp150s ] } { [ tjksfv ] }