antes   de colapsar <vacia>
despues de colapsar <vacia>
antes   de colapsar { [ 3858 ] }
despues de colapsar { [ 3858 ] }
antes   de colapsar { [ 3858 ] } { [ -1339 ] } { [ 4413 ][ -268 ] } { [ -143 ] } { [ 2703 ] } { [ 2159 ][ -1002 ] } { [ 2578 ] } { [ 519 ] } { [ -2076 ] } { [ -4645 ] } { [ -4092 ] }
despues de colapsar { [ 3858 ] } { [ -1339 ] } { [ 4413 ][ -268 ] } { [ -143 ] } { [ 2703 ] } { [ 2159 ][ -1002 ] } { [ 2578 ] } { [ 519 ] } { [ -2076 ] } { [ -4645 ] } { [ -4092 ] }
antes   de filtrar: { [ 3858 ] } { [ -1339 ] } { [ 4413 ][ -268 ] } { [ -143 ] } { [ 2703 ] } { [ 2159 ][ -1002 ] } { [ 2578 ] } { [ 519 ] } { [ -2076 ] } { [ -4645 ] } { [ -4092 ] }
despues de filtrar: { [ 3858 ] } { [ -1339 ] } { [ 4413 ][ -268 ] } { [ -143 ] } { [ 2159 ][ -1002 ] } { [ 2578 ] } { [ 519 ] } { [ -4645 ] }
antes   de colapsar { [ 3858 ] } { [ -1339 ] } { [ 4413 ][ -268 ] } { [ -143 ] } { [ 2159 ][ -1002 ] } { [ 2578 ] } { [ 519 ] } { [ -4645 ] }
despues de colapsar { [ 3858 ] } { [ -1339 ] } { [ 4413 ][ -268 ] } { [ -143 ] } { [ 2159 ][ -1002 ] } { [ 2578 ] } { [ 519 ] } { [ -4645 ] }
antes   de colapsar { [ 3858 ] } { [ -1339 ] } { [ 4413 ][ -268 ][ 4905 ] } { [ -143 ] } { [ 2159 ][ -1002 ] } { [ 2578 ] } { [ 519 ][ 3818 ] } { [ -4645 ] } { [ 226 ][ -3687 ] } { [ -1320 ] } { [ 2381 ] } { [ -3583 ] } { [ -4429 ] } { [ 4184 ] }
despues de colapsar { [ 3858 ] } { [ -1339 ] } { [ 4413 ][ -268 ][ 4905 ] } { [ -143 ] } { [ 2159 ][ -1002 ] } { [ 2578 ] } { [ 519 ][ 3818 ] } { [ -4645 ] } { [ 226 ][ -3687 ] } { [ -1320 ] } { [ 2381 ] } { [ -3583 ] } { [ -4429 ] } { [ 4184 ] }
antes   de colapsar { [ 3858 ] } { [ -1339 ] } { [ 4413 ][ -268 ][ 4905 ] } { [ -143 ] } { [ 2159 ][ -1002 ] } { [ 2578 ] } { [ 519 ][ 3818 ] } { [ -4645 ] } { [ 226 ][ -3687 ] } { [ -1320 ] } { [ 2381 ] } { [ -3583 ] } { [ -4429 ] } { [ 4184 ] } { [ 2466 ] } { [ 1051 ] } { [ 3366 ] } { [ 152 ] }
despues de colapsar { [ 3858 ] } { [ -1339 ] } { [ 4413 ][ -268 ][ 4905 ] } { [ -143 ] } { [ 2159 ][ -1002 ] } { [ 2578 ] } { [ 519 ][ 3818 ] } { [ -4645 ] } { [ 226 ][ -3687 ] } { [ -1320 ] } { [ 2381 ] } { [ -3583 ] } { [ -4429 ] } { [ 4184 ] } { [ 2466 ] } { [ 1051 ] } { [ 3366 ] } { [ 152 ] }
antes   de filtrar: { [ 3858 ] } { [ -1339 ] } { [ 4413 ][ -268 ][ 4905 ] } { [ -143 ][ 274 ] } { [ 2159 ][ -1002 ] } { [ 2578 ] } { [ 519 ][ 3818 ] } { [ -4645 ] } { [ 226 ][ -3687 ] } { [ -1320 ] } { [ 2381 ] } { [ -3583 ] } { [ -4429 ] } { [ 4184 ] } { [ 2466 ] } { [ 1051 ] } { [ 3366 ] } { [ 152 ] } { [ -2988 ] }
despues de filtrar: { [ 3858 ] } { [ -1339 ] } { [ 4413 ][ -268 ][ 4905 ] } { [ -143 ][ 274 ] } { [ 2159 ][ -1002 ] } { [ 2578 ] } { [ 519 ][ 3818 ] } { [ -4645 ] } { [ 226 ][ -3687 ] } { [ 2381 ] } { [ -3583 ] } { [ -4429 ] } { [ 4184 ] } { [ 2466 ] } { [ 3366 ] } { [ 152 ] } { [ -2988 ] }
antes   de filtrar: { [ 3858 ] } { [ -1339 ] } { [ 4413 ][ -268 ][ 4905 ] } { [ -143 ][ 274 ] } { [ 2159 ][ -1002 ] } { [ 2578 ] } { [ 519 ][ 3818 ] } { [ -4645 ][ 3104 ] } { [ 226 ][ -3687 ] } { [ 2381 ] } { [ -3583 ] } { [ -4429 ] } { [ 4184 ] } { [ 2466 ] } { [ 3366 ] } { [ 152 ] } { [ -2988 ] }
despues de filtrar: { [ 3858 ] } { [ -1339 ] } { [ 4413 ][ -268 ][ 4905 ] } { [ -143 ][ 274 ] } { [ 2159 ][ -1002 ] } { [ 2578 ] } { [ 519 ][ 3818 ] } { [ -4645 ][ 3104 ] } { [ 226 ][ -3687 ] } { [ 2381 ] } { [ -3583 ] } { [ -4429 ] } { [ 4184 ] } { [ 2466 ] } { [ 3366 ] } { [ 152 ] } { [ -2988 ] }
antes   de colapsar { [ 3858 ] } { [ -1339 ] } { [ 4413 ][ -268 ][ 4905 ] } { [ -143 ][ 274 ] } { [ 2159 ][ -1002 ] } { [ 2578 ] } { [ 519 ][ 3818 ] } { [ -4645 ][ 3104 ] } { [ 226 ][ -3687 ] } { [ 2381 ] } { [ -3583 ] } { [ -4429 ] } { [ 4184 ] } { [ 2466 ] } { [ 3366 ] } { [ 152 ] } { [ -2988 ] } { [ 4616 ] } { [ -1061 ] } { [ -4567 ] } { [ -4092 ] } { [ -2664 ] } { [ -3981 ] }
despues de colapsar { [ 3858 ] } { [ -1339 ] } { [ 4413 ][ -268 ][ 4905 ] } { [ -143 ][ 274 ] } { [ 2159 ][ -1002 ] } { [ 2578 ] } { [ 519 ][ 3818 ] } { [ -4645 ][ 3104 ] } { [ 226 ][ -3687 ] } { [ 2381 ] } { [ -3583 ] } { [ -4429 ] } { [ 4184 ] } { [ 2466 ] } { [ 3366 ] } { [ 152 ] } { [ -2988 ] } { [ 4616 ] } { [ -1061 ] } { [ -4567 ] } { [ -4092 ] } { [ -2664 ] } { [ -3981 ] }
antes   de colapsar { [ 65.259152 ] }
despues de colapsar { [ 65.259152 ] }
antes   de colapsar { [ 65.259152 ][ 72.617848 ] } { [ 38.793682 ][ -16.552816 ] }
despues de colapsar { [ 65.259152 ][ 72.617848 ] } { [ 4.716022 ] }
antes   de colapsar { [ 65.259152 ][ 72.617848 ][ -7.719459 ] } { [ 4.716022 ][ 69.603961 ][ 42.492650 ] } { [ 22.733803 ] } { [ 29.026938 ][ 28.361455 ] } { [ 3.763360 ] } { [ 67.216968 ][ 26.565083 ] } { [ 56.276407 ][ -11.467992 ] } { [ 35.919681 ][ 31.297712 ] } { [ 44.230979 ] } { [ 12.794871 ] } { [ 71.104336 ] } { [ 40.749776 ] } { [ -11.934701 ] } { [ -16.497824 ] } { [ -20.853673 ] }
despues de colapsar { [ 65.259152 ][ 72.617848 ][ -7.719459 ] } { [ 7.149374 ] } { [ 22.733803 ] } { [ 29.026938 ][ 28.361455 ] } { [ 3.763360 ] } { [ 67.216968 ][ 26.565083 ] } { [ 56.276407 ][ -11.467992 ] } { [ 8.198621 ] } { [ 44.230979 ] } { [ 12.794871 ] } { [ 71.104336 ] } { [ 40.749776 ] } { [ -11.934701 ] } { [ -16.497824 ] } { [ -20.853673 ] }
antes   de colapsar { [ 65.259152 ][ 72.617848 ][ -7.719459 ] } { [ 7.149374 ] } { [ 22.733803 ] } { [ 29.026938 ][ 28.361455 ] } { [ 3.763360 ] } { [ 67.216968 ][ 26.565083 ] } { [ 56.276407 ][ -11.467992 ] } { [ 8.198621 ] } { [ 44.230979 ] } { [ 12.794871 ] } { [ 71.104336 ] } { [ 40.749776 ] } { [ -11.934701 ] } { [ -16.497824 ] } { [ -20.853673 ][ -20.521572 ] } { [ 27.044929 ] } { [ 27.000056 ] }
despues de colapsar { [ 65.259152 ][ 72.617848 ][ -7.719459 ] } { [ 7.149374 ] } { [ 22.733803 ] } { [ 29.026938 ][ 28.361455 ] } { [ 3.763360 ] } { [ 67.216968 ][ 26.565083 ] } { [ 56.276407 ][ -11.467992 ] } { [ 8.198621 ] } { [ 44.230979 ] } { [ 12.794871 ] } { [ 71.104336 ] } { [ 40.749776 ] } { [ -11.934701 ] } { [ -16.497824 ] } { [ -nan ] } { [ 27.044929 ] } { [ 27.000056 ] }
antes   de colapsar { [ 65.259152 ][ 72.617848 ][ -7.719459 ] } { [ 7.149374 ] } { [ 22.733803 ][ 37.280723 ] } { [ 29.026938 ][ 28.361455 ] } { [ 3.763360 ] } { [ 67.216968 ][ 26.565083 ] } { [ 56.276407 ][ -11.467992 ] } { [ 8.198621 ] } { [ 44.230979 ] } { [ 12.794871 ][ 30.295180 ] } { [ 71.104336 ] } { [ 40.749776 ] } { [ -11.934701 ] } { [ -16.497824 ] } { [ -nan ][ 56.864217 ] } { [ 27.044929 ] } { [ 27.000056 ] } { [ 13.381171 ] } { [ 55.292638 ] } { [ 60.639631 ] } { [ 20.398811 ] } { [ 27.195875 ] } { [ 55.419161 ] }
despues de colapsar { [ 65.259152 ][ 72.617848 ][ -7.719459 ] } { [ 7.149374 ] } { [ 7.746904 ] } { [ 29.026938 ][ 28.361455 ] } { [ 3.763360 ] } { [ 67.216968 ][ 26.565083 ] } { [ 56.276407 ][ -11.467992 ] } { [ 8.198621 ] } { [ 44.230979 ] } { [ 6.564301 ] } { [ 71.104336 ] } { [ 40.749776 ] } { [ -11.934701 ] } { [ -16.497824 ] } { [ -nan ][ 56.864217 ] } { [ 27.044929 ] } { [ 27.000056 ] } { [ 13.381171 ] } { [ 55.292638 ] } { [ 60.639631 ] } { [ 20.398811 ] } { [ 27.195875 ] } { [ 55.419161 ] }
antes   de colapsar { [ 65.259152 ][ 72.617848 ][ -7.719459 ] } { [ 7.149374 ] } { [ 7.746904 ] } { [ 29.026938 ][ 28.361455 ] } { [ 3.763360 ] } { [ 67.216968 ][ 26.565083 ] } { [ 56.276407 ][ -11.467992 ] } { [ 8.198621 ] } { [ 44.230979 ] } { [ 6.564301 ] } { [ 71.104336 ] } { [ 40.749776 ] } { [ -11.934701 ] } { [ -16.497824 ] } { [ -nan ][ 56.864217 ] } { [ 27.044929 ] } { [ 27.000056 ] } { [ 13.381171 ] } { [ 55.292638 ] } { [ 60.639631 ] } { [ 20.398811 ] } { [ 27.195875 ] } { [ 55.419161 ] } { [ -6.635341 ] } { [ -24.695516 ] }
despues de colapsar { [ 65.259152 ][ 72.617848 ][ -7.719459 ] } { [ 7.149374 ] } { [ 7.746904 ] } { [ 29.026938 ][ 28.361455 ] } { [ 3.763360 ] } { [ 67.216968 ][ 26.565083 ] } { [ 56.276407 ][ -11.467992 ] } { [ 8.198621 ] } { [ 44.230979 ] } { [ 6.564301 ] } { [ 71.104336 ] } { [ 40.749776 ] } { [ -11.934701 ] } { [ -16.497824 ] } { [ -nan ][ 56.864217 ] } { [ 27.044929 ] } { [ 27.000056 ] } { [ 13.381171 ] } { [ 55.292638 ] } { [ 60.639631 ] } { [ 20.398811 ] } { [ 27.195875 ] } { [ 55.419161 ] } { [ -6.635341 ] } { [ -24.695516 ] }
antes   de colapsar { [ 65.259152 ][ 72.617848 ][ -7.719459 ] } { [ 7.149374 ] } { [ 7.746904 ] } { [ 29.026938 ][ 28.361455 ] } { [ 3.763360 ] } { [ 67.216968 ][ 26.565083 ] } { [ 56.276407 ][ -11.467992 ] } { [ 8.198621 ] } { [ 44.230979 ] } { [ 6.564301 ] } { [ 71.104336 ] } { [ 40.749776 ] } { [ -11.934701 ] } { [ -16.497824 ] } { [ -nan ][ 56.864217 ] } { [ 27.044929 ] } { [ 27.000056 ] } { [ 13.381171 ] } { [ 55.292638 ] } { [ 60.639631 ] } { [ 20.398811 ] } { [ 27.195875 ] } { [ 55.419161 ] } { [ -6.635341 ] } { [ -24.695516 ] } { [ 73.644838 ] } { [ 38.322251 ] } { [ 41.293807 ] } { [ 39.172935 ] } { [ 59.852376 ] }
despues de colapsar { [ 65.259152 ][ 72.617848 ][ -7.719459 ] } { [ 7.149374 ] } { [ 7.746904 ] } { [ 29.026938 ][ 28.361455 ] } { [ 3.763360 ] } { [ 67.216968 ][ 26.565083 ] } { [ 56.276407 ][ -11.467992 ] } { [ 8.198621 ] } { [ 44.230979 ] } { [ 6.564301 ] } { [ 71.104336 ] } { [ 40.749776 ] } { [ -11.934701 ] } { [ -16.497824 ] } { [ -nan ][ 56.864217 ] } { [ 27.044929 ] } { [ 27.000056 ] } { [ 13.381171 ] } { [ 55.292638 ] } { [ 60.639631 ] } { [ 20.398811 ] } { [ 27.195875 ] } { [ 55.419161 ] } { [ -6.635341 ] } { [ -24.695516 ] } { [ 73.644838 ] } { [ 38.322251 ] } { [ 41.293807 ] } { [ 39.172935 ] } { [ 59.852376 ] }
antes   de filtrar: { [ 65.259152 ][ 72.617848 ][ -7.719459 ] } { [ 7.149374 ][ 52.670249 ] } { [ 7.746904 ] } { [ 29.026938 ][ 28.361455 ] } { [ 3.763360 ] } { [ 67.216968 ][ 26.565083 ] } { [ 56.276407 ][ -11.467992 ] } { [ 8.198621 ] } { [ 44.230979 ] } { [ 6.564301 ] } { [ 71.104336 ] } { [ 40.749776 ] } { [ -11.934701 ] } { [ -16.497824 ] } { [ -nan ][ 56.864217 ] } { [ 27.044929 ] } { [ 27.000056 ] } { [ 13.381171 ] } { [ 55.292638 ] } { [ 60.639631 ] } { [ 20.398811 ] } { [ 27.195875 ] } { [ 55.419161 ] } { [ -6.635341 ] } { [ -24.695516 ] } { [ 73.644838 ] } { [ 38.322251 ] } { [ 41.293807 ] } { [ 39.172935 ] } { [ 59.852376 ] } { [ 54.183032 ] } { [ -18.676435 ] } { [ 23.505221 ] }
despues de filtrar: { [ 65.259152 ][ 72.617848 ][ -7.719459 ] } { [ 7.149374 ][ 52.670249 ] } { [ 29.026938 ][ 28.361455 ] } { [ 67.216968 ][ 26.565083 ] } { [ 56.276407 ][ -11.467992 ] } { [ 8.198621 ] } { [ 44.230979 ] } { [ 71.104336 ] } { [ -16.497824 ] } { [ -nan ][ 56.864217 ] } { [ 27.044929 ] } { [ 27.000056 ] } { [ 13.381171 ] } { [ 55.292638 ] } { [ 20.398811 ] } { [ 27.195875 ] } { [ 55.419161 ] } { [ 38.322251 ] } { [ 41.293807 ] } { [ 39.172935 ] } { [ 54.183032 ] }
antes   de filtrar: { [ 65.259152 ][ 72.617848 ][ -7.719459 ] } { [ 7.149374 ][ 52.670249 ] } { [ 29.026938 ][ 28.361455 ] } { [ 67.216968 ][ 26.565083 ] } { [ 56.276407 ][ -11.467992 ] } { [ 8.198621 ] } { [ 44.230979 ] } { [ 71.104336 ] } { [ -16.497824 ] } { [ -nan ][ 56.864217 ] } { [ 27.044929 ] } { [ 27.000056 ] } { [ 13.381171 ] } { [ 55.292638 ] } { [ 20.398811 ] } { [ 27.195875 ] } { [ 55.419161 ] } { [ 38.322251 ] } { [ 41.293807 ] } { [ 39.172935 ] } { [ 54.183032 ] }
despues de filtrar: { [ 65.259152 ][ 72.617848 ][ -7.719459 ] } { [ 7.149374 ][ 52.670249 ] } { [ 29.026938 ][ 28.361455 ] } { [ 67.216968 ][ 26.565083 ] } { [ 56.276407 ][ -11.467992 ] } { [ 8.198621 ] } { [ 44.230979 ] } { [ 71.104336 ] } { [ -16.497824 ] } { [ -nan ][ 56.864217 ] } { [ 27.044929 ] } { [ 27.000056 ] } { [ 13.381171 ] } { [ 55.292638 ] } { [ 20.398811 ] } { [ 27.195875 ] } { [ 55.419161 ] } { [ 38.322251 ] } { [ 41.293807 ] } { [ 39.172935 ] } { [ 54.183032 ] }
antes   de filtrar: { [ 65.259152 ][ 72.617848 ][ -7.719459 ] } { [ 7.149374 ][ 52.670249 ] } { [ 29.026938 ][ 28.361455 ] } { [ 67.216968 ][ 26.565083 ] } { [ 56.276407 ][ -11.467992 ] } { [ 8.198621 ] } { [ 44.230979 ] } { [ 71.104336 ] } { [ -16.497824 ] } { [ -nan ][ 56.864217 ] } { [ 27.044929 ] } { [ 27.000056 ] } { [ 13.381171 ] } { [ 55.292638 ] } { [ 20.398811 ] } { [ 27.195875 ] } { [ 55.419161 ] } { [ 38.322251 ] } { [ 41.293807 ] } { [ 39.172935 ] } { [ 54.183032 ] }
despues de filtrar: { [ 65.259152 ][ 72.617848 ][ -7.719459 ] } { [ 7.149374 ][ 52.670249 ] } { [ 29.026938 ][ 28.361455 ] } { [ 67.216968 ][ 26.565083 ] } { [ 56.276407 ][ -11.467992 ] } { [ 8.198621 ] } { [ 44.230979 ] } { [ 71.104336 ] } { [ -16.497824 ] } { [ -nan ][ 56.864217 ] } { [ 27.044929 ] } { [ 27.000056 ] } { [ 13.381171 ] } { [ 55.292638 ] } { [ 20.398811 ] } { [ 27.195875 ] } { [ 55.419161 ] } { [ 38.322251 ] } { [ 41.293807 ] } { [ 39.172935 ] } { [ 54.183032 ] }
antes   de colapsar { [ 4604 ] } { [ -2327 ] }
despues de colapsar { [ 4604 ] } { [ -2327 ] }
antes   de colapsar { [ 4604 ] } { [ -2327 ][ 3942 ] }
despues de colapsar { [ 4604 ] } { [ -2327 ][ 3942 ] }
antes   de colapsar { [ 4604 ][ 1716 ] } { [ -2327 ][ 3942 ] } { [ 3327 ][ 1904 ] } { [ 227 ] } { [ 3776 ] }
despues de colapsar { [ 2810 ] } { [ -2327 ][ 3942 ] } { [ 3327 ][ 1904 ] } { [ 227 ] } { [ 3776 ] }
antes   de colapsar { [ 2810 ] } { [ -2327 ][ 3942 ][ -3878 ] } { [ 3327 ][ 1904 ] } { [ 227 ] } { [ 3776 ][ -3357 ] } { [ -3009 ] } { [ -759 ] } { [ -1941 ] } { [ 4994 ] } { [ 1646 ] }
despues de colapsar { [ 2810 ] } { [ -2327 ][ 3942 ][ -3878 ] } { [ 3327 ][ 1904 ] } { [ 227 ] } { [ 3776 ][ -3357 ] } { [ -3009 ] } { [ -759 ] } { [ -1941 ] } { [ 4994 ] } { [ 1646 ] }
antes   de colapsar { [ 2810 ] } { [ -2327 ][ 3942 ][ -3878 ] } { [ 3327 ][ 1904 ] } { [ 227 ] } { [ 3776 ][ -3357 ][ -2466 ] } { [ -3009 ] } { [ -759 ] } { [ -1941 ] } { [ 4994 ] } { [ 1646 ] } { [ 3533 ] } { [ 337 ] }
despues de colapsar { [ 2810 ] } { [ -2327 ][ 3942 ][ -3878 ] } { [ 3327 ][ 1904 ] } { [ 227 ] } { [ 3776 ][ -3357 ][ -2466 ] } { [ -3009 ] } { [ -759 ] } { [ -1941 ] } { [ 4994 ] } { [ 1646 ] } { [ 3533 ] } { [ 337 ] }
antes   de filtrar: { [ 2810 ] } { [ -2327 ][ 3942 ][ -3878 ] } { [ 3327 ][ 1904 ] } { [ 227 ] } { [ 3776 ][ -3357 ][ -2466 ] } { [ -3009 ] } { [ -759 ] } { [ -1941 ][ -4979 ] } { [ 4994 ] } { [ 1646 ] } { [ 3533 ] } { [ 337 ] } { [ -4578 ] }
despues de filtrar: { [ -2327 ][ 3942 ][ -3878 ] } { [ 3327 ][ 1904 ] } { [ 227 ] } { [ 3776 ][ -3357 ][ -2466 ] } { [ -759 ] } { [ -1941 ][ -4979 ] } { [ 4994 ] } { [ 1646 ] } { [ 3533 ] } { [ 337 ] } { [ -4578 ] }
antes   de filtrar: { [ -2327 ][ 3942 ][ -3878 ] } { [ 3327 ][ 1904 ] } { [ 227 ] } { [ 3776 ][ -3357 ][ -2466 ] } { [ -759 ] } { [ -1941 ][ -4979 ] } { [ 4994 ] } { [ 1646 ] } { [ 3533 ] } { [ 337 ] } { [ -4578 ][ -2980 ] } { [ -2187 ] } { [ -629 ] } { [ 2348 ] } { [ -1979 ] } { [ 2982 ] } { [ -586 ] }
despues de filtrar: { [ -2327 ][ 3942 ][ -3878 ] } { [ 3327 ][ 1904 ] } { [ 227 ] } { [ 3776 ][ -3357 ][ -2466 ] } { [ -759 ] } { [ -1941 ][ -4979 ] } { [ 4994 ] } { [ 1646 ] } { [ 3533 ] } { [ 337 ] } { [ -4578 ][ -2980 ] } { [ -2187 ] } { [ -629 ] } { [ 2348 ] } { [ -1979 ] } { [ 2982 ] } { [ -586 ] }
antes   de filtrar: { [ -2327 ][ 3942 ][ -3878 ] } { [ 3327 ][ 1904 ] } { [ 227 ] } { [ 3776 ][ -3357 ][ -2466 ] } { [ -759 ] } { [ -1941 ][ -4979 ][ -1415 ] } { [ 4994 ] } { [ 1646 ] } { [ 3533 ] } { [ 337 ] } { [ -4578 ][ -2980 ] } { [ -2187 ] } { [ -629 ] } { [ 2348 ][ -3799 ] } { [ -1979 ][ 776 ] } { [ 2982 ] } { [ -586 ] } { [ 1095 ] } { [ 3581 ] } { [ -1607 ] } { [ 1485 ] } { [ -275 ] } { [ 2757 ] } { [ 3373 ] } { [ 138 ] } { [ 451 ] } { [ -3489 ] }
despues de filtrar: { [ -2327 ][ 3942 ][ -3878 ] } { [ 3327 ][ 1904 ] } { [ 227 ] } { [ 3776 ][ -3357 ][ -2466 ] } { [ -759 ] } { [ -1941 ][ -4979 ][ -1415 ] } { [ 4994 ] } { [ 1646 ] } { [ 3533 ] } { [ 337 ] } { [ -4578 ][ -2980 ] } { [ -2187 ] } { [ -629 ] } { [ 2348 ][ -3799 ] } { [ -1979 ][ 776 ] } { [ 2982 ] } { [ -586 ] } { [ 3581 ] } { [ 1485 ] } { [ -275 ] } { [ 2757 ] } { [ 3373 ] } { [ 138 ] } { [ 451 ] } { [ -3489 ] }
antes   de colapsar { [ -2327 ][ 3942 ][ -3878 ] } { [ 3327 ][ 1904 ] } { [ 227 ] } { [ 3776 ][ -3357 ][ -2466 ] } { [ -759 ] } { [ -1941 ][ -4979 ][ -1415 ] } { [ 4994 ] } { [ 1646 ] } { [ 3533 ] } { [ 337 ] } { [ -4578 ][ -2980 ] } { [ -2187 ] } { [ -629 ] } { [ 2348 ][ -3799 ] } { [ -1979 ][ 776 ] } { [ 2982 ] } { [ -586 ] } { [ 3581 ] } { [ 1485 ] } { [ -275 ] } { [ 2757 ] } { [ 3373 ] } { [ 138 ] } { [ 451 ] } { [ -3489 ] }
despues de colapsar { [ -2327 ][ 3942 ][ -3878 ] } { [ 3327 ][ 1904 ] } { [ 227 ] } { [ 3776 ][ -3357 ][ -2466 ] } { [ -759 ] } { [ -1941 ][ -4979 ][ -1415 ] } { [ 4994 ] } { [ 1646 ] } { [ 3533 ] } { [ 337 ] } { [ -4578 ][ -2980 ] } { [ -2187 ] } { [ -629 ] } { [ 2348 ][ -3799 ] } { [ -1979 ][ 776 ] } { [ 2982 ] } { [ -586 ] } { [ 3581 ] } { [ 1485 ] } { [ -275 ] } { [ 2757 ] } { [ 3373 ] } { [ 138 ] } { [ 451 ] } { [ -3489 ] }
antes   de colapsar { [ -2327 ][ 3942 ][ -3878 ] } { [ 3327 ][ 1904 ] } { [ 227 ] } { [ 3776 ][ -3357 ][ -2466 ] } { [ -759 ] } { [ -1941 ][ -4979 ][ -1415 ] } { [ 4994 ] } { [ 1646 ] } { [ 3533 ] } { [ 337 ] } { [ -4578 ][ -2980 ] } { [ -2187 ] } { [ -629 ] } { [ 2348 ][ -3799 ] } { [ -1979 ][ 776 ] } { [ 2982 ] } { [ -586 ] } { [ 3581 ] } { [ 1485 ] } { [ -275 ] } { [ 2757 ] } { [ 3373 ] } { [ 138 ] } { [ 451 ] } { [ -3489 ][ -682 ] } { [ -814 ] } { [ -933 ] } { [ 2701 ] } { [ 4875 ] } { [ 4673 ] }
despues de colapsar { [ -2327 ][ 3942 ][ -3878 ] } { [ 3327 ][ 1904 ] } { [ 227 ] } { [ 3776 ][ -3357 ][ -2466 ] } { [ -759 ] } { [ -1941 ][ -4979 ][ -1415 ] } { [ 4994 ] } { [ 1646 ] } { [ 3533 ] } { [ 337 ] } { [ -4578 ][ -2980 ] } { [ -2187 ] } { [ -629 ] } { [ 2348 ][ -3799 ] } { [ -1979 ][ 776 ] } { [ 2982 ] } { [ -586 ] } { [ 3581 ] } { [ 1485 ] } { [ -275 ] } { [ 2757 ] } { [ 3373 ] } { [ 138 ] } { [ 451 ] } { [ -3489 ][ -682 ] } { [ -814 ] } { [ -933 ] } { [ 2701 ] } { [ 4875 ] } { [ 4673 ] }
antes   de colapsar { [ -2967 ][ 3924 ] } { [ 211 ][ -2098 ] } { [ -3475 ][ -4568 ] } { [ -67 ] } { [ 2680 ] }
despues de colapsar { [ -2967 ][ 3924 ] } { [ 211 ][ -2098 ] } { [ -3475 ][ -4568 ] } { [ -67 ] } { [ 2680 ] }
antes   de colapsar { [ -2967 ][ 3924 ] } { [ 211 ][ -2098 ] } { [ -3475 ][ -4568 ] } { [ -67 ] } { [ 2680 ] }
despues de colapsar { [ -2967 ][ 3924 ] } { [ 211 ][ -2098 ] } { [ -3475 ][ -4568 ] } { [ -67 ] } { [ 2680 ] }
antes   de colapsar { [ -2967 ][ 3924 ] } { [ 211 ][ -2098 ] } { [ -3475 ][ -4568 ] } { [ -67 ] } { [ 2680 ][ -2902 ] } { [ 3440 ] } { [ -3989 ] } { [ 4976 ] }
despues de colapsar { [ -2967 ][ 3924 ] } { [ 211 ][ -2098 ] } { [ -3475 ][ -4568 ] } { [ -67 ] } { [ 0 ] } { [ 3440 ] } { [ -3989 ] } { [ 4976 ] }
antes   de colapsar { [ -2967 ][ 3924 ] } { [ 211 ][ -2098 ][ 3067 ] } { [ -3475 ][ -4568 ] } { [ -67 ] } { [ 0 ] } { [ 3440 ] } { [ -3989 ] } { [ 4976 ] } { [ -4765 ][ -1032 ] } { [ -4744 ] }
despues de colapsar { [ -2967 ][ 3924 ] } { [ 211 ][ -2098 ][ 3067 ] } { [ -3475 ][ -4568 ] } { [ -67 ] } { [ 0 ] } { [ 3440 ] } { [ -3989 ] } { [ 4976 ] } { [ -4765 ][ -1032 ] } { [ -4744 ] }
antes   de filtrar: { [ -2967 ][ 3924 ][ -3116 ] } { [ 211 ][ -2098 ][ 3067 ] } { [ -3475 ][ -4568 ] } { [ -67 ] } { [ 0 ] } { [ 3440 ] } { [ -3989 ] } { [ 4976 ] } { [ -4765 ][ -1032 ] } { [ -4744 ] } { [ -1327 ] } { [ -1287 ] }
despues de filtrar: { [ -2967 ][ 3924 ][ -3116 ] } { [ 211 ][ -2098 ][ 3067 ] } { [ -3475 ][ -4568 ] } { [ -67 ] } { [ 0 ] } { [ -3989 ] } { [ 4976 ] } { [ -4765 ][ -1032 ] } { [ -4744 ] } { [ -1327 ] } { [ -1287 ] }
antes   de filtrar: { [ -2967 ][ 3924 ][ -3116 ] } { [ 211 ][ -2098 ][ 3067 ] } { [ -3475 ][ -4568 ] } { [ -67 ] } { [ 0 ] } { [ -3989 ] } { [ 4976 ] } { [ -4765 ][ -1032 ] } { [ -4744 ] } { [ -1327 ] } { [ -1287 ][ -3347 ] } { [ 3056 ][ 4841 ] } { [ 370 ] } { [ -2925 ] } { [ 1899 ] } { [ -1547 ][ 2489 ] } { [ 1344 ] }
despues de filtrar: { [ -2967 ][ 3924 ][ -3116 ] } { [ 211 ][ -2098 ][ 3067 ] } { [ -3475 ][ -4568 ] } { [ -67 ] } { [ 0 ] } { [ -3989 ] } { [ 4976 ] } { [ -4765 ][ -1032 ] } { [ -4744 ] } { [ -1327 ] } { [ -1287 ][ -3347 ] } { [ -2925 ] } { [ 1899 ] } { [ -1547 ][ 2489 ] } { [ 1344 ] }
antes   de colapsar { [ -2967 ][ 3924 ][ -3116 ] } { [ 211 ][ -2098 ][ 3067 ] } { [ -3475 ][ -4568 ] } { [ -67 ] } { [ 0 ] } { [ -3989 ] } { [ 4976 ] } { [ -4765 ][ -1032 ] } { [ -4744 ] } { [ -1327 ] } { [ -1287 ][ -3347 ] } { [ -2925 ][ -2030 ] } { [ 1899 ] } { [ -1547 ][ 2489 ] } { [ 1344 ] } { [ -3733 ] } { [ 1557 ] } { [ -1125 ] }
despues de colapsar { [ -2967 ][ 3924 ][ -3116 ] } { [ 211 ][ -2098 ][ 3067 ] } { [ -3475 ][ -4568 ] } { [ -67 ] } { [ 0 ] } { [ -3989 ] } { [ 4976 ] } { [ -4765 ][ -1032 ] } { [ -4744 ] } { [ -1327 ] } { [ -1287 ][ -3347 ] } { [ -2925 ][ -2030 ] } { [ 1899 ] } { [ -1547 ][ 2489 ] } { [ 1344 ] } { [ -3733 ] } { [ 1557 ] } { [ -1125 ] }
antes   de colapsar { [ -2967 ][ 3924 ][ -3116 ] } { [ 211 ][ -2098 ][ 3067 ] } { [ -3475 ][ -4568 ] } { [ -67 ] } { [ 0 ] } { [ -3989 ] } { [ 4976 ] } { [ -4765 ][ -1032 ] } { [ -4744 ] } { [ -1327 ] } { [ -1287 ][ -3347 ] } { [ -2925 ][ -2030 ] } { [ 1899 ] } { [ -1547 ][ 2489 ] } { [ 1344 ] } { [ -3733 ] } { [ 1557 ] } { [ -1125 ] } { [ 290 ] }
despues de colapsar { [ -2967 ][ 3924 ][ -3116 ] } { [ 211 ][ -2098 ][ 3067 ] } { [ -3475 ][ -4568 ] } { [ -67 ] } { [ 0 ] } { [ -3989 ] } { [ 4976 ] } { [ -4765 ][ -1032 ] } { [ -4744 ] } { [ -1327 ] } { [ -1287 ][ -3347 ] } { [ -2925 ][ -2030 ] } { [ 1899 ] } { [ -1547 ][ 2489 ] } { [ 1344 ] } { [ -3733 ] } { [ 1557 ] } { [ -1125 ] } { [ 290 ] }
antes   de filtrar: { [ -2967 ][ 3924 ][ -3116 ] } { [ 211 ][ -2098 ][ 3067 ] } { [ -3475 ][ -4568 ] } { [ -67 ] } { [ 0 ] } { [ -3989 ] } { [ 4976 ] } { [ -4765 ][ -1032 ] } { [ -4744 ] } { [ -1327 ] } { [ -1287 ][ -3347 ] } { [ -2925 ][ -2030 ] } { [ 1899 ] } { [ -1547 ][ 2489 ] } { [ 1344 ] } { [ -3733 ] } { [ 1557 ] } { [ -1125 ] } { [ 290 ] } { [ -2614 ] } { [ 3601 ] } { [ 4976 ] } { [ 1876 ] } { [ 187 ] } { [ -1556 ] }
despues de filtrar: { [ -2967 ][ 3924 ][ -3116 ] } { [ 211 ][ -2098 ][ 3067 ] } { [ -3475 ][ -4568 ] } { [ -67 ] } { [ 0 ] } { [ -3989 ] } { [ 4976 ] } { [ -4765 ][ -1032 ] } { [ -4744 ] } { [ -1327 ] } { [ -1287 ][ -3347 ] } { [ -2925 ][ -2030 ] } { [ 1899 ] } { [ -1547 ][ 2489 ] } { [ 1344 ] } { [ -3733 ] } { [ 1557 ] } { [ -1125 ] } { [ -2614 ] } { [ 4976 ] } { [ 1876 ] } { [ 187 ] } { [ -1556 ] }
antes   de colapsar { [ -2967 ][ 3924 ][ -3116 ] } { [ 211 ][ -2098 ][ 3067 ] } { [ -3475 ][ -4568 ] } { [ -67 ] } { [ 0 ] } { [ -3989 ] } { [ 4976 ] } { [ -4765 ][ -1032 ] } { [ -4744 ] } { [ -1327 ] } { [ -1287 ][ -3347 ] } { [ -2925 ][ -2030 ] } { [ 1899 ] } { [ -1547 ][ 2489 ] } { [ 1344 ] } { [ -3733 ] } { [ 1557 ] } { [ -1125 ] } { [ -2614 ] } { [ 4976 ] } { [ 1876 ] } { [ 187 ] } { [ -1556 ] } { [ -2092 ] } { [ 2245 ] } { [ 4863 ] } { [ -4382 ] } { [ 4125 ] }
despues de colapsar { [ -2967 ][ 3924 ][ -3116 ] } { [ 211 ][ -2098 ][ 3067 ] } { [ -3475 ][ -4568 ] } { [ -67 ] } { [ 0 ] } { [ -3989 ] } { [ 4976 ] } { [ -4765 ][ -1032 ] } { [ -4744 ] } { [ -1327 ] } { [ -1287 ][ -3347 ] } { [ -2925 ][ -2030 ] } { [ 1899 ] } { [ -1547 ][ 2489 ] } { [ 1344 ] } { [ -3733 ] } { [ 1557 ] } { [ -1125 ] } { [ -2614 ] } { [ 4976 ] } { [ 1876 ] } { [ 187 ] } { [ -1556 ] } { [ -2092 ] } { [ 2245 ] } { [ 4863 ] } { [ -4382 ] } { [ 4125 ] }
antes   de colapsar <vacia>
despues de colapsar <vacia>
antes   de colapsar { [ 29.541440 ] } { [ 32.021365 ] }
despues de colapsar { [ 29.541440 ] } { [ 32.021365 ] }
antes   de filtrar: { [ 29.541440 ] } { [ 32.021365 ] } { [ 29.000008 ][ 70.167875 ] }
despues de filtrar: { [ 32.021365 ] } { [ 29.000008 ][ 70.167875 ] }
antes   de colapsar { [ 32.021365 ] } { [ 29.000008 ][ 70.167875 ][ 36.870836 ] } { [ 59.215678 ][ 41.508505 ] } { [ -10.910728 ] } { [ -19.691649 ][ 8.456159 ] } { [ 51.626164 ] }
despues de colapsar { [ 32.021365 ] } { [ 29.000008 ][ 70.167875 ][ 36.870836 ] } { [ 59.215678 ][ 41.508505 ] } { [ -10.910728 ] } { [ -nan ] } { [ 51.626164 ] }
antes   de colapsar { [ 32.021365 ] } { [ 29.000008 ][ 70.167875 ][ 36.870836 ] } { [ 59.215678 ][ 41.508505 ] } { [ -10.910728 ] } { [ -nan ] } { [ 51.626164 ][ -13.243932 ] } { [ 43.834954 ] } { [ 26.445051 ] } { [ -9.670033 ] }
despues de colapsar { [ 32.021365 ] } { [ 29.000008 ][ 70.167875 ][ 36.870836 ] } { [ 59.215678 ][ 41.508505 ] } { [ -10.910728 ] } { [ -nan ] } { [ 6.195340 ] } { [ 43.834954 ] } { [ 26.445051 ] } { [ -9.670033 ] }
antes   de colapsar { [ 32.021365 ] } { [ 29.000008 ][ 70.167875 ][ 36.870836 ] } { [ 59.215678 ][ 41.508505 ] } { [ -10.910728 ] } { [ -nan ][ 18.124849 ] } { [ 6.195340 ][ -0.223448 ] } { [ 43.834954 ] } { [ 26.445051 ] } { [ -9.670033 ] } { [ 67.813001 ] } { [ 68.346394 ][ 63.740966 ] } { [ -10.105907 ] } { [ -5.490364 ] } { [ 71.268294 ] } { [ 1.889886 ] } { [ 20.578393 ] } { [ 47.443819 ] }
despues de colapsar { [ 32.021365 ] } { [ 29.000008 ][ 70.167875 ][ 36.870836 ] } { [ 59.215678 ][ 41.508505 ] } { [ -10.910728 ] } { [ -nan ][ 18.124849 ] } { [ 6.195340 ][ -0.223448 ] } { [ 43.834954 ] } { [ 26.445051 ] } { [ -9.670033 ] } { [ 67.813001 ] } { [ 68.346394 ][ 63.740966 ] } { [ -10.105907 ] } { [ -5.490364 ] } { [ 71.268294 ] } { [ 1.889886 ] } { [ 20.578393 ] } { [ 47.443819 ] }
antes   de colapsar { [ 32.021365 ] } { [ 29.000008 ][ 70.167875 ][ 36.870836 ] } { [ 59.215678 ][ 41.508505 ] } { [ -10.910728 ] } { [ -nan ][ 18.124849 ][ 73.436566 ] } { [ 6.195340 ][ -0.223448 ] } { [ 43.834954 ] } { [ 26.445051 ] } { [ -9.670033 ] } { [ 67.813001 ] } { [ 68.346394 ][ 63.740966 ] } { [ -10.105907 ] } { [ -5.490364 ] } { [ 71.268294 ] } { [ 1.889886 ] } { [ 20.578393 ] } { [ 47.443819 ] } { [ 47.408226 ] } { [ 71.955977 ] }
despues de colapsar { [ 32.021365 ] } { [ 29.000008 ][ 70.167875 ][ 36.870836 ] } { [ 59.215678 ][ 41.508505 ] } { [ -10.910728 ] } { [ -nan ][ 18.124849 ][ 73.436566 ] } { [ 6.195340 ][ -0.223448 ] } { [ 43.834954 ] } { [ 26.445051 ] } { [ -9.670033 ] } { [ 67.813001 ] } { [ 68.346394 ][ 63.740966 ] } { [ -10.105907 ] } { [ -5.490364 ] } { [ 71.268294 ] } { [ 1.889886 ] } { [ 20.578393 ] } { [ 47.443819 ] } { [ 47.408226 ] } { [ 71.955977 ] }
antes   de colapsar { [ 32.021365 ] } { [ 29.000008 ][ 70.167875 ][ 36.870836 ] } { [ 59.215678 ][ 41.508505 ] } { [ -10.910728 ] } { [ -nan ][ 18.124849 ][ 73.436566 ] } { [ 6.195340 ][ -0.223448 ] } { [ 43.834954 ] } { [ 26.445051 ][ -17.789555 ] } { [ -9.670033 ] } { [ 67.813001 ] } { [ 68.346394 ][ 63.740966 ][ 68.998100 ] } { [ -10.105907 ] } { [ -5.490364 ] } { [ 71.268294 ] } { [ 1.889886 ] } { [ 20.578393 ] } { [ 47.443819 ] } { [ 47.408226 ] } { [ 71.955977 ] } { [ 27.117664 ][ -11.276407 ] } { [ 12.111638 ] } { [ 1.041741 ] } { [ 47.567661 ] } { [ 49.099272 ] } { [ -21.089787 ] } { [ -10.522136 ] } { [ -7.308874 ] } { [ -16.080830 ] }
despues de colapsar { [ 32.021365 ] } { [ 29.000008 ][ 70.167875 ][ 36.870836 ] } { [ 59.215678 ][ 41.508505 ] } { [ -10.910728 ] } { [ -nan ][ 18.124849 ][ 73.436566 ] } { [ 6.195340 ][ -0.223448 ] } { [ 43.834954 ] } { [ 26.445051 ][ -17.789555 ] } { [ -9.670033 ] } { [ 67.813001 ] } { [ 68.346394 ][ 63.740966 ][ 68.998100 ] } { [ -10.105907 ] } { [ -5.490364 ] } { [ 71.268294 ] } { [ 1.889886 ] } { [ 20.578393 ] } { [ 47.443819 ] } { [ 47.408226 ] } { [ 71.955977 ] } { [ 27.117664 ][ -11.276407 ] } { [ 12.111638 ] } { [ 1.041741 ] } { [ 47.567661 ] } { [ 49.099272 ] } { [ -21.089787 ] } { [ -10.522136 ] } { [ -7.308874 ] } { [ -16.080830 ] }
antes   de filtrar: { [ 32.021365 ] } { [ 29.000008 ][ 70.167875 ][ 36.870836 ] } { [ 59.215678 ][ 41.508505 ] } { [ -10.910728 ] } { [ -nan ][ 18.124849 ][ 73.436566 ] } { [ 6.195340 ][ -0.223448 ] } { [ 43.834954 ] } { [ 26.445051 ][ -17.789555 ] } { [ -9.670033 ] } { [ 67.813001 ] } { [ 68.346394 ][ 63.740966 ][ 68.998100 ] } { [ -10.105907 ] } { [ -5.490364 ] } { [ 71.268294 ] } { [ 1.889886 ] } { [ 20.578393 ] } { [ 47.443819 ] } { [ 47.408226 ] } { [ 71.955977 ] } { [ 27.117664 ][ -11.276407 ] } { [ 12.111638 ] } { [ 1.041741 ] } { [ 47.567661 ] } { [ 49.099272 ] } { [ -21.089787 ] } { [ -10.522136 ] } { [ -7.308874 ] } { [ -16.080830 ] } { [ 66.340029 ] }
despues de filtrar: { [ 32.021365 ] } { [ 29.000008 ][ 70.167875 ][ 36.870836 ] } { [ 59.215678 ][ 41.508505 ] } { [ -nan ][ 18.124849 ][ 73.436566 ] } { [ 6.195340 ][ -0.223448 ] } { [ 26.445051 ][ -17.789555 ] } { [ 68.346394 ][ 63.740966 ][ 68.998100 ] } { [ -10.105907 ] } { [ -5.490364 ] } { [ 71.268294 ] } { [ 47.443819 ] } { [ 47.408226 ] } { [ 27.117664 ][ -11.276407 ] } { [ 12.111638 ] } { [ 1.041741 ] } { [ 49.099272 ] } { [ -21.089787 ] } { [ -7.308874 ] } { [ -16.080830 ] } { [ 66.340029 ] }
antes   de filtrar: { [ 32.021365 ] } { [ 29.000008 ][ 70.167875 ][ 36.870836 ] } { [ 59.215678 ][ 41.508505 ] } { [ -nan ][ 18.124849 ][ 73.436566 ] } { [ 6.195340 ][ -0.223448 ] } { [ 26.445051 ][ -17.789555 ] } { [ 68.346394 ][ 63.740966 ][ 68.998100 ] } { [ -10.105907 ] } { [ -5.490364 ] } { [ 71.268294 ] } { [ 47.443819 ] } { [ 47.408226 ] } { [ 27.117664 ][ -11.276407 ] } { [ 12.111638 ] } { [ 1.041741 ] } { [ 49.099272 ] } { [ -21.089787 ] } { [ -7.308874 ] } { [ -16.080830 ] } { [ 66.340029 ] } { [ -3.957496 ] }
despues de filtrar: { [ 32.021365 ] } { [ 29.000008 ][ 70.167875 ][ 36.870836 ] } { [ 59.215678 ][ 41.508505 ] } { [ -nan ][ 18.124849 ][ 73.436566 ] } { [ 6.195340 ][ -0.223448 ] } { [ 26.445051 ][ -17.789555 ] } { [ 68.346394 ][ 63.740966 ][ 68.998100 ] } { [ -10.105907 ] } { [ -5.490364 ] } { [ 71.268294 ] } { [ 47.443819 ] } { [ 47.408226 ] } { [ 27.117664 ][ -11.276407 ] } { [ 12.111638 ] } { [ 1.041741 ] } { [ 49.099272 ] } { [ -21.089787 ] } { [ -7.308874 ] } { [ -16.080830 ] } { [ 66.340029 ] }
