antes   de filtrar: { [ -4.690336 ] } { [ -4.374468 ] } { [ 39.841848 ] } { [ -15.908680 ] } { [ -12.081242 ] } { [ 15.219217 ] } { [ -3.567379 ] } { [ 47.681542 ] }despues de filtrar: { [ -4.374468 ] } { [ -12.081242 ] } { [ 15.219217 ] }antes   de filtrar: { [ -4.374468 ] } { [ -12.081242 ][ 10.329337 ][ 55.611370 ] } { [ 15.219217 ] } { [ -12.206851 ][ 61.570996 ] } { [ 48.730914 ] } { [ 57.817416 ] } { [ 71.298977 ] }despues de filtrar: { [ -4.374468 ] } { [ -12.081242 ][ 10.329337 ][ 55.611370 ] } { [ 15.219217 ] } { [ -12.206851 ][ 61.570996 ] } { [ 71.298977 ] }antes   de colapsar { [ -4.374468 ] } { [ -12.081242 ][ 10.329337 ][ 55.611370 ] } { [ 15.219217 ] } { [ -12.206851 ][ 61.570996 ] } { [ 71.298977 ] }