antes   de colapsar { [ -3925 ] } { [ 944 ] }
despues de colapsar { [ -3925 ] } { [ 944 ] }
antes   de colapsar { [ -3925 ][ -1372 ] } { [ 944 ] } { [ 1710 ] } { [ -3539 ] } { [ 2371 ] } { [ -48 ] }
despues de colapsar { [ -3925 ][ -1372 ] } { [ 944 ] } { [ 1710 ] } { [ -3539 ] } { [ 2371 ] } { [ -48 ] }
antes   de colapsar { [ -3925 ][ -1372 ] } { [ 944 ] } { [ 1710 ][ -1779 ] } { [ -3539 ] } { [ 2371 ] } { [ -48 ] } { [ -1508 ] } { [ 4127 ] } { [ -3219 ] }
despues de colapsar { [ -3925 ][ -1372 ] } { [ 944 ] } { [ 0 ] } { [ -3539 ] } { [ 2371 ] } { [ -48 ] } { [ -1508 ] } { [ 4127 ] } { [ -3219 ] }
antes   de colapsar { [ -3925 ][ -1372 ] } { [ 944 ] } { [ 0 ] } { [ -3539 ] } { [ 2371 ] } { [ -48 ] } { [ -1508 ] } { [ 4127 ] } { [ -3219 ] }
despues de colapsar { [ -3925 ][ -1372 ] } { [ 944 ] } { [ 0 ] } { [ -3539 ] } { [ 2371 ] } { [ -48 ] } { [ -1508 ] } { [ 4127 ] } { [ -3219 ] }
antes   de colapsar { [ -3925 ][ -1372 ] } { [ 944 ] } { [ 0 ] } { [ -3539 ] } { [ 2371 ][ 4094 ] } { [ -48 ] } { [ -1508 ][ -4665 ] } { [ 4127 ] } { [ -3219 ] } { [ -1666 ] } { [ 2720 ][ -1649 ] } { [ -4131 ] } { [ -4210 ] } { [ -1393 ] } { [ -3411 ] } { [ -1418 ] } { [ 2977 ] }
despues de colapsar { [ -3925 ][ -1372 ] } { [ 944 ] } { [ 0 ] } { [ -3539 ] } { [ 2371 ][ 4094 ] } { [ -48 ] } { [ 2652 ] } { [ 4127 ] } { [ -3219 ] } { [ -1666 ] } { [ 0 ] } { [ -4131 ] } { [ -4210 ] } { [ -1393 ] } { [ -3411 ] } { [ -1418 ] } { [ 2977 ] }
antes   de colapsar { [ -3925 ][ -1372 ] } { [ 944 ] } { [ 0 ] } { [ -3539 ] } { [ 2371 ][ 4094 ] } { [ -48 ] } { [ 2652 ] } { [ 4127 ] } { [ -3219 ] } { [ -1666 ] } { [ 0 ] } { [ -4131 ] } { [ -4210 ] } { [ -1393 ] } { [ -3411 ] } { [ -1418 ] } { [ 2977 ] } { [ -1656 ] }
despues de colapsar { [ -3925 ][ -1372 ] } { [ 944 ] } { [ 0 ] } { [ -3539 ] } { [ 2371 ][ 4094 ] } { [ -48 ] } { [ 2652 ] } { [ 4127 ] } { [ -3219 ] } { [ -1666 ] } { [ 0 ] } { [ -4131 ] } { [ -4210 ] } { [ -1393 ] } { [ -3411 ] } { [ -1418 ] } { [ 2977 ] } { [ -1656 ] }
antes   de colapsar { [ -3925 ][ -1372 ] } { [ 944 ] } { [ 0 ][ -3064 ] } { [ -3539 ] } { [ 2371 ][ 4094 ] } { [ -48 ] } { [ 2652 ] } { [ 4127 ] } { [ -3219 ] } { [ -1666 ] } { [ 0 ] } { [ -4131 ] } { [ -4210 ] } { [ -1393 ] } { [ -3411 ] } { [ -1418 ] } { [ 2977 ] } { [ -1656 ] } { [ -2328 ] } { [ 2172 ] }
despues de colapsar { [ -3925 ][ -1372 ] } { [ 944 ] } { [ 0 ][ -3064 ] } { [ -3539 ] } { [ 2371 ][ 4094 ] } { [ -48 ] } { [ 2652 ] } { [ 4127 ] } { [ -3219 ] } { [ -1666 ] } { [ 0 ] } { [ -4131 ] } { [ -4210 ] } { [ -1393 ] } { [ -3411 ] } { [ -1418 ] } { [ 2977 ] } { [ -1656 ] } { [ -2328 ] } { [ 2172 ] }
antes   de filtrar: { [ -3925 ][ -1372 ] } { [ 944 ] } { [ 0 ][ -3064 ] } { [ -3539 ] } { [ 2371 ][ 4094 ] } { [ -48 ] } { [ 2652 ] } { [ 4127 ] } { [ -3219 ] } { [ -1666 ][ 2071 ] } { [ 0 ] } { [ -4131 ] } { [ -4210 ] } { [ -1393 ] } { [ -3411 ] } { [ -1418 ] } { [ 2977 ] } { [ -1656 ] } { [ -2328 ] } { [ 2172 ] }
despues de filtrar: { [ -3925 ][ -1372 ] } { [ 944 ] } { [ 0 ][ -3064 ] } { [ -3539 ] } { [ 2371 ][ 4094 ] } { [ -48 ] } { [ 2652 ] } { [ 4127 ] } { [ -3219 ] } { [ -1666 ][ 2071 ] } { [ 0 ] } { [ -4131 ] } { [ -1393 ] } { [ -3411 ] } { [ -1418 ] } { [ 2977 ] } { [ -1656 ] } { [ -2328 ] } { [ 2172 ] }
antes   de filtrar: { [ -3925 ][ -1372 ] } { [ 944 ][ 651 ] } { [ 0 ][ -3064 ] } { [ -3539 ] } { [ 2371 ][ 4094 ] } { [ -48 ] } { [ 2652 ] } { [ 4127 ][ 2982 ] } { [ -3219 ][ 3409 ] } { [ -1666 ][ 2071 ] } { [ 0 ] } { [ -4131 ] } { [ -1393 ][ -813 ] } { [ -3411 ] } { [ -1418 ] } { [ 2977 ] } { [ -1656 ][ -3003 ] } { [ -2328 ] } { [ 2172 ] } { [ 4371 ] } { [ 43 ] } { [ -2541 ] } { [ -1488 ] } { [ 3444 ] } { [ -4414 ] } { [ 2839 ] } { [ 1619 ] } { [ -2508 ] } { [ 898 ] } { [ -3166 ] } { [ -4903 ] }
despues de filtrar: { [ -3925 ][ -1372 ] } { [ 944 ][ 651 ] } { [ 0 ][ -3064 ] } { [ -3539 ] } { [ 2371 ][ 4094 ] } { [ -48 ] } { [ 2652 ] } { [ 4127 ][ 2982 ] } { [ -3219 ][ 3409 ] } { [ -1666 ][ 2071 ] } { [ 0 ] } { [ -4131 ] } { [ -1393 ][ -813 ] } { [ -3411 ] } { [ -1418 ] } { [ 2977 ] } { [ -1656 ][ -3003 ] } { [ -2328 ] } { [ 2172 ] } { [ 4371 ] } { [ 43 ] } { [ -2541 ] } { [ -1488 ] } { [ 3444 ] } { [ -4414 ] } { [ 2839 ] } { [ 1619 ] } { [ 898 ] } { [ -3166 ] }
antes   de filtrar: { [ -3925 ][ -1372 ] } { [ 944 ][ 651 ] } { [ 0 ][ -3064 ] } { [ -3539 ] } { [ 2371 ][ 4094 ] } { [ -48 ] } { [ 2652 ] } { [ 4127 ][ 2982 ][ -2978 ] } { [ -3219 ][ 3409 ] } { [ -1666 ][ 2071 ] } { [ 0 ] } { [ -4131 ] } { [ -1393 ][ -813 ] } { [ -3411 ] } { [ -1418 ] } { [ 2977 ] } { [ -1656 ][ -3003 ] } { [ -2328 ] } { [ 2172 ] } { [ 4371 ] } { [ 43 ] } { [ -2541 ] } { [ -1488 ] } { [ 3444 ] } { [ -4414 ] } { [ 2839 ] } { [ 1619 ] } { [ 898 ] } { [ -3166 ] } { [ -2982 ] } { [ -3929 ] }
despues de filtrar: { [ -3925 ][ -1372 ] } { [ 944 ][ 651 ] } { [ 0 ][ -3064 ] } { [ -3539 ] } { [ 2371 ][ 4094 ] } { [ -48 ] } { [ 2652 ] } { [ 4127 ][ 2982 ][ -2978 ] } { [ -3219 ][ 3409 ] } { [ -1666 ][ 2071 ] } { [ 0 ] } { [ -4131 ] } { [ -1393 ][ -813 ] } { [ -3411 ] } { [ -1418 ] } { [ 2977 ] } { [ -1656 ][ -3003 ] } { [ -2328 ] } { [ 2172 ] } { [ 4371 ] } { [ 43 ] } { [ -2541 ] } { [ -1488 ] } { [ 3444 ] } { [ -4414 ] } { [ 2839 ] } { [ 1619 ] } { [ 898 ] } { [ -3166 ] } { [ -2982 ] } { [ -3929 ] }
antes   de colapsar { [ 4105 ] } { [ -3388 ][ 1251 ] } { [ -1668 ][ 3199 ] } { [ 4737 ] } { [ 2964 ] } { [ -1498 ][ 2366 ][ -1057 ][ -4368 ] } { [ -2874 ] } { [ -2095 ] } { [ 4588 ] } { [ 2180 ] } { [ -954 ] } { [ 1671 ] } { [ 2083 ] } { [ 1126 ] } { [ 4756 ] } { [ 2126 ] }
despues de colapsar { [ 4105 ] } { [ -3388 ][ 1251 ] } { [ -1668 ][ 3199 ] } { [ 4737 ] } { [ 2964 ] } { [ -1498 ][ 2366 ][ -1057 ][ -4368 ] } { [ -2874 ] } { [ -2095 ] } { [ 4588 ] } { [ 2180 ] } { [ -954 ] } { [ 1671 ] } { [ 2083 ] } { [ 1126 ] } { [ 4756 ] } { [ 2126 ] }
antes   de colapsar { [ 4105 ] } { [ -3388 ][ 1251 ] } { [ -1668 ][ 3199 ] } { [ 4737 ] } { [ 2964 ] } { [ -1498 ][ 2366 ][ -1057 ][ -4368 ] } { [ -2874 ] } { [ -2095 ] } { [ 4588 ] } { [ 2180 ] } { [ -954 ] } { [ 1671 ] } { [ 2083 ] } { [ 1126 ] } { [ 4756 ] } { [ 2126 ] }
despues de colapsar { [ 4105 ] } { [ -3388 ][ 1251 ] } { [ -1668 ][ 3199 ] } { [ 4737 ] } { [ 2964 ] } { [ -1498 ][ 2366 ][ -1057 ][ -4368 ] } { [ -2874 ] } { [ -2095 ] } { [ 4588 ] } { [ 2180 ] } { [ -954 ] } { [ 1671 ] } { [ 2083 ] } { [ 1126 ] } { [ 4756 ] } { [ 2126 ] }
antes   de filtrar: { [ 4105 ] } { [ -3388 ][ 1251 ] } { [ -1668 ][ 3199 ] } { [ 4737 ] } { [ 2964 ] } { [ -1498 ][ 2366 ][ -1057 ][ -4368 ] } { [ -2874 ] } { [ -2095 ] } { [ 4588 ][ -4461 ] } { [ 2180 ][ -3417 ] } { [ -954 ] } { [ 1671 ] } { [ 2083 ] } { [ 1126 ] } { [ 4756 ][ 4202 ] } { [ 2126 ] } { [ 2696 ] } { [ -890 ] } { [ 1305 ] } { [ -2206 ] } { [ 3638 ] }
despues de filtrar: { [ -3388 ][ 1251 ] } { [ -1668 ][ 3199 ] } { [ 4737 ] } { [ 2964 ] } { [ -1498 ][ 2366 ][ -1057 ][ -4368 ] } { [ -2874 ] } { [ 4588 ][ -4461 ] } { [ -954 ] } { [ 1671 ] } { [ 1126 ] } { [ 4756 ][ 4202 ] } { [ 2126 ] } { [ 2696 ] } { [ 3638 ] }
antes   de colapsar { [ -3388 ][ 1251 ] } { [ -1668 ][ 3199 ] } { [ 4737 ] } { [ 2964 ] } { [ -1498 ][ 2366 ][ -1057 ][ -4368 ] } { [ -2874 ] } { [ 4588 ][ -4461 ] } { [ -954 ] } { [ 1671 ] } { [ 1126 ][ 1092 ] } { [ 4756 ][ 4202 ] } { [ 2126 ] } { [ 2696 ] } { [ 3638 ] } { [ -3077 ] } { [ -1838 ] }
despues de colapsar { [ -3388 ][ 1251 ] } { [ -1668 ][ 3199 ] } { [ 4737 ] } { [ 2964 ] } { [ -1498 ][ 2366 ][ -1057 ][ -4368 ] } { [ -2874 ] } { [ 4588 ][ -4461 ] } { [ -954 ] } { [ 1671 ] } { [ 1126 ][ 1092 ] } { [ 4756 ][ 4202 ] } { [ 2126 ] } { [ 2696 ] } { [ 3638 ] } { [ -3077 ] } { [ -1838 ] }
antes   de colapsar { [ -3388 ][ 1251 ] } { [ -1668 ][ 3199 ] } { [ 4737 ] } { [ 2964 ] } { [ -1498 ][ 2366 ][ -1057 ][ -4368 ] } { [ -2874 ] } { [ 4588 ][ -4461 ] } { [ -954 ] } { [ 1671 ] } { [ 1126 ][ 1092 ] } { [ 4756 ][ 4202 ] } { [ 2126 ] } { [ 2696 ] } { [ 3638 ] } { [ -3077 ] } { [ -1838 ] } { [ 4694 ] } { [ -3635 ] } { [ -4039 ] } { [ -4878 ] }
despues de colapsar { [ -3388 ][ 1251 ] } { [ -1668 ][ 3199 ] } { [ 4737 ] } { [ 2964 ] } { [ -1498 ][ 2366 ][ -1057 ][ -4368 ] } { [ -2874 ] } { [ 4588 ][ -4461 ] } { [ -954 ] } { [ 1671 ] } { [ 1126 ][ 1092 ] } { [ 4756 ][ 4202 ] } { [ 2126 ] } { [ 2696 ] } { [ 3638 ] } { [ -3077 ] } { [ -1838 ] } { [ 4694 ] } { [ -3635 ] } { [ -4039 ] } { [ -4878 ] }
antes   de colapsar { [ -3388 ][ 1251 ] } { [ -1668 ][ 3199 ] } { [ 4737 ] } { [ 2964 ] } { [ -1498 ][ 2366 ][ -1057 ][ -4368 ] } { [ -2874 ] } { [ 4588 ][ -4461 ] } { [ -954 ] } { [ 1671 ] } { [ 1126 ][ 1092 ] } { [ 4756 ][ 4202 ] } { [ 2126 ] } { [ 2696 ] } { [ 3638 ] } { [ -3077 ] } { [ -1838 ] } { [ 4694 ] } { [ -3635 ] } { [ -4039 ] } { [ -4878 ] } { [ 3963 ] }
despues de colapsar { [ -3388 ][ 1251 ] } { [ -1668 ][ 3199 ] } { [ 4737 ] } { [ 2964 ] } { [ -1498 ][ 2366 ][ -1057 ][ -4368 ] } { [ -2874 ] } { [ 4588 ][ -4461 ] } { [ -954 ] } { [ 1671 ] } { [ 1126 ][ 1092 ] } { [ 4756 ][ 4202 ] } { [ 2126 ] } { [ 2696 ] } { [ 3638 ] } { [ -3077 ] } { [ -1838 ] } { [ 4694 ] } { [ -3635 ] } { [ -4039 ] } { [ -4878 ] } { [ 3963 ] }
antes   de filtrar: { [ -3388 ][ 1251 ] } { [ -1668 ][ 3199 ] } { [ 4737 ] } { [ 2964 ] } { [ -1498 ][ 2366 ][ -1057 ][ -4368 ] } { [ -2874 ] } { [ 4588 ][ -4461 ] } { [ -954 ] } { [ 1671 ] } { [ 1126 ][ 1092 ] } { [ 4756 ][ 4202 ] } { [ 2126 ] } { [ 2696 ] } { [ 3638 ] } { [ -3077 ] } { [ -1838 ] } { [ 4694 ] } { [ -3635 ] } { [ -4039 ] } { [ -4878 ] } { [ 3963 ] } { [ -2897 ] } { [ -1572 ] } { [ 4669 ] } { [ -2355 ] } { [ -2306 ] }
despues de filtrar: { [ -3388 ][ 1251 ] } { [ -1668 ][ 3199 ] } { [ 4737 ] } { [ 2964 ] } { [ -1498 ][ 2366 ][ -1057 ][ -4368 ] } { [ -2874 ] } { [ 4588 ][ -4461 ] } { [ -954 ] } { [ 1671 ] } { [ 1126 ][ 1092 ] } { [ 4756 ][ 4202 ] } { [ 2126 ] } { [ 2696 ] } { [ 3638 ] } { [ -1838 ] } { [ 4694 ] } { [ -3635 ] } { [ -4878 ] } { [ 3963 ] } { [ -2897 ] } { [ -1572 ] } { [ 4669 ] } { [ -2355 ] }
antes   de colapsar { [ -3388 ][ 1251 ] } { [ -1668 ][ 3199 ] } { [ 4737 ] } { [ 2964 ] } { [ -1498 ][ 2366 ][ -1057 ][ -4368 ] } { [ -2874 ] } { [ 4588 ][ -4461 ] } { [ -954 ] } { [ 1671 ] } { [ 1126 ][ 1092 ] } { [ 4756 ][ 4202 ] } { [ 2126 ] } { [ 2696 ] } { [ 3638 ] } { [ -1838 ] } { [ 4694 ] } { [ -3635 ] } { [ -4878 ] } { [ 3963 ] } { [ -2897 ] } { [ -1572 ] } { [ 4669 ] } { [ -2355 ] } { [ -1715 ] }
despues de colapsar { [ -3388 ][ 1251 ] } { [ -1668 ][ 3199 ] } { [ 4737 ] } { [ 2964 ] } { [ -1498 ][ 2366 ][ -1057 ][ -4368 ] } { [ -2874 ] } { [ 4588 ][ -4461 ] } { [ -954 ] } { [ 1671 ] } { [ 1126 ][ 1092 ] } { [ 4756 ][ 4202 ] } { [ 2126 ] } { [ 2696 ] } { [ 3638 ] } { [ -1838 ] } { [ 4694 ] } { [ -3635 ] } { [ -4878 ] } { [ 3963 ] } { [ -2897 ] } { [ -1572 ] } { [ 4669 ] } { [ -2355 ] } { [ -1715 ] }
antes   de colapsar { [ -3388 ][ 1251 ] } { [ -1668 ][ 3199 ] } { [ 4737 ] } { [ 2964 ] } { [ -1498 ][ 2366 ][ -1057 ][ -4368 ] } { [ -2874 ] } { [ 4588 ][ -4461 ] } { [ -954 ] } { [ 1671 ] } { [ 1126 ][ 1092 ] } { [ 4756 ][ 4202 ] } { [ 2126 ] } { [ 2696 ] } { [ 3638 ] } { [ -1838 ] } { [ 4694 ] } { [ -3635 ] } { [ -4878 ] } { [ 3963 ] } { [ -2897 ] } { [ -1572 ] } { [ 4669 ] } { [ -2355 ] } { [ -1715 ] }
despues de colapsar { [ -3388 ][ 1251 ] } { [ -1668 ][ 3199 ] } { [ 4737 ] } { [ 2964 ] } { [ -1498 ][ 2366 ][ -1057 ][ -4368 ] } { [ -2874 ] } { [ 4588 ][ -4461 ] } { [ -954 ] } { [ 1671 ] } { [ 1126 ][ 1092 ] } { [ 4756 ][ 4202 ] } { [ 2126 ] } { [ 2696 ] } { [ 3638 ] } { [ -1838 ] } { [ 4694 ] } { [ -3635 ] } { [ -4878 ] } { [ 3963 ] } { [ -2897 ] } { [ -1572 ] } { [ 4669 ] } { [ -2355 ] } { [ -1715 ] }
antes   de filtrar: { [ -3388 ][ 1251 ] } { [ -1668 ][ 3199 ] } { [ 4737 ] } { [ 2964 ] } { [ -1498 ][ 2366 ][ -1057 ][ -4368 ] } { [ -2874 ] } { [ 4588 ][ -4461 ] } { [ -954 ] } { [ 1671 ] } { [ 1126 ][ 1092 ] } { [ 4756 ][ 4202 ] } { [ 2126 ] } { [ 2696 ] } { [ 3638 ][ -4327 ] } { [ -1838 ] } { [ 4694 ] } { [ -3635 ] } { [ -4878 ] } { [ 3963 ] } { [ -2897 ] } { [ -1572 ] } { [ 4669 ] } { [ -2355 ][ -1121 ] } { [ -1715 ] } { [ -2363 ] } { [ -437 ] }
despues de filtrar: { [ -3388 ][ 1251 ] } { [ -1668 ][ 3199 ] } { [ 4737 ] } { [ 2964 ] } { [ -1498 ][ 2366 ][ -1057 ][ -4368 ] } { [ -2874 ] } { [ 4588 ][ -4461 ] } { [ -954 ] } { [ 1671 ] } { [ 1126 ][ 1092 ] } { [ 4756 ][ 4202 ] } { [ 2126 ] } { [ 2696 ] } { [ 3638 ][ -4327 ] } { [ -1838 ] } { [ 4694 ] } { [ -3635 ] } { [ -4878 ] } { [ 3963 ] } { [ -2897 ] } { [ -1572 ] } { [ 4669 ] } { [ -2355 ][ -1121 ] } { [ -1715 ] } { [ -2363 ] } { [ -437 ] }
antes   de colapsar { [ 32p2 ] }
despues de colapsar { [ 32p2 ] }
antes   de filtrar: { [ 32p2 ][ 2tpwg4nbt ] } { [ fyxhvot3lo ] }
despues de filtrar: <vacia>
antes   de filtrar: <vacia>
despues de filtrar: <vacia>
antes   de colapsar <vacia>
despues de colapsar <vacia>
antes   de colapsar { [ jthvl ][ unmg7 ] } { [ 060l2533 ][ oxlr ] } { [ les1 ][ b9hgw7 ] } { [ 9fu2f1 ] } { [ jutd ] } { [ 2wlpwlf66 ] } { [ u81y7dq ] }
despues de colapsar { [ jthvl ][ unmg7 ] } { [ 0o6x0llr25 ] } { [ lbe9sh1gw7 ] } { [ 9fu2f1 ] } { [ jutd ] } { [ 2wlpwlf66 ] } { [ u81y7dq ] }
antes   de colapsar { [ jthvl ][ unmg7 ] } { [ 0o6x0llr25 ] } { [ lbe9sh1gw7 ] } { [ 9fu2f1 ][ eeakpgh ] } { [ jutd ] } { [ 2wlpwlf66 ] } { [ u81y7dq ] } { [ 8 ] } { [ m45pwphv ][ nueaax8u56 ] } { [ 0npl ] } { [ uuf ] } { [ bbs65l2 ] } { [ feg94t1g ] } { [ qbl3na ][ 7jouhhsi0 ] }
despues de colapsar { [ jthvl ][ unmg7 ] } { [ 0o6x0llr25 ] } { [ lbe9sh1gw7 ] } { [ 9efeua2kfp ] } { [ jutd ] } { [ 2wlpwlf66 ] } { [ u81y7dq ] } { [ 8 ] } { [ mn4u5epawa ] } { [ 0npl ] } { [ uuf ] } { [ bbs65l2 ] } { [ feg94t1g ] } { [ q7bjlo3unh ] }
antes   de colapsar { [ jthvl ][ unmg7 ] } { [ 0o6x0llr25 ] } { [ lbe9sh1gw7 ] } { [ 9efeua2kfp ] } { [ jutd ] } { [ 2wlpwlf66 ] } { [ u81y7dq ] } { [ 8 ] } { [ mn4u5epawa ] } { [ 0npl ] } { [ uuf ] } { [ bbs65l2 ] } { [ feg94t1g ] } { [ q7bjlo3unh ] } { [ a ] } { [ q ] } { [ pum1 ] } { [ 6yus ] }
despues de colapsar { [ jthvl ][ unmg7 ] } { [ 0o6x0llr25 ] } { [ lbe9sh1gw7 ] } { [ 9efeua2kfp ] } { [ jutd ] } { [ 2wlpwlf66 ] } { [ u81y7dq ] } { [ 8 ] } { [ mn4u5epawa ] } { [ 0npl ] } { [ uuf ] } { [ bbs65l2 ] } { [ feg94t1g ] } { [ q7bjlo3unh ] } { [ a ] } { [ q ] } { [ pum1 ] } { [ 6yus ] }
antes   de filtrar: { [ jthvl ][ unmg7 ] } { [ 0o6x0llr25 ] } { [ lbe9sh1gw7 ] } { [ 9efeua2kfp ] } { [ jutd ] } { [ 2wlpwlf66 ] } { [ u81y7dq ] } { [ 8 ] } { [ mn4u5epawa ] } { [ 0npl ] } { [ uuf ] } { [ bbs65l2 ] } { [ feg94t1g ] } { [ q7bjlo3unh ] } { [ a ] } { [ q ] } { [ pum1 ] } { [ 6yus ] }
despues de filtrar: { [ jthvl ][ unmg7 ] } { [ jutd ] } { [ uuf ] } { [ a ] } { [ q ] }
antes   de colapsar { [ jthvl ][ unmg7 ] } { [ jutd ][ mkwfg ] } { [ uuf ] } { [ a ] } { [ q ] } { [ lgihj ] } { [ jad9kd5nrd ] } { [ c22 ] } { [ gevh ] } { [ ha ] } { [ i ] }
despues de colapsar { [ jthvl ][ unmg7 ] } { [ jutd ][ mkwfg ] } { [ uuf ] } { [ a ] } { [ q ] } { [ lgihj ] } { [ jad9kd5nrd ] } { [ c22 ] } { [ gevh ] } { [ ha ] } { [ i ] }
antes   de colapsar { [ jthvl ][ unmg7 ] } { [ jutd ][ mkwfg ] } { [ uuf ] } { [ a ][ ihi7ge1w5 ] } { [ q ] } { [ lgihj ] } { [ jad9kd5nrd ] } { [ c22 ] } { [ gevh ] } { [ ha ] } { [ i ] } { [ 4qojq56 ] } { [ xx ] } { [ lbqb ] } { [ w44cn ] }
despues de colapsar { [ jthvl ][ unmg7 ] } { [ jutd ][ mkwfg ] } { [ uuf ] } { [ a ][ ihi7ge1w5 ] } { [ q ] } { [ lgihj ] } { [ jad9kd5nrd ] } { [ c22 ] } { [ gevh ] } { [ ha ] } { [ i ] } { [ 4qojq56 ] } { [ xx ] } { [ lbqb ] } { [ w44cn ] }
antes   de colapsar <vacia>
despues de colapsar <vacia>
antes   de colapsar <vacia>
despues de colapsar <vacia>
antes   de filtrar: <vacia>
despues de filtrar: <vacia>
antes   de filtrar: { [ -2995 ] } { [ -4970 ] }
despues de filtrar: { [ -2995 ] }
antes   de colapsar { [ -2995 ] }
despues de colapsar { [ -2995 ] }
antes   de colapsar { [ -2995 ] } { [ -2661 ] } { [ -567 ][ -3354 ] } { [ 3777 ] }
despues de colapsar { [ -2995 ] } { [ -2661 ] } { [ -567 ][ -3354 ] } { [ 3777 ] }
antes   de colapsar { [ -2995 ] } { [ -2661 ] } { [ -567 ][ -3354 ] } { [ 3777 ] } { [ 868 ] } { [ 1810 ] } { [ -4204 ] } { [ -472 ] } { [ -2527 ][ 4992 ] } { [ 723 ] }
despues de colapsar { [ -2995 ] } { [ -2661 ] } { [ -567 ][ -3354 ] } { [ 3777 ] } { [ 868 ] } { [ 1810 ] } { [ -4204 ] } { [ -472 ] } { [ -2527 ][ 4992 ] } { [ 723 ] }
antes   de colapsar { [ -2995 ] } { [ -2661 ] } { [ -567 ][ -3354 ] } { [ 3777 ] } { [ 868 ] } { [ 1810 ] } { [ -4204 ] } { [ -472 ] } { [ -2527 ][ 4992 ] } { [ 723 ] } { [ -3990 ] }
despues de colapsar { [ -2995 ] } { [ -2661 ] } { [ -567 ][ -3354 ] } { [ 3777 ] } { [ 868 ] } { [ 1810 ] } { [ -4204 ] } { [ -472 ] } { [ -2527 ][ 4992 ] } { [ 723 ] } { [ -3990 ] }
antes   de filtrar: { [ -2995 ] } { [ -2661 ][ -706 ][ -4101 ] } { [ -567 ][ -3354 ] } { [ 3777 ][ 2885 ][ -4926 ] } { [ 868 ] } { [ 1810 ] } { [ -4204 ][ -1991 ] } { [ -472 ] } { [ -2527 ][ 4992 ] } { [ 723 ] } { [ -3990 ] } { [ -111 ] } { [ 2714 ] } { [ -3950 ][ 469 ] } { [ 2254 ][ 4972 ] } { [ 1518 ] } { [ -3077 ] } { [ 1562 ] } { [ 776 ] } { [ -1626 ][ 2335 ] } { [ 1996 ] } { [ 4913 ] } { [ -2829 ] } { [ -3126 ] } { [ -3350 ] }
despues de filtrar: { [ -2995 ] } { [ -2661 ][ -706 ][ -4101 ] } { [ -567 ][ -3354 ] } { [ 3777 ][ 2885 ][ -4926 ] } { [ 868 ] } { [ -472 ] } { [ -2527 ][ 4992 ] } { [ 723 ] } { [ -111 ] } { [ 2714 ] } { [ 2254 ][ 4972 ] } { [ 1518 ] } { [ 1562 ] } { [ 776 ] } { [ -1626 ][ 2335 ] } { [ 1996 ] } { [ 4913 ] } { [ -2829 ] } { [ -3126 ] }
antes   de colapsar { [ -2995 ] } { [ -2661 ][ -706 ][ -4101 ] } { [ -567 ][ -3354 ] } { [ 3777 ][ 2885 ][ -4926 ] } { [ 868 ] } { [ -472 ] } { [ -2527 ][ 4992 ] } { [ 723 ][ -2199 ] } { [ -111 ] } { [ 2714 ] } { [ 2254 ][ 4972 ] } { [ 1518 ] } { [ 1562 ][ -159 ] } { [ 776 ] } { [ -1626 ][ 2335 ] } { [ 1996 ] } { [ 4913 ] } { [ -2829 ] } { [ -3126 ] } { [ -3456 ] } { [ 1146 ] } { [ -1949 ] } { [ -808 ] }
despues de colapsar { [ -2995 ] } { [ -2661 ][ -706 ][ -4101 ] } { [ -567 ][ -3354 ] } { [ 3777 ][ 2885 ][ -4926 ] } { [ 868 ] } { [ -472 ] } { [ -2527 ][ 4992 ] } { [ 723 ][ -2199 ] } { [ -111 ] } { [ 2714 ] } { [ 2254 ][ 4972 ] } { [ 1518 ] } { [ 1562 ][ -159 ] } { [ 776 ] } { [ -1626 ][ 2335 ] } { [ 1996 ] } { [ 4913 ] } { [ -2829 ] } { [ -3126 ] } { [ -3456 ] } { [ 1146 ] } { [ -1949 ] } { [ -808 ] }
antes   de colapsar { [ bsswj8p ] } { [ 1cmj ] } { [ jyxdd8m7ax ] } { [ 6odo71 ] } { [ rqb ] }
despues de colapsar { [ bsswj8p ] } { [ 1cmj ] } { [ jyxdd8m7ax ] } { [ 6odo71 ] } { [ rqb ] }
antes   de colapsar { [ bsswj8p ] } { [ 1cmj ] } { [ jyxdd8m7ax ] } { [ 6odo71 ] } { [ rqb ] } { [ d ] }
despues de colapsar { [ bsswj8p ] } { [ 1cmj ] } { [ jyxdd8m7ax ] } { [ 6odo71 ] } { [ rqb ] } { [ d ] }
antes   de colapsar { [ bsswj8p ] } { [ 1cmj ] } { [ jyxdd8m7ax ] } { [ 6odo71 ] } { [ rqb ] } { [ d ] } { [ dj4q5tmk ] }
despues de colapsar { [ bsswj8p ] } { [ 1cmj ] } { [ jyxdd8m7ax ] } { [ 6odo71 ] } { [ rqb ] } { [ d ] } { [ dj4q5tmk ] }
antes   de colapsar { [ bsswj8p ] } { [ 1cmj ] } { [ jyxdd8m7ax ][ ufht ] } { [ 6odo71 ] } { [ rqb ] } { [ d ] } { [ dj4q5tmk ][ gyxo791ms7 ] } { [ 1d2j55exi9 ] } { [ l88osyswl ] } { [ 14hgec ] } { [ o0ot8l ] } { [ dx54r ] } { [ 19ij44jn7j ] }
despues de colapsar { [ bsswj8p ] } { [ 1cmj ] } { [ juyfxhdtd8 ] } { [ 6odo71 ] } { [ rqb ] } { [ d ] } { [ dgjy4xqo57 ] } { [ 1d2j55exi9 ] } { [ l88osyswl ] } { [ 14hgec ] } { [ o0ot8l ] } { [ dx54r ] } { [ 19ij44jn7j ] }
antes   de colapsar { [ bsswj8p ] } { [ 1cmj ] } { [ juyfxhdtd8 ] } { [ 6odo71 ] } { [ rqb ] } { [ d ] } { [ dgjy4xqo57 ] } { [ 1d2j55exi9 ] } { [ l88osyswl ] } { [ 14hgec ] } { [ o0ot8l ] } { [ dx54r ] } { [ 19ij44jn7j ] } { [ nh1vq ] }
despues de colapsar { [ bsswj8p ] } { [ 1cmj ] } { [ juyfxhdtd8 ] } { [ 6odo71 ] } { [ rqb ] } { [ d ] } { [ dgjy4xqo57 ] } { [ 1d2j55exi9 ] } { [ l88osyswl ] } { [ 14hgec ] } { [ o0ot8l ] } { [ dx54r ] } { [ 19ij44jn7j ] } { [ nh1vq ] }
antes   de filtrar: { [ bsswj8p ] } { [ 1cmj ] } { [ juyfxhdtd8 ] } { [ 6odo71 ] } { [ rqb ] } { [ d ] } { [ dgjy4xqo57 ][ 5kqvtqm69 ] } { [ 1d2j55exi9 ] } { [ l88osyswl ] } { [ 14hgec ] } { [ o0ot8l ] } { [ dx54r ] } { [ 19ij44jn7j ] } { [ nh1vq ] }
despues de filtrar: { [ rqb ] } { [ d ] }
antes   de colapsar { [ rqb ][ y5f3c4rw ] } { [ d ] } { [ 3b2k4g ] }
despues de colapsar { [ rqb ][ y5f3c4rw ] } { [ d ] } { [ 3b2k4g ] }
antes   de filtrar: { [ rqb ][ y5f3c4rw ] } { [ d ] } { [ 3b2k4g ] } { [ p5mjdnl ] } { [ hws ] } { [ n86k ] }
despues de filtrar: { [ rqb ][ y5f3c4rw ] } { [ d ] } { [ hws ] }
antes   de colapsar { [ rqb ][ y5f3c4rw ] } { [ d ][ a5xlhhv ][ nw ] } { [ hws ] } { [ 8mk ][ w4038ck0q0 ] } { [ ytt ] } { [ u8 ][ qqu ] } { [ 7f ] } { [ l ] } { [ 871i ] }
despues de colapsar { [ rqb ][ y5f3c4rw ] } { [ d ][ a5xlhhv ][ nw ] } { [ hws ] } { [ 8wm4k038ck ] } { [ ytt ] } { [ uq8qu ] } { [ 7f ] } { [ l ] } { [ 871i ] }
antes   de filtrar: { [ rqb ][ y5f3c4rw ][ 9770r ] } { [ d ][ a5xlhhv ][ nw ][ nyi0mf00v ] } { [ hws ] } { [ 8wm4k038ck ] } { [ ytt ][ ej1mo8ga9h ] } { [ uq8qu ][ xnuoo ] } { [ 7f ] } { [ l ] } { [ 871i ] } { [ 2hts263h ][ l ] } { [ f5rfyl ] } { [ xwrvvo ] } { [ ooeb74c ] } { [ uwx ] } { [ waq9 ] } { [ 557310d ] } { [ 6s4sgbr9b4 ] } { [ g75o2cmug ] } { [ l43hyx0 ] }
despues de filtrar: { [ rqb ][ y5f3c4rw ][ 9770r ] } { [ d ][ a5xlhhv ][ nw ][ nyi0mf00v ] } { [ hws ] } { [ ytt ][ ej1mo8ga9h ] } { [ l ] } { [ xwrvvo ] } { [ uwx ] }
