antes   de colapsar <vacia>despues de colapsar <vacia>antes   de colapsar { [ 3858 ] }