antes   de colapsar { [ -4179 ][ 3190 ] } { [ 4135 ] } { [ -2469 ] }