antes   de colapsar { [ u ] } { [ u ] } { [ bd ] } { [ 9lcfgwmu0 ] }
despues de colapsar { [ u ] } { [ u ] } { [ bd ] } { [ 9lcfgwmu0 ] }
antes   de colapsar { [ u ] } { [ u ] } { [ bd ] } { [ 9lcfgwmu0 ] } { [ o17oo9t ] }
despues de colapsar { [ u ] } { [ u ] } { [ bd ] } { [ 9lcfgwmu0 ] } { [ o17oo9t ] }
antes   de filtrar: { [ u ] } { [ u ][ 8qt ] } { [ bd ] } { [ 9lcfgwmu0 ] } { [ o17oo9t ] } { [ 1lj ][ l ] } { [ y ] } { [ fbeom ] } { [ 8j3 ] }
despues de filtrar: { [ u ] } { [ u ][ 8qt ] } { [ bd ] } { [ y ] } { [ fbeom ] }
antes   de filtrar: { [ u ] } { [ u ][ 8qt ] } { [ bd ] } { [ y ] } { [ fbeom ] } { [ k18py3at ] } { [ 4jk92 ] }
despues de filtrar: { [ u ] } { [ u ][ 8qt ] } { [ bd ] } { [ y ] } { [ fbeom ] }
antes   de colapsar { [ u ] } { [ u ][ 8qt ] } { [ bd ] } { [ y ] } { [ fbeom ] } { [ thmk0u39 ] } { [ lxcnsncy ] } { [ 4jv9x ] }
despues de colapsar { [ u ] } { [ u ][ 8qt ] } { [ bd ] } { [ y ] } { [ fbeom ] } { [ thmk0u39 ] } { [ lxcnsncy ] } { [ 4jv9x ] }
antes   de colapsar { [ u ] } { [ u ][ 8qt ] } { [ bd ][ 65cugi ] } { [ y ] } { [ fbeom ] } { [ thmk0u39 ] } { [ lxcnsncy ][ nbnwk2 ] } { [ 4jv9x ] } { [ 3i ] } { [ 04 ] } { [ 2scfd ] }
despues de colapsar { [ u ] } { [ u ][ 8qt ] } { [ bd ][ 65cugi ] } { [ y ] } { [ fbeom ] } { [ thmk0u39 ] } { [ lxcnsncy ][ nbnwk2 ] } { [ 4jv9x ] } { [ 3i ] } { [ 04 ] } { [ 2scfd ] }
antes   de colapsar { [ u ] } { [ u ][ 8qt ] } { [ bd ][ 65cugi ] } { [ y ] } { [ fbeom ] } { [ thmk0u39 ] } { [ lxcnsncy ][ nbnwk2 ] } { [ 4jv9x ] } { [ 3i ] } { [ 04 ] } { [ 2scfd ] }
despues de colapsar { [ u ] } { [ u ][ 8qt ] } { [ bd ][ 65cugi ] } { [ y ] } { [ fbeom ] } { [ thmk0u39 ] } { [ lxcnsncy ][ nbnwk2 ] } { [ 4jv9x ] } { [ 3i ] } { [ 04 ] } { [ 2scfd ] }
antes   de colapsar { [ u ] } { [ u ][ 8qt ] } { [ bd ][ 65cugi ] } { [ y ] } { [ fbeom ] } { [ thmk0u39 ] } { [ lxcnsncy ][ nbnwk2 ] } { [ 4jv9x ] } { [ 3i ] } { [ 04 ] } { [ 2scfd ] } { [ 34 ] }
despues de colapsar { [ u ] } { [ u ][ 8qt ] } { [ bd ][ 65cugi ] } { [ y ] } { [ fbeom ] } { [ thmk0u39 ] } { [ lxcnsncy ][ nbnwk2 ] } { [ 4jv9x ] } { [ 3i ] } { [ 04 ] } { [ 2scfd ] } { [ 34 ] }
antes   de colapsar { [ u ][ 4r ] } { [ u ][ 8qt ][ 81tbn19 ][ wx ] } { [ bd ][ 65cugi ] } { [ y ] } { [ fbeom ][ 6n6lotf ] } { [ thmk0u39 ] } { [ lxcnsncy ][ nbnwk2 ] } { [ 4jv9x ] } { [ 3i ][ adyl4 ] } { [ 04 ][ kl ] } { [ 2scfd ] } { [ 34 ] } { [ lfh0g8y4 ] } { [ w2 ] } { [ m4km8t20og ] } { [ wvkk14aje ] } { [ qt84kcgux1 ] } { [ kh8tsv8 ] } { [ 8vv ] } { [ vq38euk26q ] } { [ o1e ] } { [ w84f1i8x ] } { [ fhud ] }
despues de colapsar { [ u ][ 4r ] } { [ u ][ 8qt ][ 81tbn19 ][ wx ] } { [ bd ][ 65cugi ] } { [ y ] } { [ fbeom ][ 6n6lotf ] } { [ thmk0u39 ] } { [ lxcnsncy ][ nbnwk2 ] } { [ 4jv9x ] } { [ 3aidyl4 ] } { [ 0k4l ] } { [ 2scfd ] } { [ 34 ] } { [ lfh0g8y4 ] } { [ w2 ] } { [ m4km8t20og ] } { [ wvkk14aje ] } { [ qt84kcgux1 ] } { [ kh8tsv8 ] } { [ 8vv ] } { [ vq38euk26q ] } { [ o1e ] } { [ w84f1i8x ] } { [ fhud ] }
antes   de filtrar: { [ u ][ 4r ] } { [ u ][ 8qt ][ 81tbn19 ][ wx ] } { [ bd ][ 65cugi ] } { [ y ] } { [ fbeom ][ 6n6lotf ] } { [ thmk0u39 ] } { [ lxcnsncy ][ nbnwk2 ] } { [ 4jv9x ] } { [ 3aidyl4 ] } { [ 0k4l ] } { [ 2scfd ] } { [ 34 ] } { [ lfh0g8y4 ] } { [ w2 ] } { [ m4km8t20og ] } { [ wvkk14aje ] } { [ qt84kcgux1 ] } { [ kh8tsv8 ] } { [ 8vv ] } { [ vq38euk26q ] } { [ o1e ] } { [ w84f1i8x ] } { [ fhud ] }
despues de filtrar: { [ u ][ 4r ] } { [ u ][ 8qt ][ 81tbn19 ][ wx ] } { [ bd ][ 65cugi ] } { [ y ] } { [ fbeom ][ 6n6lotf ] } { [ lxcnsncy ][ nbnwk2 ] } { [ fhud ] }
antes   de colapsar <vacia>
despues de colapsar <vacia>
antes   de colapsar { [ nka7vxn7pk ] } { [ 2145qhrs ][ rkplfn3ud ][ lbn6k22hb ] } { [ s77 ][ 0b0kyg ] } { [ dg ] } { [ ea462n7s1o ] } { [ 733ds8xv ] } { [ 0uwt0 ] } { [ ytj5pbiy7m ] }
despues de colapsar { [ nka7vxn7pk ] } { [ 2lrb1nk64k ] } { [ s07b70kyg ] } { [ dg ] } { [ ea462n7s1o ] } { [ 733ds8xv ] } { [ 0uwt0 ] } { [ ytj5pbiy7m ] }
antes   de colapsar { [ nka7vxn7pk ] } { [ 2lrb1nk64k ] } { [ s07b70kyg ] } { [ dg ] } { [ ea462n7s1o ] } { [ 733ds8xv ] } { [ 0uwt0 ] } { [ ytj5pbiy7m ] }
despues de colapsar { [ nka7vxn7pk ] } { [ 2lrb1nk64k ] } { [ s07b70kyg ] } { [ dg ] } { [ ea462n7s1o ] } { [ 733ds8xv ] } { [ 0uwt0 ] } { [ ytj5pbiy7m ] }
antes   de filtrar: { [ nka7vxn7pk ][ axmp ] } { [ 2lrb1nk64k ] } { [ s07b70kyg ] } { [ dg ] } { [ ea462n7s1o ] } { [ 733ds8xv ] } { [ 0uwt0 ] } { [ ytj5pbiy7m ] } { [ vrps4 ] } { [ b ] }
despues de filtrar: { [ dg ] } { [ b ] }
antes   de colapsar { [ dg ] } { [ b ] } { [ 1bw3ahc1 ] }
despues de colapsar { [ dg ] } { [ b ] } { [ 1bw3ahc1 ] }
antes   de colapsar { [ dg ] } { [ b ] } { [ 1bw3ahc1 ] } { [ 4tjm ] } { [ nk918e1rg ] } { [ aooqb2iaj ] } { [ r6fm ] } { [ 4k7 ] } { [ gj3 ] }
despues de colapsar { [ dg ] } { [ b ] } { [ 1bw3ahc1 ] } { [ 4tjm ] } { [ nk918e1rg ] } { [ aooqb2iaj ] } { [ r6fm ] } { [ 4k7 ] } { [ gj3 ] }
antes   de filtrar: { [ dg ] } { [ b ] } { [ 1bw3ahc1 ] } { [ 4tjm ] } { [ nk918e1rg ] } { [ aooqb2iaj ] } { [ r6fm ] } { [ 4k7 ] } { [ gj3 ][ gedhrmh0gx ] } { [ bn79 ] } { [ hgvvqe5j ] }
despues de filtrar: { [ dg ] } { [ b ] }
antes   de colapsar { [ dg ] } { [ b ] }
despues de colapsar { [ dg ] } { [ b ] }
antes   de colapsar { [ dg ] } { [ b ] }
despues de colapsar { [ dg ] } { [ b ] }
antes   de filtrar: { [ dg ][ we4 ][ uayws13faj ] } { [ b ] } { [ 45n3pg8lej ] } { [ d ] } { [ by955o6oq ] } { [ fl174cill ] } { [ ohw33 ] } { [ x9ce7y ] }
despues de filtrar: { [ dg ][ we4 ][ uayws13faj ] } { [ b ] } { [ d ] }
antes   de colapsar { [ 2ic ] } { [ da ] } { [ i2k0rt62h ][ iwg3 ] } { [ 88w ] }
despues de colapsar { [ 2ic ] } { [ da ] } { [ ii2wkg03rt ] } { [ 88w ] }
antes   de colapsar { [ 2ic ] } { [ da ] } { [ ii2wkg03rt ][ llw4g ] } { [ 88w ] } { [ yvwx2qq03s ] } { [ s ] }
despues de colapsar { [ 2ic ] } { [ da ] } { [ ilil2ww4kg ] } { [ 88w ] } { [ yvwx2qq03s ] } { [ s ] }
antes   de filtrar: { [ 2ic ] } { [ da ][ va ] } { [ ilil2ww4kg ] } { [ 88w ] } { [ yvwx2qq03s ] } { [ s ] } { [ 99e8wi1q9 ] } { [ y2he81 ][ xyiv ] } { [ n8wa ] } { [ kh ][ fbu ][ dyuhlky6 ] } { [ xntxvua41 ][ kiqdw80fr ] } { [ sh5kwcji ] }
despues de filtrar: { [ da ][ va ] } { [ s ] } { [ kh ][ fbu ][ dyuhlky6 ] }
antes   de colapsar { [ da ][ va ] } { [ s ][ gpl7mq8ji6 ][ o0emot ] } { [ kh ][ fbu ][ dyuhlky6 ] } { [ 6k0 ] } { [ x ] } { [ 5bvvi ] } { [ 4qn9r ] } { [ oj9sly ] } { [ cecqbygked ] } { [ sbntj411t0 ] } { [ ykesc ] } { [ wf ] } { [ xqtg65evx ] } { [ nre ] } { [ du03ggau ] }
despues de colapsar { [ da ][ va ] } { [ s ][ gpl7mq8ji6 ][ o0emot ] } { [ kh ][ fbu ][ dyuhlky6 ] } { [ 6k0 ] } { [ x ] } { [ 5bvvi ] } { [ 4qn9r ] } { [ oj9sly ] } { [ cecqbygked ] } { [ sbntj411t0 ] } { [ ykesc ] } { [ wf ] } { [ xqtg65evx ] } { [ nre ] } { [ du03ggau ] }
antes   de colapsar { [ da ][ va ] } { [ s ][ gpl7mq8ji6 ][ o0emot ] } { [ kh ][ fbu ][ dyuhlky6 ] } { [ 6k0 ] } { [ x ] } { [ 5bvvi ] } { [ 4qn9r ] } { [ oj9sly ] } { [ cecqbygked ] } { [ sbntj411t0 ] } { [ ykesc ] } { [ wf ] } { [ xqtg65evx ] } { [ nre ][ yvk ] } { [ du03ggau ] } { [ d ] }
despues de colapsar { [ da ][ va ] } { [ s ][ gpl7mq8ji6 ][ o0emot ] } { [ kh ][ fbu ][ dyuhlky6 ] } { [ 6k0 ] } { [ x ] } { [ 5bvvi ] } { [ 4qn9r ] } { [ oj9sly ] } { [ cecqbygked ] } { [ sbntj411t0 ] } { [ ykesc ] } { [ wf ] } { [ xqtg65evx ] } { [ nre ][ yvk ] } { [ du03ggau ] } { [ d ] }
antes   de colapsar { [ da ][ va ] } { [ s ][ gpl7mq8ji6 ][ o0emot ] } { [ kh ][ fbu ][ dyuhlky6 ] } { [ 6k0 ] } { [ x ] } { [ 5bvvi ] } { [ 4qn9r ] } { [ oj9sly ] } { [ cecqbygked ] } { [ sbntj411t0 ] } { [ ykesc ][ a17s ] } { [ wf ] } { [ xqtg65evx ] } { [ nre ][ yvk ] } { [ du03ggau ] } { [ d ] } { [ rbn ] } { [ b0vmv21hd ] }
despues de colapsar { [ da ][ va ] } { [ s ][ gpl7mq8ji6 ][ o0emot ] } { [ kh ][ fbu ][ dyuhlky6 ] } { [ 6k0 ] } { [ x ] } { [ 5bvvi ] } { [ 4qn9r ] } { [ oj9sly ] } { [ cecqbygked ] } { [ sbntj411t0 ] } { [ ykesc ][ a17s ] } { [ wf ] } { [ xqtg65evx ] } { [ nre ][ yvk ] } { [ du03ggau ] } { [ d ] } { [ rbn ] } { [ b0vmv21hd ] }
antes   de colapsar { [ da ][ va ] } { [ s ][ gpl7mq8ji6 ][ o0emot ] } { [ kh ][ fbu ][ dyuhlky6 ] } { [ 6k0 ] } { [ x ] } { [ 5bvvi ] } { [ 4qn9r ] } { [ oj9sly ] } { [ cecqbygked ] } { [ sbntj411t0 ] } { [ ykesc ][ a17s ] } { [ wf ] } { [ xqtg65evx ] } { [ nre ][ yvk ] } { [ du03ggau ] } { [ d ] } { [ rbn ] } { [ b0vmv21hd ] }
despues de colapsar { [ da ][ va ] } { [ s ][ gpl7mq8ji6 ][ o0emot ] } { [ kh ][ fbu ][ dyuhlky6 ] } { [ 6k0 ] } { [ x ] } { [ 5bvvi ] } { [ 4qn9r ] } { [ oj9sly ] } { [ cecqbygked ] } { [ sbntj411t0 ] } { [ ykesc ][ a17s ] } { [ wf ] } { [ xqtg65evx ] } { [ nre ][ yvk ] } { [ du03ggau ] } { [ d ] } { [ rbn ] } { [ b0vmv21hd ] }
antes   de colapsar { [ da ][ va ] } { [ s ][ gpl7mq8ji6 ][ o0emot ] } { [ kh ][ fbu ][ dyuhlky6 ] } { [ 6k0 ] } { [ x ] } { [ 5bvvi ] } { [ 4qn9r ] } { [ oj9sly ] } { [ cecqbygked ][ yd ] } { [ sbntj411t0 ] } { [ ykesc ][ a17s ] } { [ wf ] } { [ xqtg65evx ] } { [ nre ][ yvk ] } { [ du03ggau ] } { [ d ] } { [ rbn ] } { [ b0vmv21hd ] } { [ 6u6s5wxmt ] }
despues de colapsar { [ da ][ va ] } { [ s ][ gpl7mq8ji6 ][ o0emot ] } { [ kh ][ fbu ][ dyuhlky6 ] } { [ 6k0 ] } { [ x ] } { [ 5bvvi ] } { [ 4qn9r ] } { [ oj9sly ] } { [ cecqbygked ][ yd ] } { [ sbntj411t0 ] } { [ ykesc ][ a17s ] } { [ wf ] } { [ xqtg65evx ] } { [ nre ][ yvk ] } { [ du03ggau ] } { [ d ] } { [ rbn ] } { [ b0vmv21hd ] } { [ 6u6s5wxmt ] }
antes   de filtrar: { [ da ][ va ] } { [ s ][ gpl7mq8ji6 ][ o0emot ] } { [ kh ][ fbu ][ dyuhlky6 ] } { [ 6k0 ] } { [ x ] } { [ 5bvvi ] } { [ 4qn9r ] } { [ oj9sly ] } { [ cecqbygked ][ yd ] } { [ sbntj411t0 ] } { [ ykesc ][ a17s ] } { [ wf ] } { [ xqtg65evx ] } { [ nre ][ yvk ] } { [ du03ggau ] } { [ d ] } { [ rbn ] } { [ b0vmv21hd ] } { [ 6u6s5wxmt ] } { [ jt ] } { [ url04cv ] }
despues de filtrar: { [ da ][ va ] } { [ s ][ gpl7mq8ji6 ][ o0emot ] } { [ kh ][ fbu ][ dyuhlky6 ] } { [ x ] } { [ cecqbygked ][ yd ] } { [ ykesc ][ a17s ] } { [ wf ] } { [ nre ][ yvk ] } { [ d ] } { [ rbn ] } { [ jt ] }
antes   de filtrar: { [ da ][ va ] } { [ s ][ gpl7mq8ji6 ][ o0emot ] } { [ kh ][ fbu ][ dyuhlky6 ][ o4o2y5v ] } { [ x ] } { [ cecqbygked ][ yd ] } { [ ykesc ][ a17s ] } { [ wf ] } { [ nre ][ yvk ] } { [ d ] } { [ rbn ] } { [ jt ] }
despues de filtrar: { [ da ][ va ] } { [ s ][ gpl7mq8ji6 ][ o0emot ] } { [ kh ][ fbu ][ dyuhlky6 ][ o4o2y5v ] } { [ x ] } { [ cecqbygked ][ yd ] } { [ ykesc ][ a17s ] } { [ wf ] } { [ nre ][ yvk ] } { [ d ] } { [ rbn ] } { [ jt ] }
antes   de filtrar: { [ 3619 ][ 1026 ] } { [ -3024 ][ -4104 ] } { [ 500 ][ 4003 ] } { [ 624 ] } { [ 1837 ] } { [ 2466 ] } { [ 505 ] } { [ 3917 ] } { [ 3228 ] } { [ 4151 ] } { [ 2324 ] } { [ 77 ] }
despues de filtrar: { [ 3619 ][ 1026 ] } { [ 624 ] } { [ 1837 ] } { [ 2466 ] } { [ 3917 ] } { [ 3228 ] } { [ 4151 ] } { [ 2324 ] } { [ 77 ] }
antes   de colapsar { [ 3619 ][ 1026 ] } { [ 624 ] } { [ 1837 ][ 2874 ] } { [ 2466 ] } { [ 3917 ] } { [ 3228 ] } { [ 4151 ] } { [ 2324 ] } { [ 77 ] } { [ -710 ] }
despues de colapsar { [ 3619 ][ 1026 ] } { [ 624 ] } { [ 1837 ][ 2874 ] } { [ 2466 ] } { [ 3917 ] } { [ 3228 ] } { [ 4151 ] } { [ 2324 ] } { [ 77 ] } { [ -710 ] }
antes   de colapsar { [ 3619 ][ 1026 ][ -1163 ] } { [ 624 ] } { [ 1837 ][ 2874 ] } { [ 2466 ] } { [ 3917 ] } { [ 3228 ] } { [ 4151 ] } { [ 2324 ] } { [ 77 ][ 414 ] } { [ -710 ] } { [ 2207 ] }
despues de colapsar { [ 3619 ][ 1026 ][ -1163 ] } { [ 624 ] } { [ 1837 ][ 2874 ] } { [ 2466 ] } { [ 3917 ] } { [ 3228 ] } { [ 4151 ] } { [ 2324 ] } { [ 77 ][ 414 ] } { [ -710 ] } { [ 2207 ] }
antes   de colapsar { [ 3619 ][ 1026 ][ -1163 ] } { [ 624 ] } { [ 1837 ][ 2874 ] } { [ 2466 ] } { [ 3917 ] } { [ 3228 ] } { [ 4151 ] } { [ 2324 ] } { [ 77 ][ 414 ] } { [ -710 ] } { [ 2207 ] } { [ -2695 ] } { [ 364 ] }
despues de colapsar { [ 3619 ][ 1026 ][ -1163 ] } { [ 624 ] } { [ 1837 ][ 2874 ] } { [ 2466 ] } { [ 3917 ] } { [ 3228 ] } { [ 4151 ] } { [ 2324 ] } { [ 77 ][ 414 ] } { [ -710 ] } { [ 2207 ] } { [ -2695 ] } { [ 364 ] }
antes   de colapsar { [ 3619 ][ 1026 ][ -1163 ] } { [ 624 ] } { [ 1837 ][ 2874 ] } { [ 2466 ] } { [ 3917 ] } { [ 3228 ] } { [ 4151 ] } { [ 2324 ][ -1559 ] } { [ 77 ][ 414 ][ -4147 ] } { [ -710 ] } { [ 2207 ] } { [ -2695 ] } { [ 364 ] }
despues de colapsar { [ 3619 ][ 1026 ][ -1163 ] } { [ 624 ] } { [ 1837 ][ 2874 ] } { [ 2466 ] } { [ 3917 ] } { [ 3228 ] } { [ 4151 ] } { [ 2324 ][ -1559 ] } { [ 77 ][ 414 ][ -4147 ] } { [ -710 ] } { [ 2207 ] } { [ -2695 ] } { [ 364 ] }
antes   de colapsar { [ 3619 ][ 1026 ][ -1163 ] } { [ 624 ] } { [ 1837 ][ 2874 ] } { [ 2466 ] } { [ 3917 ] } { [ 3228 ] } { [ 4151 ] } { [ 2324 ][ -1559 ] } { [ 77 ][ 414 ][ -4147 ] } { [ -710 ] } { [ 2207 ] } { [ -2695 ] } { [ 364 ] }
despues de colapsar { [ 3619 ][ 1026 ][ -1163 ] } { [ 624 ] } { [ 1837 ][ 2874 ] } { [ 2466 ] } { [ 3917 ] } { [ 3228 ] } { [ 4151 ] } { [ 2324 ][ -1559 ] } { [ 77 ][ 414 ][ -4147 ] } { [ -710 ] } { [ 2207 ] } { [ -2695 ] } { [ 364 ] }
antes   de colapsar { [ 3619 ][ 1026 ][ -1163 ] } { [ 624 ] } { [ 1837 ][ 2874 ] } { [ 2466 ][ 49 ] } { [ 3917 ] } { [ 3228 ] } { [ 4151 ] } { [ 2324 ][ -1559 ] } { [ 77 ][ 414 ][ -4147 ] } { [ -710 ] } { [ 2207 ] } { [ -2695 ] } { [ 364 ] } { [ -1073 ][ -3941 ][ 544 ] } { [ -1581 ] } { [ 4352 ] } { [ 4357 ] } { [ 2372 ] } { [ -4725 ] } { [ -2175 ] }
despues de colapsar { [ 3619 ][ 1026 ][ -1163 ] } { [ 624 ] } { [ 1837 ][ 2874 ] } { [ 2466 ][ 49 ] } { [ 3917 ] } { [ 3228 ] } { [ 4151 ] } { [ 2324 ][ -1559 ] } { [ 77 ][ 414 ][ -4147 ] } { [ -710 ] } { [ 2207 ] } { [ -2695 ] } { [ 364 ] } { [ 1057 ] } { [ -1581 ] } { [ 4352 ] } { [ 4357 ] } { [ 2372 ] } { [ -4725 ] } { [ -2175 ] }
antes   de filtrar: { [ 3619 ][ 1026 ][ -1163 ] } { [ 624 ] } { [ 1837 ][ 2874 ] } { [ 2466 ][ 49 ] } { [ 3917 ] } { [ 3228 ] } { [ 4151 ] } { [ 2324 ][ -1559 ] } { [ 77 ][ 414 ][ -4147 ] } { [ -710 ] } { [ 2207 ] } { [ -2695 ] } { [ 364 ] } { [ 1057 ] } { [ -1581 ] } { [ 4352 ] } { [ 4357 ] } { [ 2372 ] } { [ -4725 ] } { [ -2175 ] }
despues de filtrar: { [ 3619 ][ 1026 ][ -1163 ] } { [ 624 ] } { [ 1837 ][ 2874 ] } { [ 2466 ][ 49 ] } { [ 3917 ] } { [ 3228 ] } { [ 4151 ] } { [ 2324 ][ -1559 ] } { [ 77 ][ 414 ][ -4147 ] } { [ -2695 ] } { [ 364 ] } { [ -1581 ] } { [ 4352 ] } { [ 4357 ] } { [ 2372 ] } { [ -4725 ] } { [ -2175 ] }
antes   de filtrar: { [ 3619 ][ 1026 ][ -1163 ] } { [ 624 ] } { [ 1837 ][ 2874 ] } { [ 2466 ][ 49 ][ 1536 ] } { [ 3917 ] } { [ 3228 ][ -1842 ] } { [ 4151 ] } { [ 2324 ][ -1559 ] } { [ 77 ][ 414 ][ -4147 ] } { [ -2695 ] } { [ 364 ] } { [ -1581 ] } { [ 4352 ][ -1152 ] } { [ 4357 ] } { [ 2372 ] } { [ -4725 ] } { [ -2175 ] } { [ -4205 ] } { [ 2888 ] } { [ -2695 ] } { [ -4534 ] }
despues de filtrar: { [ 3619 ][ 1026 ][ -1163 ] } { [ 624 ] } { [ 1837 ][ 2874 ] } { [ 2466 ][ 49 ][ 1536 ] } { [ 3917 ] } { [ 3228 ][ -1842 ] } { [ 4151 ] } { [ 2324 ][ -1559 ] } { [ 77 ][ 414 ][ -4147 ] } { [ -2695 ] } { [ 364 ] } { [ -1581 ] } { [ 4352 ][ -1152 ] } { [ 4357 ] } { [ 2372 ] } { [ -4725 ] } { [ -2175 ] } { [ 2888 ] } { [ -2695 ] } { [ -4534 ] }
antes   de colapsar { [ 3619 ][ 1026 ][ -1163 ] } { [ 624 ] } { [ 1837 ][ 2874 ] } { [ 2466 ][ 49 ][ 1536 ] } { [ 3917 ] } { [ 3228 ][ -1842 ] } { [ 4151 ] } { [ 2324 ][ -1559 ] } { [ 77 ][ 414 ][ -4147 ] } { [ -2695 ] } { [ 364 ] } { [ -1581 ] } { [ 4352 ][ -1152 ] } { [ 4357 ] } { [ 2372 ] } { [ -4725 ] } { [ -2175 ] } { [ 2888 ] } { [ -2695 ] } { [ -4534 ] } { [ 4117 ] }
despues de colapsar { [ 3619 ][ 1026 ][ -1163 ] } { [ 624 ] } { [ 1837 ][ 2874 ] } { [ 2466 ][ 49 ][ 1536 ] } { [ 3917 ] } { [ 3228 ][ -1842 ] } { [ 4151 ] } { [ 2324 ][ -1559 ] } { [ 77 ][ 414 ][ -4147 ] } { [ -2695 ] } { [ 364 ] } { [ -1581 ] } { [ 4352 ][ -1152 ] } { [ 4357 ] } { [ 2372 ] } { [ -4725 ] } { [ -2175 ] } { [ 2888 ] } { [ -2695 ] } { [ -4534 ] } { [ 4117 ] }
antes   de filtrar: <vacia>
despues de filtrar: <vacia>
antes   de colapsar { [ 37.405491 ][ 2.724908 ] } { [ 12.570062 ] } { [ 62.500254 ][ 28.722136 ] } { [ 48.260719 ] }
despues de colapsar { [ 37.405491 ][ 2.724908 ] } { [ 12.570062 ] } { [ 9.551041 ] } { [ 48.260719 ] }
antes   de colapsar { [ 37.405491 ][ 2.724908 ] } { [ 12.570062 ] } { [ 9.551041 ] } { [ 48.260719 ] } { [ 0.856336 ] } { [ 63.848109 ] } { [ 39.753203 ] } { [ 47.808223 ] } { [ 26.805204 ] }
despues de colapsar { [ 37.405491 ][ 2.724908 ] } { [ 12.570062 ] } { [ 9.551041 ] } { [ 48.260719 ] } { [ 0.856336 ] } { [ 63.848109 ] } { [ 39.753203 ] } { [ 47.808223 ] } { [ 26.805204 ] }
antes   de colapsar { [ 37.405491 ][ 2.724908 ] } { [ 12.570062 ] } { [ 9.551041 ] } { [ 48.260719 ] } { [ 0.856336 ] } { [ 63.848109 ] } { [ 39.753203 ][ 29.475353 ] } { [ 47.808223 ] } { [ 26.805204 ] } { [ 66.551409 ] } { [ 11.178362 ] } { [ 57.776454 ] } { [ -4.900559 ] } { [ 12.127688 ] } { [ 11.194554 ] } { [ 59.600348 ] } { [ 37.766897 ] } { [ -10.048523 ] }
despues de colapsar { [ 37.405491 ][ 2.724908 ] } { [ 12.570062 ] } { [ 9.551041 ] } { [ 48.260719 ] } { [ 0.856336 ] } { [ 63.848109 ] } { [ 8.320370 ] } { [ 47.808223 ] } { [ 26.805204 ] } { [ 66.551409 ] } { [ 11.178362 ] } { [ 57.776454 ] } { [ -4.900559 ] } { [ 12.127688 ] } { [ 11.194554 ] } { [ 59.600348 ] } { [ 37.766897 ] } { [ -10.048523 ] }
antes   de colapsar { [ 37.405491 ][ 2.724908 ] } { [ 12.570062 ] } { [ 9.551041 ] } { [ 48.260719 ] } { [ 0.856336 ] } { [ 63.848109 ] } { [ 8.320370 ] } { [ 47.808223 ] } { [ 26.805204 ][ 53.493935 ] } { [ 66.551409 ] } { [ 11.178362 ] } { [ 57.776454 ] } { [ -4.900559 ] } { [ 12.127688 ] } { [ 11.194554 ] } { [ 59.600348 ] } { [ 37.766897 ] } { [ -10.048523 ] } { [ -14.458520 ] }
despues de colapsar { [ 37.405491 ][ 2.724908 ] } { [ 12.570062 ] } { [ 9.551041 ] } { [ 48.260719 ] } { [ 0.856336 ] } { [ 63.848109 ] } { [ 8.320370 ] } { [ 47.808223 ] } { [ 8.960979 ] } { [ 66.551409 ] } { [ 11.178362 ] } { [ 57.776454 ] } { [ -4.900559 ] } { [ 12.127688 ] } { [ 11.194554 ] } { [ 59.600348 ] } { [ 37.766897 ] } { [ -10.048523 ] } { [ -14.458520 ] }
antes   de colapsar { [ 37.405491 ][ 2.724908 ] } { [ 12.570062 ] } { [ 9.551041 ] } { [ 48.260719 ] } { [ 0.856336 ] } { [ 63.848109 ] } { [ 8.320370 ] } { [ 47.808223 ] } { [ 8.960979 ] } { [ 66.551409 ] } { [ 11.178362 ] } { [ 57.776454 ] } { [ -4.900559 ] } { [ 12.127688 ] } { [ 11.194554 ] } { [ 59.600348 ] } { [ 37.766897 ] } { [ -10.048523 ] } { [ -14.458520 ] } { [ -14.919155 ] }
despues de colapsar { [ 37.405491 ][ 2.724908 ] } { [ 12.570062 ] } { [ 9.551041 ] } { [ 48.260719 ] } { [ 0.856336 ] } { [ 63.848109 ] } { [ 8.320370 ] } { [ 47.808223 ] } { [ 8.960979 ] } { [ 66.551409 ] } { [ 11.178362 ] } { [ 57.776454 ] } { [ -4.900559 ] } { [ 12.127688 ] } { [ 11.194554 ] } { [ 59.600348 ] } { [ 37.766897 ] } { [ -10.048523 ] } { [ -14.458520 ] } { [ -14.919155 ] }
antes   de filtrar: { [ 37.405491 ][ 2.724908 ] } { [ 12.570062 ] } { [ 9.551041 ] } { [ 48.260719 ] } { [ 0.856336 ] } { [ 63.848109 ] } { [ 8.320370 ] } { [ 47.808223 ] } { [ 8.960979 ] } { [ 66.551409 ] } { [ 11.178362 ] } { [ 57.776454 ] } { [ -4.900559 ] } { [ 12.127688 ] } { [ 11.194554 ] } { [ 59.600348 ][ 17.792485 ] } { [ 37.766897 ] } { [ -10.048523 ] } { [ -14.458520 ][ 7.645513 ] } { [ -14.919155 ] } { [ 10.294274 ] } { [ 36.349209 ] }
despues de filtrar: { [ 37.405491 ][ 2.724908 ] } { [ 48.260719 ] } { [ 8.320370 ] } { [ 11.178362 ] } { [ 12.127688 ] } { [ 11.194554 ] } { [ -10.048523 ] } { [ -14.458520 ][ 7.645513 ] } { [ 10.294274 ] } { [ 36.349209 ] }
antes   de filtrar: { [ 37.405491 ][ 2.724908 ] } { [ 48.260719 ][ 70.456372 ] } { [ 8.320370 ] } { [ 11.178362 ] } { [ 12.127688 ] } { [ 11.194554 ] } { [ -10.048523 ][ 24.047578 ] } { [ -14.458520 ][ 7.645513 ] } { [ 10.294274 ] } { [ 36.349209 ] } { [ -4.294858 ] } { [ 63.652408 ] } { [ 13.698875 ] } { [ -7.461331 ] }
despues de filtrar: { [ 37.405491 ][ 2.724908 ] } { [ 48.260719 ][ 70.456372 ] } { [ 8.320370 ] } { [ 11.178362 ] } { [ 12.127688 ] } { [ 11.194554 ] } { [ -10.048523 ][ 24.047578 ] } { [ -14.458520 ][ 7.645513 ] } { [ 10.294274 ] } { [ 36.349209 ] } { [ -4.294858 ] } { [ -7.461331 ] }
antes   de colapsar { [ 37.405491 ][ 2.724908 ] } { [ 48.260719 ][ 70.456372 ] } { [ 8.320370 ] } { [ 11.178362 ] } { [ 12.127688 ] } { [ 11.194554 ] } { [ -10.048523 ][ 24.047578 ][ 44.793781 ] } { [ -14.458520 ][ 7.645513 ][ -6.169753 ] } { [ 10.294274 ] } { [ 36.349209 ] } { [ -4.294858 ] } { [ -7.461331 ] } { [ -18.086288 ] } { [ 49.308982 ] } { [ 47.584404 ] } { [ 45.740212 ] } { [ 39.780909 ] }
despues de colapsar { [ 37.405491 ][ 2.724908 ] } { [ 48.260719 ][ 70.456372 ] } { [ 8.320370 ] } { [ 11.178362 ] } { [ 12.127688 ] } { [ 11.194554 ] } { [ -10.048523 ][ 24.047578 ][ 44.793781 ] } { [ -14.458520 ][ 7.645513 ][ -6.169753 ] } { [ 10.294274 ] } { [ 36.349209 ] } { [ -4.294858 ] } { [ -7.461331 ] } { [ -18.086288 ] } { [ 49.308982 ] } { [ 47.584404 ] } { [ 45.740212 ] } { [ 39.780909 ] }
antes   de colapsar { [ 37.405491 ][ 2.724908 ] } { [ 48.260719 ][ 70.456372 ] } { [ 8.320370 ] } { [ 11.178362 ][ 73.368277 ] } { [ 12.127688 ] } { [ 11.194554 ] } { [ -10.048523 ][ 24.047578 ][ 44.793781 ] } { [ -14.458520 ][ 7.645513 ][ -6.169753 ] } { [ 10.294274 ] } { [ 36.349209 ] } { [ -4.294858 ] } { [ -7.461331 ] } { [ -18.086288 ][ 24.625741 ] } { [ 49.308982 ] } { [ 47.584404 ] } { [ 45.740212 ] } { [ 39.780909 ] } { [ -11.453437 ] } { [ 36.469561 ][ 6.166517 ] } { [ 69.796002 ] } { [ 9.440822 ] }
despues de colapsar { [ 37.405491 ][ 2.724908 ] } { [ 48.260719 ][ 70.456372 ] } { [ 8.320370 ] } { [ 11.178362 ][ 73.368277 ] } { [ 12.127688 ] } { [ 11.194554 ] } { [ -10.048523 ][ 24.047578 ][ 44.793781 ] } { [ -14.458520 ][ 7.645513 ][ -6.169753 ] } { [ 10.294274 ] } { [ 36.349209 ] } { [ -4.294858 ] } { [ -7.461331 ] } { [ -18.086288 ][ 24.625741 ] } { [ 49.308982 ] } { [ 47.584404 ] } { [ 45.740212 ] } { [ 39.780909 ] } { [ -11.453437 ] } { [ 36.469561 ][ 6.166517 ] } { [ 69.796002 ] } { [ 9.440822 ] }
