antes   de filtrar: { [ 1324 ] } { [ 3509 ] } { [ -4996 ] }despues de filtrar: { [ 1324 ] }antes   de colapsar { [ 1324 ] }