antes   de colapsar { [ 4.455005 ] }
despues de colapsar { [ 4.455005 ] }
antes   de filtrar: { [ 4.455005 ][ 60.852610 ] }
despues de filtrar: { [ 4.455005 ][ 60.852610 ] }
antes   de colapsar { [ 4.455005 ][ 60.852610 ][ 37.470104 ] } { [ 22.152767 ][ 5.367986 ] } { [ 51.266507 ] } { [ -20.272321 ] } { [ 8.814885 ] }
despues de colapsar { [ 4.455005 ][ 60.852610 ][ 37.470104 ] } { [ 22.152767 ][ 5.367986 ] } { [ 51.266507 ] } { [ -20.272321 ] } { [ 8.814885 ] }
antes   de filtrar: { [ 4.455005 ][ 60.852610 ][ 37.470104 ] } { [ 22.152767 ][ 5.367986 ] } { [ 51.266507 ] } { [ -20.272321 ] } { [ 8.814885 ] } { [ 12.473758 ] }
despues de filtrar: { [ 4.455005 ][ 60.852610 ][ 37.470104 ] } { [ 22.152767 ][ 5.367986 ] } { [ 51.266507 ] } { [ -20.272321 ] } { [ 12.473758 ] }
antes   de filtrar: { [ 4.455005 ][ 60.852610 ][ 37.470104 ] } { [ 22.152767 ][ 5.367986 ] } { [ 51.266507 ] } { [ -20.272321 ] } { [ 12.473758 ] } { [ 52.611146 ][ -17.315284 ] } { [ 29.558136 ] } { [ -9.815400 ] } { [ -14.579235 ] } { [ 7.562378 ] } { [ 39.557232 ] } { [ 14.071031 ] } { [ 29.978410 ] } { [ 36.409955 ] } { [ 30.844567 ] }
despues de filtrar: { [ 4.455005 ][ 60.852610 ][ 37.470104 ] } { [ 22.152767 ][ 5.367986 ] } { [ 51.266507 ] } { [ -20.272321 ] } { [ 12.473758 ] } { [ 14.071031 ] } { [ 36.409955 ] }
antes   de colapsar { [ 4.455005 ][ 60.852610 ][ 37.470104 ] } { [ 22.152767 ][ 5.367986 ] } { [ 51.266507 ] } { [ -20.272321 ] } { [ 12.473758 ] } { [ 14.071031 ] } { [ 36.409955 ] }
despues de colapsar { [ 4.455005 ][ 60.852610 ][ 37.470104 ] } { [ 22.152767 ][ 5.367986 ] } { [ 51.266507 ] } { [ -20.272321 ] } { [ 12.473758 ] } { [ 14.071031 ] } { [ 36.409955 ] }
antes   de colapsar { [ 4.455005 ][ 60.852610 ][ 37.470104 ] } { [ 22.152767 ][ 5.367986 ][ 19.303173 ] } { [ 51.266507 ] } { [ -20.272321 ] } { [ 12.473758 ] } { [ 14.071031 ] } { [ 36.409955 ] } { [ 50.127113 ][ 53.876900 ] } { [ 49.921792 ] } { [ 63.736273 ] } { [ 6.029482 ] } { [ -3.033748 ] } { [ 44.477611 ] } { [ 8.009275 ] } { [ 42.483666 ] } { [ 33.355424 ] } { [ 70.383555 ] } { [ -20.063407 ] }
despues de colapsar { [ 4.455005 ][ 60.852610 ][ 37.470104 ] } { [ 22.152767 ][ 5.367986 ][ 19.303173 ] } { [ 51.266507 ] } { [ -20.272321 ] } { [ 12.473758 ] } { [ 14.071031 ] } { [ 36.409955 ] } { [ 50.127113 ][ 53.876900 ] } { [ 49.921792 ] } { [ 63.736273 ] } { [ 6.029482 ] } { [ -3.033748 ] } { [ 44.477611 ] } { [ 8.009275 ] } { [ 42.483666 ] } { [ 33.355424 ] } { [ 70.383555 ] } { [ -20.063407 ] }
antes   de colapsar { [ 4.455005 ][ 60.852610 ][ 37.470104 ] } { [ 22.152767 ][ 5.367986 ][ 19.303173 ] } { [ 51.266507 ] } { [ -20.272321 ] } { [ 12.473758 ] } { [ 14.071031 ] } { [ 36.409955 ] } { [ 50.127113 ][ 53.876900 ] } { [ 49.921792 ] } { [ 63.736273 ] } { [ 6.029482 ] } { [ -3.033748 ] } { [ 44.477611 ] } { [ 8.009275 ] } { [ 42.483666 ] } { [ 33.355424 ] } { [ 70.383555 ] } { [ -20.063407 ] } { [ 71.341252 ][ -24.627604 ] } { [ -24.567085 ] } { [ 3.508952 ] } { [ -18.805716 ][ -4.079999 ] }
despues de colapsar { [ 4.455005 ][ 60.852610 ][ 37.470104 ] } { [ 22.152767 ][ 5.367986 ][ 19.303173 ] } { [ 51.266507 ] } { [ -20.272321 ] } { [ 12.473758 ] } { [ 14.071031 ] } { [ 36.409955 ] } { [ 50.127113 ][ 53.876900 ] } { [ 49.921792 ] } { [ 63.736273 ] } { [ 6.029482 ] } { [ -3.033748 ] } { [ 44.477611 ] } { [ 8.009275 ] } { [ 42.483666 ] } { [ 33.355424 ] } { [ 70.383555 ] } { [ -20.063407 ] } { [ 71.341252 ][ -24.627604 ] } { [ -24.567085 ] } { [ 3.508952 ] } { [ -nan ] }
antes   de colapsar { [ 4.455005 ][ 60.852610 ][ 37.470104 ] } { [ 22.152767 ][ 5.367986 ][ 19.303173 ] } { [ 51.266507 ] } { [ -20.272321 ] } { [ 12.473758 ] } { [ 14.071031 ] } { [ 36.409955 ] } { [ 50.127113 ][ 53.876900 ][ 53.593269 ] } { [ 49.921792 ] } { [ 63.736273 ] } { [ 6.029482 ] } { [ -3.033748 ] } { [ 44.477611 ] } { [ 8.009275 ] } { [ 42.483666 ] } { [ 33.355424 ] } { [ 70.383555 ] } { [ -20.063407 ] } { [ 71.341252 ][ -24.627604 ] } { [ -24.567085 ][ 31.000671 ] } { [ 3.508952 ] } { [ -nan ] }
despues de colapsar { [ 4.455005 ][ 60.852610 ][ 37.470104 ] } { [ 22.152767 ][ 5.367986 ][ 19.303173 ] } { [ 51.266507 ] } { [ -20.272321 ] } { [ 12.473758 ] } { [ 14.071031 ] } { [ 36.409955 ] } { [ 50.127113 ][ 53.876900 ][ 53.593269 ] } { [ 49.921792 ] } { [ 63.736273 ] } { [ 6.029482 ] } { [ -3.033748 ] } { [ 44.477611 ] } { [ 8.009275 ] } { [ 42.483666 ] } { [ 33.355424 ] } { [ 70.383555 ] } { [ -20.063407 ] } { [ 71.341252 ][ -24.627604 ] } { [ 2.536451 ] } { [ 3.508952 ] } { [ -nan ] }
antes   de colapsar { [ 4.455005 ][ 60.852610 ][ 37.470104 ] } { [ 22.152767 ][ 5.367986 ][ 19.303173 ] } { [ 51.266507 ] } { [ -20.272321 ][ 62.598851 ] } { [ 12.473758 ] } { [ 14.071031 ] } { [ 36.409955 ] } { [ 50.127113 ][ 53.876900 ][ 53.593269 ] } { [ 49.921792 ] } { [ 63.736273 ][ -15.048256 ] } { [ 6.029482 ] } { [ -3.033748 ] } { [ 44.477611 ] } { [ 8.009275 ] } { [ 42.483666 ] } { [ 33.355424 ] } { [ 70.383555 ] } { [ -20.063407 ][ -22.878660 ] } { [ 71.341252 ][ -24.627604 ] } { [ 2.536451 ] } { [ 3.508952 ] } { [ -nan ] } { [ 45.671322 ] } { [ 40.449049 ] } { [ 33.264994 ] } { [ 10.753932 ] }
despues de colapsar { [ 4.455005 ][ 60.852610 ][ 37.470104 ] } { [ 22.152767 ][ 5.367986 ][ 19.303173 ] } { [ 51.266507 ] } { [ -20.272321 ][ 62.598851 ] } { [ 12.473758 ] } { [ 14.071031 ] } { [ 36.409955 ] } { [ 50.127113 ][ 53.876900 ][ 53.593269 ] } { [ 49.921792 ] } { [ 6.977680 ] } { [ 6.029482 ] } { [ -3.033748 ] } { [ 44.477611 ] } { [ 8.009275 ] } { [ 42.483666 ] } { [ 33.355424 ] } { [ 70.383555 ] } { [ -20.063407 ][ -22.878660 ] } { [ 71.341252 ][ -24.627604 ] } { [ 2.536451 ] } { [ 3.508952 ] } { [ -nan ] } { [ 45.671322 ] } { [ 40.449049 ] } { [ 33.264994 ] } { [ 10.753932 ] }
antes   de colapsar { [ 70.469358 ][ 34.889902 ] }
despues de colapsar { [ 70.469358 ][ 34.889902 ] }
antes   de colapsar { [ 70.469358 ][ 34.889902 ] }
despues de colapsar { [ 70.469358 ][ 34.889902 ] }
antes   de colapsar { [ 70.469358 ][ 34.889902 ] } { [ 21.345799 ][ 17.963344 ] } { [ 57.895041 ][ -20.512671 ] } { [ 63.729201 ] } { [ 41.535153 ] } { [ 65.436400 ] } { [ 54.134740 ] }
despues de colapsar { [ 70.469358 ][ 34.889902 ] } { [ 21.345799 ][ 17.963344 ] } { [ 6.114112 ] } { [ 63.729201 ] } { [ 41.535153 ] } { [ 65.436400 ] } { [ 54.134740 ] }
antes   de colapsar { [ 70.469358 ][ 34.889902 ] } { [ 21.345799 ][ 17.963344 ] } { [ 6.114112 ][ -15.904151 ] } { [ 63.729201 ] } { [ 41.535153 ][ -5.772880 ] } { [ 65.436400 ] } { [ 54.134740 ] }
despues de colapsar { [ 70.469358 ][ 34.889902 ] } { [ 21.345799 ][ 17.963344 ] } { [ 6.114112 ][ -15.904151 ] } { [ 63.729201 ] } { [ 5.980157 ] } { [ 65.436400 ] } { [ 54.134740 ] }
antes   de filtrar: { [ 70.469358 ][ 34.889902 ] } { [ 21.345799 ][ 17.963344 ][ 54.132874 ] } { [ 6.114112 ][ -15.904151 ] } { [ 63.729201 ][ -16.620628 ] } { [ 5.980157 ] } { [ 65.436400 ][ 63.882262 ] } { [ 54.134740 ] } { [ -16.605439 ][ 2.704052 ] } { [ 58.968146 ] } { [ 69.228484 ] } { [ 50.529556 ][ 32.695588 ] } { [ -7.082645 ] } { [ 65.679340 ] } { [ 26.929366 ] } { [ 59.376896 ] } { [ 41.825627 ] } { [ 34.872679 ] } { [ -4.349709 ] } { [ -13.961086 ] } { [ 61.224345 ] } { [ 74.011868 ] } { [ 63.542331 ] } { [ -19.102088 ] }
despues de filtrar: { [ 70.469358 ][ 34.889902 ] } { [ 21.345799 ][ 17.963344 ][ 54.132874 ] } { [ 6.114112 ][ -15.904151 ] } { [ 65.436400 ][ 63.882262 ] } { [ 54.134740 ] } { [ 69.228484 ] } { [ -7.082645 ] } { [ 59.376896 ] } { [ -4.349709 ] } { [ 61.224345 ] } { [ 74.011868 ] } { [ -19.102088 ] }
antes   de filtrar: { [ 70.469358 ][ 34.889902 ] } { [ 21.345799 ][ 17.963344 ][ 54.132874 ] } { [ 6.114112 ][ -15.904151 ] } { [ 65.436400 ][ 63.882262 ] } { [ 54.134740 ] } { [ 69.228484 ] } { [ -7.082645 ] } { [ 59.376896 ] } { [ -4.349709 ] } { [ 61.224345 ] } { [ 74.011868 ] } { [ -19.102088 ] } { [ -5.196064 ] } { [ 13.856429 ] } { [ 33.026317 ] }
despues de filtrar: { [ 70.469358 ][ 34.889902 ] } { [ 21.345799 ][ 17.963344 ][ 54.132874 ] } { [ 6.114112 ][ -15.904151 ] } { [ 65.436400 ][ 63.882262 ] } { [ 54.134740 ] } { [ 69.228484 ] } { [ -7.082645 ] } { [ 59.376896 ] } { [ -4.349709 ] } { [ 61.224345 ] } { [ 74.011868 ] } { [ -19.102088 ] } { [ -5.196064 ] } { [ 33.026317 ] }
antes   de filtrar: { [ 70.469358 ][ 34.889902 ] } { [ 21.345799 ][ 17.963344 ][ 54.132874 ] } { [ 6.114112 ][ -15.904151 ] } { [ 65.436400 ][ 63.882262 ] } { [ 54.134740 ] } { [ 69.228484 ] } { [ -7.082645 ] } { [ 59.376896 ] } { [ -4.349709 ] } { [ 61.224345 ] } { [ 74.011868 ] } { [ -19.102088 ] } { [ -5.196064 ] } { [ 33.026317 ] }
despues de filtrar: { [ 70.469358 ][ 34.889902 ] } { [ 21.345799 ][ 17.963344 ][ 54.132874 ] } { [ 6.114112 ][ -15.904151 ] } { [ 65.436400 ][ 63.882262 ] } { [ 54.134740 ] } { [ 69.228484 ] } { [ -7.082645 ] } { [ 59.376896 ] } { [ -4.349709 ] } { [ 61.224345 ] } { [ 74.011868 ] } { [ -19.102088 ] } { [ -5.196064 ] } { [ 33.026317 ] }
antes   de colapsar { [ 70.469358 ][ 34.889902 ] } { [ 21.345799 ][ 17.963344 ][ 54.132874 ][ 74.839301 ] } { [ 6.114112 ][ -15.904151 ] } { [ 65.436400 ][ 63.882262 ] } { [ 54.134740 ] } { [ 69.228484 ] } { [ -7.082645 ] } { [ 59.376896 ] } { [ -4.349709 ][ 34.202661 ] } { [ 61.224345 ][ -20.308923 ] } { [ 74.011868 ] } { [ -19.102088 ] } { [ -5.196064 ] } { [ 33.026317 ] } { [ 73.426126 ] } { [ -14.171789 ] } { [ 60.049544 ] } { [ 24.178842 ] }
despues de colapsar { [ 70.469358 ][ 34.889902 ] } { [ 21.345799 ][ 17.963344 ][ 54.132874 ][ 74.839301 ] } { [ 6.114112 ][ -15.904151 ] } { [ 65.436400 ][ 63.882262 ] } { [ 54.134740 ] } { [ 69.228484 ] } { [ -7.082645 ] } { [ 59.376896 ] } { [ -4.349709 ][ 34.202661 ] } { [ 61.224345 ][ -20.308923 ] } { [ 74.011868 ] } { [ -19.102088 ] } { [ -5.196064 ] } { [ 33.026317 ] } { [ 73.426126 ] } { [ -14.171789 ] } { [ 60.049544 ] } { [ 24.178842 ] }
antes   de colapsar { [ 70.469358 ][ 34.889902 ] } { [ 21.345799 ][ 17.963344 ][ 54.132874 ][ 74.839301 ] } { [ 6.114112 ][ -15.904151 ] } { [ 65.436400 ][ 63.882262 ] } { [ 54.134740 ] } { [ 69.228484 ] } { [ -7.082645 ] } { [ 59.376896 ] } { [ -4.349709 ][ 34.202661 ] } { [ 61.224345 ][ -20.308923 ] } { [ 74.011868 ] } { [ -19.102088 ] } { [ -5.196064 ] } { [ 33.026317 ] } { [ 73.426126 ] } { [ -14.171789 ] } { [ 60.049544 ] } { [ 24.178842 ][ -0.154992 ] } { [ 3.002709 ] } { [ -12.047488 ] }
despues de colapsar { [ 70.469358 ][ 34.889902 ] } { [ 21.345799 ][ 17.963344 ][ 54.132874 ][ 74.839301 ] } { [ 6.114112 ][ -15.904151 ] } { [ 65.436400 ][ 63.882262 ] } { [ 54.134740 ] } { [ 69.228484 ] } { [ -7.082645 ] } { [ 59.376896 ] } { [ -4.349709 ][ 34.202661 ] } { [ 61.224345 ][ -20.308923 ] } { [ 74.011868 ] } { [ -19.102088 ] } { [ -5.196064 ] } { [ 33.026317 ] } { [ 73.426126 ] } { [ -14.171789 ] } { [ 60.049544 ] } { [ 24.178842 ][ -0.154992 ] } { [ 3.002709 ] } { [ -12.047488 ] }
antes   de colapsar { [ 70.469358 ][ 34.889902 ] } { [ 21.345799 ][ 17.963344 ][ 54.132874 ][ 74.839301 ] } { [ 6.114112 ][ -15.904151 ] } { [ 65.436400 ][ 63.882262 ] } { [ 54.134740 ] } { [ 69.228484 ] } { [ -7.082645 ] } { [ 59.376896 ] } { [ -4.349709 ][ 34.202661 ] } { [ 61.224345 ][ -20.308923 ] } { [ 74.011868 ] } { [ -19.102088 ] } { [ -5.196064 ] } { [ 33.026317 ] } { [ 73.426126 ] } { [ -14.171789 ] } { [ 60.049544 ] } { [ 24.178842 ][ -0.154992 ] } { [ 3.002709 ] } { [ -12.047488 ][ -12.357072 ] } { [ 56.072082 ] } { [ -15.286979 ] } { [ 62.604630 ] }
despues de colapsar { [ 70.469358 ][ 34.889902 ] } { [ 21.345799 ][ 17.963344 ][ 54.132874 ][ 74.839301 ] } { [ 6.114112 ][ -15.904151 ] } { [ 65.436400 ][ 63.882262 ] } { [ 54.134740 ] } { [ 69.228484 ] } { [ -7.082645 ] } { [ 59.376896 ] } { [ -4.349709 ][ 34.202661 ] } { [ 61.224345 ][ -20.308923 ] } { [ 74.011868 ] } { [ -19.102088 ] } { [ -5.196064 ] } { [ 33.026317 ] } { [ 73.426126 ] } { [ -14.171789 ] } { [ 60.049544 ] } { [ 24.178842 ][ -0.154992 ] } { [ 3.002709 ] } { [ -12.047488 ][ -12.357072 ] } { [ 56.072082 ] } { [ -15.286979 ] } { [ 62.604630 ] }
antes   de colapsar { [ ri4ek2cy ] }
despues de colapsar { [ ri4ek2cy ] }
antes   de filtrar: { [ ri4ek2cy ][ mulxbqweh ] } { [ 7u ] } { [ au7 ][ jhct ] } { [ j0 ] }
despues de filtrar: <vacia>
antes   de colapsar { [ 2 ][ v2v4 ] } { [ 9gr6pspq ][ niljx ] } { [ n ] }
despues de colapsar { [ 2v2v4 ] } { [ 9ngirl6jpx ] } { [ n ] }
antes   de colapsar { [ 2v2v4 ] } { [ 9ngirl6jpx ][ 2x ] } { [ n ] } { [ b02ocgd ] } { [ 37hmr6qggp ] } { [ 63b754x8a ] } { [ 1 ] }
despues de colapsar { [ 2v2v4 ] } { [ 92nxgirl6j ] } { [ n ] } { [ b02ocgd ] } { [ 37hmr6qggp ] } { [ 63b754x8a ] } { [ 1 ] }
antes   de colapsar { [ 2v2v4 ] } { [ 92nxgirl6j ] } { [ n ][ 8ygx ] } { [ b02ocgd ] } { [ 37hmr6qggp ][ mqnxhpc ] } { [ 63b754x8a ] } { [ 1 ] } { [ dpn2ukv ] } { [ n ] } { [ ed2v7cu ] }
despues de colapsar { [ 2v2v4 ] } { [ 92nxgirl6j ] } { [ n ][ 8ygx ] } { [ b02ocgd ] } { [ 3m7qhnmxrh ] } { [ 63b754x8a ] } { [ 1 ] } { [ dpn2ukv ] } { [ n ] } { [ ed2v7cu ] }
antes   de colapsar { [ 2v2v4 ] } { [ 92nxgirl6j ] } { [ n ][ 8ygx ] } { [ b02ocgd ] } { [ 3m7qhnmxrh ] } { [ 63b754x8a ] } { [ 1 ] } { [ dpn2ukv ] } { [ n ] } { [ ed2v7cu ] } { [ iyoglxjm ] } { [ anthc ] }
despues de colapsar { [ 2v2v4 ] } { [ 92nxgirl6j ] } { [ n ][ 8ygx ] } { [ b02ocgd ] } { [ 3m7qhnmxrh ] } { [ 63b754x8a ] } { [ 1 ] } { [ dpn2ukv ] } { [ n ] } { [ ed2v7cu ] } { [ iyoglxjm ] } { [ anthc ] }
antes   de filtrar: { [ 2v2v4 ] } { [ 92nxgirl6j ] } { [ n ][ 8ygx ] } { [ b02ocgd ] } { [ 3m7qhnmxrh ] } { [ 63b754x8a ] } { [ 1 ] } { [ dpn2ukv ] } { [ n ] } { [ ed2v7cu ][ xkn5kdyuh1 ] } { [ iyoglxjm ] } { [ anthc ] }
despues de filtrar: { [ n ][ 8ygx ] } { [ n ] } { [ iyoglxjm ] } { [ anthc ] }
antes   de colapsar { [ n ][ 8ygx ] } { [ n ] } { [ iyoglxjm ] } { [ anthc ] } { [ co ][ g8qtxa1 ][ oywvf2xki4 ] } { [ qe0ee3h ] } { [ m7widxs ] } { [ 9wpk0qhkhp ] } { [ tqlswpb14n ] } { [ 7d5ubmy ] }
despues de colapsar { [ n ][ 8ygx ] } { [ n ] } { [ iyoglxjm ] } { [ anthc ] } { [ co ][ g8qtxa1 ][ oywvf2xki4 ] } { [ qe0ee3h ] } { [ m7widxs ] } { [ 9wpk0qhkhp ] } { [ tqlswpb14n ] } { [ 7d5ubmy ] }
antes   de colapsar { [ n ][ 8ygx ] } { [ n ] } { [ iyoglxjm ] } { [ anthc ][ 7jru ] } { [ co ][ g8qtxa1 ][ oywvf2xki4 ] } { [ qe0ee3h ] } { [ m7widxs ] } { [ 9wpk0qhkhp ] } { [ tqlswpb14n ] } { [ 7d5ubmy ] } { [ 3 ] }
despues de colapsar { [ n ][ 8ygx ] } { [ n ] } { [ iyoglxjm ] } { [ anthc ][ 7jru ] } { [ co ][ g8qtxa1 ][ oywvf2xki4 ] } { [ qe0ee3h ] } { [ m7widxs ] } { [ 9wpk0qhkhp ] } { [ tqlswpb14n ] } { [ 7d5ubmy ] } { [ 3 ] }
antes   de filtrar: { [ n ][ 8ygx ] } { [ n ] } { [ iyoglxjm ] } { [ anthc ][ 7jru ] } { [ co ][ g8qtxa1 ][ oywvf2xki4 ][ 3o4 ] } { [ qe0ee3h ][ ec4n ] } { [ m7widxs ] } { [ 9wpk0qhkhp ] } { [ tqlswpb14n ] } { [ 7d5ubmy ][ fg3 ] } { [ 3 ] } { [ 2ba5bo ] } { [ vf ] } { [ 4yj ] } { [ f1s785w76 ] } { [ o5aytvbcte ] } { [ x ] } { [ by7u4y4l ] } { [ ppdna1tu1v ] }
despues de filtrar: { [ n ][ 8ygx ] } { [ n ] } { [ iyoglxjm ] } { [ anthc ][ 7jru ] } { [ co ][ g8qtxa1 ][ oywvf2xki4 ][ 3o4 ] } { [ vf ] } { [ x ] }
antes   de colapsar <vacia>
despues de colapsar <vacia>
antes   de colapsar { [ -5.293872 ][ 20.731938 ] } { [ 36.256199 ] }
despues de colapsar { [ -5.293872 ][ 20.731938 ] } { [ 36.256199 ] }
antes   de colapsar { [ -5.293872 ][ 20.731938 ][ 23.429459 ] } { [ 36.256199 ] } { [ -7.232663 ] } { [ -7.019878 ] } { [ 25.574448 ] } { [ 63.948324 ] } { [ -16.189171 ] } { [ -16.433829 ] }
despues de colapsar { [ -5.293872 ][ 20.731938 ][ 23.429459 ] } { [ 36.256199 ] } { [ -7.232663 ] } { [ -7.019878 ] } { [ 25.574448 ] } { [ 63.948324 ] } { [ -16.189171 ] } { [ -16.433829 ] }
antes   de colapsar { [ -5.293872 ][ 20.731938 ][ 23.429459 ] } { [ 36.256199 ] } { [ -7.232663 ] } { [ -7.019878 ] } { [ 25.574448 ] } { [ 63.948324 ][ 42.811194 ] } { [ -16.189171 ] } { [ -16.433829 ] } { [ -20.060594 ] }
despues de colapsar { [ -5.293872 ][ 20.731938 ][ 23.429459 ] } { [ 36.256199 ] } { [ -7.232663 ] } { [ -7.019878 ] } { [ 25.574448 ] } { [ 10.332450 ] } { [ -16.189171 ] } { [ -16.433829 ] } { [ -20.060594 ] }
antes   de colapsar { [ -5.293872 ][ 20.731938 ][ 23.429459 ] } { [ 36.256199 ][ 39.222595 ] } { [ -7.232663 ] } { [ -7.019878 ] } { [ 25.574448 ] } { [ 10.332450 ][ -8.534577 ] } { [ -16.189171 ] } { [ -16.433829 ] } { [ -20.060594 ] } { [ -16.733609 ] } { [ -20.358828 ] } { [ 50.636340 ] } { [ 64.374228 ] }
despues de colapsar { [ -5.293872 ][ 20.731938 ][ 23.429459 ] } { [ 36.256199 ][ 39.222595 ] } { [ -7.232663 ] } { [ -7.019878 ] } { [ 25.574448 ] } { [ 10.332450 ][ -8.534577 ] } { [ -16.189171 ] } { [ -16.433829 ] } { [ -20.060594 ] } { [ -16.733609 ] } { [ -20.358828 ] } { [ 50.636340 ] } { [ 64.374228 ] }
antes   de filtrar: { [ -5.293872 ][ 20.731938 ][ 23.429459 ] } { [ 36.256199 ][ 39.222595 ][ -20.636072 ][ -20.300257 ] } { [ -7.232663 ][ 57.488255 ] } { [ -7.019878 ] } { [ 25.574448 ] } { [ 10.332450 ][ -8.534577 ] } { [ -16.189171 ] } { [ -16.433829 ] } { [ -20.060594 ][ 36.515214 ] } { [ -16.733609 ] } { [ -20.358828 ] } { [ 50.636340 ] } { [ 64.374228 ] } { [ 18.072529 ] } { [ 63.973663 ] } { [ -8.432306 ] } { [ 37.956956 ] } { [ 37.662431 ] } { [ -10.876837 ] }
despues de filtrar: { [ -5.293872 ][ 20.731938 ][ 23.429459 ] } { [ 36.256199 ][ 39.222595 ][ -20.636072 ][ -20.300257 ] } { [ -7.232663 ][ 57.488255 ] } { [ -7.019878 ] } { [ 10.332450 ][ -8.534577 ] } { [ -16.189171 ] } { [ -16.433829 ] } { [ -20.060594 ][ 36.515214 ] } { [ -20.358828 ] } { [ 64.374228 ] } { [ 18.072529 ] } { [ -8.432306 ] }
antes   de colapsar { [ -5.293872 ][ 20.731938 ][ 23.429459 ][ 73.842976 ] } { [ 36.256199 ][ 39.222595 ][ -20.636072 ][ -20.300257 ] } { [ -7.232663 ][ 57.488255 ] } { [ -7.019878 ] } { [ 10.332450 ][ -8.534577 ] } { [ -16.189171 ] } { [ -16.433829 ] } { [ -20.060594 ][ 36.515214 ] } { [ -20.358828 ] } { [ 64.374228 ] } { [ 18.072529 ] } { [ -8.432306 ] } { [ 72.011052 ] } { [ 68.749637 ] } { [ 50.954334 ] }
despues de colapsar { [ -5.293872 ][ 20.731938 ][ 23.429459 ][ 73.842976 ] } { [ 36.256199 ][ 39.222595 ][ -20.636072 ][ -20.300257 ] } { [ -7.232663 ][ 57.488255 ] } { [ -7.019878 ] } { [ 10.332450 ][ -8.534577 ] } { [ -16.189171 ] } { [ -16.433829 ] } { [ -20.060594 ][ 36.515214 ] } { [ -20.358828 ] } { [ 64.374228 ] } { [ 18.072529 ] } { [ -8.432306 ] } { [ 72.011052 ] } { [ 68.749637 ] } { [ 50.954334 ] }
antes   de filtrar: { [ -5.293872 ][ 20.731938 ][ 23.429459 ][ 73.842976 ] } { [ 36.256199 ][ 39.222595 ][ -20.636072 ][ -20.300257 ] } { [ -7.232663 ][ 57.488255 ] } { [ -7.019878 ] } { [ 10.332450 ][ -8.534577 ] } { [ -16.189171 ] } { [ -16.433829 ] } { [ -20.060594 ][ 36.515214 ] } { [ -20.358828 ] } { [ 64.374228 ] } { [ 18.072529 ] } { [ -8.432306 ] } { [ 72.011052 ] } { [ 68.749637 ] } { [ 50.954334 ] } { [ 37.753302 ] } { [ 50.698233 ] } { [ -17.518989 ] } { [ -23.743671 ] } { [ 4.620354 ] }
despues de filtrar: { [ -5.293872 ][ 20.731938 ][ 23.429459 ][ 73.842976 ] } { [ 36.256199 ][ 39.222595 ][ -20.636072 ][ -20.300257 ] } { [ -7.232663 ][ 57.488255 ] } { [ -7.019878 ] } { [ 10.332450 ][ -8.534577 ] } { [ -16.189171 ] } { [ -16.433829 ] } { [ -20.060594 ][ 36.515214 ] } { [ -20.358828 ] } { [ 64.374228 ] } { [ 18.072529 ] } { [ -8.432306 ] } { [ 72.011052 ] }
antes   de colapsar { [ -5.293872 ][ 20.731938 ][ 23.429459 ][ 73.842976 ] } { [ 36.256199 ][ 39.222595 ][ -20.636072 ][ -20.300257 ] } { [ -7.232663 ][ 57.488255 ] } { [ -7.019878 ] } { [ 10.332450 ][ -8.534577 ] } { [ -16.189171 ] } { [ -16.433829 ] } { [ -20.060594 ][ 36.515214 ] } { [ -20.358828 ] } { [ 64.374228 ] } { [ 18.072529 ] } { [ -8.432306 ] } { [ 72.011052 ] } { [ 31.151194 ] } { [ 73.637483 ] }
despues de colapsar { [ -5.293872 ][ 20.731938 ][ 23.429459 ][ 73.842976 ] } { [ 36.256199 ][ 39.222595 ][ -20.636072 ][ -20.300257 ] } { [ -7.232663 ][ 57.488255 ] } { [ -7.019878 ] } { [ 10.332450 ][ -8.534577 ] } { [ -16.189171 ] } { [ -16.433829 ] } { [ -20.060594 ][ 36.515214 ] } { [ -20.358828 ] } { [ 64.374228 ] } { [ 18.072529 ] } { [ -8.432306 ] } { [ 72.011052 ] } { [ 31.151194 ] } { [ 73.637483 ] }
antes   de filtrar: { [ -5.293872 ][ 20.731938 ][ 23.429459 ][ 73.842976 ] } { [ 36.256199 ][ 39.222595 ][ -20.636072 ][ -20.300257 ] } { [ -7.232663 ][ 57.488255 ][ -7.200852 ] } { [ -7.019878 ] } { [ 10.332450 ][ -8.534577 ] } { [ -16.189171 ] } { [ -16.433829 ] } { [ -20.060594 ][ 36.515214 ] } { [ -20.358828 ] } { [ 64.374228 ][ 63.650460 ] } { [ 18.072529 ] } { [ -8.432306 ][ 27.509478 ] } { [ 72.011052 ] } { [ 31.151194 ] } { [ 73.637483 ] } { [ 47.191498 ] } { [ 34.304072 ] } { [ -20.385455 ][ -7.583182 ] } { [ -13.041654 ] } { [ 68.257763 ] } { [ 47.577859 ] } { [ -16.024819 ] }
despues de filtrar: { [ -5.293872 ][ 20.731938 ][ 23.429459 ][ 73.842976 ] } { [ 36.256199 ][ 39.222595 ][ -20.636072 ][ -20.300257 ] } { [ -7.232663 ][ 57.488255 ][ -7.200852 ] } { [ -7.019878 ] } { [ 10.332450 ][ -8.534577 ] } { [ -16.189171 ] } { [ -16.433829 ] } { [ -20.060594 ][ 36.515214 ] } { [ -20.358828 ] } { [ 64.374228 ][ 63.650460 ] } { [ 18.072529 ] } { [ -8.432306 ][ 27.509478 ] } { [ 72.011052 ] } { [ 31.151194 ] } { [ 47.191498 ] } { [ 34.304072 ] } { [ -20.385455 ][ -7.583182 ] } { [ -13.041654 ] } { [ 68.257763 ] } { [ -16.024819 ] }
antes   de colapsar <vacia>
despues de colapsar <vacia>
antes   de colapsar { [ 1927 ] }
despues de colapsar { [ 1927 ] }
antes   de colapsar { [ 1927 ] } { [ 1760 ] } { [ 4697 ] } { [ -4248 ] } { [ -1128 ][ 1747 ] } { [ -4735 ] }
despues de colapsar { [ 1927 ] } { [ 1760 ] } { [ 4697 ] } { [ -4248 ] } { [ -1128 ][ 1747 ] } { [ -4735 ] }
antes   de filtrar: { [ 1927 ] } { [ 1760 ] } { [ 4697 ] } { [ -4248 ][ -2941 ] } { [ -1128 ][ 1747 ] } { [ -4735 ] } { [ 99 ] } { [ -469 ] } { [ 4324 ] } { [ -2374 ] } { [ -1642 ] }
despues de filtrar: { [ 1927 ] } { [ 4697 ] } { [ -4248 ][ -2941 ] } { [ -1128 ][ 1747 ] } { [ -4735 ] } { [ 99 ] } { [ -469 ] } { [ 4324 ] } { [ -2374 ] } { [ -1642 ] }
antes   de colapsar { [ 1927 ] } { [ 4697 ] } { [ -4248 ][ -2941 ] } { [ -1128 ][ 1747 ] } { [ -4735 ] } { [ 99 ] } { [ -469 ] } { [ 4324 ] } { [ -2374 ] } { [ -1642 ] } { [ -3452 ] } { [ -2430 ] }
despues de colapsar { [ 1927 ] } { [ 4697 ] } { [ -4248 ][ -2941 ] } { [ -1128 ][ 1747 ] } { [ -4735 ] } { [ 99 ] } { [ -469 ] } { [ 4324 ] } { [ -2374 ] } { [ -1642 ] } { [ -3452 ] } { [ -2430 ] }
antes   de colapsar { [ 1927 ][ 3287 ][ -3189 ] } { [ 4697 ] } { [ -4248 ][ -2941 ][ 2630 ] } { [ -1128 ][ 1747 ] } { [ -4735 ] } { [ 99 ] } { [ -469 ] } { [ 4324 ] } { [ -2374 ][ -3754 ] } { [ -1642 ] } { [ -3452 ] } { [ -2430 ] } { [ -1375 ] } { [ 3410 ] }
despues de colapsar { [ 1927 ][ 3287 ][ -3189 ] } { [ 4697 ] } { [ -4248 ][ -2941 ][ 2630 ] } { [ -1128 ][ 1747 ] } { [ -4735 ] } { [ 99 ] } { [ -469 ] } { [ 4324 ] } { [ -2374 ][ -3754 ] } { [ -1642 ] } { [ -3452 ] } { [ -2430 ] } { [ -1375 ] } { [ 3410 ] }
antes   de filtrar: { [ 1927 ][ 3287 ][ -3189 ] } { [ 4697 ] } { [ -4248 ][ -2941 ][ 2630 ] } { [ -1128 ][ 1747 ] } { [ -4735 ] } { [ 99 ] } { [ -469 ] } { [ 4324 ] } { [ -2374 ][ -3754 ] } { [ -1642 ] } { [ -3452 ] } { [ -2430 ] } { [ -1375 ] } { [ 3410 ] }
despues de filtrar: { [ 1927 ][ 3287 ][ -3189 ] } { [ 4697 ] } { [ -4248 ][ -2941 ][ 2630 ] } { [ -1128 ][ 1747 ] } { [ -4735 ] } { [ 99 ] } { [ -469 ] } { [ 4324 ] } { [ -2374 ][ -3754 ] } { [ -1642 ] } { [ -3452 ] } { [ -1375 ] }
antes   de colapsar { [ 1927 ][ 3287 ][ -3189 ] } { [ 4697 ][ -3007 ] } { [ -4248 ][ -2941 ][ 2630 ] } { [ -1128 ][ 1747 ] } { [ -4735 ] } { [ 99 ][ -861 ] } { [ -469 ] } { [ 4324 ] } { [ -2374 ][ -3754 ] } { [ -1642 ] } { [ -3452 ] } { [ -1375 ] } { [ -2100 ] } { [ -2147 ][ 2488 ] } { [ 4581 ] } { [ -3406 ][ 1516 ] } { [ 1928 ] } { [ -3519 ] } { [ 2044 ] }
despues de colapsar { [ 1927 ][ 3287 ][ -3189 ] } { [ 4697 ][ -3007 ] } { [ -4248 ][ -2941 ][ 2630 ] } { [ -1128 ][ 1747 ] } { [ -4735 ] } { [ 99 ][ -861 ] } { [ -469 ] } { [ 4324 ] } { [ -2374 ][ -3754 ] } { [ -1642 ] } { [ -3452 ] } { [ -1375 ] } { [ -2100 ] } { [ -2147 ][ 2488 ] } { [ 4581 ] } { [ 0 ] } { [ 1928 ] } { [ -3519 ] } { [ 2044 ] }
antes   de filtrar: { [ 1927 ][ 3287 ][ -3189 ] } { [ 4697 ][ -3007 ] } { [ -4248 ][ -2941 ][ 2630 ] } { [ -1128 ][ 1747 ] } { [ -4735 ] } { [ 99 ][ -861 ] } { [ -469 ] } { [ 4324 ] } { [ -2374 ][ -3754 ] } { [ -1642 ] } { [ -3452 ] } { [ -1375 ] } { [ -2100 ] } { [ -2147 ][ 2488 ] } { [ 4581 ] } { [ 0 ] } { [ 1928 ] } { [ -3519 ] } { [ 2044 ] }
despues de filtrar: { [ 1927 ][ 3287 ][ -3189 ] } { [ 4697 ][ -3007 ] } { [ -4248 ][ -2941 ][ 2630 ] } { [ -1128 ][ 1747 ] } { [ -4735 ] } { [ 99 ][ -861 ] } { [ -469 ] } { [ 4324 ] } { [ -2374 ][ -3754 ] } { [ -1642 ] } { [ -3452 ] } { [ -1375 ] } { [ -2147 ][ 2488 ] } { [ 4581 ] } { [ 0 ] } { [ 1928 ] } { [ -3519 ] }
antes   de colapsar { [ 1927 ][ 3287 ][ -3189 ] } { [ 4697 ][ -3007 ] } { [ -4248 ][ -2941 ][ 2630 ] } { [ -1128 ][ 1747 ] } { [ -4735 ] } { [ 99 ][ -861 ][ -3101 ] } { [ -469 ][ -2880 ] } { [ 4324 ] } { [ -2374 ][ -3754 ] } { [ -1642 ] } { [ -3452 ] } { [ -1375 ] } { [ -2147 ][ 2488 ] } { [ 4581 ] } { [ 0 ][ 1524 ] } { [ 1928 ] } { [ -3519 ] } { [ -626 ] } { [ -4454 ] } { [ 3927 ] } { [ -2646 ] } { [ -4501 ] } { [ 1460 ] } { [ -1093 ] } { [ -2233 ][ 3481 ] } { [ -2750 ] } { [ -4819 ] } { [ 3781 ] } { [ 3677 ] }
despues de colapsar { [ 1927 ][ 3287 ][ -3189 ] } { [ 4697 ][ -3007 ] } { [ -4248 ][ -2941 ][ 2630 ] } { [ -1128 ][ 1747 ] } { [ -4735 ] } { [ 99 ][ -861 ][ -3101 ] } { [ -469 ][ -2880 ] } { [ 4324 ] } { [ -2374 ][ -3754 ] } { [ -1642 ] } { [ -3452 ] } { [ -1375 ] } { [ -2147 ][ 2488 ] } { [ 4581 ] } { [ 0 ][ 1524 ] } { [ 1928 ] } { [ -3519 ] } { [ -626 ] } { [ -4454 ] } { [ 3927 ] } { [ -2646 ] } { [ -4501 ] } { [ 1460 ] } { [ -1093 ] } { [ -2233 ][ 3481 ] } { [ -2750 ] } { [ -4819 ] } { [ 3781 ] } { [ 3677 ] }
