antes   de filtrar: { [ 0c2i ] } { [ y6lios ] }despues de filtrar: <vacia>antes   de filtrar: { [ 8qaajik6i ] } { [ 80i037bn ][ l ][ x0vewc ] } { [ f7l8ucyi ][ s ] } { [ 77849 ][ am3p9v ] } { [ f8hhj ] } { [ c9y5lcq ] } { [ 4k ] } { [ nxefwlb ] } { [ 55c5 ] } { [ 3 ] } { [ c ] }despues de filtrar: { [ nxefwlb ] } { [ c ] }antes   de colapsar { [ nxefwlb ] } { [ c ] }