antes   de colapsar <vacia>despues de colapsar <vacia>antes   de filtrar: { [ -22.164166 ] }despues de filtrar: { [ -22.164166 ] }antes   de colapsar { [ -22.164166 ][ 58.097915 ] }