antes   de filtrar: { [ 81l8 ][ 67 ] } { [ at ] }despues de filtrar: { [ at ] }antes   de colapsar { [ at ][ tpxlufpxw ] } { [ x4arp9s91m ][ 2eo ] } { [ c4opff ] } { [ eqm3b ] }