antes   de colapsar <vacia>despues de colapsar <vacia>antes   de colapsar { [ 54.160772 ] }