antes   de filtrar: { [ 48.193302 ][ -24.169139 ] } { [ 40.820436 ] } { [ 17.148126 ] } { [ 65.143741 ] } { [ 15.002502 ] }despues de filtrar: { [ 48.193302 ][ -24.169139 ] } { [ 17.148126 ] } { [ 65.143741 ] } { [ 15.002502 ] }antes   de colapsar { [ 48.193302 ][ -24.169139 ] } { [ 17.148126 ] } { [ 65.143741 ] } { [ 15.002502 ] } { [ 4.905143 ] } { [ 19.215748 ] } { [ 68.070826 ] }