antes   de filtrar: <vacia>
despues de filtrar: <vacia>
antes   de colapsar { [ 8r66i ][ o ][ b6a2b ] } { [ 39q2y1j7 ][ v1 ][ 0pofpk9 ] } { [ 9ouaqa ] } { [ ehg ][ 8 ] } { [ 42 ] } { [ 3yvl ] } { [ texyog ] } { [ xwwy1700 ] } { [ 4i07spw ] } { [ f ] } { [ fywmk ] }
despues de colapsar { [ 8bo6ra626b ] } { [ 30vp9o1fqp ] } { [ 9ouaqa ] } { [ ehg ][ 8 ] } { [ 42 ] } { [ 3yvl ] } { [ texyog ] } { [ xwwy1700 ] } { [ 4i07spw ] } { [ f ] } { [ fywmk ] }
antes   de colapsar { [ 8bo6ra626b ] } { [ 30vp9o1fqp ] } { [ 9ouaqa ] } { [ ehg ][ 8 ] } { [ 42 ] } { [ 3yvl ] } { [ texyog ] } { [ xwwy1700 ] } { [ 4i07spw ] } { [ f ] } { [ fywmk ] } { [ 3 ] }
despues de colapsar { [ 8bo6ra626b ] } { [ 30vp9o1fqp ] } { [ 9ouaqa ] } { [ ehg ][ 8 ] } { [ 42 ] } { [ 3yvl ] } { [ texyog ] } { [ xwwy1700 ] } { [ 4i07spw ] } { [ f ] } { [ fywmk ] } { [ 3 ] }
antes   de colapsar { [ 8bo6ra626b ] } { [ 30vp9o1fqp ] } { [ 9ouaqa ] } { [ ehg ][ 8 ][ j117k74d6 ] } { [ 42 ] } { [ 3yvl ] } { [ texyog ] } { [ xwwy1700 ] } { [ 4i07spw ] } { [ f ] } { [ fywmk ] } { [ 3 ] } { [ 4t1m2q3 ] } { [ 3jna ] }
despues de colapsar { [ 8bo6ra626b ] } { [ 30vp9o1fqp ] } { [ 9ouaqa ] } { [ ehg ][ 8 ][ j117k74d6 ] } { [ 42 ] } { [ 3yvl ] } { [ texyog ] } { [ xwwy1700 ] } { [ 4i07spw ] } { [ f ] } { [ fywmk ] } { [ 3 ] } { [ 4t1m2q3 ] } { [ 3jna ] }
antes   de colapsar { [ 8bo6ra626b ] } { [ 30vp9o1fqp ] } { [ 9ouaqa ] } { [ ehg ][ 8 ][ j117k74d6 ][ n01wdh98h ] } { [ 42 ] } { [ 3yvl ] } { [ texyog ] } { [ xwwy1700 ] } { [ 4i07spw ] } { [ f ] } { [ fywmk ] } { [ 3 ] } { [ 4t1m2q3 ] } { [ 3jna ] }
despues de colapsar { [ 8bo6ra626b ] } { [ 30vp9o1fqp ] } { [ 9ouaqa ] } { [ ehg ][ 8 ][ j117k74d6 ][ n01wdh98h ] } { [ 42 ] } { [ 3yvl ] } { [ texyog ] } { [ xwwy1700 ] } { [ 4i07spw ] } { [ f ] } { [ fywmk ] } { [ 3 ] } { [ 4t1m2q3 ] } { [ 3jna ] }
antes   de filtrar: { [ 8bo6ra626b ] } { [ 30vp9o1fqp ] } { [ 9ouaqa ] } { [ ehg ][ 8 ][ j117k74d6 ][ n01wdh98h ] } { [ 42 ] } { [ 3yvl ] } { [ texyog ] } { [ xwwy1700 ] } { [ 4i07spw ] } { [ f ] } { [ fywmk ] } { [ 3 ] } { [ 4t1m2q3 ] } { [ 3jna ] }
despues de filtrar: { [ ehg ][ 8 ][ j117k74d6 ][ n01wdh98h ] } { [ texyog ] } { [ f ] } { [ fywmk ] }
antes   de filtrar: { [ ehg ][ 8 ][ j117k74d6 ][ n01wdh98h ] } { [ texyog ][ s ] } { [ f ] } { [ fywmk ] } { [ jf026j ] } { [ exph3lv50n ] }
despues de filtrar: { [ ehg ][ 8 ][ j117k74d6 ][ n01wdh98h ] } { [ texyog ][ s ] } { [ f ] } { [ fywmk ] }
antes   de colapsar { [ ehg ][ 8 ][ j117k74d6 ][ n01wdh98h ] } { [ texyog ][ s ][ trp1udg ] } { [ f ] } { [ fywmk ] } { [ l8p ] } { [ ehfufw ] }
despues de colapsar { [ ehg ][ 8 ][ j117k74d6 ][ n01wdh98h ] } { [ texyog ][ s ][ trp1udg ] } { [ f ] } { [ fywmk ] } { [ l8p ] } { [ ehfufw ] }
antes   de colapsar { [ ehg ][ 8 ][ j117k74d6 ][ n01wdh98h ] } { [ texyog ][ s ][ trp1udg ] } { [ f ][ 37eg5s ] } { [ fywmk ] } { [ l8p ] } { [ ehfufw ] } { [ gvttihte ] }
despues de colapsar { [ ehg ][ 8 ][ j117k74d6 ][ n01wdh98h ] } { [ texyog ][ s ][ trp1udg ] } { [ f ][ 37eg5s ] } { [ fywmk ] } { [ l8p ] } { [ ehfufw ] } { [ gvttihte ] }
antes   de colapsar { [ ehg ][ 8 ][ j117k74d6 ][ n01wdh98h ] } { [ texyog ][ s ][ trp1udg ] } { [ f ][ 37eg5s ] } { [ fywmk ][ t4clwh ] } { [ l8p ] } { [ ehfufw ] } { [ gvttihte ] } { [ gg42l ] } { [ i1rbnfno ] } { [ bjoh77mi1e ] } { [ 5i8vvi2 ] }
despues de colapsar { [ ehg ][ 8 ][ j117k74d6 ][ n01wdh98h ] } { [ texyog ][ s ][ trp1udg ] } { [ f ][ 37eg5s ] } { [ fywmk ][ t4clwh ] } { [ l8p ] } { [ ehfufw ] } { [ gvttihte ] } { [ gg42l ] } { [ i1rbnfno ] } { [ bjoh77mi1e ] } { [ 5i8vvi2 ] }
antes   de colapsar { [ s9sbsck6 ] }
despues de colapsar { [ s9sbsck6 ] }
antes   de filtrar: { [ s9sbsck6 ] } { [ 927s1 ][ k002 ] } { [ fvdoh ] } { [ uyu2jm4 ] } { [ b7xvb5x2 ] } { [ k5ubpk8u6 ] } { [ qg ] }
despues de filtrar: { [ fvdoh ] } { [ qg ] }
antes   de colapsar { [ fvdoh ] } { [ qg ][ fo88ba ][ n0wfqiuw9 ] } { [ l11m81r4t ] } { [ hamkfan6m ] } { [ r2f ] } { [ yqfcmpj0e ] } { [ 4vdad ] } { [ sqf9pj ] }
despues de colapsar { [ fvdoh ] } { [ qg ][ fo88ba ][ n0wfqiuw9 ] } { [ l11m81r4t ] } { [ hamkfan6m ] } { [ r2f ] } { [ yqfcmpj0e ] } { [ 4vdad ] } { [ sqf9pj ] }
antes   de colapsar { [ fvdoh ] } { [ qg ][ fo88ba ][ n0wfqiuw9 ] } { [ l11m81r4t ] } { [ hamkfan6m ] } { [ r2f ] } { [ yqfcmpj0e ] } { [ 4vdad ] } { [ sqf9pj ] } { [ jf9coygl6l ] }
despues de colapsar { [ fvdoh ] } { [ qg ][ fo88ba ][ n0wfqiuw9 ] } { [ l11m81r4t ] } { [ hamkfan6m ] } { [ r2f ] } { [ yqfcmpj0e ] } { [ 4vdad ] } { [ sqf9pj ] } { [ jf9coygl6l ] }
antes   de colapsar { [ fvdoh ] } { [ qg ][ fo88ba ][ n0wfqiuw9 ] } { [ l11m81r4t ] } { [ hamkfan6m ][ 35m1y4 ] } { [ r2f ] } { [ yqfcmpj0e ][ 04t2iik6e ] } { [ 4vdad ] } { [ sqf9pj ] } { [ jf9coygl6l ] } { [ q9jv ] } { [ l0 ] } { [ i5glt1nnk ] } { [ rvk9i6b3 ] }
despues de colapsar { [ fvdoh ] } { [ qg ][ fo88ba ][ n0wfqiuw9 ] } { [ l11m81r4t ] } { [ h3a5mmk1fy ] } { [ r2f ] } { [ y0q4ftc2mi ] } { [ 4vdad ] } { [ sqf9pj ] } { [ jf9coygl6l ] } { [ q9jv ] } { [ l0 ] } { [ i5glt1nnk ] } { [ rvk9i6b3 ] }
antes   de colapsar { [ fvdoh ] } { [ qg ][ fo88ba ][ n0wfqiuw9 ] } { [ l11m81r4t ] } { [ h3a5mmk1fy ] } { [ r2f ] } { [ y0q4ftc2mi ] } { [ 4vdad ] } { [ sqf9pj ] } { [ jf9coygl6l ] } { [ q9jv ] } { [ l0 ] } { [ i5glt1nnk ][ dcawq ] } { [ rvk9i6b3 ][ kt ] } { [ 9w6xs ] }
despues de colapsar { [ fvdoh ] } { [ qg ][ fo88ba ][ n0wfqiuw9 ] } { [ l11m81r4t ] } { [ h3a5mmk1fy ] } { [ r2f ] } { [ y0q4ftc2mi ] } { [ 4vdad ] } { [ sqf9pj ] } { [ jf9coygl6l ] } { [ q9jv ] } { [ l0 ] } { [ id5cgalwtq ] } { [ rkvtk9i6b3 ] } { [ 9w6xs ] }
antes   de filtrar: { [ fvdoh ] } { [ qg ][ fo88ba ][ n0wfqiuw9 ] } { [ l11m81r4t ] } { [ h3a5mmk1fy ] } { [ r2f ] } { [ y0q4ftc2mi ] } { [ 4vdad ] } { [ sqf9pj ] } { [ jf9coygl6l ] } { [ q9jv ] } { [ l0 ] } { [ id5cgalwtq ] } { [ rkvtk9i6b3 ][ j9e ] } { [ 9w6xs ] } { [ l0hrgks319 ] }
despues de filtrar: { [ fvdoh ] } { [ qg ][ fo88ba ][ n0wfqiuw9 ] }
antes   de colapsar { [ fvdoh ][ f ] } { [ qg ][ fo88ba ][ n0wfqiuw9 ] } { [ w ] } { [ k3p ] }
despues de colapsar { [ fvdoh ][ f ] } { [ qg ][ fo88ba ][ n0wfqiuw9 ] } { [ w ] } { [ k3p ] }
antes   de filtrar: { [ fvdoh ][ f ][ s ] } { [ qg ][ fo88ba ][ n0wfqiuw9 ][ xsa5wdo ] } { [ w ] } { [ k3p ] } { [ oaqwvkg2on ] }
despues de filtrar: { [ fvdoh ][ f ][ s ] } { [ qg ][ fo88ba ][ n0wfqiuw9 ][ xsa5wdo ] } { [ w ] }
antes   de colapsar { [ fvdoh ][ f ][ s ] } { [ qg ][ fo88ba ][ n0wfqiuw9 ][ xsa5wdo ][ np1iirh41h ][ 7xrchw1r ] } { [ w ][ 9qli ] } { [ t1 ] } { [ idurkwh ] } { [ ephkbe ] } { [ ewluv ] } { [ l ] } { [ 1s ] } { [ dqgfj7 ] } { [ 375004tn ] } { [ 2oue ] } { [ 3kkv479 ] } { [ ucwyqt33at ] }
despues de colapsar { [ fvdoh ][ f ][ s ] } { [ qg ][ fo88ba ][ n0wfqiuw9 ][ xsa5wdo ][ np1iirh41h ][ 7xrchw1r ] } { [ w ][ 9qli ] } { [ t1 ] } { [ idurkwh ] } { [ ephkbe ] } { [ ewluv ] } { [ l ] } { [ 1s ] } { [ dqgfj7 ] } { [ 375004tn ] } { [ 2oue ] } { [ 3kkv479 ] } { [ ucwyqt33at ] }
antes   de colapsar { [ b1g97pu3 ] }
despues de colapsar { [ b1g97pu3 ] }
antes   de colapsar { [ b1g97pu3 ] } { [ c9aifv ] } { [ rf ] } { [ 1ybik7q ] } { [ 0 ] }
despues de colapsar { [ b1g97pu3 ] } { [ c9aifv ] } { [ rf ] } { [ 1ybik7q ] } { [ 0 ] }
antes   de filtrar: { [ b1g97pu3 ] } { [ c9aifv ] } { [ rf ] } { [ 1ybik7q ] } { [ 0 ] } { [ l ] }
despues de filtrar: { [ rf ] } { [ l ] }
antes   de colapsar { [ rf ] } { [ l ][ 2e7y8pg7 ] } { [ 0m ] } { [ x2i ][ k ][ 2ik0luhe ] } { [ m ] } { [ j5khtb8 ] } { [ 7vh20b ] } { [ 3qvy5t8pl ] } { [ 0 ] }
despues de colapsar { [ rf ] } { [ l ][ 2e7y8pg7 ] } { [ 0m ] } { [ x2ki2ki0lu ] } { [ m ] } { [ j5khtb8 ] } { [ 7vh20b ] } { [ 3qvy5t8pl ] } { [ 0 ] }
antes   de filtrar: { [ rf ] } { [ l ][ 2e7y8pg7 ] } { [ 0m ] } { [ x2ki2ki0lu ] } { [ m ] } { [ j5khtb8 ] } { [ 7vh20b ] } { [ 3qvy5t8pl ][ qd4vd9 ] } { [ 0 ] } { [ ngajxd0jp ] } { [ 3f6rcdvav9 ] }
despues de filtrar: { [ rf ] } { [ l ][ 2e7y8pg7 ] } { [ m ] }
antes   de colapsar { [ rf ] } { [ l ][ 2e7y8pg7 ] } { [ m ] } { [ qtdo9cfc ] } { [ 56xsfmg ] } { [ wawg2y ] } { [ 4wry ] } { [ 78gu6dm ][ qx1ud1 ] } { [ hl5x ] } { [ 0f7ly ][ ri ] } { [ 62fwe ][ 822sflixl ][ d61rvl4qb ] } { [ u8n ][ txk93vsioq ] } { [ mnv2 ] } { [ p ] } { [ n7 ] } { [ 8xiko ] } { [ 3gxqbjk ] }
despues de colapsar { [ rf ] } { [ l ][ 2e7y8pg7 ] } { [ m ] } { [ qtdo9cfc ] } { [ 56xsfmg ] } { [ wawg2y ] } { [ 4wry ] } { [ 7q8xg1uu6d ] } { [ hl5x ] } { [ 0rfi7ly ] } { [ 6d86212rfv ] } { [ ut8xnk93vs ] } { [ mnv2 ] } { [ p ] } { [ n7 ] } { [ 8xiko ] } { [ 3gxqbjk ] }
antes   de colapsar { [ rf ] } { [ l ][ 2e7y8pg7 ] } { [ m ] } { [ qtdo9cfc ] } { [ 56xsfmg ] } { [ wawg2y ] } { [ 4wry ] } { [ 7q8xg1uu6d ] } { [ hl5x ] } { [ 0rfi7ly ] } { [ 6d86212rfv ] } { [ ut8xnk93vs ] } { [ mnv2 ][ oqvlhqj5k ] } { [ p ] } { [ n7 ] } { [ 8xiko ] } { [ 3gxqbjk ] }
despues de colapsar { [ rf ] } { [ l ][ 2e7y8pg7 ] } { [ m ] } { [ qtdo9cfc ] } { [ 56xsfmg ] } { [ wawg2y ] } { [ 4wry ] } { [ 7q8xg1uu6d ] } { [ hl5x ] } { [ 0rfi7ly ] } { [ 6d86212rfv ] } { [ ut8xnk93vs ] } { [ monqvv2lhq ] } { [ p ] } { [ n7 ] } { [ 8xiko ] } { [ 3gxqbjk ] }
antes   de filtrar: { [ rf ] } { [ l ][ 2e7y8pg7 ] } { [ m ] } { [ qtdo9cfc ] } { [ 56xsfmg ] } { [ wawg2y ] } { [ 4wry ] } { [ 7q8xg1uu6d ] } { [ hl5x ] } { [ 0rfi7ly ] } { [ 6d86212rfv ] } { [ ut8xnk93vs ] } { [ monqvv2lhq ] } { [ p ] } { [ n7 ] } { [ 8xiko ] } { [ 3gxqbjk ] } { [ kg4l3f7mo ] } { [ 6alj ] }
despues de filtrar: { [ rf ] } { [ l ][ 2e7y8pg7 ] } { [ m ] } { [ p ] }
antes   de colapsar { [ rf ] } { [ l ][ 2e7y8pg7 ] } { [ m ] } { [ p ] } { [ nknykljw ] }
despues de colapsar { [ rf ] } { [ l ][ 2e7y8pg7 ] } { [ m ] } { [ p ] } { [ nknykljw ] }
antes   de colapsar { [ rf ] } { [ l ][ 2e7y8pg7 ][ 8nm ] } { [ m ] } { [ p ] } { [ nknykljw ][ 5 ] } { [ 8y ][ vima ] } { [ p8foi ] } { [ i ] } { [ x ] }
despues de colapsar { [ rf ] } { [ l ][ 2e7y8pg7 ][ 8nm ] } { [ m ] } { [ p ] } { [ nknykljw ][ 5 ] } { [ 8vyima ] } { [ p8foi ] } { [ i ] } { [ x ] }
antes   de colapsar { [ -17.671675 ][ -6.489434 ] } { [ 58.322686 ] } { [ -24.402122 ][ 35.898240 ][ -0.265320 ] } { [ -7.400465 ] } { [ -22.746330 ] } { [ 42.562690 ] } { [ 56.217756 ][ 7.930612 ] } { [ -14.406022 ] } { [ -14.486379 ] } { [ 21.494464 ] } { [ 23.792164 ] }
despues de colapsar { [ -nan ] } { [ 58.322686 ] } { [ -24.402122 ][ 35.898240 ][ -0.265320 ] } { [ -7.400465 ] } { [ -22.746330 ] } { [ 42.562690 ] } { [ 56.217756 ][ 7.930612 ] } { [ -14.406022 ] } { [ -14.486379 ] } { [ 21.494464 ] } { [ 23.792164 ] }
antes   de colapsar { [ -nan ] } { [ 58.322686 ] } { [ -24.402122 ][ 35.898240 ][ -0.265320 ] } { [ -7.400465 ] } { [ -22.746330 ] } { [ 42.562690 ] } { [ 56.217756 ][ 7.930612 ] } { [ -14.406022 ] } { [ -14.486379 ] } { [ 21.494464 ] } { [ 23.792164 ] } { [ 30.502188 ] } { [ 52.346101 ] } { [ 70.121889 ] }
despues de colapsar { [ -nan ] } { [ 58.322686 ] } { [ -24.402122 ][ 35.898240 ][ -0.265320 ] } { [ -7.400465 ] } { [ -22.746330 ] } { [ 42.562690 ] } { [ 56.217756 ][ 7.930612 ] } { [ -14.406022 ] } { [ -14.486379 ] } { [ 21.494464 ] } { [ 23.792164 ] } { [ 30.502188 ] } { [ 52.346101 ] } { [ 70.121889 ] }
antes   de filtrar: { [ -nan ] } { [ 58.322686 ] } { [ -24.402122 ][ 35.898240 ][ -0.265320 ] } { [ -7.400465 ] } { [ -22.746330 ] } { [ 42.562690 ] } { [ 56.217756 ][ 7.930612 ] } { [ -14.406022 ] } { [ -14.486379 ] } { [ 21.494464 ] } { [ 23.792164 ] } { [ 30.502188 ] } { [ 52.346101 ] } { [ 70.121889 ] }
despues de filtrar: { [ -nan ] } { [ 58.322686 ] } { [ -24.402122 ][ 35.898240 ][ -0.265320 ] } { [ -7.400465 ] } { [ 56.217756 ][ 7.930612 ] } { [ -14.406022 ] } { [ -14.486379 ] } { [ 21.494464 ] } { [ 52.346101 ] } { [ 70.121889 ] }
antes   de colapsar { [ -nan ] } { [ 58.322686 ] } { [ -24.402122 ][ 35.898240 ][ -0.265320 ] } { [ -7.400465 ] } { [ 56.217756 ][ 7.930612 ] } { [ -14.406022 ] } { [ -14.486379 ] } { [ 21.494464 ] } { [ 52.346101 ] } { [ 70.121889 ] } { [ 37.824616 ] } { [ 2.114380 ] } { [ 35.078039 ] } { [ 60.472989 ] }
despues de colapsar { [ -nan ] } { [ 58.322686 ] } { [ -24.402122 ][ 35.898240 ][ -0.265320 ] } { [ -7.400465 ] } { [ 56.217756 ][ 7.930612 ] } { [ -14.406022 ] } { [ -14.486379 ] } { [ 21.494464 ] } { [ 52.346101 ] } { [ 70.121889 ] } { [ 37.824616 ] } { [ 2.114380 ] } { [ 35.078039 ] } { [ 60.472989 ] }
antes   de filtrar: { [ -nan ] } { [ 58.322686 ] } { [ -24.402122 ][ 35.898240 ][ -0.265320 ] } { [ -7.400465 ] } { [ 56.217756 ][ 7.930612 ] } { [ -14.406022 ] } { [ -14.486379 ] } { [ 21.494464 ] } { [ 52.346101 ] } { [ 70.121889 ] } { [ 37.824616 ] } { [ 2.114380 ] } { [ 35.078039 ] } { [ 60.472989 ] }
despues de filtrar: { [ -nan ] } { [ 58.322686 ] } { [ -24.402122 ][ 35.898240 ][ -0.265320 ] } { [ -7.400465 ] } { [ 56.217756 ][ 7.930612 ] } { [ -14.406022 ] } { [ -14.486379 ] } { [ 21.494464 ] } { [ 52.346101 ] } { [ 70.121889 ] } { [ 2.114380 ] } { [ 35.078039 ] } { [ 60.472989 ] }
antes   de colapsar { [ -nan ] } { [ 58.322686 ] } { [ -24.402122 ][ 35.898240 ][ -0.265320 ][ 69.306167 ] } { [ -7.400465 ] } { [ 56.217756 ][ 7.930612 ] } { [ -14.406022 ] } { [ -14.486379 ] } { [ 21.494464 ] } { [ 52.346101 ] } { [ 70.121889 ] } { [ 2.114380 ] } { [ 35.078039 ] } { [ 60.472989 ] } { [ 57.332931 ] } { [ -1.144117 ] } { [ 44.008327 ] } { [ 34.120192 ] } { [ 23.793739 ] } { [ 72.592078 ] }
despues de colapsar { [ -nan ] } { [ 58.322686 ] } { [ -24.402122 ][ 35.898240 ][ -0.265320 ][ 69.306167 ] } { [ -7.400465 ] } { [ 56.217756 ][ 7.930612 ] } { [ -14.406022 ] } { [ -14.486379 ] } { [ 21.494464 ] } { [ 52.346101 ] } { [ 70.121889 ] } { [ 2.114380 ] } { [ 35.078039 ] } { [ 60.472989 ] } { [ 57.332931 ] } { [ -1.144117 ] } { [ 44.008327 ] } { [ 34.120192 ] } { [ 23.793739 ] } { [ 72.592078 ] }
antes   de colapsar { [ -nan ] } { [ 58.322686 ] } { [ -24.402122 ][ 35.898240 ][ -0.265320 ][ 69.306167 ] } { [ -7.400465 ] } { [ 56.217756 ][ 7.930612 ][ 59.355866 ] } { [ -14.406022 ] } { [ -14.486379 ] } { [ 21.494464 ] } { [ 52.346101 ] } { [ 70.121889 ][ 64.038729 ] } { [ 2.114380 ] } { [ 35.078039 ] } { [ 60.472989 ] } { [ 57.332931 ] } { [ -1.144117 ] } { [ 44.008327 ] } { [ 34.120192 ] } { [ 23.793739 ] } { [ 72.592078 ][ 64.689404 ] } { [ 32.593879 ] }
despues de colapsar { [ -nan ] } { [ 58.322686 ] } { [ -24.402122 ][ 35.898240 ][ -0.265320 ][ 69.306167 ] } { [ -7.400465 ] } { [ 56.217756 ][ 7.930612 ][ 59.355866 ] } { [ -14.406022 ] } { [ -14.486379 ] } { [ 21.494464 ] } { [ 52.346101 ] } { [ 70.121889 ][ 64.038729 ] } { [ 2.114380 ] } { [ 35.078039 ] } { [ 60.472989 ] } { [ 57.332931 ] } { [ -1.144117 ] } { [ 44.008327 ] } { [ 34.120192 ] } { [ 23.793739 ] } { [ 11.716718 ] } { [ 32.593879 ] }
antes   de colapsar { [ -nan ] } { [ 58.322686 ] } { [ -24.402122 ][ 35.898240 ][ -0.265320 ][ 69.306167 ] } { [ -7.400465 ] } { [ 56.217756 ][ 7.930612 ][ 59.355866 ] } { [ -14.406022 ] } { [ -14.486379 ] } { [ 21.494464 ] } { [ 52.346101 ] } { [ 70.121889 ][ 64.038729 ] } { [ 2.114380 ] } { [ 35.078039 ] } { [ 60.472989 ] } { [ 57.332931 ] } { [ -1.144117 ] } { [ 44.008327 ] } { [ 34.120192 ] } { [ 23.793739 ] } { [ 11.716718 ] } { [ 32.593879 ] } { [ 21.881825 ] }
despues de colapsar { [ -nan ] } { [ 58.322686 ] } { [ -24.402122 ][ 35.898240 ][ -0.265320 ][ 69.306167 ] } { [ -7.400465 ] } { [ 56.217756 ][ 7.930612 ][ 59.355866 ] } { [ -14.406022 ] } { [ -14.486379 ] } { [ 21.494464 ] } { [ 52.346101 ] } { [ 70.121889 ][ 64.038729 ] } { [ 2.114380 ] } { [ 35.078039 ] } { [ 60.472989 ] } { [ 57.332931 ] } { [ -1.144117 ] } { [ 44.008327 ] } { [ 34.120192 ] } { [ 23.793739 ] } { [ 11.716718 ] } { [ 32.593879 ] } { [ 21.881825 ] }
antes   de colapsar { [ -nan ] } { [ 58.322686 ] } { [ -24.402122 ][ 35.898240 ][ -0.265320 ][ 69.306167 ] } { [ -7.400465 ] } { [ 56.217756 ][ 7.930612 ][ 59.355866 ] } { [ -14.406022 ] } { [ -14.486379 ] } { [ 21.494464 ] } { [ 52.346101 ] } { [ 70.121889 ][ 64.038729 ] } { [ 2.114380 ] } { [ 35.078039 ] } { [ 60.472989 ] } { [ 57.332931 ] } { [ -1.144117 ] } { [ 44.008327 ] } { [ 34.120192 ] } { [ 23.793739 ] } { [ 11.716718 ] } { [ 32.593879 ] } { [ 21.881825 ] } { [ 2.321689 ] }
despues de colapsar { [ -nan ] } { [ 58.322686 ] } { [ -24.402122 ][ 35.898240 ][ -0.265320 ][ 69.306167 ] } { [ -7.400465 ] } { [ 56.217756 ][ 7.930612 ][ 59.355866 ] } { [ -14.406022 ] } { [ -14.486379 ] } { [ 21.494464 ] } { [ 52.346101 ] } { [ 70.121889 ][ 64.038729 ] } { [ 2.114380 ] } { [ 35.078039 ] } { [ 60.472989 ] } { [ 57.332931 ] } { [ -1.144117 ] } { [ 44.008327 ] } { [ 34.120192 ] } { [ 23.793739 ] } { [ 11.716718 ] } { [ 32.593879 ] } { [ 21.881825 ] } { [ 2.321689 ] }
antes   de filtrar: { [ -nan ] } { [ 58.322686 ] } { [ -24.402122 ][ 35.898240 ][ -0.265320 ][ 69.306167 ] } { [ -7.400465 ] } { [ 56.217756 ][ 7.930612 ][ 59.355866 ] } { [ -14.406022 ] } { [ -14.486379 ] } { [ 21.494464 ] } { [ 52.346101 ] } { [ 70.121889 ][ 64.038729 ][ 34.577909 ] } { [ 2.114380 ] } { [ 35.078039 ] } { [ 60.472989 ] } { [ 57.332931 ] } { [ -1.144117 ] } { [ 44.008327 ] } { [ 34.120192 ] } { [ 23.793739 ] } { [ 11.716718 ][ -15.393906 ] } { [ 32.593879 ] } { [ 21.881825 ][ 15.320963 ] } { [ 2.321689 ][ 15.836385 ] } { [ 71.641308 ] } { [ 47.548259 ] } { [ 31.610933 ] } { [ 50.716560 ] }
despues de filtrar: { [ -nan ] } { [ 58.322686 ] } { [ -24.402122 ][ 35.898240 ][ -0.265320 ][ 69.306167 ] } { [ -7.400465 ] } { [ 56.217756 ][ 7.930612 ][ 59.355866 ] } { [ -14.406022 ] } { [ -14.486379 ] } { [ 21.494464 ] } { [ 52.346101 ] } { [ 70.121889 ][ 64.038729 ][ 34.577909 ] } { [ 2.114380 ] } { [ 35.078039 ] } { [ 60.472989 ] } { [ 57.332931 ] } { [ -1.144117 ] } { [ 44.008327 ] } { [ 34.120192 ] } { [ 2.321689 ][ 15.836385 ] }
antes   de colapsar { [ -2217 ][ 3716 ] }
despues de colapsar { [ -2217 ][ 3716 ] }
antes   de colapsar { [ -2217 ][ 3716 ][ 3460 ][ -353 ] } { [ -107 ][ -1291 ][ 3838 ] } { [ -338 ][ -919 ] } { [ -4955 ] } { [ 2548 ] } { [ 2869 ] }
despues de colapsar { [ -2217 ][ 3716 ][ 3460 ][ -353 ] } { [ 1193 ] } { [ -338 ][ -919 ] } { [ -4955 ] } { [ 2548 ] } { [ 2869 ] }
antes   de colapsar { [ -2217 ][ 3716 ][ 3460 ][ -353 ] } { [ 1193 ] } { [ -338 ][ -919 ] } { [ -4955 ] } { [ 2548 ] } { [ 2869 ] } { [ -3230 ] }
despues de colapsar { [ -2217 ][ 3716 ][ 3460 ][ -353 ] } { [ 1193 ] } { [ -338 ][ -919 ] } { [ -4955 ] } { [ 2548 ] } { [ 2869 ] } { [ -3230 ] }
antes   de filtrar: { [ -2217 ][ 3716 ][ 3460 ][ -353 ][ -331 ] } { [ 1193 ] } { [ -338 ][ -919 ] } { [ -4955 ] } { [ 2548 ] } { [ 2869 ] } { [ -3230 ] }
despues de filtrar: { [ -2217 ][ 3716 ][ 3460 ][ -353 ][ -331 ] } { [ 1193 ] } { [ -338 ][ -919 ] } { [ -4955 ] } { [ 2548 ] } { [ 2869 ] }
antes   de colapsar { [ -2217 ][ 3716 ][ 3460 ][ -353 ][ -331 ] } { [ 1193 ] } { [ -338 ][ -919 ] } { [ -4955 ] } { [ 2548 ] } { [ 2869 ] }
despues de colapsar { [ -2217 ][ 3716 ][ 3460 ][ -353 ][ -331 ] } { [ 1193 ] } { [ -338 ][ -919 ] } { [ -4955 ] } { [ 2548 ] } { [ 2869 ] }
antes   de colapsar { [ -2217 ][ 3716 ][ 3460 ][ -353 ][ -331 ] } { [ 1193 ] } { [ -338 ][ -919 ] } { [ -4955 ] } { [ 2548 ] } { [ 2869 ] }
despues de colapsar { [ -2217 ][ 3716 ][ 3460 ][ -353 ][ -331 ] } { [ 1193 ] } { [ -338 ][ -919 ] } { [ -4955 ] } { [ 2548 ] } { [ 2869 ] }
antes   de filtrar: { [ -2217 ][ 3716 ][ 3460 ][ -353 ][ -331 ][ 4820 ] } { [ 1193 ] } { [ -338 ][ -919 ] } { [ -4955 ] } { [ 2548 ] } { [ 2869 ] } { [ 4217 ] } { [ 1232 ] } { [ -4291 ] } { [ -4579 ] } { [ 863 ] } { [ -4728 ] } { [ -3350 ] }
despues de filtrar: { [ -2217 ][ 3716 ][ 3460 ][ -353 ][ -331 ][ 4820 ] } { [ 1193 ] } { [ -338 ][ -919 ] } { [ -4955 ] } { [ 2548 ] } { [ 2869 ] } { [ 4217 ] } { [ 1232 ] } { [ -4291 ] } { [ -4579 ] } { [ 863 ] } { [ -4728 ] }
antes   de colapsar { [ -2217 ][ 3716 ][ 3460 ][ -353 ][ -331 ][ 4820 ] } { [ 1193 ] } { [ -338 ][ -919 ] } { [ -4955 ] } { [ 2548 ] } { [ 2869 ] } { [ 4217 ] } { [ 1232 ] } { [ -4291 ] } { [ -4579 ] } { [ 863 ] } { [ -4728 ] } { [ -280 ] }
despues de colapsar { [ -2217 ][ 3716 ][ 3460 ][ -353 ][ -331 ][ 4820 ] } { [ 1193 ] } { [ -338 ][ -919 ] } { [ -4955 ] } { [ 2548 ] } { [ 2869 ] } { [ 4217 ] } { [ 1232 ] } { [ -4291 ] } { [ -4579 ] } { [ 863 ] } { [ -4728 ] } { [ -280 ] }
antes   de filtrar: { [ -2217 ][ 3716 ][ 3460 ][ -353 ][ -331 ][ 4820 ] } { [ 1193 ] } { [ -338 ][ -919 ] } { [ -4955 ][ -2684 ] } { [ 2548 ] } { [ 2869 ] } { [ 4217 ] } { [ 1232 ] } { [ -4291 ] } { [ -4579 ] } { [ 863 ] } { [ -4728 ] } { [ -280 ] } { [ -3280 ] } { [ -2990 ] } { [ -2625 ] } { [ 4452 ] } { [ 471 ] } { [ -3467 ] }
despues de filtrar: { [ -2217 ][ 3716 ][ 3460 ][ -353 ][ -331 ][ 4820 ] } { [ 1193 ] } { [ -338 ][ -919 ] } { [ -4955 ][ -2684 ] } { [ 2548 ] } { [ 2869 ] } { [ 4217 ] } { [ 1232 ] } { [ -4291 ] } { [ -4579 ] } { [ 863 ] } { [ -4728 ] } { [ -2625 ] } { [ 4452 ] } { [ 471 ] } { [ -3467 ] }
antes   de colapsar { [ -2217 ][ 3716 ][ 3460 ][ -353 ][ -331 ][ 4820 ] } { [ 1193 ] } { [ -338 ][ -919 ] } { [ -4955 ][ -2684 ] } { [ 2548 ] } { [ 2869 ] } { [ 4217 ] } { [ 1232 ] } { [ -4291 ] } { [ -4579 ] } { [ 863 ] } { [ -4728 ] } { [ -2625 ] } { [ 4452 ] } { [ 471 ] } { [ -3467 ] }
despues de colapsar { [ -2217 ][ 3716 ][ 3460 ][ -353 ][ -331 ][ 4820 ] } { [ 1193 ] } { [ -338 ][ -919 ] } { [ -4955 ][ -2684 ] } { [ 2548 ] } { [ 2869 ] } { [ 4217 ] } { [ 1232 ] } { [ -4291 ] } { [ -4579 ] } { [ 863 ] } { [ -4728 ] } { [ -2625 ] } { [ 4452 ] } { [ 471 ] } { [ -3467 ] }
