antes   de filtrar: { [ 81l8 ][ 67 ] } { [ at ] }
despues de filtrar: { [ at ] }
antes   de colapsar { [ at ][ tpxlufpxw ] } { [ x4arp9s91m ][ 2eo ] } { [ c4opff ] } { [ eqm3b ] }
despues de colapsar { [ at ][ tpxlufpxw ] } { [ x24eaorp9s ] } { [ c4opff ] } { [ eqm3b ] }
antes   de filtrar: { [ at ][ tpxlufpxw ] } { [ x24eaorp9s ] } { [ c4opff ] } { [ eqm3b ] } { [ myft ] } { [ k ] }
despues de filtrar: { [ at ][ tpxlufpxw ] } { [ myft ] } { [ k ] }
antes   de colapsar { [ at ][ tpxlufpxw ] } { [ myft ][ ou ] } { [ k ] } { [ j6ocf ] } { [ u3oq9iq ] }
despues de colapsar { [ at ][ tpxlufpxw ] } { [ myft ][ ou ] } { [ k ] } { [ j6ocf ] } { [ u3oq9iq ] }
antes   de colapsar { [ at ][ tpxlufpxw ] } { [ myft ][ ou ][ 7a ] } { [ k ] } { [ j6ocf ] } { [ u3oq9iq ] } { [ hw8f7yr0ql ] }
despues de colapsar { [ at ][ tpxlufpxw ] } { [ myft ][ ou ][ 7a ] } { [ k ] } { [ j6ocf ] } { [ u3oq9iq ] } { [ hw8f7yr0ql ] }
antes   de colapsar { [ at ][ tpxlufpxw ][ dg0hkepd ] } { [ myft ][ ou ][ 7a ][ p ] } { [ k ] } { [ j6ocf ] } { [ u3oq9iq ] } { [ hw8f7yr0ql ] } { [ xr3q5kc6ed ] } { [ 4 ] } { [ q2q ] } { [ 7oe3qbl ] } { [ glafekp ] }
despues de colapsar { [ at ][ tpxlufpxw ][ dg0hkepd ] } { [ myft ][ ou ][ 7a ][ p ] } { [ k ] } { [ j6ocf ] } { [ u3oq9iq ] } { [ hw8f7yr0ql ] } { [ xr3q5kc6ed ] } { [ 4 ] } { [ q2q ] } { [ 7oe3qbl ] } { [ glafekp ] }
antes   de colapsar { [ at ][ tpxlufpxw ][ dg0hkepd ] } { [ myft ][ ou ][ 7a ][ p ] } { [ k ] } { [ j6ocf ] } { [ u3oq9iq ][ cqd ] } { [ hw8f7yr0ql ] } { [ xr3q5kc6ed ] } { [ 4 ] } { [ q2q ] } { [ 7oe3qbl ] } { [ glafekp ] } { [ 5vfokwdj8 ] } { [ gsg ] } { [ d511 ] } { [ 3wuk7rvu ] }
despues de colapsar { [ at ][ tpxlufpxw ][ dg0hkepd ] } { [ myft ][ ou ][ 7a ][ p ] } { [ k ] } { [ j6ocf ] } { [ uc3qodq9iq ] } { [ hw8f7yr0ql ] } { [ xr3q5kc6ed ] } { [ 4 ] } { [ q2q ] } { [ 7oe3qbl ] } { [ glafekp ] } { [ 5vfokwdj8 ] } { [ gsg ] } { [ d511 ] } { [ 3wuk7rvu ] }
antes   de colapsar { [ at ][ tpxlufpxw ][ dg0hkepd ] } { [ myft ][ ou ][ 7a ][ p ] } { [ k ] } { [ j6ocf ] } { [ uc3qodq9iq ] } { [ hw8f7yr0ql ] } { [ xr3q5kc6ed ] } { [ 4 ][ to3xtjb5v ][ amh ] } { [ q2q ] } { [ 7oe3qbl ] } { [ glafekp ] } { [ 5vfokwdj8 ] } { [ gsg ] } { [ d511 ] } { [ 3wuk7rvu ][ 9x ] } { [ fxp ] } { [ p ] } { [ ykhehgg ] } { [ md5x2f56mb ] } { [ 1 ] }
despues de colapsar { [ at ][ tpxlufpxw ][ dg0hkepd ] } { [ myft ][ ou ][ 7a ][ p ] } { [ k ] } { [ j6ocf ] } { [ uc3qodq9iq ] } { [ hw8f7yr0ql ] } { [ xr3q5kc6ed ] } { [ 4atmoh3xtj ] } { [ q2q ] } { [ 7oe3qbl ] } { [ glafekp ] } { [ 5vfokwdj8 ] } { [ gsg ] } { [ d511 ] } { [ 39wxuk7rvu ] } { [ fxp ] } { [ p ] } { [ ykhehgg ] } { [ md5x2f56mb ] } { [ 1 ] }
antes   de filtrar: { [ at ][ tpxlufpxw ][ dg0hkepd ] } { [ myft ][ ou ][ 7a ][ p ] } { [ k ] } { [ j6ocf ] } { [ uc3qodq9iq ] } { [ hw8f7yr0ql ] } { [ xr3q5kc6ed ] } { [ 4atmoh3xtj ] } { [ q2q ] } { [ 7oe3qbl ] } { [ glafekp ] } { [ 5vfokwdj8 ] } { [ gsg ] } { [ d511 ] } { [ 39wxuk7rvu ] } { [ fxp ] } { [ p ] } { [ ykhehgg ] } { [ md5x2f56mb ] } { [ 1 ] } { [ yvx3x ] } { [ yttg4f74p0 ] }
despues de filtrar: { [ at ][ tpxlufpxw ][ dg0hkepd ] } { [ myft ][ ou ][ 7a ][ p ] } { [ k ] } { [ glafekp ] } { [ gsg ] } { [ fxp ] } { [ p ] } { [ ykhehgg ] }
antes   de colapsar { [ at ][ tpxlufpxw ][ dg0hkepd ] } { [ myft ][ ou ][ 7a ][ p ][ 43 ] } { [ k ] } { [ glafekp ] } { [ gsg ] } { [ fxp ] } { [ p ] } { [ ykhehgg ] } { [ km1de1t0at ] } { [ re ] } { [ 04yl ][ 5b09g855 ][ a638y2aa9x ] } { [ l6b ] } { [ 6ko3qgsin7 ] } { [ pv7xqvjwki ] } { [ so ] } { [ 5389cgv39 ] } { [ 1oc3i ] }
despues de colapsar { [ at ][ tpxlufpxw ][ dg0hkepd ] } { [ myft ][ ou ][ 7a ][ p ][ 43 ] } { [ k ] } { [ glafekp ] } { [ gsg ] } { [ fxp ] } { [ p ] } { [ ykhehgg ] } { [ km1de1t0at ] } { [ re ] } { [ 0a5643b8yy ] } { [ l6b ] } { [ 6ko3qgsin7 ] } { [ pv7xqvjwki ] } { [ so ] } { [ 5389cgv39 ] } { [ 1oc3i ] }
antes   de colapsar { [ 74.614170 ] }
despues de colapsar { [ 74.614170 ] }
antes   de colapsar { [ 74.614170 ] }
despues de colapsar { [ 74.614170 ] }
antes   de filtrar: { [ 74.614170 ][ 54.903867 ] } { [ 52.806868 ] } { [ 71.900811 ] } { [ 60.373322 ] } { [ 19.029223 ] } { [ 5.035488 ] }
despues de filtrar: { [ 60.373322 ] } { [ 19.029223 ] } { [ 5.035488 ] }
antes   de colapsar { [ 60.373322 ][ 57.395889 ] } { [ 19.029223 ][ -24.529948 ] } { [ 5.035488 ][ 9.309332 ] } { [ 48.429064 ] } { [ 67.421836 ][ 58.290164 ] } { [ 33.488023 ] } { [ 4.315854 ] } { [ 4.518899 ][ -24.646922 ] } { [ 20.284969 ] } { [ 5.745420 ][ 26.521282 ] }
despues de colapsar { [ 60.373322 ][ 57.395889 ] } { [ 19.029223 ][ -24.529948 ] } { [ 5.035488 ][ 9.309332 ] } { [ 48.429064 ] } { [ 67.421836 ][ 58.290164 ] } { [ 33.488023 ] } { [ 4.315854 ] } { [ -nan ] } { [ 20.284969 ] } { [ 5.680379 ] }
antes   de colapsar { [ 60.373322 ][ 57.395889 ] } { [ 19.029223 ][ -24.529948 ][ -18.882775 ] } { [ 5.035488 ][ 9.309332 ] } { [ 48.429064 ] } { [ 67.421836 ][ 58.290164 ] } { [ 33.488023 ] } { [ 4.315854 ] } { [ -nan ] } { [ 20.284969 ] } { [ 5.680379 ] } { [ 8.018741 ] } { [ 11.199255 ] } { [ -19.862157 ] }
despues de colapsar { [ 60.373322 ][ 57.395889 ] } { [ 19.029223 ][ -24.529948 ][ -18.882775 ] } { [ 5.035488 ][ 9.309332 ] } { [ 48.429064 ] } { [ 67.421836 ][ 58.290164 ] } { [ 33.488023 ] } { [ 4.315854 ] } { [ -nan ] } { [ 20.284969 ] } { [ 5.680379 ] } { [ 8.018741 ] } { [ 11.199255 ] } { [ -19.862157 ] }
antes   de colapsar { [ 60.373322 ][ 57.395889 ] } { [ 19.029223 ][ -24.529948 ][ -18.882775 ] } { [ 5.035488 ][ 9.309332 ] } { [ 48.429064 ] } { [ 67.421836 ][ 58.290164 ] } { [ 33.488023 ] } { [ 4.315854 ] } { [ -nan ] } { [ 20.284969 ] } { [ 5.680379 ] } { [ 8.018741 ] } { [ 11.199255 ] } { [ -19.862157 ] }
despues de colapsar { [ 60.373322 ][ 57.395889 ] } { [ 19.029223 ][ -24.529948 ][ -18.882775 ] } { [ 5.035488 ][ 9.309332 ] } { [ 48.429064 ] } { [ 67.421836 ][ 58.290164 ] } { [ 33.488023 ] } { [ 4.315854 ] } { [ -nan ] } { [ 20.284969 ] } { [ 5.680379 ] } { [ 8.018741 ] } { [ 11.199255 ] } { [ -19.862157 ] }
antes   de filtrar: { [ 60.373322 ][ 57.395889 ] } { [ 19.029223 ][ -24.529948 ][ -18.882775 ] } { [ 5.035488 ][ 9.309332 ] } { [ 48.429064 ] } { [ 67.421836 ][ 58.290164 ] } { [ 33.488023 ] } { [ 4.315854 ] } { [ -nan ] } { [ 20.284969 ] } { [ 5.680379 ] } { [ 8.018741 ] } { [ 11.199255 ] } { [ -19.862157 ] }
despues de filtrar: { [ 60.373322 ][ 57.395889 ] } { [ 19.029223 ][ -24.529948 ][ -18.882775 ] } { [ 5.035488 ][ 9.309332 ] } { [ 48.429064 ] } { [ 67.421836 ][ 58.290164 ] } { [ 33.488023 ] } { [ 4.315854 ] } { [ -nan ] } { [ 20.284969 ] } { [ 8.018741 ] } { [ 11.199255 ] }
antes   de colapsar { [ 60.373322 ][ 57.395889 ] } { [ 19.029223 ][ -24.529948 ][ -18.882775 ][ -1.568333 ] } { [ 5.035488 ][ 9.309332 ] } { [ 48.429064 ] } { [ 67.421836 ][ 58.290164 ] } { [ 33.488023 ] } { [ 4.315854 ] } { [ -nan ] } { [ 20.284969 ] } { [ 8.018741 ] } { [ 11.199255 ] } { [ 7.727570 ] } { [ 0.922561 ] } { [ 45.398626 ] } { [ 4.197479 ] } { [ 52.872669 ] } { [ -23.525820 ] } { [ 64.005777 ] } { [ -14.814052 ] } { [ 22.927835 ] }
despues de colapsar { [ 60.373322 ][ 57.395889 ] } { [ 19.029223 ][ -24.529948 ][ -18.882775 ][ -1.568333 ] } { [ 5.035488 ][ 9.309332 ] } { [ 48.429064 ] } { [ 67.421836 ][ 58.290164 ] } { [ 33.488023 ] } { [ 4.315854 ] } { [ -nan ] } { [ 20.284969 ] } { [ 8.018741 ] } { [ 11.199255 ] } { [ 7.727570 ] } { [ 0.922561 ] } { [ 45.398626 ] } { [ 4.197479 ] } { [ 52.872669 ] } { [ -23.525820 ] } { [ 64.005777 ] } { [ -14.814052 ] } { [ 22.927835 ] }
antes   de colapsar { [ 60.373322 ][ 57.395889 ] } { [ 19.029223 ][ -24.529948 ][ -18.882775 ][ -1.568333 ] } { [ 5.035488 ][ 9.309332 ] } { [ 48.429064 ] } { [ 67.421836 ][ 58.290164 ] } { [ 33.488023 ] } { [ 4.315854 ] } { [ -nan ] } { [ 20.284969 ] } { [ 8.018741 ] } { [ 11.199255 ] } { [ 7.727570 ] } { [ 0.922561 ] } { [ 45.398626 ] } { [ 4.197479 ] } { [ 52.872669 ] } { [ -23.525820 ] } { [ 64.005777 ] } { [ -14.814052 ] } { [ 22.927835 ] } { [ -4.414711 ] }
despues de colapsar { [ 60.373322 ][ 57.395889 ] } { [ 19.029223 ][ -24.529948 ][ -18.882775 ][ -1.568333 ] } { [ 5.035488 ][ 9.309332 ] } { [ 48.429064 ] } { [ 67.421836 ][ 58.290164 ] } { [ 33.488023 ] } { [ 4.315854 ] } { [ -nan ] } { [ 20.284969 ] } { [ 8.018741 ] } { [ 11.199255 ] } { [ 7.727570 ] } { [ 0.922561 ] } { [ 45.398626 ] } { [ 4.197479 ] } { [ 52.872669 ] } { [ -23.525820 ] } { [ 64.005777 ] } { [ -14.814052 ] } { [ 22.927835 ] } { [ -4.414711 ] }
antes   de filtrar: { [ 60.373322 ][ 57.395889 ] } { [ 19.029223 ][ -24.529948 ][ -18.882775 ][ -1.568333 ] } { [ 5.035488 ][ 9.309332 ] } { [ 48.429064 ] } { [ 67.421836 ][ 58.290164 ] } { [ 33.488023 ] } { [ 4.315854 ] } { [ -nan ] } { [ 20.284969 ] } { [ 8.018741 ] } { [ 11.199255 ] } { [ 7.727570 ] } { [ 0.922561 ] } { [ 45.398626 ] } { [ 4.197479 ] } { [ 52.872669 ] } { [ -23.525820 ] } { [ 64.005777 ] } { [ -14.814052 ] } { [ 22.927835 ] } { [ -4.414711 ] } { [ 52.746829 ] }
despues de filtrar: { [ 60.373322 ][ 57.395889 ] } { [ 19.029223 ][ -24.529948 ][ -18.882775 ][ -1.568333 ] } { [ 5.035488 ][ 9.309332 ] } { [ 48.429064 ] } { [ 67.421836 ][ 58.290164 ] } { [ 33.488023 ] } { [ 4.315854 ] } { [ -nan ] } { [ 20.284969 ] } { [ 8.018741 ] } { [ 11.199255 ] } { [ 45.398626 ] } { [ 4.197479 ] } { [ 64.005777 ] } { [ -4.414711 ] }
antes   de colapsar { [ -1.780810 ] } { [ 29.180766 ] } { [ 20.034094 ] } { [ 71.908457 ] } { [ 25.703757 ][ 32.472436 ] } { [ -13.375385 ] }
despues de colapsar { [ -1.780810 ] } { [ 29.180766 ] } { [ 20.034094 ] } { [ 71.908457 ] } { [ 7.627332 ] } { [ -13.375385 ] }
antes   de colapsar { [ -1.780810 ] } { [ 29.180766 ] } { [ 20.034094 ] } { [ 71.908457 ] } { [ 7.627332 ] } { [ -13.375385 ] } { [ -18.049046 ] } { [ 62.781405 ] } { [ -13.884924 ] } { [ 26.018806 ] }
despues de colapsar { [ -1.780810 ] } { [ 29.180766 ] } { [ 20.034094 ] } { [ 71.908457 ] } { [ 7.627332 ] } { [ -13.375385 ] } { [ -18.049046 ] } { [ 62.781405 ] } { [ -13.884924 ] } { [ 26.018806 ] }
antes   de colapsar { [ -1.780810 ] } { [ 29.180766 ][ 34.970863 ][ 0.132178 ] } { [ 20.034094 ] } { [ 71.908457 ] } { [ 7.627332 ] } { [ -13.375385 ] } { [ -18.049046 ] } { [ 62.781405 ] } { [ -13.884924 ] } { [ 26.018806 ] } { [ -5.204250 ] } { [ 40.547604 ] } { [ -4.973690 ] } { [ 21.727300 ] } { [ 62.127019 ] } { [ 41.980815 ] }
despues de colapsar { [ -1.780810 ] } { [ 29.180766 ][ 34.970863 ][ 0.132178 ] } { [ 20.034094 ] } { [ 71.908457 ] } { [ 7.627332 ] } { [ -13.375385 ] } { [ -18.049046 ] } { [ 62.781405 ] } { [ -13.884924 ] } { [ 26.018806 ] } { [ -5.204250 ] } { [ 40.547604 ] } { [ -4.973690 ] } { [ 21.727300 ] } { [ 62.127019 ] } { [ 41.980815 ] }
antes   de filtrar: { [ -1.780810 ] } { [ 29.180766 ][ 34.970863 ][ 0.132178 ] } { [ 20.034094 ] } { [ 71.908457 ] } { [ 7.627332 ] } { [ -13.375385 ] } { [ -18.049046 ] } { [ 62.781405 ][ -7.130342 ] } { [ -13.884924 ] } { [ 26.018806 ] } { [ -5.204250 ][ 62.123693 ] } { [ 40.547604 ] } { [ -4.973690 ] } { [ 21.727300 ] } { [ 62.127019 ] } { [ 41.980815 ] } { [ 63.320650 ] } { [ -3.289678 ] }
despues de filtrar: { [ 29.180766 ][ 34.970863 ][ 0.132178 ] } { [ 20.034094 ] } { [ -13.375385 ] } { [ -18.049046 ] } { [ 26.018806 ] } { [ -5.204250 ][ 62.123693 ] } { [ 62.127019 ] } { [ 63.320650 ] } { [ -3.289678 ] }
antes   de colapsar { [ 29.180766 ][ 34.970863 ][ 0.132178 ] } { [ 20.034094 ] } { [ -13.375385 ] } { [ -18.049046 ] } { [ 26.018806 ] } { [ -5.204250 ][ 62.123693 ] } { [ 62.127019 ] } { [ 63.320650 ] } { [ -3.289678 ] } { [ -14.742207 ] } { [ -22.219891 ] }
despues de colapsar { [ 29.180766 ][ 34.970863 ][ 0.132178 ] } { [ 20.034094 ] } { [ -13.375385 ] } { [ -18.049046 ] } { [ 26.018806 ] } { [ -5.204250 ][ 62.123693 ] } { [ 62.127019 ] } { [ 63.320650 ] } { [ -3.289678 ] } { [ -14.742207 ] } { [ -22.219891 ] }
antes   de filtrar: { [ 29.180766 ][ 34.970863 ][ 0.132178 ] } { [ 20.034094 ] } { [ -13.375385 ] } { [ -18.049046 ] } { [ 26.018806 ] } { [ -5.204250 ][ 62.123693 ] } { [ 62.127019 ] } { [ 63.320650 ] } { [ -3.289678 ] } { [ -14.742207 ] } { [ -22.219891 ] }
despues de filtrar: { [ 29.180766 ][ 34.970863 ][ 0.132178 ] } { [ 20.034094 ] } { [ -13.375385 ] } { [ -18.049046 ] } { [ 26.018806 ] } { [ -5.204250 ][ 62.123693 ] } { [ 62.127019 ] } { [ 63.320650 ] } { [ -3.289678 ] } { [ -22.219891 ] }
antes   de colapsar { [ 29.180766 ][ 34.970863 ][ 0.132178 ] } { [ 20.034094 ] } { [ -13.375385 ] } { [ -18.049046 ] } { [ 26.018806 ] } { [ -5.204250 ][ 62.123693 ] } { [ 62.127019 ] } { [ 63.320650 ] } { [ -3.289678 ] } { [ -22.219891 ] }
despues de colapsar { [ 29.180766 ][ 34.970863 ][ 0.132178 ] } { [ 20.034094 ] } { [ -13.375385 ] } { [ -18.049046 ] } { [ 26.018806 ] } { [ -5.204250 ][ 62.123693 ] } { [ 62.127019 ] } { [ 63.320650 ] } { [ -3.289678 ] } { [ -22.219891 ] }
antes   de colapsar { [ 29.180766 ][ 34.970863 ][ 0.132178 ] } { [ 20.034094 ] } { [ -13.375385 ] } { [ -18.049046 ] } { [ 26.018806 ] } { [ -5.204250 ][ 62.123693 ] } { [ 62.127019 ] } { [ 63.320650 ][ 32.921521 ] } { [ -3.289678 ] } { [ -22.219891 ] } { [ 50.930708 ][ 51.894814 ] } { [ 37.989489 ] } { [ 35.361371 ] } { [ 40.589670 ] } { [ -14.600373 ] } { [ 34.534340 ] } { [ 40.016121 ] }
despues de colapsar { [ 29.180766 ][ 34.970863 ][ 0.132178 ] } { [ 20.034094 ] } { [ -13.375385 ] } { [ -18.049046 ] } { [ 26.018806 ] } { [ -5.204250 ][ 62.123693 ] } { [ 62.127019 ] } { [ 63.320650 ][ 32.921521 ] } { [ -3.289678 ] } { [ -22.219891 ] } { [ 10.140292 ] } { [ 37.989489 ] } { [ 35.361371 ] } { [ 40.589670 ] } { [ -14.600373 ] } { [ 34.534340 ] } { [ 40.016121 ] }
antes   de colapsar { [ 29.180766 ][ 34.970863 ][ 0.132178 ][ 57.308692 ] } { [ 20.034094 ] } { [ -13.375385 ][ 69.175869 ][ -10.465640 ] } { [ -18.049046 ] } { [ 26.018806 ] } { [ -5.204250 ][ 62.123693 ] } { [ 62.127019 ] } { [ 63.320650 ][ 32.921521 ] } { [ -3.289678 ] } { [ -22.219891 ][ 16.447045 ] } { [ 10.140292 ] } { [ 37.989489 ] } { [ 35.361371 ] } { [ 40.589670 ] } { [ -14.600373 ][ 48.319099 ] } { [ 34.534340 ] } { [ 40.016121 ] } { [ -22.715249 ] } { [ 70.500208 ] } { [ 42.295487 ] } { [ 64.685323 ] }
despues de colapsar { [ 29.180766 ][ 34.970863 ][ 0.132178 ][ 57.308692 ] } { [ 20.034094 ] } { [ -13.375385 ][ 69.175869 ][ -10.465640 ] } { [ -18.049046 ] } { [ 26.018806 ] } { [ -5.204250 ][ 62.123693 ] } { [ 62.127019 ] } { [ 63.320650 ][ 32.921521 ] } { [ -3.289678 ] } { [ -22.219891 ][ 16.447045 ] } { [ 10.140292 ] } { [ 37.989489 ] } { [ 35.361371 ] } { [ 40.589670 ] } { [ 5.806783 ] } { [ 34.534340 ] } { [ 40.016121 ] } { [ -22.715249 ] } { [ 70.500208 ] } { [ 42.295487 ] } { [ 64.685323 ] }
antes   de filtrar: { [ 29.180766 ][ 34.970863 ][ 0.132178 ][ 57.308692 ] } { [ 20.034094 ] } { [ -13.375385 ][ 69.175869 ][ -10.465640 ] } { [ -18.049046 ] } { [ 26.018806 ] } { [ -5.204250 ][ 62.123693 ] } { [ 62.127019 ] } { [ 63.320650 ][ 32.921521 ] } { [ -3.289678 ] } { [ -22.219891 ][ 16.447045 ] } { [ 10.140292 ] } { [ 37.989489 ] } { [ 35.361371 ] } { [ 40.589670 ] } { [ 5.806783 ] } { [ 34.534340 ] } { [ 40.016121 ] } { [ -22.715249 ] } { [ 70.500208 ] } { [ 42.295487 ] } { [ 64.685323 ] }
despues de filtrar: { [ 29.180766 ][ 34.970863 ][ 0.132178 ][ 57.308692 ] } { [ 20.034094 ] } { [ -13.375385 ][ 69.175869 ][ -10.465640 ] } { [ -18.049046 ] } { [ 26.018806 ] } { [ -5.204250 ][ 62.123693 ] } { [ 62.127019 ] } { [ 63.320650 ][ 32.921521 ] } { [ -3.289678 ] } { [ -22.219891 ][ 16.447045 ] } { [ 10.140292 ] } { [ 35.361371 ] } { [ 40.016121 ] } { [ 42.295487 ] }
antes   de filtrar: { [ 62.733480 ] } { [ 26.532274 ] } { [ 62.567506 ] } { [ 51.533814 ] } { [ 30.933093 ] } { [ -17.557274 ] } { [ -4.210942 ] } { [ 40.022570 ] } { [ 50.880328 ][ 23.752325 ] } { [ -17.492215 ] } { [ -21.614079 ][ 46.041229 ] } { [ -3.117539 ] } { [ 55.141449 ] }
despues de filtrar: { [ -4.210942 ] } { [ 40.022570 ] } { [ -17.492215 ] } { [ -3.117539 ] } { [ 55.141449 ] }
antes   de colapsar { [ -4.210942 ] } { [ 40.022570 ] } { [ -17.492215 ] } { [ -3.117539 ] } { [ 55.141449 ] } { [ -14.120882 ] } { [ 24.342742 ] }
despues de colapsar { [ -4.210942 ] } { [ 40.022570 ] } { [ -17.492215 ] } { [ -3.117539 ] } { [ 55.141449 ] } { [ -14.120882 ] } { [ 24.342742 ] }
antes   de colapsar { [ -4.210942 ] } { [ 40.022570 ][ -24.402687 ] } { [ -17.492215 ] } { [ -3.117539 ] } { [ 55.141449 ][ 50.687579 ] } { [ -14.120882 ] } { [ 24.342742 ] } { [ 56.092404 ] } { [ 47.771016 ] } { [ 38.699244 ] } { [ 1.693057 ] }
despues de colapsar { [ -4.210942 ] } { [ 40.022570 ][ -24.402687 ] } { [ -17.492215 ] } { [ -3.117539 ] } { [ 55.141449 ][ 50.687579 ] } { [ -14.120882 ] } { [ 24.342742 ] } { [ 56.092404 ] } { [ 47.771016 ] } { [ 38.699244 ] } { [ 1.693057 ] }
antes   de colapsar { [ -4.210942 ] } { [ 40.022570 ][ -24.402687 ] } { [ -17.492215 ] } { [ -3.117539 ] } { [ 55.141449 ][ 50.687579 ] } { [ -14.120882 ] } { [ 24.342742 ] } { [ 56.092404 ] } { [ 47.771016 ] } { [ 38.699244 ][ 23.763715 ] } { [ 1.693057 ] } { [ -21.174389 ] } { [ 70.844958 ] } { [ 61.075840 ][ -0.903362 ] } { [ -9.689999 ] }
despues de colapsar { [ -4.210942 ] } { [ 40.022570 ][ -24.402687 ] } { [ -17.492215 ] } { [ -3.117539 ] } { [ 55.141449 ][ 50.687579 ] } { [ -14.120882 ] } { [ 24.342742 ] } { [ 56.092404 ] } { [ 47.771016 ] } { [ 7.903351 ] } { [ 1.693057 ] } { [ -21.174389 ] } { [ 70.844958 ] } { [ 61.075840 ][ -0.903362 ] } { [ -9.689999 ] }
antes   de colapsar { [ -4.210942 ][ 31.425755 ] } { [ 40.022570 ][ -24.402687 ] } { [ -17.492215 ] } { [ -3.117539 ] } { [ 55.141449 ][ 50.687579 ] } { [ -14.120882 ] } { [ 24.342742 ] } { [ 56.092404 ] } { [ 47.771016 ] } { [ 7.903351 ] } { [ 1.693057 ] } { [ -21.174389 ] } { [ 70.844958 ] } { [ 61.075840 ][ -0.903362 ] } { [ -9.689999 ] } { [ 34.160934 ] }
despues de colapsar { [ -4.210942 ][ 31.425755 ] } { [ 40.022570 ][ -24.402687 ] } { [ -17.492215 ] } { [ -3.117539 ] } { [ 55.141449 ][ 50.687579 ] } { [ -14.120882 ] } { [ 24.342742 ] } { [ 56.092404 ] } { [ 47.771016 ] } { [ 7.903351 ] } { [ 1.693057 ] } { [ -21.174389 ] } { [ 70.844958 ] } { [ 61.075840 ][ -0.903362 ] } { [ -9.689999 ] } { [ 34.160934 ] }
antes   de filtrar: { [ -4.210942 ][ 31.425755 ] } { [ 40.022570 ][ -24.402687 ] } { [ -17.492215 ] } { [ -3.117539 ] } { [ 55.141449 ][ 50.687579 ][ -4.505932 ] } { [ -14.120882 ] } { [ 24.342742 ] } { [ 56.092404 ] } { [ 47.771016 ] } { [ 7.903351 ] } { [ 1.693057 ] } { [ -21.174389 ] } { [ 70.844958 ] } { [ 61.075840 ][ -0.903362 ] } { [ -9.689999 ][ 37.196805 ] } { [ 34.160934 ] } { [ -7.836291 ] } { [ 46.163911 ] }
despues de filtrar: { [ -4.210942 ][ 31.425755 ] } { [ 40.022570 ][ -24.402687 ] } { [ -17.492215 ] } { [ -3.117539 ] } { [ 55.141449 ][ 50.687579 ][ -4.505932 ] } { [ -14.120882 ] } { [ 24.342742 ] } { [ 56.092404 ] } { [ -21.174389 ] } { [ 61.075840 ][ -0.903362 ] } { [ 34.160934 ] } { [ 46.163911 ] }
antes   de colapsar { [ -4.210942 ][ 31.425755 ] } { [ 40.022570 ][ -24.402687 ] } { [ -17.492215 ] } { [ -3.117539 ][ 63.101238 ] } { [ 55.141449 ][ 50.687579 ][ -4.505932 ] } { [ -14.120882 ] } { [ 24.342742 ] } { [ 56.092404 ] } { [ -21.174389 ] } { [ 61.075840 ][ -0.903362 ] } { [ 34.160934 ] } { [ 46.163911 ] } { [ 47.010779 ] }
despues de colapsar { [ -4.210942 ][ 31.425755 ] } { [ 40.022570 ][ -24.402687 ] } { [ -17.492215 ] } { [ -3.117539 ][ 63.101238 ] } { [ 55.141449 ][ 50.687579 ][ -4.505932 ] } { [ -14.120882 ] } { [ 24.342742 ] } { [ 56.092404 ] } { [ -21.174389 ] } { [ 61.075840 ][ -0.903362 ] } { [ 34.160934 ] } { [ 46.163911 ] } { [ 47.010779 ] }
antes   de colapsar { [ -4.210942 ][ 31.425755 ] } { [ 40.022570 ][ -24.402687 ][ -23.385663 ] } { [ -17.492215 ] } { [ -3.117539 ][ 63.101238 ] } { [ 55.141449 ][ 50.687579 ][ -4.505932 ] } { [ -14.120882 ] } { [ 24.342742 ] } { [ 56.092404 ][ -14.966673 ] } { [ -21.174389 ] } { [ 61.075840 ][ -0.903362 ] } { [ 34.160934 ] } { [ 46.163911 ] } { [ 47.010779 ] } { [ 47.248347 ] } { [ 59.059409 ] } { [ -22.915851 ] } { [ -6.766522 ] } { [ 64.939831 ] } { [ 54.198528 ] } { [ 7.386588 ] } { [ 16.681348 ] }
despues de colapsar { [ -4.210942 ][ 31.425755 ] } { [ 40.022570 ][ -24.402687 ][ -23.385663 ] } { [ -17.492215 ] } { [ -3.117539 ][ 63.101238 ] } { [ 55.141449 ][ 50.687579 ][ -4.505932 ] } { [ -14.120882 ] } { [ 24.342742 ] } { [ 56.092404 ][ -14.966673 ] } { [ -21.174389 ] } { [ 61.075840 ][ -0.903362 ] } { [ 34.160934 ] } { [ 46.163911 ] } { [ 47.010779 ] } { [ 47.248347 ] } { [ 59.059409 ] } { [ -22.915851 ] } { [ -6.766522 ] } { [ 64.939831 ] } { [ 54.198528 ] } { [ 7.386588 ] } { [ 16.681348 ] }
antes   de colapsar { [ -4.210942 ][ 31.425755 ] } { [ 40.022570 ][ -24.402687 ][ -23.385663 ] } { [ -17.492215 ] } { [ -3.117539 ][ 63.101238 ] } { [ 55.141449 ][ 50.687579 ][ -4.505932 ] } { [ -14.120882 ] } { [ 24.342742 ] } { [ 56.092404 ][ -14.966673 ] } { [ -21.174389 ] } { [ 61.075840 ][ -0.903362 ] } { [ 34.160934 ] } { [ 46.163911 ] } { [ 47.010779 ] } { [ 47.248347 ] } { [ 59.059409 ] } { [ -22.915851 ] } { [ -6.766522 ] } { [ 64.939831 ] } { [ 54.198528 ] } { [ 7.386588 ] } { [ 16.681348 ] }
despues de colapsar { [ -4.210942 ][ 31.425755 ] } { [ 40.022570 ][ -24.402687 ][ -23.385663 ] } { [ -17.492215 ] } { [ -3.117539 ][ 63.101238 ] } { [ 55.141449 ][ 50.687579 ][ -4.505932 ] } { [ -14.120882 ] } { [ 24.342742 ] } { [ 56.092404 ][ -14.966673 ] } { [ -21.174389 ] } { [ 61.075840 ][ -0.903362 ] } { [ 34.160934 ] } { [ 46.163911 ] } { [ 47.010779 ] } { [ 47.248347 ] } { [ 59.059409 ] } { [ -22.915851 ] } { [ -6.766522 ] } { [ 64.939831 ] } { [ 54.198528 ] } { [ 7.386588 ] } { [ 16.681348 ] }
antes   de filtrar: { [ -4.210942 ][ 31.425755 ] } { [ 40.022570 ][ -24.402687 ][ -23.385663 ] } { [ -17.492215 ] } { [ -3.117539 ][ 63.101238 ] } { [ 55.141449 ][ 50.687579 ][ -4.505932 ] } { [ -14.120882 ] } { [ 24.342742 ] } { [ 56.092404 ][ -14.966673 ] } { [ -21.174389 ] } { [ 61.075840 ][ -0.903362 ] } { [ 34.160934 ] } { [ 46.163911 ] } { [ 47.010779 ] } { [ 47.248347 ] } { [ 59.059409 ] } { [ -22.915851 ] } { [ -6.766522 ] } { [ 64.939831 ] } { [ 54.198528 ] } { [ 7.386588 ] } { [ 16.681348 ] }
despues de filtrar: { [ -4.210942 ][ 31.425755 ] } { [ 40.022570 ][ -24.402687 ][ -23.385663 ] } { [ -17.492215 ] } { [ -3.117539 ][ 63.101238 ] } { [ 55.141449 ][ 50.687579 ][ -4.505932 ] } { [ -14.120882 ] } { [ 24.342742 ] } { [ 56.092404 ][ -14.966673 ] } { [ -21.174389 ] } { [ 61.075840 ][ -0.903362 ] } { [ 34.160934 ] } { [ 46.163911 ] } { [ 47.010779 ] } { [ 47.248347 ] } { [ 59.059409 ] } { [ 54.198528 ] } { [ 7.386588 ] }
antes   de colapsar <vacia>
despues de colapsar <vacia>
antes   de colapsar <vacia>
despues de colapsar <vacia>
antes   de filtrar: { [ -4630 ] }
despues de filtrar: <vacia>
antes   de filtrar: { [ 2127 ] } { [ -4579 ][ -4781 ][ 209 ] } { [ -1460 ][ -1374 ][ -2234 ] } { [ 1897 ][ -4636 ] } { [ -4238 ] } { [ 4951 ] } { [ -4556 ] } { [ 2950 ] } { [ -3023 ] } { [ -2940 ] } { [ 1206 ] }
despues de filtrar: { [ 2127 ] } { [ -4579 ][ -4781 ][ 209 ] } { [ 1897 ][ -4636 ] } { [ -4238 ] } { [ 4951 ] } { [ -4556 ] }
antes   de colapsar { [ 2127 ] } { [ -4579 ][ -4781 ][ 209 ] } { [ 1897 ][ -4636 ] } { [ -4238 ] } { [ 4951 ] } { [ -4556 ] }
despues de colapsar { [ 2127 ] } { [ -4579 ][ -4781 ][ 209 ] } { [ 1897 ][ -4636 ] } { [ -4238 ] } { [ 4951 ] } { [ -4556 ] }
antes   de colapsar { [ 2127 ] } { [ -4579 ][ -4781 ][ 209 ][ -1170 ] } { [ 1897 ][ -4636 ][ -2464 ] } { [ -4238 ] } { [ 4951 ] } { [ -4556 ] } { [ -79 ] } { [ -513 ] } { [ 2974 ] } { [ 3441 ] } { [ -3369 ] } { [ -3540 ] } { [ -15 ] } { [ -1024 ] }
despues de colapsar { [ 2127 ] } { [ -4579 ][ -4781 ][ 209 ][ -1170 ] } { [ 1897 ][ -4636 ][ -2464 ] } { [ -4238 ] } { [ 4951 ] } { [ -4556 ] } { [ -79 ] } { [ -513 ] } { [ 2974 ] } { [ 3441 ] } { [ -3369 ] } { [ -3540 ] } { [ -15 ] } { [ -1024 ] }
antes   de colapsar { [ 2127 ] } { [ -4579 ][ -4781 ][ 209 ][ -1170 ] } { [ 1897 ][ -4636 ][ -2464 ] } { [ -4238 ] } { [ 4951 ] } { [ -4556 ] } { [ -79 ] } { [ -513 ] } { [ 2974 ] } { [ 3441 ] } { [ -3369 ] } { [ -3540 ] } { [ -15 ] } { [ -1024 ] } { [ 1466 ] }
despues de colapsar { [ 2127 ] } { [ -4579 ][ -4781 ][ 209 ][ -1170 ] } { [ 1897 ][ -4636 ][ -2464 ] } { [ -4238 ] } { [ 4951 ] } { [ -4556 ] } { [ -79 ] } { [ -513 ] } { [ 2974 ] } { [ 3441 ] } { [ -3369 ] } { [ -3540 ] } { [ -15 ] } { [ -1024 ] } { [ 1466 ] }
antes   de colapsar { [ 2127 ] } { [ -4579 ][ -4781 ][ 209 ][ -1170 ] } { [ 1897 ][ -4636 ][ -2464 ] } { [ -4238 ] } { [ 4951 ] } { [ -4556 ] } { [ -79 ][ 4443 ] } { [ -513 ] } { [ 2974 ] } { [ 3441 ] } { [ -3369 ] } { [ -3540 ] } { [ -15 ] } { [ -1024 ] } { [ 1466 ] } { [ -3088 ] } { [ 375 ][ 3590 ] } { [ 3905 ] } { [ -907 ] } { [ 232 ] } { [ -1445 ] } { [ 285 ] } { [ -4983 ] }
despues de colapsar { [ 2127 ] } { [ -4579 ][ -4781 ][ 209 ][ -1170 ] } { [ 1897 ][ -4636 ][ -2464 ] } { [ -4238 ] } { [ 4951 ] } { [ -4556 ] } { [ -79 ][ 4443 ] } { [ -513 ] } { [ 2974 ] } { [ 3441 ] } { [ -3369 ] } { [ -3540 ] } { [ -15 ] } { [ -1024 ] } { [ 1466 ] } { [ -3088 ] } { [ 375 ][ 3590 ] } { [ 3905 ] } { [ -907 ] } { [ 232 ] } { [ -1445 ] } { [ 285 ] } { [ -4983 ] }
antes   de colapsar { [ 2127 ] } { [ -4579 ][ -4781 ][ 209 ][ -1170 ] } { [ 1897 ][ -4636 ][ -2464 ] } { [ -4238 ][ 4698 ][ -80 ] } { [ 4951 ] } { [ -4556 ] } { [ -79 ][ 4443 ] } { [ -513 ] } { [ 2974 ] } { [ 3441 ] } { [ -3369 ] } { [ -3540 ] } { [ -15 ] } { [ -1024 ] } { [ 1466 ] } { [ -3088 ] } { [ 375 ][ 3590 ] } { [ 3905 ] } { [ -907 ] } { [ 232 ] } { [ -1445 ] } { [ 285 ] } { [ -4983 ] } { [ 4359 ] } { [ 3956 ] } { [ 4620 ] } { [ 1933 ] } { [ 1299 ] }
despues de colapsar { [ 2127 ] } { [ -4579 ][ -4781 ][ 209 ][ -1170 ] } { [ 1897 ][ -4636 ][ -2464 ] } { [ -4238 ][ 4698 ][ -80 ] } { [ 4951 ] } { [ -4556 ] } { [ -79 ][ 4443 ] } { [ -513 ] } { [ 2974 ] } { [ 3441 ] } { [ -3369 ] } { [ -3540 ] } { [ -15 ] } { [ -1024 ] } { [ 1466 ] } { [ -3088 ] } { [ 375 ][ 3590 ] } { [ 3905 ] } { [ -907 ] } { [ 232 ] } { [ -1445 ] } { [ 285 ] } { [ -4983 ] } { [ 4359 ] } { [ 3956 ] } { [ 4620 ] } { [ 1933 ] } { [ 1299 ] }
antes   de filtrar: { [ 2127 ] } { [ -4579 ][ -4781 ][ 209 ][ -1170 ] } { [ 1897 ][ -4636 ][ -2464 ] } { [ -4238 ][ 4698 ][ -80 ] } { [ 4951 ] } { [ -4556 ] } { [ -79 ][ 4443 ] } { [ -513 ] } { [ 2974 ] } { [ 3441 ][ -2502 ] } { [ -3369 ] } { [ -3540 ] } { [ -15 ] } { [ -1024 ] } { [ 1466 ] } { [ -3088 ][ -3239 ] } { [ 375 ][ 3590 ] } { [ 3905 ] } { [ -907 ] } { [ 232 ] } { [ -1445 ][ -2182 ] } { [ 285 ] } { [ -4983 ] } { [ 4359 ] } { [ 3956 ] } { [ 4620 ] } { [ 1933 ] } { [ 1299 ] } { [ -3145 ] }
despues de filtrar: { [ 2127 ] } { [ -4579 ][ -4781 ][ 209 ][ -1170 ] } { [ 1897 ][ -4636 ][ -2464 ] } { [ -4238 ][ 4698 ][ -80 ] } { [ 4951 ] } { [ -4556 ] } { [ -79 ][ 4443 ] } { [ -513 ] } { [ 2974 ] } { [ 3441 ][ -2502 ] } { [ -3369 ] } { [ -15 ] } { [ 1466 ] } { [ 375 ][ 3590 ] } { [ 232 ] } { [ -1445 ][ -2182 ] } { [ 285 ] } { [ -4983 ] } { [ 4359 ] } { [ 3956 ] } { [ 1933 ] } { [ 1299 ] } { [ -3145 ] }
