antes   de colapsar <vacia>despues de colapsar <vacia>antes   de colapsar <vacia>despues de colapsar <vacia>antes   de colapsar { [ 17.055984 ] } { [ 12.536101 ][ -9.663659 ][ -3.315846 ] } { [ 65.580457 ] } { [ 73.793146 ] } { [ 67.386902 ][ 28.608665 ] } { [ 18.390844 ][ 45.792632 ] } { [ 48.899267 ] } { [ 11.540017 ] } { [ 3.195292 ] } { [ 16.611559 ] } { [ 58.287311 ] }