antes   de filtrar: { [ -4817 ][ 2243 ][ 4138 ] } { [ 174 ] }despues de filtrar: { [ -4817 ][ 2243 ][ 4138 ] } { [ 174 ] }antes   de colapsar { [ -4817 ][ 2243 ][ 4138 ] } { [ 174 ] }