antes   de colapsar { [ rc1 ] }
despues de colapsar { [ rc1 ] }
antes   de colapsar { [ rc1 ][ kc39ttmw ][ c2kmt ] } { [ 70ua ] } { [ p8p67i1qay ] } { [ nsr3gyh99 ] }
despues de colapsar { [ rck2ckcm1t ] } { [ 70ua ] } { [ p8p67i1qay ] } { [ nsr3gyh99 ] }
antes   de filtrar: { [ rck2ckcm1t ][ blx5 ] } { [ 70ua ] } { [ p8p67i1qay ] } { [ nsr3gyh99 ] } { [ ef58vq ] } { [ s ] } { [ 4r ] }
despues de filtrar: { [ s ] }
antes   de colapsar { [ s ][ 3p ][ ex ] }
despues de colapsar { [ s ][ 3p ][ ex ] }
antes   de colapsar { [ s ][ 3p ][ ex ][ rhrv2g8osk ] } { [ kd ] } { [ vamq4o5w2g ] } { [ lmf ][ kg1oas0dma ] }
despues de colapsar { [ s ][ 3p ][ ex ][ rhrv2g8osk ] } { [ kd ] } { [ vamq4o5w2g ] } { [ lmf ][ kg1oas0dma ] }
antes   de filtrar: { [ s ][ 3p ][ ex ][ rhrv2g8osk ] } { [ kd ] } { [ vamq4o5w2g ] } { [ lmf ][ kg1oas0dma ] } { [ dsnw6pb ] } { [ hth ] }
despues de filtrar: { [ s ][ 3p ][ ex ][ rhrv2g8osk ] } { [ kd ] } { [ lmf ][ kg1oas0dma ] } { [ hth ] }
antes   de filtrar: { [ s ][ 3p ][ ex ][ rhrv2g8osk ] } { [ kd ] } { [ lmf ][ kg1oas0dma ] } { [ hth ] } { [ x ] } { [ 73laux5w1h ] } { [ 1ynh8h58e ] }
despues de filtrar: { [ s ][ 3p ][ ex ][ rhrv2g8osk ] } { [ kd ] } { [ lmf ][ kg1oas0dma ] } { [ hth ] } { [ x ] }
antes   de colapsar { [ s ][ 3p ][ ex ][ rhrv2g8osk ] } { [ kd ] } { [ lmf ][ kg1oas0dma ] } { [ hth ] } { [ x ] } { [ p86 ] } { [ rv53cj ] } { [ i ] } { [ g ] }
despues de colapsar { [ s ][ 3p ][ ex ][ rhrv2g8osk ] } { [ kd ] } { [ lmf ][ kg1oas0dma ] } { [ hth ] } { [ x ] } { [ p86 ] } { [ rv53cj ] } { [ i ] } { [ g ] }
antes   de colapsar { [ s ][ 3p ][ ex ][ rhrv2g8osk ] } { [ kd ] } { [ lmf ][ kg1oas0dma ] } { [ hth ] } { [ x ] } { [ p86 ] } { [ rv53cj ] } { [ i ] } { [ g ] } { [ 0d ][ caoxxt ] } { [ adno404 ] } { [ k26yba ] }
despues de colapsar { [ s ][ 3p ][ ex ][ rhrv2g8osk ] } { [ kd ] } { [ lmf ][ kg1oas0dma ] } { [ hth ] } { [ x ] } { [ p86 ] } { [ rv53cj ] } { [ i ] } { [ g ] } { [ 0cdaoxxt ] } { [ adno404 ] } { [ k26yba ] }
antes   de colapsar { [ s ][ 3p ][ ex ][ rhrv2g8osk ] } { [ kd ][ u7 ] } { [ lmf ][ kg1oas0dma ] } { [ hth ] } { [ x ] } { [ p86 ] } { [ rv53cj ] } { [ i ] } { [ g ] } { [ 0cdaoxxt ] } { [ adno404 ] } { [ k26yba ] } { [ l7u5hk2 ] } { [ imr6enur08 ] } { [ lknj2a9tht ] }
despues de colapsar { [ s ][ 3p ][ ex ][ rhrv2g8osk ] } { [ kd ][ u7 ] } { [ lmf ][ kg1oas0dma ] } { [ hth ] } { [ x ] } { [ p86 ] } { [ rv53cj ] } { [ i ] } { [ g ] } { [ 0cdaoxxt ] } { [ adno404 ] } { [ k26yba ] } { [ l7u5hk2 ] } { [ imr6enur08 ] } { [ lknj2a9tht ] }
antes   de colapsar { [ f1at2jhl ][ f ] } { [ 4g ] }
despues de colapsar { [ ff1at2jhl ] } { [ 4g ] }
antes   de filtrar: { [ ff1at2jhl ] } { [ 4g ][ aq5o ] } { [ t7gcc19 ] }
despues de filtrar: <vacia>
antes   de colapsar { [ d8ifokob ][ kqftxxjv5 ] } { [ xyqlr9hfw ] } { [ bsh ] }
despues de colapsar { [ dk8qifftox ] } { [ xyqlr9hfw ] } { [ bsh ] }
antes   de colapsar { [ dk8qifftox ][ n6hgaotoi ] } { [ xyqlr9hfw ] } { [ bsh ][ b2 ][ yul81ogq ] } { [ 9w8arf4hp5 ] } { [ 4o2 ] } { [ ss ] } { [ xkd ] } { [ my2xws ] } { [ 05lmm51 ] }
despues de colapsar { [ dnk68hqgia ] } { [ xyqlr9hfw ] } { [ bsh ][ b2 ][ yul81ogq ] } { [ 9w8arf4hp5 ] } { [ 4o2 ] } { [ ss ] } { [ xkd ] } { [ my2xws ] } { [ 05lmm51 ] }
antes   de colapsar { [ dnk68hqgia ] } { [ xyqlr9hfw ] } { [ bsh ][ b2 ][ yul81ogq ] } { [ 9w8arf4hp5 ] } { [ 4o2 ] } { [ ss ] } { [ xkd ] } { [ my2xws ] } { [ 05lmm51 ] } { [ mexr2 ] }
despues de colapsar { [ dnk68hqgia ] } { [ xyqlr9hfw ] } { [ bsh ][ b2 ][ yul81ogq ] } { [ 9w8arf4hp5 ] } { [ 4o2 ] } { [ ss ] } { [ xkd ] } { [ my2xws ] } { [ 05lmm51 ] } { [ mexr2 ] }
antes   de filtrar: { [ dnk68hqgia ] } { [ xyqlr9hfw ] } { [ bsh ][ b2 ][ yul81ogq ] } { [ 9w8arf4hp5 ] } { [ 4o2 ][ jd8biibqu ] } { [ ss ] } { [ xkd ] } { [ my2xws ] } { [ 05lmm51 ][ 8ypnmk ] } { [ mexr2 ] } { [ om ] }
despues de filtrar: { [ bsh ][ b2 ][ yul81ogq ] } { [ ss ] } { [ xkd ] } { [ om ] }
antes   de colapsar { [ bsh ][ b2 ][ yul81ogq ] } { [ ss ][ aep ] } { [ xkd ] } { [ om ] } { [ 1br25kf ] } { [ mq0j ] } { [ p7hqo ][ l9v8ld1d ] } { [ 84dxstj ] } { [ fe4 ] } { [ 9rs2i ] } { [ 5m59q ] } { [ 3 ] }
despues de colapsar { [ bsh ][ b2 ][ yul81ogq ] } { [ ss ][ aep ] } { [ xkd ] } { [ om ] } { [ 1br25kf ] } { [ mq0j ] } { [ pl79hvq8ol ] } { [ 84dxstj ] } { [ fe4 ] } { [ 9rs2i ] } { [ 5m59q ] } { [ 3 ] }
antes   de colapsar { [ bsh ][ b2 ][ yul81ogq ] } { [ ss ][ aep ] } { [ xkd ] } { [ om ] } { [ 1br25kf ] } { [ mq0j ] } { [ pl79hvq8ol ] } { [ 84dxstj ] } { [ fe4 ] } { [ 9rs2i ] } { [ 5m59q ] } { [ 3 ] }
despues de colapsar { [ bsh ][ b2 ][ yul81ogq ] } { [ ss ][ aep ] } { [ xkd ] } { [ om ] } { [ 1br25kf ] } { [ mq0j ] } { [ pl79hvq8ol ] } { [ 84dxstj ] } { [ fe4 ] } { [ 9rs2i ] } { [ 5m59q ] } { [ 3 ] }
antes   de filtrar: { [ bsh ][ b2 ][ yul81ogq ][ 4luyapn ] } { [ ss ][ aep ] } { [ xkd ][ 2u ] } { [ om ] } { [ 1br25kf ] } { [ mq0j ] } { [ pl79hvq8ol ] } { [ 84dxstj ][ x5hdooy ] } { [ fe4 ] } { [ 9rs2i ] } { [ 5m59q ] } { [ 3 ] } { [ q5m ] } { [ 1g4v ] } { [ hd758rkm6a ] } { [ 78yjo6myd ] } { [ b2jvv0jk ] }
despues de filtrar: { [ bsh ][ b2 ][ yul81ogq ][ 4luyapn ] } { [ ss ][ aep ] } { [ xkd ][ 2u ] } { [ om ] }
antes   de colapsar { [ bsh ][ b2 ][ yul81ogq ][ 4luyapn ] } { [ ss ][ aep ] } { [ xkd ][ 2u ] } { [ om ] } { [ ao08 ] } { [ 8b ] } { [ t74pu ] } { [ c3vxt6lw6 ] }
despues de colapsar { [ bsh ][ b2 ][ yul81ogq ][ 4luyapn ] } { [ ss ][ aep ] } { [ xkd ][ 2u ] } { [ om ] } { [ ao08 ] } { [ 8b ] } { [ t74pu ] } { [ c3vxt6lw6 ] }
antes   de colapsar <vacia>
despues de colapsar <vacia>
antes   de colapsar { [ h3 ][ om ] } { [ beux1 ][ f2g ] } { [ 2183rswbr ][ i ] } { [ yubv03fxx ] } { [ lmmlm8 ] } { [ g52r ] } { [ ao86vn ][ j27d ] } { [ 3lkbbwxl ] } { [ hekkhq8 ] }
despues de colapsar { [ ho3m ] } { [ bfe2ugx1 ] } { [ 2i183rswbr ] } { [ yubv03fxx ] } { [ lmmlm8 ] } { [ g52r ] } { [ ajo2876dvn ] } { [ 3lkbbwxl ] } { [ hekkhq8 ] }
antes   de colapsar { [ ho3m ] } { [ bfe2ugx1 ] } { [ 2i183rswbr ] } { [ yubv03fxx ] } { [ lmmlm8 ] } { [ g52r ] } { [ ajo2876dvn ] } { [ 3lkbbwxl ] } { [ hekkhq8 ] }
despues de colapsar { [ ho3m ] } { [ bfe2ugx1 ] } { [ 2i183rswbr ] } { [ yubv03fxx ] } { [ lmmlm8 ] } { [ g52r ] } { [ ajo2876dvn ] } { [ 3lkbbwxl ] } { [ hekkhq8 ] }
antes   de filtrar: { [ ho3m ] } { [ bfe2ugx1 ] } { [ 2i183rswbr ] } { [ yubv03fxx ][ n2r2 ] } { [ lmmlm8 ][ e45h2 ][ ycnl ] } { [ g52r ] } { [ ajo2876dvn ] } { [ 3lkbbwxl ] } { [ hekkhq8 ] } { [ ffju8gqk ] } { [ yu56nmkjqn ] } { [ rds6 ] } { [ 8gj3xn9sv ] } { [ ikyterj ] }
despues de filtrar: { [ ikyterj ] }
antes   de colapsar { [ ikyterj ] }
despues de colapsar { [ ikyterj ] }
antes   de colapsar { [ ikyterj ][ sh59r30am5 ] } { [ xnu6a ] } { [ g2 ] } { [ dv9l ] } { [ qgaji10d ] }
despues de colapsar { [ ikyterj ][ sh59r30am5 ] } { [ xnu6a ] } { [ g2 ] } { [ dv9l ] } { [ qgaji10d ] }
antes   de colapsar { [ ikyterj ][ sh59r30am5 ] } { [ xnu6a ] } { [ g2 ] } { [ dv9l ] } { [ qgaji10d ] }
despues de colapsar { [ ikyterj ][ sh59r30am5 ] } { [ xnu6a ] } { [ g2 ] } { [ dv9l ] } { [ qgaji10d ] }
antes   de filtrar: { [ ikyterj ][ sh59r30am5 ] } { [ xnu6a ] } { [ g2 ][ 2eu0hs1o ] } { [ dv9l ][ dq ] } { [ qgaji10d ] } { [ ljd9xaha87 ] } { [ 5159 ] } { [ cncna4 ] } { [ 04kg70 ] } { [ q ] }
despues de filtrar: { [ ikyterj ][ sh59r30am5 ] } { [ q ] }
antes   de filtrar: { [ ikyterj ][ sh59r30am5 ][ c4xkphr1t ] } { [ q ] } { [ d8ivk ] } { [ dphdnft2m ] } { [ aas25rk ] } { [ k3wjr1y ] }
despues de filtrar: { [ ikyterj ][ sh59r30am5 ][ c4xkphr1t ] } { [ q ] }
antes   de colapsar { [ ikyterj ][ sh59r30am5 ][ c4xkphr1t ][ h ] } { [ q ][ 99bc69h7 ] } { [ r4cpnxubct ] } { [ te3v7 ] } { [ nqy7ps9s2v ] } { [ amsrp ][ hy4ku8 ] } { [ vajhkfwt6 ] } { [ 5pj ] } { [ 3jyp8d3d ] }
despues de colapsar { [ ikyterj ][ sh59r30am5 ][ c4xkphr1t ][ h ] } { [ q ][ 99bc69h7 ] } { [ r4cpnxubct ] } { [ te3v7 ] } { [ nqy7ps9s2v ] } { [ amsrp ][ hy4ku8 ] } { [ vajhkfwt6 ] } { [ 5pj ] } { [ 3jyp8d3d ] }
antes   de filtrar: { [ 70.954640 ] } { [ 12.626994 ] } { [ 50.921726 ] } { [ 0.077127 ] }
despues de filtrar: { [ 0.077127 ] }
antes   de colapsar { [ 0.077127 ] } { [ 57.352004 ] } { [ -11.350264 ][ 33.150686 ] } { [ 4.254055 ] } { [ -10.842109 ] }
despues de colapsar { [ 0.077127 ] } { [ 57.352004 ] } { [ -11.350264 ][ 33.150686 ] } { [ 4.254055 ] } { [ -10.842109 ] }
antes   de filtrar: { [ 0.077127 ] } { [ 57.352004 ] } { [ -11.350264 ][ 33.150686 ] } { [ 4.254055 ] } { [ -10.842109 ] } { [ -21.068275 ] }
despues de filtrar: { [ 0.077127 ] } { [ 57.352004 ] } { [ -11.350264 ][ 33.150686 ] } { [ 4.254055 ] } { [ -21.068275 ] }
antes   de colapsar { [ 0.077127 ] } { [ 57.352004 ] } { [ -11.350264 ][ 33.150686 ][ 40.084166 ] } { [ 4.254055 ] } { [ -21.068275 ] } { [ 36.243911 ] }
despues de colapsar { [ 0.077127 ] } { [ 57.352004 ] } { [ -11.350264 ][ 33.150686 ][ 40.084166 ] } { [ 4.254055 ] } { [ -21.068275 ] } { [ 36.243911 ] }
antes   de colapsar { [ 0.077127 ] } { [ 57.352004 ] } { [ -11.350264 ][ 33.150686 ][ 40.084166 ] } { [ 4.254055 ] } { [ -21.068275 ] } { [ 36.243911 ] } { [ 16.228972 ] } { [ -19.247693 ][ -9.153578 ] } { [ -2.008107 ] } { [ -19.856007 ] }
despues de colapsar { [ 0.077127 ] } { [ 57.352004 ] } { [ -11.350264 ][ 33.150686 ][ 40.084166 ] } { [ 4.254055 ] } { [ -21.068275 ] } { [ 36.243911 ] } { [ 16.228972 ] } { [ -19.247693 ][ -9.153578 ] } { [ -2.008107 ] } { [ -19.856007 ] }
antes   de filtrar: { [ 0.077127 ][ 5.812469 ] } { [ 57.352004 ] } { [ -11.350264 ][ 33.150686 ][ 40.084166 ] } { [ 4.254055 ] } { [ -21.068275 ] } { [ 36.243911 ] } { [ 16.228972 ] } { [ -19.247693 ][ -9.153578 ] } { [ -2.008107 ] } { [ -19.856007 ] } { [ 5.157996 ] } { [ 30.351851 ] } { [ -6.232455 ] } { [ 63.107012 ] } { [ 62.646052 ] }
despues de filtrar: { [ 0.077127 ][ 5.812469 ] } { [ 57.352004 ] } { [ -11.350264 ][ 33.150686 ][ 40.084166 ] } { [ 4.254055 ] } { [ -21.068275 ] } { [ 36.243911 ] } { [ 16.228972 ] } { [ -19.247693 ][ -9.153578 ] } { [ -2.008107 ] } { [ 5.157996 ] } { [ 30.351851 ] } { [ -6.232455 ] } { [ 63.107012 ] }
antes   de colapsar { [ 0.077127 ][ 5.812469 ] } { [ 57.352004 ] } { [ -11.350264 ][ 33.150686 ][ 40.084166 ] } { [ 4.254055 ] } { [ -21.068275 ] } { [ 36.243911 ] } { [ 16.228972 ] } { [ -19.247693 ][ -9.153578 ] } { [ -2.008107 ] } { [ 5.157996 ] } { [ 30.351851 ] } { [ -6.232455 ] } { [ 63.107012 ] } { [ 45.618455 ] }
despues de colapsar { [ 0.077127 ][ 5.812469 ] } { [ 57.352004 ] } { [ -11.350264 ][ 33.150686 ][ 40.084166 ] } { [ 4.254055 ] } { [ -21.068275 ] } { [ 36.243911 ] } { [ 16.228972 ] } { [ -19.247693 ][ -9.153578 ] } { [ -2.008107 ] } { [ 5.157996 ] } { [ 30.351851 ] } { [ -6.232455 ] } { [ 63.107012 ] } { [ 45.618455 ] }
antes   de colapsar { [ 0.077127 ][ 5.812469 ] } { [ 57.352004 ][ 59.953758 ] } { [ -11.350264 ][ 33.150686 ][ 40.084166 ] } { [ 4.254055 ] } { [ -21.068275 ] } { [ 36.243911 ] } { [ 16.228972 ][ 45.445701 ] } { [ -19.247693 ][ -9.153578 ][ 22.586270 ] } { [ -2.008107 ][ 34.938974 ] } { [ 5.157996 ] } { [ 30.351851 ] } { [ -6.232455 ] } { [ 63.107012 ] } { [ 45.618455 ] } { [ -11.034361 ] } { [ 11.926018 ] } { [ 21.015483 ] } { [ -5.444890 ] } { [ 6.988353 ] } { [ 20.084055 ] } { [ 40.768902 ] } { [ -9.077243 ] } { [ -2.352226 ] }
despues de colapsar { [ 0.077127 ][ 5.812469 ] } { [ 57.352004 ][ 59.953758 ] } { [ -11.350264 ][ 33.150686 ][ 40.084166 ] } { [ 4.254055 ] } { [ -21.068275 ] } { [ 36.243911 ] } { [ 16.228972 ][ 45.445701 ] } { [ -19.247693 ][ -9.153578 ][ 22.586270 ] } { [ -2.008107 ][ 34.938974 ] } { [ 5.157996 ] } { [ 30.351851 ] } { [ -6.232455 ] } { [ 63.107012 ] } { [ 45.618455 ] } { [ -11.034361 ] } { [ 11.926018 ] } { [ 21.015483 ] } { [ -5.444890 ] } { [ 6.988353 ] } { [ 20.084055 ] } { [ 40.768902 ] } { [ -9.077243 ] } { [ -2.352226 ] }
antes   de colapsar { [ 0.077127 ][ 5.812469 ] } { [ 57.352004 ][ 59.953758 ] } { [ -11.350264 ][ 33.150686 ][ 40.084166 ] } { [ 4.254055 ] } { [ -21.068275 ] } { [ 36.243911 ] } { [ 16.228972 ][ 45.445701 ] } { [ -19.247693 ][ -9.153578 ][ 22.586270 ] } { [ -2.008107 ][ 34.938974 ] } { [ 5.157996 ] } { [ 30.351851 ] } { [ -6.232455 ] } { [ 63.107012 ] } { [ 45.618455 ] } { [ -11.034361 ] } { [ 11.926018 ] } { [ 21.015483 ] } { [ -5.444890 ] } { [ 6.988353 ] } { [ 20.084055 ] } { [ 40.768902 ] } { [ -9.077243 ] } { [ -2.352226 ] } { [ -24.271518 ] }
despues de colapsar { [ 0.077127 ][ 5.812469 ] } { [ 57.352004 ][ 59.953758 ] } { [ -11.350264 ][ 33.150686 ][ 40.084166 ] } { [ 4.254055 ] } { [ -21.068275 ] } { [ 36.243911 ] } { [ 16.228972 ][ 45.445701 ] } { [ -19.247693 ][ -9.153578 ][ 22.586270 ] } { [ -2.008107 ][ 34.938974 ] } { [ 5.157996 ] } { [ 30.351851 ] } { [ -6.232455 ] } { [ 63.107012 ] } { [ 45.618455 ] } { [ -11.034361 ] } { [ 11.926018 ] } { [ 21.015483 ] } { [ -5.444890 ] } { [ 6.988353 ] } { [ 20.084055 ] } { [ 40.768902 ] } { [ -9.077243 ] } { [ -2.352226 ] } { [ -24.271518 ] }
antes   de colapsar { [ 0.077127 ][ 5.812469 ] } { [ 57.352004 ][ 59.953758 ] } { [ -11.350264 ][ 33.150686 ][ 40.084166 ] } { [ 4.254055 ] } { [ -21.068275 ] } { [ 36.243911 ] } { [ 16.228972 ][ 45.445701 ][ 57.159812 ] } { [ -19.247693 ][ -9.153578 ][ 22.586270 ] } { [ -2.008107 ][ 34.938974 ] } { [ 5.157996 ] } { [ 30.351851 ] } { [ -6.232455 ][ 23.462327 ] } { [ 63.107012 ] } { [ 45.618455 ] } { [ -11.034361 ] } { [ 11.926018 ] } { [ 21.015483 ] } { [ -5.444890 ] } { [ 6.988353 ] } { [ 20.084055 ] } { [ 40.768902 ] } { [ -9.077243 ][ 53.166020 ] } { [ -2.352226 ] } { [ -24.271518 ] } { [ -7.785445 ] } { [ -24.565931 ] } { [ 21.436836 ] }
despues de colapsar { [ 0.077127 ][ 5.812469 ] } { [ 57.352004 ][ 59.953758 ] } { [ -11.350264 ][ 33.150686 ][ 40.084166 ] } { [ 4.254055 ] } { [ -21.068275 ] } { [ 36.243911 ] } { [ 16.228972 ][ 45.445701 ][ 57.159812 ] } { [ -19.247693 ][ -9.153578 ][ 22.586270 ] } { [ -2.008107 ][ 34.938974 ] } { [ 5.157996 ] } { [ 30.351851 ] } { [ -6.232455 ][ 23.462327 ] } { [ 63.107012 ] } { [ 45.618455 ] } { [ -11.034361 ] } { [ 11.926018 ] } { [ 21.015483 ] } { [ -5.444890 ] } { [ 6.988353 ] } { [ 20.084055 ] } { [ 40.768902 ] } { [ -9.077243 ][ 53.166020 ] } { [ -2.352226 ] } { [ -24.271518 ] } { [ -7.785445 ] } { [ -24.565931 ] } { [ 21.436836 ] }
antes   de colapsar { [ -511 ] } { [ 1882 ] }
despues de colapsar { [ -511 ] } { [ 1882 ] }
antes   de filtrar: { [ -511 ] } { [ 1882 ] } { [ 3337 ] }
despues de filtrar: { [ -511 ] } { [ 1882 ] } { [ 3337 ] }
antes   de colapsar { [ -511 ] } { [ 1882 ] } { [ 3337 ][ 4628 ] } { [ 2443 ] } { [ 4763 ] }
despues de colapsar { [ -511 ] } { [ 1882 ] } { [ 3337 ][ 4628 ] } { [ 2443 ] } { [ 4763 ] }
antes   de colapsar { [ -511 ] } { [ 1882 ] } { [ 3337 ][ 4628 ] } { [ 2443 ] } { [ 4763 ][ 4015 ] } { [ 2092 ] } { [ 2951 ] } { [ 2065 ] } { [ 2000 ] } { [ 3520 ][ 1750 ] } { [ -3470 ] } { [ -1905 ] }
despues de colapsar { [ -511 ] } { [ 1882 ] } { [ 3337 ][ 4628 ] } { [ 2443 ] } { [ 4763 ][ 4015 ] } { [ 2092 ] } { [ 2951 ] } { [ 2065 ] } { [ 2000 ] } { [ 2481 ] } { [ -3470 ] } { [ -1905 ] }
antes   de colapsar { [ -511 ] } { [ 1882 ] } { [ 3337 ][ 4628 ] } { [ 2443 ][ -925 ] } { [ 4763 ][ 4015 ] } { [ 2092 ] } { [ 2951 ] } { [ 2065 ] } { [ 2000 ] } { [ 2481 ] } { [ -3470 ] } { [ -1905 ] } { [ 4927 ] } { [ 3536 ] } { [ -4201 ] }
despues de colapsar { [ -511 ] } { [ 1882 ] } { [ 3337 ][ 4628 ] } { [ 2443 ][ -925 ] } { [ 4763 ][ 4015 ] } { [ 2092 ] } { [ 2951 ] } { [ 2065 ] } { [ 2000 ] } { [ 2481 ] } { [ -3470 ] } { [ -1905 ] } { [ 4927 ] } { [ 3536 ] } { [ -4201 ] }
antes   de colapsar { [ -511 ][ -3821 ] } { [ 1882 ] } { [ 3337 ][ 4628 ] } { [ 2443 ][ -925 ] } { [ 4763 ][ 4015 ] } { [ 2092 ] } { [ 2951 ] } { [ 2065 ] } { [ 2000 ][ -4357 ] } { [ 2481 ] } { [ -3470 ] } { [ -1905 ] } { [ 4927 ] } { [ 3536 ] } { [ -4201 ] } { [ -593 ] } { [ 3002 ] } { [ -2839 ] } { [ -1937 ] } { [ 327 ] } { [ 1215 ] } { [ -1853 ] }
despues de colapsar { [ -511 ][ -3821 ] } { [ 1882 ] } { [ 3337 ][ 4628 ] } { [ 2443 ][ -925 ] } { [ 4763 ][ 4015 ] } { [ 2092 ] } { [ 2951 ] } { [ 2065 ] } { [ 0 ] } { [ 2481 ] } { [ -3470 ] } { [ -1905 ] } { [ 4927 ] } { [ 3536 ] } { [ -4201 ] } { [ -593 ] } { [ 3002 ] } { [ -2839 ] } { [ -1937 ] } { [ 327 ] } { [ 1215 ] } { [ -1853 ] }
antes   de colapsar { [ -511 ][ -3821 ] } { [ 1882 ] } { [ 3337 ][ 4628 ] } { [ 2443 ][ -925 ] } { [ 4763 ][ 4015 ] } { [ 2092 ] } { [ 2951 ] } { [ 2065 ] } { [ 0 ] } { [ 2481 ] } { [ -3470 ] } { [ -1905 ] } { [ 4927 ] } { [ 3536 ] } { [ -4201 ] } { [ -593 ] } { [ 3002 ] } { [ -2839 ][ -4773 ] } { [ -1937 ] } { [ 327 ] } { [ 1215 ] } { [ -1853 ] } { [ 3827 ] }
despues de colapsar { [ -511 ][ -3821 ] } { [ 1882 ] } { [ 3337 ][ 4628 ] } { [ 2443 ][ -925 ] } { [ 4763 ][ 4015 ] } { [ 2092 ] } { [ 2951 ] } { [ 2065 ] } { [ 0 ] } { [ 2481 ] } { [ -3470 ] } { [ -1905 ] } { [ 4927 ] } { [ 3536 ] } { [ -4201 ] } { [ -593 ] } { [ 3002 ] } { [ -2839 ][ -4773 ] } { [ -1937 ] } { [ 327 ] } { [ 1215 ] } { [ -1853 ] } { [ 3827 ] }
antes   de filtrar: { [ -511 ][ -3821 ] } { [ 1882 ] } { [ 3337 ][ 4628 ] } { [ 2443 ][ -925 ][ 3347 ] } { [ 4763 ][ 4015 ] } { [ 2092 ] } { [ 2951 ] } { [ 2065 ] } { [ 0 ] } { [ 2481 ][ -4866 ] } { [ -3470 ] } { [ -1905 ] } { [ 4927 ] } { [ 3536 ][ -726 ] } { [ -4201 ] } { [ -593 ] } { [ 3002 ] } { [ -2839 ][ -4773 ] } { [ -1937 ] } { [ 327 ] } { [ 1215 ][ -3420 ] } { [ -1853 ] } { [ 3827 ][ -1225 ] } { [ -3822 ] } { [ -3285 ] } { [ 4003 ] } { [ 4561 ] } { [ -738 ] } { [ 2652 ] } { [ 3369 ] } { [ -3122 ] } { [ -3530 ] } { [ 4959 ] }
despues de filtrar: { [ -511 ][ -3821 ] } { [ 1882 ] } { [ 3337 ][ 4628 ] } { [ 2443 ][ -925 ][ 3347 ] } { [ 4763 ][ 4015 ] } { [ 2951 ] } { [ 0 ] } { [ 2481 ][ -4866 ] } { [ 4927 ] } { [ 3536 ][ -726 ] } { [ -593 ] } { [ -2839 ][ -4773 ] } { [ -1937 ] } { [ 327 ] } { [ 1215 ][ -3420 ] } { [ -1853 ] } { [ 3827 ][ -1225 ] } { [ -3822 ] } { [ -3285 ] } { [ 4561 ] } { [ -738 ] } { [ 2652 ] } { [ 3369 ] } { [ -3122 ] } { [ 4959 ] }
antes   de filtrar: { [ -511 ][ -3821 ][ 170 ] } { [ 1882 ] } { [ 3337 ][ 4628 ] } { [ 2443 ][ -925 ][ 3347 ] } { [ 4763 ][ 4015 ] } { [ 2951 ] } { [ 0 ] } { [ 2481 ][ -4866 ] } { [ 4927 ] } { [ 3536 ][ -726 ] } { [ -593 ] } { [ -2839 ][ -4773 ] } { [ -1937 ] } { [ 327 ] } { [ 1215 ][ -3420 ] } { [ -1853 ] } { [ 3827 ][ -1225 ] } { [ -3822 ] } { [ -3285 ] } { [ 4561 ] } { [ -738 ] } { [ 2652 ] } { [ 3369 ] } { [ -3122 ] } { [ 4959 ] } { [ -3154 ] } { [ 406 ][ 2350 ] } { [ 852 ] }
despues de filtrar: { [ -511 ][ -3821 ][ 170 ] } { [ 1882 ] } { [ 3337 ][ 4628 ] } { [ 2443 ][ -925 ][ 3347 ] } { [ 4763 ][ 4015 ] } { [ 2951 ] } { [ 0 ] } { [ 2481 ][ -4866 ] } { [ 4927 ] } { [ 3536 ][ -726 ] } { [ -593 ] } { [ -2839 ][ -4773 ] } { [ -1937 ] } { [ 327 ] } { [ 1215 ][ -3420 ] } { [ -1853 ] } { [ 3827 ][ -1225 ] } { [ -3822 ] } { [ -3285 ] } { [ 4561 ] } { [ -738 ] } { [ 2652 ] } { [ 3369 ] } { [ -3122 ] } { [ 4959 ] } { [ -3154 ] } { [ 852 ] }
antes   de colapsar { [ -511 ][ -3821 ][ 170 ] } { [ 1882 ] } { [ 3337 ][ 4628 ] } { [ 2443 ][ -925 ][ 3347 ] } { [ 4763 ][ 4015 ] } { [ 2951 ] } { [ 0 ] } { [ 2481 ][ -4866 ] } { [ 4927 ] } { [ 3536 ][ -726 ] } { [ -593 ] } { [ -2839 ][ -4773 ] } { [ -1937 ] } { [ 327 ] } { [ 1215 ][ -3420 ] } { [ -1853 ] } { [ 3827 ][ -1225 ] } { [ -3822 ] } { [ -3285 ] } { [ 4561 ] } { [ -738 ] } { [ 2652 ] } { [ 3369 ] } { [ -3122 ] } { [ 4959 ] } { [ -3154 ] } { [ 852 ] }
despues de colapsar { [ -511 ][ -3821 ][ 170 ] } { [ 1882 ] } { [ 3337 ][ 4628 ] } { [ 2443 ][ -925 ][ 3347 ] } { [ 4763 ][ 4015 ] } { [ 2951 ] } { [ 0 ] } { [ 2481 ][ -4866 ] } { [ 4927 ] } { [ 3536 ][ -726 ] } { [ -593 ] } { [ -2839 ][ -4773 ] } { [ -1937 ] } { [ 327 ] } { [ 1215 ][ -3420 ] } { [ -1853 ] } { [ 3827 ][ -1225 ] } { [ -3822 ] } { [ -3285 ] } { [ 4561 ] } { [ -738 ] } { [ 2652 ] } { [ 3369 ] } { [ -3122 ] } { [ 4959 ] } { [ -3154 ] } { [ 852 ] }
