antes   de filtrar: { [ 4918 ] }despues de filtrar: { [ 4918 ] }antes   de colapsar { [ 4918 ][ -209 ][ -4601 ] } { [ 3442 ] } { [ -1030 ] }