antes   de colapsar { [ n ][ s0n ] } { [ f14dd0oh2 ][ 3b5iw9 ] } { [ nf ] } { [ dkn1atsg ] } { [ iawi9xt4 ] }