antes   de filtrar: { [ 0c2i ] } { [ y6lios ] }
despues de filtrar: <vacia>
antes   de filtrar: { [ 8qaajik6i ] } { [ 80i037bn ][ l ][ x0vewc ] } { [ f7l8ucyi ][ s ] } { [ 77849 ][ am3p9v ] } { [ f8hhj ] } { [ c9y5lcq ] } { [ 4k ] } { [ nxefwlb ] } { [ 55c5 ] } { [ 3 ] } { [ c ] }
despues de filtrar: { [ nxefwlb ] } { [ c ] }
antes   de colapsar { [ nxefwlb ] } { [ c ] }
despues de colapsar { [ nxefwlb ] } { [ c ] }
antes   de colapsar { [ nxefwlb ][ o39 ] } { [ c ] } { [ 4ry6 ] } { [ xrd2v ][ nean0o ] } { [ xhctx0jx ] } { [ 31lm1 ] } { [ 5gswp8yx5w ] } { [ ry ] } { [ p0jjf0 ] }
despues de colapsar { [ nxefwlb ][ o39 ] } { [ c ] } { [ 4ry6 ] } { [ xnreda2nv0 ] } { [ xhctx0jx ] } { [ 31lm1 ] } { [ 5gswp8yx5w ] } { [ ry ] } { [ p0jjf0 ] }
antes   de filtrar: { [ nxefwlb ][ o39 ] } { [ c ] } { [ 4ry6 ][ ecv ] } { [ xnreda2nv0 ] } { [ xhctx0jx ] } { [ 31lm1 ] } { [ 5gswp8yx5w ] } { [ ry ] } { [ p0jjf0 ] }
despues de filtrar: { [ nxefwlb ][ o39 ] } { [ c ] } { [ ry ] }
antes   de colapsar { [ nxefwlb ][ o39 ] } { [ c ] } { [ ry ] } { [ vs8auox ] }
despues de colapsar { [ nxefwlb ][ o39 ] } { [ c ] } { [ ry ] } { [ vs8auox ] }
antes   de colapsar { [ nxefwlb ][ o39 ] } { [ c ] } { [ ry ] } { [ vs8auox ] } { [ dpav9ao7b ] } { [ 9 ] } { [ ank ] }
despues de colapsar { [ nxefwlb ][ o39 ] } { [ c ] } { [ ry ] } { [ vs8auox ] } { [ dpav9ao7b ] } { [ 9 ] } { [ ank ] }
antes   de colapsar { [ nxefwlb ][ o39 ] } { [ c ] } { [ ry ] } { [ vs8auox ] } { [ dpav9ao7b ] } { [ 9 ] } { [ ank ] } { [ ax ] }
despues de colapsar { [ nxefwlb ][ o39 ] } { [ c ] } { [ ry ] } { [ vs8auox ] } { [ dpav9ao7b ] } { [ 9 ] } { [ ank ] } { [ ax ] }
antes   de colapsar { [ nxefwlb ][ o39 ] } { [ c ] } { [ ry ] } { [ vs8auox ] } { [ dpav9ao7b ] } { [ 9 ] } { [ ank ] } { [ ax ] }
despues de colapsar { [ nxefwlb ][ o39 ] } { [ c ] } { [ ry ] } { [ vs8auox ] } { [ dpav9ao7b ] } { [ 9 ] } { [ ank ] } { [ ax ] }
antes   de colapsar { [ nxefwlb ][ o39 ] } { [ c ] } { [ ry ] } { [ vs8auox ] } { [ dpav9ao7b ] } { [ 9 ] } { [ ank ] } { [ ax ] } { [ r96ghoxch ] } { [ mebsfux ] }
despues de colapsar { [ nxefwlb ][ o39 ] } { [ c ] } { [ ry ] } { [ vs8auox ] } { [ dpav9ao7b ] } { [ 9 ] } { [ ank ] } { [ ax ] } { [ r96ghoxch ] } { [ mebsfux ] }
antes   de colapsar { [ uvyuo6p ] } { [ so7x ][ bl2 ] } { [ mwd869 ] } { [ 29 ] }
despues de colapsar { [ uvyuo6p ] } { [ sbol72x ] } { [ mwd869 ] } { [ 29 ] }
antes   de filtrar: { [ uvyuo6p ] } { [ sbol72x ] } { [ mwd869 ] } { [ 29 ] }
despues de filtrar: <vacia>
antes   de colapsar { [ 5yyw ][ 24dojn ] } { [ i ][ ma4ldvssa2 ][ mu3d4qjl ] } { [ k ] }
despues de colapsar { [ 52y4ydwojn ] } { [ i ][ ma4ldvssa2 ][ mu3d4qjl ] } { [ k ] }
antes   de colapsar { [ 52y4ydwojn ][ osq1 ][ sfe8mc4g ] } { [ i ][ ma4ldvssa2 ][ mu3d4qjl ][ 3kd ] } { [ k ] } { [ x ] } { [ t ][ 9daaa10u ][ 7ih ] } { [ 4 ] } { [ nc1tofrovr ] } { [ a3p2t ] } { [ csulrdk4w ] } { [ q ][ m240o ] } { [ xbwvi1s2j ] } { [ 9xp3onwfm ] } { [ 8ugkovo8ab ] } { [ 7km565rw ] }
despues de colapsar { [ 5sof2es8ym ] } { [ i ][ ma4ldvssa2 ][ mu3d4qjl ][ 3kd ] } { [ k ] } { [ x ] } { [ t ][ 9daaa10u ][ 7ih ] } { [ 4 ] } { [ nc1tofrovr ] } { [ a3p2t ] } { [ csulrdk4w ] } { [ q ][ m240o ] } { [ xbwvi1s2j ] } { [ 9xp3onwfm ] } { [ 8ugkovo8ab ] } { [ 7km565rw ] }
antes   de filtrar: { [ 5sof2es8ym ] } { [ i ][ ma4ldvssa2 ][ mu3d4qjl ][ 3kd ] } { [ k ] } { [ x ] } { [ t ][ 9daaa10u ][ 7ih ] } { [ 4 ] } { [ nc1tofrovr ] } { [ a3p2t ] } { [ csulrdk4w ] } { [ q ][ m240o ] } { [ xbwvi1s2j ] } { [ 9xp3onwfm ] } { [ 8ugkovo8ab ][ br ] } { [ 7km565rw ] } { [ nqeg0b ] } { [ rw4oj ] } { [ l3jav ] } { [ 93ryh ] }
despues de filtrar: { [ i ][ ma4ldvssa2 ][ mu3d4qjl ][ 3kd ] } { [ k ] } { [ x ] } { [ t ][ 9daaa10u ][ 7ih ] } { [ q ][ m240o ] }
antes   de colapsar { [ i ][ ma4ldvssa2 ][ mu3d4qjl ][ 3kd ] } { [ k ] } { [ x ] } { [ t ][ 9daaa10u ][ 7ih ] } { [ q ][ m240o ] } { [ 8fdywv5e6t ][ 48u1kc5 ] } { [ i8t ] } { [ amglxy ] }
despues de colapsar { [ i ][ ma4ldvssa2 ][ mu3d4qjl ][ 3kd ] } { [ k ] } { [ x ] } { [ t ][ 9daaa10u ][ 7ih ] } { [ q ][ m240o ] } { [ 84f8duy1wk ] } { [ i8t ] } { [ amglxy ] }
antes   de filtrar: { [ i ][ ma4ldvssa2 ][ mu3d4qjl ][ 3kd ] } { [ k ] } { [ x ] } { [ t ][ 9daaa10u ][ 7ih ] } { [ q ][ m240o ] } { [ 84f8duy1wk ] } { [ i8t ] } { [ amglxy ] } { [ 3mrdfhlgkx ] } { [ 2kgt768vs9 ] } { [ 9n1lih3g ] } { [ a0k39nng9 ] }
despues de filtrar: { [ i ][ ma4ldvssa2 ][ mu3d4qjl ][ 3kd ] } { [ k ] } { [ x ] } { [ t ][ 9daaa10u ][ 7ih ] } { [ q ][ m240o ] } { [ amglxy ] }
antes   de colapsar { [ i ][ ma4ldvssa2 ][ mu3d4qjl ][ 3kd ] } { [ k ] } { [ x ] } { [ t ][ 9daaa10u ][ 7ih ] } { [ q ][ m240o ] } { [ amglxy ] } { [ 6gk30ibca9 ] } { [ k7 ] }
despues de colapsar { [ i ][ ma4ldvssa2 ][ mu3d4qjl ][ 3kd ] } { [ k ] } { [ x ] } { [ t ][ 9daaa10u ][ 7ih ] } { [ q ][ m240o ] } { [ amglxy ] } { [ 6gk30ibca9 ] } { [ k7 ] }
antes   de colapsar { [ i ][ ma4ldvssa2 ][ mu3d4qjl ][ 3kd ] } { [ k ] } { [ x ] } { [ t ][ 9daaa10u ][ 7ih ] } { [ q ][ m240o ] } { [ amglxy ] } { [ 6gk30ibca9 ] } { [ k7 ] } { [ w ] }
despues de colapsar { [ i ][ ma4ldvssa2 ][ mu3d4qjl ][ 3kd ] } { [ k ] } { [ x ] } { [ t ][ 9daaa10u ][ 7ih ] } { [ q ][ m240o ] } { [ amglxy ] } { [ 6gk30ibca9 ] } { [ k7 ] } { [ w ] }
antes   de colapsar { [ i ][ ma4ldvssa2 ][ mu3d4qjl ][ 3kd ] } { [ k ] } { [ x ] } { [ t ][ 9daaa10u ][ 7ih ] } { [ q ][ m240o ] } { [ amglxy ] } { [ 6gk30ibca9 ] } { [ k7 ] } { [ w ] } { [ u9u57 ] } { [ 98u371ugj ] } { [ q6g8i ][ ivxt8l ] } { [ 6s20is ] }
despues de colapsar { [ i ][ ma4ldvssa2 ][ mu3d4qjl ][ 3kd ] } { [ k ] } { [ x ] } { [ t ][ 9daaa10u ][ 7ih ] } { [ q ][ m240o ] } { [ amglxy ] } { [ 6gk30ibca9 ] } { [ k7 ] } { [ w ] } { [ u9u57 ] } { [ 98u371ugj ] } { [ qi6vgx8ti8 ] } { [ 6s20is ] }
antes   de filtrar: <vacia>
despues de filtrar: <vacia>
antes   de colapsar <vacia>
despues de colapsar <vacia>
antes   de colapsar { [ 2581 ][ 1699 ] } { [ -4041 ] } { [ -3350 ] } { [ -2571 ][ -3874 ] } { [ 1060 ] } { [ -1140 ] } { [ 3019 ] } { [ -3309 ][ 2282 ][ -3511 ] } { [ 311 ] } { [ -4062 ] } { [ -2457 ] } { [ 1428 ] } { [ -921 ] } { [ 2120 ] } { [ -516 ] }
despues de colapsar { [ 2581 ][ 1699 ] } { [ -4041 ] } { [ -3350 ] } { [ -2571 ][ -3874 ] } { [ 1060 ] } { [ -1140 ] } { [ 3019 ] } { [ 0 ] } { [ 311 ] } { [ -4062 ] } { [ -2457 ] } { [ 1428 ] } { [ -921 ] } { [ 2120 ] } { [ -516 ] }
antes   de colapsar { [ 2581 ][ 1699 ] } { [ -4041 ] } { [ -3350 ] } { [ -2571 ][ -3874 ] } { [ 1060 ] } { [ -1140 ] } { [ 3019 ] } { [ 0 ] } { [ 311 ] } { [ -4062 ] } { [ -2457 ] } { [ 1428 ] } { [ -921 ] } { [ 2120 ] } { [ -516 ] }
despues de colapsar { [ 2581 ][ 1699 ] } { [ -4041 ] } { [ -3350 ] } { [ -2571 ][ -3874 ] } { [ 1060 ] } { [ -1140 ] } { [ 3019 ] } { [ 0 ] } { [ 311 ] } { [ -4062 ] } { [ -2457 ] } { [ 1428 ] } { [ -921 ] } { [ 2120 ] } { [ -516 ] }
antes   de colapsar { [ 2581 ][ 1699 ] } { [ -4041 ] } { [ -3350 ][ 2830 ] } { [ -2571 ][ -3874 ][ -4449 ] } { [ 1060 ] } { [ -1140 ][ -4353 ][ -3382 ] } { [ 3019 ] } { [ 0 ][ -4863 ] } { [ 311 ] } { [ -4062 ] } { [ -2457 ] } { [ 1428 ] } { [ -921 ] } { [ 2120 ] } { [ -516 ] } { [ 22 ] } { [ 3696 ] } { [ -3233 ] } { [ -2014 ] } { [ 1830 ] } { [ 2694 ] } { [ 3667 ] } { [ -4475 ] } { [ -353 ] }
despues de colapsar { [ 2581 ][ 1699 ] } { [ -4041 ] } { [ 0 ] } { [ -2571 ][ -3874 ][ -4449 ] } { [ 1060 ] } { [ 0 ] } { [ 3019 ] } { [ 0 ][ -4863 ] } { [ 311 ] } { [ -4062 ] } { [ -2457 ] } { [ 1428 ] } { [ -921 ] } { [ 2120 ] } { [ -516 ] } { [ 22 ] } { [ 3696 ] } { [ -3233 ] } { [ -2014 ] } { [ 1830 ] } { [ 2694 ] } { [ 3667 ] } { [ -4475 ] } { [ -353 ] }
antes   de colapsar { [ 2581 ][ 1699 ] } { [ -4041 ] } { [ 0 ] } { [ -2571 ][ -3874 ][ -4449 ] } { [ 1060 ][ 2321 ] } { [ 0 ] } { [ 3019 ] } { [ 0 ][ -4863 ] } { [ 311 ] } { [ -4062 ] } { [ -2457 ] } { [ 1428 ] } { [ -921 ] } { [ 2120 ] } { [ -516 ] } { [ 22 ] } { [ 3696 ] } { [ -3233 ] } { [ -2014 ] } { [ 1830 ] } { [ 2694 ] } { [ 3667 ] } { [ -4475 ] } { [ -353 ] } { [ 2194 ] } { [ -2505 ] }
despues de colapsar { [ 2581 ][ 1699 ] } { [ -4041 ] } { [ 0 ] } { [ -2571 ][ -3874 ][ -4449 ] } { [ 1568 ] } { [ 0 ] } { [ 3019 ] } { [ 0 ][ -4863 ] } { [ 311 ] } { [ -4062 ] } { [ -2457 ] } { [ 1428 ] } { [ -921 ] } { [ 2120 ] } { [ -516 ] } { [ 22 ] } { [ 3696 ] } { [ -3233 ] } { [ -2014 ] } { [ 1830 ] } { [ 2694 ] } { [ 3667 ] } { [ -4475 ] } { [ -353 ] } { [ 2194 ] } { [ -2505 ] }
antes   de filtrar: { [ 2581 ][ 1699 ] } { [ -4041 ] } { [ 0 ] } { [ -2571 ][ -3874 ][ -4449 ] } { [ 1568 ] } { [ 0 ] } { [ 3019 ] } { [ 0 ][ -4863 ] } { [ 311 ] } { [ -4062 ] } { [ -2457 ] } { [ 1428 ] } { [ -921 ] } { [ 2120 ] } { [ -516 ] } { [ 22 ] } { [ 3696 ] } { [ -3233 ] } { [ -2014 ] } { [ 1830 ] } { [ 2694 ] } { [ 3667 ] } { [ -4475 ][ 551 ] } { [ -353 ] } { [ 2194 ] } { [ -2505 ] } { [ -3448 ] } { [ 4894 ] }
despues de filtrar: { [ 2581 ][ 1699 ] } { [ 0 ] } { [ -2571 ][ -3874 ][ -4449 ] } { [ 1568 ] } { [ 0 ] } { [ 0 ][ -4863 ] } { [ 311 ] } { [ -2457 ] } { [ 1428 ] } { [ -921 ] } { [ -516 ] } { [ 22 ] } { [ 3696 ] } { [ -3233 ] } { [ 2694 ] } { [ 3667 ] } { [ -4475 ][ 551 ] } { [ -353 ] } { [ 2194 ] } { [ -3448 ] } { [ 4894 ] }
antes   de colapsar { [ 2581 ][ 1699 ] } { [ 0 ] } { [ -2571 ][ -3874 ][ -4449 ] } { [ 1568 ] } { [ 0 ] } { [ 0 ][ -4863 ] } { [ 311 ] } { [ -2457 ] } { [ 1428 ] } { [ -921 ] } { [ -516 ] } { [ 22 ] } { [ 3696 ] } { [ -3233 ] } { [ 2694 ] } { [ 3667 ][ -910 ] } { [ -4475 ][ 551 ] } { [ -353 ] } { [ 2194 ] } { [ -3448 ] } { [ 4894 ] } { [ 3457 ] }
despues de colapsar { [ 2581 ][ 1699 ] } { [ 0 ] } { [ -2571 ][ -3874 ][ -4449 ] } { [ 1568 ] } { [ 0 ] } { [ 0 ][ -4863 ] } { [ 311 ] } { [ -2457 ] } { [ 1428 ] } { [ -921 ] } { [ -516 ] } { [ 22 ] } { [ 3696 ] } { [ -3233 ] } { [ 2694 ] } { [ 3667 ][ -910 ] } { [ -4475 ][ 551 ] } { [ -353 ] } { [ 2194 ] } { [ -3448 ] } { [ 4894 ] } { [ 3457 ] }
antes   de filtrar: { [ 2581 ][ 1699 ] } { [ 0 ] } { [ -2571 ][ -3874 ][ -4449 ] } { [ 1568 ] } { [ 0 ] } { [ 0 ][ -4863 ] } { [ 311 ] } { [ -2457 ] } { [ 1428 ] } { [ -921 ] } { [ -516 ] } { [ 22 ] } { [ 3696 ] } { [ -3233 ] } { [ 2694 ] } { [ 3667 ][ -910 ] } { [ -4475 ][ 551 ] } { [ -353 ] } { [ 2194 ] } { [ -3448 ] } { [ 4894 ] } { [ 3457 ] } { [ -969 ] } { [ -461 ] }
despues de filtrar: { [ 2581 ][ 1699 ] } { [ 0 ] } { [ -2571 ][ -3874 ][ -4449 ] } { [ 1568 ] } { [ 0 ] } { [ 0 ][ -4863 ] } { [ 311 ] } { [ -2457 ] } { [ 1428 ] } { [ -921 ] } { [ -516 ] } { [ 22 ] } { [ 3696 ] } { [ -3233 ] } { [ 2694 ] } { [ 3667 ][ -910 ] } { [ -4475 ][ 551 ] } { [ -353 ] } { [ 2194 ] } { [ -3448 ] } { [ 4894 ] } { [ 3457 ] } { [ -969 ] } { [ -461 ] }
antes   de colapsar { [ 2581 ][ 1699 ][ -3743 ] } { [ 0 ] } { [ -2571 ][ -3874 ][ -4449 ] } { [ 1568 ] } { [ 0 ] } { [ 0 ][ -4863 ] } { [ 311 ] } { [ -2457 ] } { [ 1428 ] } { [ -921 ] } { [ -516 ] } { [ 22 ] } { [ 3696 ] } { [ -3233 ] } { [ 2694 ] } { [ 3667 ][ -910 ] } { [ -4475 ][ 551 ] } { [ -353 ] } { [ 2194 ] } { [ -3448 ] } { [ 4894 ] } { [ 3457 ] } { [ -969 ] } { [ -461 ] }
despues de colapsar { [ 2581 ][ 1699 ][ -3743 ] } { [ 0 ] } { [ -2571 ][ -3874 ][ -4449 ] } { [ 1568 ] } { [ 0 ] } { [ 0 ][ -4863 ] } { [ 311 ] } { [ -2457 ] } { [ 1428 ] } { [ -921 ] } { [ -516 ] } { [ 22 ] } { [ 3696 ] } { [ -3233 ] } { [ 2694 ] } { [ 3667 ][ -910 ] } { [ -4475 ][ 551 ] } { [ -353 ] } { [ 2194 ] } { [ -3448 ] } { [ 4894 ] } { [ 3457 ] } { [ -969 ] } { [ -461 ] }
antes   de filtrar: { [ 4894 ] }
despues de filtrar: { [ 4894 ] }
antes   de colapsar { [ 4894 ][ 3295 ] } { [ 1054 ] }
despues de colapsar { [ 4894 ][ 3295 ] } { [ 1054 ] }
antes   de colapsar { [ 4894 ][ 3295 ] } { [ 1054 ] }
despues de colapsar { [ 4894 ][ 3295 ] } { [ 1054 ] }
antes   de filtrar: { [ 4894 ][ 3295 ][ 3509 ] } { [ 1054 ] } { [ 1268 ] } { [ 176 ] }
despues de filtrar: { [ 4894 ][ 3295 ][ 3509 ] } { [ 1268 ] } { [ 176 ] }
antes   de colapsar { [ 4894 ][ 3295 ][ 3509 ] } { [ 1268 ] } { [ 176 ] }
despues de colapsar { [ 4894 ][ 3295 ][ 3509 ] } { [ 1268 ] } { [ 176 ] }
antes   de colapsar { [ 4894 ][ 3295 ][ 3509 ][ -1073 ] } { [ 1268 ] } { [ 176 ] } { [ 3616 ] } { [ 2032 ] } { [ 4034 ] } { [ 2078 ] } { [ -2325 ] } { [ -4730 ] }
despues de colapsar { [ 4894 ][ 3295 ][ 3509 ][ -1073 ] } { [ 1268 ] } { [ 176 ] } { [ 3616 ] } { [ 2032 ] } { [ 4034 ] } { [ 2078 ] } { [ -2325 ] } { [ -4730 ] }
antes   de colapsar { [ 4894 ][ 3295 ][ 3509 ][ -1073 ] } { [ 1268 ] } { [ 176 ] } { [ 3616 ] } { [ 2032 ] } { [ 4034 ] } { [ 2078 ][ -804 ] } { [ -2325 ][ 1265 ] } { [ -4730 ] } { [ 843 ] } { [ -2219 ] } { [ -2330 ] } { [ 751 ] } { [ 3067 ][ 2266 ][ -1710 ] } { [ 3044 ] } { [ 3674 ] } { [ -4473 ] } { [ -3860 ] }
despues de colapsar { [ 4894 ][ 3295 ][ 3509 ][ -1073 ] } { [ 1268 ] } { [ 176 ] } { [ 3616 ] } { [ 2032 ] } { [ 4034 ] } { [ 0 ] } { [ -2325 ][ 1265 ] } { [ -4730 ] } { [ 843 ] } { [ -2219 ] } { [ -2330 ] } { [ 751 ] } { [ 0 ] } { [ 3044 ] } { [ 3674 ] } { [ -4473 ] } { [ -3860 ] }
antes   de colapsar { [ 4894 ][ 3295 ][ 3509 ][ -1073 ] } { [ 1268 ] } { [ 176 ] } { [ 3616 ] } { [ 2032 ] } { [ 4034 ] } { [ 0 ] } { [ -2325 ][ 1265 ] } { [ -4730 ] } { [ 843 ] } { [ -2219 ] } { [ -2330 ] } { [ 751 ] } { [ 0 ] } { [ 3044 ] } { [ 3674 ] } { [ -4473 ] } { [ -3860 ] }
despues de colapsar { [ 4894 ][ 3295 ][ 3509 ][ -1073 ] } { [ 1268 ] } { [ 176 ] } { [ 3616 ] } { [ 2032 ] } { [ 4034 ] } { [ 0 ] } { [ -2325 ][ 1265 ] } { [ -4730 ] } { [ 843 ] } { [ -2219 ] } { [ -2330 ] } { [ 751 ] } { [ 0 ] } { [ 3044 ] } { [ 3674 ] } { [ -4473 ] } { [ -3860 ] }
antes   de filtrar: { [ 4894 ][ 3295 ][ 3509 ][ -1073 ] } { [ 1268 ] } { [ 176 ] } { [ 3616 ] } { [ 2032 ] } { [ 4034 ][ 2076 ] } { [ 0 ] } { [ -2325 ][ 1265 ] } { [ -4730 ] } { [ 843 ] } { [ -2219 ] } { [ -2330 ] } { [ 751 ] } { [ 0 ][ -3171 ] } { [ 3044 ] } { [ 3674 ] } { [ -4473 ] } { [ -3860 ][ -783 ] } { [ -504 ] } { [ 4419 ] } { [ 2952 ][ -4304 ] } { [ 3983 ] } { [ -648 ] } { [ 4530 ] } { [ -2664 ] }
despues de filtrar: { [ 4894 ][ 3295 ][ 3509 ][ -1073 ] } { [ 1268 ] } { [ 176 ] } { [ 3616 ] } { [ 0 ] } { [ -2325 ][ 1265 ] } { [ 843 ] } { [ -2219 ] } { [ 751 ] } { [ 0 ][ -3171 ] } { [ 3674 ] } { [ -4473 ] } { [ 4419 ] } { [ 2952 ][ -4304 ] } { [ 3983 ] } { [ -648 ] } { [ -2664 ] }
antes   de colapsar { [ 4894 ][ 3295 ][ 3509 ][ -1073 ] } { [ 1268 ] } { [ 176 ] } { [ 3616 ] } { [ 0 ] } { [ -2325 ][ 1265 ] } { [ 843 ] } { [ -2219 ] } { [ 751 ] } { [ 0 ][ -3171 ] } { [ 3674 ] } { [ -4473 ] } { [ 4419 ][ -3288 ] } { [ 2952 ][ -4304 ] } { [ 3983 ] } { [ -648 ][ 437 ] } { [ -2664 ] } { [ -2068 ] } { [ 2680 ] } { [ -566 ] } { [ -4985 ] } { [ 347 ] } { [ 3976 ] } { [ 2366 ] } { [ -2253 ] } { [ -3790 ] }
despues de colapsar { [ 4894 ][ 3295 ][ 3509 ][ -1073 ] } { [ 1268 ] } { [ 176 ] } { [ 3616 ] } { [ 0 ] } { [ -2325 ][ 1265 ] } { [ 843 ] } { [ -2219 ] } { [ 751 ] } { [ 0 ][ -3171 ] } { [ 3674 ] } { [ -4473 ] } { [ 4419 ][ -3288 ] } { [ 2952 ][ -4304 ] } { [ 3983 ] } { [ -648 ][ 437 ] } { [ -2664 ] } { [ -2068 ] } { [ 2680 ] } { [ -566 ] } { [ -4985 ] } { [ 347 ] } { [ 3976 ] } { [ 2366 ] } { [ -2253 ] } { [ -3790 ] }
antes   de colapsar { [ 33.962302 ][ -22.144831 ] } { [ 73.005634 ] } { [ -23.386109 ] } { [ 37.979852 ] } { [ 10.095459 ][ 60.091761 ] } { [ 3.068470 ] } { [ -23.728419 ] } { [ 16.671376 ] }
despues de colapsar { [ 3.437655 ] } { [ 73.005634 ] } { [ -23.386109 ] } { [ 37.979852 ] } { [ 10.095459 ][ 60.091761 ] } { [ 3.068470 ] } { [ -23.728419 ] } { [ 16.671376 ] }
antes   de colapsar { [ 3.437655 ][ 17.614542 ] } { [ 73.005634 ][ -13.655958 ] } { [ -23.386109 ] } { [ 37.979852 ] } { [ 10.095459 ][ 60.091761 ] } { [ 3.068470 ][ -9.517251 ] } { [ -23.728419 ] } { [ 16.671376 ][ 6.844970 ] } { [ 23.828514 ] } { [ 15.687201 ] } { [ 4.131713 ] } { [ 10.633831 ] }
despues de colapsar { [ 3.437655 ][ 17.614542 ] } { [ 73.005634 ][ -13.655958 ] } { [ -23.386109 ] } { [ 37.979852 ] } { [ 10.095459 ][ 60.091761 ] } { [ 3.068470 ][ -9.517251 ] } { [ -23.728419 ] } { [ 4.849366 ] } { [ 23.828514 ] } { [ 15.687201 ] } { [ 4.131713 ] } { [ 10.633831 ] }
antes   de filtrar: { [ 3.437655 ][ 17.614542 ] } { [ 73.005634 ][ -13.655958 ] } { [ -23.386109 ] } { [ 37.979852 ] } { [ 10.095459 ][ 60.091761 ] } { [ 3.068470 ][ -9.517251 ] } { [ -23.728419 ] } { [ 4.849366 ] } { [ 23.828514 ] } { [ 15.687201 ] } { [ 4.131713 ] } { [ 10.633831 ] } { [ 43.613796 ] }
despues de filtrar: { [ 3.437655 ][ 17.614542 ] } { [ 73.005634 ][ -13.655958 ] } { [ -23.386109 ] } { [ 10.095459 ][ 60.091761 ] } { [ 3.068470 ][ -9.517251 ] } { [ 4.131713 ] }
antes   de colapsar { [ 3.437655 ][ 17.614542 ] } { [ 73.005634 ][ -13.655958 ] } { [ -23.386109 ] } { [ 10.095459 ][ 60.091761 ] } { [ 3.068470 ][ -9.517251 ] } { [ 4.131713 ] } { [ 61.902360 ] }
despues de colapsar { [ 3.437655 ][ 17.614542 ] } { [ 73.005634 ][ -13.655958 ] } { [ -23.386109 ] } { [ 10.095459 ][ 60.091761 ] } { [ 3.068470 ][ -9.517251 ] } { [ 4.131713 ] } { [ 61.902360 ] }
antes   de colapsar { [ 3.437655 ][ 17.614542 ] } { [ 73.005634 ][ -13.655958 ] } { [ -23.386109 ] } { [ 10.095459 ][ 60.091761 ][ 49.830487 ] } { [ 3.068470 ][ -9.517251 ] } { [ 4.131713 ] } { [ 61.902360 ] } { [ 30.545248 ] }
despues de colapsar { [ 3.437655 ][ 17.614542 ] } { [ 73.005634 ][ -13.655958 ] } { [ -23.386109 ] } { [ 10.095459 ][ 60.091761 ][ 49.830487 ] } { [ 3.068470 ][ -9.517251 ] } { [ 4.131713 ] } { [ 61.902360 ] } { [ 30.545248 ] }
antes   de filtrar: { [ 3.437655 ][ 17.614542 ] } { [ 73.005634 ][ -13.655958 ] } { [ -23.386109 ] } { [ 10.095459 ][ 60.091761 ][ 49.830487 ] } { [ 3.068470 ][ -9.517251 ] } { [ 4.131713 ] } { [ 61.902360 ] } { [ 30.545248 ] } { [ -19.689647 ][ 40.291228 ] } { [ 60.250328 ] } { [ 29.300260 ] }
despues de filtrar: { [ 3.437655 ][ 17.614542 ] } { [ 73.005634 ][ -13.655958 ] } { [ -23.386109 ] } { [ 10.095459 ][ 60.091761 ][ 49.830487 ] } { [ 3.068470 ][ -9.517251 ] } { [ 4.131713 ] } { [ 60.250328 ] } { [ 29.300260 ] }
antes   de colapsar { [ 3.437655 ][ 17.614542 ] } { [ 73.005634 ][ -13.655958 ] } { [ -23.386109 ] } { [ 10.095459 ][ 60.091761 ][ 49.830487 ] } { [ 3.068470 ][ -9.517251 ] } { [ 4.131713 ] } { [ 60.250328 ] } { [ 29.300260 ] }
despues de colapsar { [ 3.437655 ][ 17.614542 ] } { [ 73.005634 ][ -13.655958 ] } { [ -23.386109 ] } { [ 10.095459 ][ 60.091761 ][ 49.830487 ] } { [ 3.068470 ][ -9.517251 ] } { [ 4.131713 ] } { [ 60.250328 ] } { [ 29.300260 ] }
antes   de colapsar { [ 3.437655 ][ 17.614542 ] } { [ 73.005634 ][ -13.655958 ] } { [ -23.386109 ] } { [ 10.095459 ][ 60.091761 ][ 49.830487 ] } { [ 3.068470 ][ -9.517251 ] } { [ 4.131713 ] } { [ 60.250328 ] } { [ 29.300260 ] } { [ -4.272554 ] } { [ -0.248896 ] }
despues de colapsar { [ 3.437655 ][ 17.614542 ] } { [ 73.005634 ][ -13.655958 ] } { [ -23.386109 ] } { [ 10.095459 ][ 60.091761 ][ 49.830487 ] } { [ 3.068470 ][ -9.517251 ] } { [ 4.131713 ] } { [ 60.250328 ] } { [ 29.300260 ] } { [ -4.272554 ] } { [ -0.248896 ] }
antes   de filtrar: { [ 3.437655 ][ 17.614542 ] } { [ 73.005634 ][ -13.655958 ] } { [ -23.386109 ] } { [ 10.095459 ][ 60.091761 ][ 49.830487 ] } { [ 3.068470 ][ -9.517251 ] } { [ 4.131713 ] } { [ 60.250328 ] } { [ 29.300260 ] } { [ -4.272554 ] } { [ -0.248896 ] } { [ 71.641409 ][ -23.673979 ] } { [ 21.826462 ] } { [ 57.859116 ] } { [ -4.466792 ] } { [ 8.173616 ] } { [ -2.987758 ] } { [ -0.888295 ] } { [ 14.541209 ] } { [ -7.786972 ] }
despues de filtrar: { [ 3.437655 ][ 17.614542 ] } { [ 73.005634 ][ -13.655958 ] } { [ -23.386109 ] } { [ 10.095459 ][ 60.091761 ][ 49.830487 ] } { [ 3.068470 ][ -9.517251 ] } { [ 4.131713 ] } { [ 60.250328 ] } { [ 29.300260 ] } { [ -4.272554 ] } { [ -0.248896 ] } { [ -4.466792 ] } { [ 8.173616 ] }
antes   de colapsar { [ 3.437655 ][ 17.614542 ] } { [ 73.005634 ][ -13.655958 ] } { [ -23.386109 ] } { [ 10.095459 ][ 60.091761 ][ 49.830487 ][ 47.990604 ] } { [ 3.068470 ][ -9.517251 ] } { [ 4.131713 ] } { [ 60.250328 ][ -7.672800 ] } { [ 29.300260 ] } { [ -4.272554 ] } { [ -0.248896 ] } { [ -4.466792 ][ -3.045949 ] } { [ 8.173616 ] } { [ 68.935573 ] } { [ 21.423863 ] } { [ 31.044704 ] } { [ -24.402214 ] }
despues de colapsar { [ 3.437655 ][ 17.614542 ] } { [ 73.005634 ][ -13.655958 ] } { [ -23.386109 ] } { [ 10.095459 ][ 60.091761 ][ 49.830487 ][ 47.990604 ] } { [ 3.068470 ][ -9.517251 ] } { [ 4.131713 ] } { [ 60.250328 ][ -7.672800 ] } { [ 29.300260 ] } { [ -4.272554 ] } { [ -0.248896 ] } { [ -4.466792 ][ -3.045949 ] } { [ 8.173616 ] } { [ 68.935573 ] } { [ 21.423863 ] } { [ 31.044704 ] } { [ -24.402214 ] }
