antes   de colapsar { [ -3224 ] } { [ 1599 ][ -578 ] }