antes   de colapsar { [ 44.246952 ][ 51.194464 ] }
despues de colapsar { [ 44.246952 ][ 51.194464 ] }
antes   de colapsar { [ 44.246952 ][ 51.194464 ] } { [ 55.133962 ] }
despues de colapsar { [ 44.246952 ][ 51.194464 ] } { [ 55.133962 ] }
antes   de colapsar { [ 44.246952 ][ 51.194464 ] } { [ 55.133962 ] }
despues de colapsar { [ 44.246952 ][ 51.194464 ] } { [ 55.133962 ] }
antes   de colapsar { [ 44.246952 ][ 51.194464 ] } { [ 55.133962 ] } { [ 63.607601 ] }
despues de colapsar { [ 44.246952 ][ 51.194464 ] } { [ 55.133962 ] } { [ 63.607601 ] }
antes   de filtrar: { [ 44.246952 ][ 51.194464 ][ 26.132537 ] } { [ 55.133962 ][ 40.024395 ] } { [ 63.607601 ][ -23.267821 ] } { [ 59.229959 ] } { [ -18.205255 ] } { [ 50.640525 ] } { [ 40.048860 ][ 57.255530 ] } { [ -21.405127 ] } { [ -19.012442 ][ 21.324027 ] } { [ -24.571033 ] } { [ 33.974318 ] } { [ 73.889377 ] } { [ 45.401607 ] } { [ 28.759439 ] } { [ -9.899423 ] } { [ 54.477438 ] }
despues de filtrar: { [ 44.246952 ][ 51.194464 ][ 26.132537 ] } { [ 55.133962 ][ 40.024395 ] } { [ 59.229959 ] } { [ -18.205255 ] } { [ 40.048860 ][ 57.255530 ] } { [ -21.405127 ] } { [ -19.012442 ][ 21.324027 ] } { [ 45.401607 ] } { [ 54.477438 ] }
antes   de filtrar: { [ 44.246952 ][ 51.194464 ][ 26.132537 ] } { [ 55.133962 ][ 40.024395 ] } { [ 59.229959 ] } { [ -18.205255 ] } { [ 40.048860 ][ 57.255530 ] } { [ -21.405127 ] } { [ -19.012442 ][ 21.324027 ] } { [ 45.401607 ] } { [ 54.477438 ] }
despues de filtrar: { [ 44.246952 ][ 51.194464 ][ 26.132537 ] } { [ 55.133962 ][ 40.024395 ] } { [ 59.229959 ] } { [ -18.205255 ] } { [ 40.048860 ][ 57.255530 ] } { [ -21.405127 ] } { [ -19.012442 ][ 21.324027 ] } { [ 45.401607 ] } { [ 54.477438 ] }
antes   de colapsar { [ 44.246952 ][ 51.194464 ][ 26.132537 ] } { [ 55.133962 ][ 40.024395 ][ -0.188880 ] } { [ 59.229959 ] } { [ -18.205255 ] } { [ 40.048860 ][ 57.255530 ] } { [ -21.405127 ] } { [ -19.012442 ][ 21.324027 ] } { [ 45.401607 ] } { [ 54.477438 ] } { [ -17.719969 ] }
despues de colapsar { [ 44.246952 ][ 51.194464 ][ 26.132537 ] } { [ 55.133962 ][ 40.024395 ][ -0.188880 ] } { [ 59.229959 ] } { [ -18.205255 ] } { [ 40.048860 ][ 57.255530 ] } { [ -21.405127 ] } { [ -19.012442 ][ 21.324027 ] } { [ 45.401607 ] } { [ 54.477438 ] } { [ -17.719969 ] }
antes   de colapsar { [ 44.246952 ][ 51.194464 ][ 26.132537 ] } { [ 55.133962 ][ 40.024395 ][ -0.188880 ] } { [ 59.229959 ] } { [ -18.205255 ] } { [ 40.048860 ][ 57.255530 ] } { [ -21.405127 ] } { [ -19.012442 ][ 21.324027 ] } { [ 45.401607 ] } { [ 54.477438 ] } { [ -17.719969 ] } { [ 64.818156 ] } { [ 11.749721 ] } { [ 73.709335 ] } { [ 19.692141 ] }
despues de colapsar { [ 44.246952 ][ 51.194464 ][ 26.132537 ] } { [ 55.133962 ][ 40.024395 ][ -0.188880 ] } { [ 59.229959 ] } { [ -18.205255 ] } { [ 40.048860 ][ 57.255530 ] } { [ -21.405127 ] } { [ -19.012442 ][ 21.324027 ] } { [ 45.401607 ] } { [ 54.477438 ] } { [ -17.719969 ] } { [ 64.818156 ] } { [ 11.749721 ] } { [ 73.709335 ] } { [ 19.692141 ] }
antes   de colapsar { [ 44.246952 ][ 51.194464 ][ 26.132537 ] } { [ 55.133962 ][ 40.024395 ][ -0.188880 ] } { [ 59.229959 ] } { [ -18.205255 ] } { [ 40.048860 ][ 57.255530 ][ -11.323408 ] } { [ -21.405127 ] } { [ -19.012442 ][ 21.324027 ] } { [ 45.401607 ] } { [ 54.477438 ] } { [ -17.719969 ] } { [ 64.818156 ][ 20.129146 ] } { [ 11.749721 ] } { [ 73.709335 ] } { [ 19.692141 ] } { [ 52.775458 ] } { [ 4.540275 ] } { [ 30.229982 ] } { [ 12.742827 ] }
despues de colapsar { [ 44.246952 ][ 51.194464 ][ 26.132537 ] } { [ 55.133962 ][ 40.024395 ][ -0.188880 ] } { [ 59.229959 ] } { [ -18.205255 ] } { [ 40.048860 ][ 57.255530 ][ -11.323408 ] } { [ -21.405127 ] } { [ -19.012442 ][ 21.324027 ] } { [ 45.401607 ] } { [ 54.477438 ] } { [ -17.719969 ] } { [ 9.216686 ] } { [ 11.749721 ] } { [ 73.709335 ] } { [ 19.692141 ] } { [ 52.775458 ] } { [ 4.540275 ] } { [ 30.229982 ] } { [ 12.742827 ] }
antes   de filtrar: { [ 44.246952 ][ 51.194464 ][ 26.132537 ] } { [ 55.133962 ][ 40.024395 ][ -0.188880 ] } { [ 59.229959 ] } { [ -18.205255 ] } { [ 40.048860 ][ 57.255530 ][ -11.323408 ] } { [ -21.405127 ] } { [ -19.012442 ][ 21.324027 ] } { [ 45.401607 ] } { [ 54.477438 ] } { [ -17.719969 ] } { [ 9.216686 ] } { [ 11.749721 ] } { [ 73.709335 ] } { [ 19.692141 ] } { [ 52.775458 ] } { [ 4.540275 ] } { [ 30.229982 ] } { [ 12.742827 ] } { [ 32.161224 ] } { [ 49.908858 ] }
despues de filtrar: { [ 44.246952 ][ 51.194464 ][ 26.132537 ] } { [ 55.133962 ][ 40.024395 ][ -0.188880 ] } { [ 59.229959 ] } { [ -18.205255 ] } { [ 40.048860 ][ 57.255530 ][ -11.323408 ] } { [ -21.405127 ] } { [ -19.012442 ][ 21.324027 ] } { [ 45.401607 ] } { [ 54.477438 ] } { [ 9.216686 ] } { [ 30.229982 ] } { [ 32.161224 ] }
antes   de colapsar { [ fi2ae ] } { [ ugyq ] } { [ y7 ][ bdbw3f ][ hcu8k0xp9 ] } { [ sfav096 ] } { [ 3t ] } { [ y ] } { [ 53gsawbf ] }
despues de colapsar { [ fi2ae ] } { [ ugyq ] } { [ yhbc7ud8bk ] } { [ sfav096 ] } { [ 3t ] } { [ y ] } { [ 53gsawbf ] }
antes   de filtrar: { [ fi2ae ] } { [ ugyq ] } { [ yhbc7ud8bk ] } { [ sfav096 ][ 5nf5xo8yq7 ] } { [ 3t ] } { [ y ] } { [ 53gsawbf ] } { [ 98 ] } { [ pno ][ exongylb ] } { [ fb6ngd6gcj ] } { [ 5l50 ] } { [ rsacwvyx ] } { [ b ] } { [ ivbv3e4lse ] } { [ gj2h4vl62 ] }
despues de filtrar: { [ ugyq ] } { [ y ] } { [ pno ][ exongylb ] } { [ rsacwvyx ] } { [ b ] }
antes   de colapsar { [ ugyq ] } { [ y ] } { [ pno ][ exongylb ][ fv6b ][ xt2tl ] } { [ rsacwvyx ] } { [ b ] } { [ g3f6mghn0i ] } { [ vlv2ce7ubv ] }
despues de colapsar { [ ugyq ] } { [ y ] } { [ pno ][ exongylb ][ fv6b ][ xt2tl ] } { [ rsacwvyx ] } { [ b ] } { [ g3f6mghn0i ] } { [ vlv2ce7ubv ] }
antes   de colapsar { [ ugyq ] } { [ y ][ r22f1 ] } { [ pno ][ exongylb ][ fv6b ][ xt2tl ] } { [ rsacwvyx ] } { [ b ] } { [ g3f6mghn0i ] } { [ vlv2ce7ubv ] } { [ fox15lkwi ] } { [ pi4e09jq9 ] } { [ 6vodgu7 ] } { [ ajpfsinymq ] }
despues de colapsar { [ ugyq ] } { [ y ][ r22f1 ] } { [ pno ][ exongylb ][ fv6b ][ xt2tl ] } { [ rsacwvyx ] } { [ b ] } { [ g3f6mghn0i ] } { [ vlv2ce7ubv ] } { [ fox15lkwi ] } { [ pi4e09jq9 ] } { [ 6vodgu7 ] } { [ ajpfsinymq ] }
antes   de colapsar { [ ugyq ][ 0laeua ] } { [ y ][ r22f1 ] } { [ pno ][ exongylb ][ fv6b ][ xt2tl ] } { [ rsacwvyx ] } { [ b ] } { [ g3f6mghn0i ] } { [ vlv2ce7ubv ] } { [ fox15lkwi ] } { [ pi4e09jq9 ] } { [ 6vodgu7 ] } { [ ajpfsinymq ] } { [ 8l7j ] } { [ cpye1 ] } { [ h88xvt8 ] } { [ w ] } { [ 71rq ] }
despues de colapsar { [ ugyq ][ 0laeua ] } { [ y ][ r22f1 ] } { [ pno ][ exongylb ][ fv6b ][ xt2tl ] } { [ rsacwvyx ] } { [ b ] } { [ g3f6mghn0i ] } { [ vlv2ce7ubv ] } { [ fox15lkwi ] } { [ pi4e09jq9 ] } { [ 6vodgu7 ] } { [ ajpfsinymq ] } { [ 8l7j ] } { [ cpye1 ] } { [ h88xvt8 ] } { [ w ] } { [ 71rq ] }
antes   de colapsar { [ ugyq ][ 0laeua ] } { [ y ][ r22f1 ] } { [ pno ][ exongylb ][ fv6b ][ xt2tl ] } { [ rsacwvyx ] } { [ b ] } { [ g3f6mghn0i ] } { [ vlv2ce7ubv ] } { [ fox15lkwi ] } { [ pi4e09jq9 ] } { [ 6vodgu7 ] } { [ ajpfsinymq ] } { [ 8l7j ] } { [ cpye1 ] } { [ h88xvt8 ] } { [ w ] } { [ 71rq ] }
despues de colapsar { [ ugyq ][ 0laeua ] } { [ y ][ r22f1 ] } { [ pno ][ exongylb ][ fv6b ][ xt2tl ] } { [ rsacwvyx ] } { [ b ] } { [ g3f6mghn0i ] } { [ vlv2ce7ubv ] } { [ fox15lkwi ] } { [ pi4e09jq9 ] } { [ 6vodgu7 ] } { [ ajpfsinymq ] } { [ 8l7j ] } { [ cpye1 ] } { [ h88xvt8 ] } { [ w ] } { [ 71rq ] }
antes   de colapsar { [ ugyq ][ 0laeua ] } { [ y ][ r22f1 ] } { [ pno ][ exongylb ][ fv6b ][ xt2tl ] } { [ rsacwvyx ] } { [ b ] } { [ g3f6mghn0i ] } { [ vlv2ce7ubv ] } { [ fox15lkwi ] } { [ pi4e09jq9 ] } { [ 6vodgu7 ] } { [ ajpfsinymq ] } { [ 8l7j ] } { [ cpye1 ] } { [ h88xvt8 ] } { [ w ] } { [ 71rq ] }
despues de colapsar { [ ugyq ][ 0laeua ] } { [ y ][ r22f1 ] } { [ pno ][ exongylb ][ fv6b ][ xt2tl ] } { [ rsacwvyx ] } { [ b ] } { [ g3f6mghn0i ] } { [ vlv2ce7ubv ] } { [ fox15lkwi ] } { [ pi4e09jq9 ] } { [ 6vodgu7 ] } { [ ajpfsinymq ] } { [ 8l7j ] } { [ cpye1 ] } { [ h88xvt8 ] } { [ w ] } { [ 71rq ] }
antes   de filtrar: { [ ugyq ][ 0laeua ] } { [ y ][ r22f1 ] } { [ pno ][ exongylb ][ fv6b ][ xt2tl ] } { [ rsacwvyx ] } { [ b ] } { [ g3f6mghn0i ] } { [ vlv2ce7ubv ] } { [ fox15lkwi ] } { [ pi4e09jq9 ] } { [ 6vodgu7 ] } { [ ajpfsinymq ] } { [ 8l7j ] } { [ cpye1 ] } { [ h88xvt8 ] } { [ w ] } { [ 71rq ] } { [ 0fxdjvp876 ] }
despues de filtrar: { [ ugyq ][ 0laeua ] } { [ y ][ r22f1 ] } { [ pno ][ exongylb ][ fv6b ][ xt2tl ] } { [ rsacwvyx ] } { [ b ] } { [ ajpfsinymq ] } { [ w ] }
antes   de filtrar: { [ ugyq ][ 0laeua ] } { [ y ][ r22f1 ] } { [ pno ][ exongylb ][ fv6b ][ xt2tl ] } { [ rsacwvyx ] } { [ b ] } { [ ajpfsinymq ] } { [ w ] }
despues de filtrar: { [ ugyq ][ 0laeua ] } { [ y ][ r22f1 ] } { [ pno ][ exongylb ][ fv6b ][ xt2tl ] } { [ rsacwvyx ] } { [ b ] } { [ ajpfsinymq ] } { [ w ] }
antes   de colapsar { [ ugyq ][ 0laeua ] } { [ y ][ r22f1 ][ rc567e ] } { [ pno ][ exongylb ][ fv6b ][ xt2tl ] } { [ rsacwvyx ][ 3la6uw ] } { [ b ] } { [ ajpfsinymq ] } { [ w ] } { [ 4b2ajy ] } { [ gmu ][ 4i4o5f ] } { [ kfeloy ] } { [ 5 ] } { [ ff ] } { [ f52ukdq2j ] } { [ 6e4ogbwdg ] }
despues de colapsar { [ ugyq ][ 0laeua ] } { [ y ][ r22f1 ][ rc567e ] } { [ pno ][ exongylb ][ fv6b ][ xt2tl ] } { [ rsacwvyx ][ 3la6uw ] } { [ b ] } { [ ajpfsinymq ] } { [ w ] } { [ 4b2ajy ] } { [ gmu ][ 4i4o5f ] } { [ kfeloy ] } { [ 5 ] } { [ ff ] } { [ f52ukdq2j ] } { [ 6e4ogbwdg ] }
antes   de colapsar { [ ulqrk4 ] }
despues de colapsar { [ ulqrk4 ] }
antes   de colapsar { [ ulqrk4 ][ cih ][ goc4uvbpv ][ qgob78 ][ th ] } { [ d3 ][ hnthe09gut ][ 1dg9h ] } { [ 9gif3bg5 ] } { [ wb9acsha9 ] } { [ h ] } { [ bqgf ] } { [ faexlxhxx7 ] }
despues de colapsar { [ utqhggcoob ] } { [ d1hd3gn9th ] } { [ 9gif3bg5 ] } { [ wb9acsha9 ] } { [ h ] } { [ bqgf ] } { [ faexlxhxx7 ] }
antes   de filtrar: { [ utqhggcoob ] } { [ d1hd3gn9th ] } { [ 9gif3bg5 ] } { [ wb9acsha9 ] } { [ h ] } { [ bqgf ] } { [ faexlxhxx7 ] }
despues de filtrar: { [ utqhggcoob ] } { [ h ] } { [ bqgf ] }
antes   de colapsar { [ utqhggcoob ] } { [ h ] } { [ bqgf ] } { [ iphibq ] }
despues de colapsar { [ utqhggcoob ] } { [ h ] } { [ bqgf ] } { [ iphibq ] }
antes   de colapsar { [ utqhggcoob ][ a ] } { [ h ] } { [ bqgf ] } { [ iphibq ] } { [ imf5nw ] } { [ 8 ][ e ] } { [ x ] } { [ s ][ 6or ] } { [ 04s7qsnxh ] } { [ ewuiyod8h ] } { [ 4dpeap5 ] } { [ 8 ] } { [ hl ] } { [ a ] } { [ a0w ] } { [ mi98 ] } { [ h3cq4 ] }
despues de colapsar { [ utqhggcoob ][ a ] } { [ h ] } { [ bqgf ] } { [ iphibq ] } { [ imf5nw ] } { [ 8e ] } { [ x ] } { [ s ][ 6or ] } { [ 04s7qsnxh ] } { [ ewuiyod8h ] } { [ 4dpeap5 ] } { [ 8 ] } { [ hl ] } { [ a ] } { [ a0w ] } { [ mi98 ] } { [ h3cq4 ] }
antes   de colapsar { [ utqhggcoob ][ a ] } { [ h ] } { [ bqgf ] } { [ iphibq ] } { [ imf5nw ] } { [ 8e ][ c ] } { [ x ][ 3g6yphm2qh ] } { [ s ][ 6or ] } { [ 04s7qsnxh ][ gxhp7v8 ] } { [ ewuiyod8h ] } { [ 4dpeap5 ] } { [ 8 ] } { [ hl ] } { [ a ] } { [ a0w ][ g1y0w ] } { [ mi98 ] } { [ h3cq4 ] } { [ b5f6uf1dq ] } { [ 6 ] } { [ vk7 ] } { [ vk0t ] } { [ qe8jg2d ] } { [ wx4l0qb ] }
despues de colapsar { [ utqhggcoob ][ a ] } { [ h ] } { [ bqgf ] } { [ iphibq ] } { [ imf5nw ] } { [ 8ce ] } { [ x ][ 3g6yphm2qh ] } { [ s ][ 6or ] } { [ 0g4xsh7pq7 ] } { [ ewuiyod8h ] } { [ 4dpeap5 ] } { [ 8 ] } { [ hl ] } { [ a ] } { [ ag01wy0w ] } { [ mi98 ] } { [ h3cq4 ] } { [ b5f6uf1dq ] } { [ 6 ] } { [ vk7 ] } { [ vk0t ] } { [ qe8jg2d ] } { [ wx4l0qb ] }
antes   de filtrar: { [ utqhggcoob ][ a ] } { [ h ] } { [ bqgf ] } { [ iphibq ] } { [ imf5nw ] } { [ 8ce ] } { [ x ][ 3g6yphm2qh ] } { [ s ][ 6or ] } { [ 0g4xsh7pq7 ] } { [ ewuiyod8h ] } { [ 4dpeap5 ] } { [ 8 ] } { [ hl ] } { [ a ] } { [ ag01wy0w ] } { [ mi98 ] } { [ h3cq4 ] } { [ b5f6uf1dq ] } { [ 6 ] } { [ vk7 ] } { [ vk0t ] } { [ qe8jg2d ] } { [ wx4l0qb ] } { [ nr ] }
despues de filtrar: { [ utqhggcoob ][ a ] } { [ h ] } { [ bqgf ] } { [ iphibq ] } { [ x ][ 3g6yphm2qh ] } { [ s ][ 6or ] } { [ hl ] } { [ a ] } { [ nr ] }
antes   de colapsar { [ utqhggcoob ][ a ] } { [ h ] } { [ bqgf ] } { [ iphibq ] } { [ x ][ 3g6yphm2qh ] } { [ s ][ 6or ] } { [ hl ] } { [ a ] } { [ nr ] } { [ tjq9 ] } { [ u23dfxbfk ][ s4tmfkfg44 ] } { [ w2sd7qnpu3 ] } { [ rjb ] }
despues de colapsar { [ utqhggcoob ][ a ] } { [ h ] } { [ bqgf ] } { [ iphibq ] } { [ x ][ 3g6yphm2qh ] } { [ s ][ 6or ] } { [ hl ] } { [ a ] } { [ nr ] } { [ tjq9 ] } { [ us243tdmff ] } { [ w2sd7qnpu3 ] } { [ rjb ] }
antes   de colapsar { [ utqhggcoob ][ a ] } { [ h ] } { [ bqgf ] } { [ iphibq ] } { [ x ][ 3g6yphm2qh ] } { [ s ][ 6or ] } { [ hl ] } { [ a ] } { [ nr ] } { [ tjq9 ] } { [ us243tdmff ] } { [ w2sd7qnpu3 ] } { [ rjb ] } { [ w27qm ] } { [ p7 ] }
despues de colapsar { [ utqhggcoob ][ a ] } { [ h ] } { [ bqgf ] } { [ iphibq ] } { [ x ][ 3g6yphm2qh ] } { [ s ][ 6or ] } { [ hl ] } { [ a ] } { [ nr ] } { [ tjq9 ] } { [ us243tdmff ] } { [ w2sd7qnpu3 ] } { [ rjb ] } { [ w27qm ] } { [ p7 ] }
antes   de filtrar: { [ utqhggcoob ][ a ] } { [ h ] } { [ bqgf ] } { [ iphibq ] } { [ x ][ 3g6yphm2qh ] } { [ s ][ 6or ] } { [ hl ] } { [ a ] } { [ nr ] } { [ tjq9 ] } { [ us243tdmff ] } { [ w2sd7qnpu3 ] } { [ rjb ] } { [ w27qm ] } { [ p7 ] } { [ 7kmo98 ] }
despues de filtrar: { [ utqhggcoob ][ a ] } { [ h ] } { [ bqgf ] } { [ iphibq ] } { [ x ][ 3g6yphm2qh ] } { [ s ][ 6or ] } { [ hl ] } { [ a ] } { [ nr ] } { [ rjb ] }
antes   de colapsar <vacia>
despues de colapsar <vacia>
antes   de colapsar { [ 722 ] } { [ 4622 ] } { [ -4032 ] } { [ -4894 ] }
despues de colapsar { [ 722 ] } { [ 4622 ] } { [ -4032 ] } { [ -4894 ] }
antes   de filtrar: { [ 722 ] } { [ 4622 ][ 3401 ] } { [ -4032 ] } { [ -4894 ] }
despues de filtrar: { [ 722 ] } { [ 4622 ][ 3401 ] } { [ -4894 ] }
antes   de colapsar { [ 722 ] } { [ 4622 ][ 3401 ] } { [ -4894 ] } { [ 3840 ] }
despues de colapsar { [ 722 ] } { [ 4622 ][ 3401 ] } { [ -4894 ] } { [ 3840 ] }
antes   de colapsar { [ 722 ] } { [ 4622 ][ 3401 ] } { [ -4894 ] } { [ 3840 ][ -1161 ] } { [ 848 ] }
despues de colapsar { [ 722 ] } { [ 4622 ][ 3401 ] } { [ -4894 ] } { [ 0 ] } { [ 848 ] }
antes   de colapsar { [ 722 ][ 2387 ] } { [ 4622 ][ 3401 ][ 2322 ] } { [ -4894 ] } { [ 0 ][ -2976 ] } { [ 848 ] } { [ 2176 ] } { [ 610 ] } { [ 3312 ] }
despues de colapsar { [ 722 ][ 2387 ] } { [ 4622 ][ 3401 ][ 2322 ] } { [ -4894 ] } { [ 0 ][ -2976 ] } { [ 848 ] } { [ 2176 ] } { [ 610 ] } { [ 3312 ] }
antes   de filtrar: { [ 722 ][ 2387 ] } { [ 4622 ][ 3401 ][ 2322 ] } { [ -4894 ] } { [ 0 ][ -2976 ] } { [ 848 ] } { [ 2176 ] } { [ 610 ] } { [ 3312 ] } { [ 1872 ] }
despues de filtrar: { [ 722 ][ 2387 ] } { [ 4622 ][ 3401 ][ 2322 ] } { [ -4894 ] } { [ 0 ][ -2976 ] } { [ 848 ] } { [ 2176 ] } { [ 3312 ] } { [ 1872 ] }
antes   de filtrar: { [ 722 ][ 2387 ] } { [ 4622 ][ 3401 ][ 2322 ] } { [ -4894 ] } { [ 0 ][ -2976 ] } { [ 848 ] } { [ 2176 ] } { [ 3312 ] } { [ 1872 ] } { [ -4751 ] } { [ -2070 ][ -4899 ] } { [ -2278 ] } { [ 4515 ] } { [ -3426 ] } { [ -4654 ] }
despues de filtrar: { [ 722 ][ 2387 ] } { [ 4622 ][ 3401 ][ 2322 ] } { [ -4894 ] } { [ 0 ][ -2976 ] } { [ 848 ] } { [ 2176 ] } { [ 3312 ] } { [ 1872 ] } { [ -4751 ] } { [ -2278 ] } { [ 4515 ] } { [ -3426 ] } { [ -4654 ] }
antes   de colapsar { [ 722 ][ 2387 ] } { [ 4622 ][ 3401 ][ 2322 ] } { [ -4894 ] } { [ 0 ][ -2976 ] } { [ 848 ] } { [ 2176 ] } { [ 3312 ] } { [ 1872 ] } { [ -4751 ] } { [ -2278 ] } { [ 4515 ] } { [ -3426 ] } { [ -4654 ] }
despues de colapsar { [ 722 ][ 2387 ] } { [ 4622 ][ 3401 ][ 2322 ] } { [ -4894 ] } { [ 0 ][ -2976 ] } { [ 848 ] } { [ 2176 ] } { [ 3312 ] } { [ 1872 ] } { [ -4751 ] } { [ -2278 ] } { [ 4515 ] } { [ -3426 ] } { [ -4654 ] }
antes   de colapsar { [ 722 ][ 2387 ] } { [ 4622 ][ 3401 ][ 2322 ] } { [ -4894 ] } { [ 0 ][ -2976 ] } { [ 848 ] } { [ 2176 ] } { [ 3312 ][ 4084 ] } { [ 1872 ] } { [ -4751 ] } { [ -2278 ] } { [ 4515 ] } { [ -3426 ] } { [ -4654 ] } { [ 4993 ] } { [ -4817 ] }
despues de colapsar { [ 722 ][ 2387 ] } { [ 4622 ][ 3401 ][ 2322 ] } { [ -4894 ] } { [ 0 ][ -2976 ] } { [ 848 ] } { [ 2176 ] } { [ 3312 ][ 4084 ] } { [ 1872 ] } { [ -4751 ] } { [ -2278 ] } { [ 4515 ] } { [ -3426 ] } { [ -4654 ] } { [ 4993 ] } { [ -4817 ] }
antes   de filtrar: { [ -3548 ] } { [ -1932 ] } { [ 1288 ] } { [ 36 ] }
despues de filtrar: { [ -3548 ] } { [ -1932 ] } { [ 1288 ] } { [ 36 ] }
antes   de filtrar: { [ -3548 ] } { [ -1932 ] } { [ 1288 ] } { [ 36 ] } { [ -3850 ] }
despues de filtrar: { [ -3548 ] } { [ -1932 ] } { [ 1288 ] } { [ 36 ] }
antes   de colapsar { [ -3548 ] } { [ -1932 ] } { [ 1288 ] } { [ 36 ] }
despues de colapsar { [ -3548 ] } { [ -1932 ] } { [ 1288 ] } { [ 36 ] }
antes   de colapsar { [ -3548 ] } { [ -1932 ][ 1227 ] } { [ 1288 ] } { [ 36 ][ -4346 ] } { [ 4914 ] } { [ 949 ] } { [ 4825 ][ -1053 ] } { [ 658 ][ -1116 ] } { [ 2455 ] } { [ -1066 ] } { [ 1836 ] } { [ 2296 ] } { [ 2015 ] } { [ 4877 ] } { [ 1007 ] } { [ 886 ] } { [ 4165 ] } { [ -978 ] }
despues de colapsar { [ -3548 ] } { [ -1932 ][ 1227 ] } { [ 1288 ] } { [ 36 ][ -4346 ] } { [ 4914 ] } { [ 949 ] } { [ 4825 ][ -1053 ] } { [ 658 ][ -1116 ] } { [ 2455 ] } { [ -1066 ] } { [ 1836 ] } { [ 2296 ] } { [ 2015 ] } { [ 4877 ] } { [ 1007 ] } { [ 886 ] } { [ 4165 ] } { [ -978 ] }
antes   de colapsar { [ -3548 ] } { [ -1932 ][ 1227 ] } { [ 1288 ] } { [ 36 ][ -4346 ] } { [ 4914 ] } { [ 949 ] } { [ 4825 ][ -1053 ] } { [ 658 ][ -1116 ] } { [ 2455 ] } { [ -1066 ] } { [ 1836 ] } { [ 2296 ] } { [ 2015 ] } { [ 4877 ] } { [ 1007 ] } { [ 886 ] } { [ 4165 ] } { [ -978 ] }
despues de colapsar { [ -3548 ] } { [ -1932 ][ 1227 ] } { [ 1288 ] } { [ 36 ][ -4346 ] } { [ 4914 ] } { [ 949 ] } { [ 4825 ][ -1053 ] } { [ 658 ][ -1116 ] } { [ 2455 ] } { [ -1066 ] } { [ 1836 ] } { [ 2296 ] } { [ 2015 ] } { [ 4877 ] } { [ 1007 ] } { [ 886 ] } { [ 4165 ] } { [ -978 ] }
antes   de colapsar { [ -3548 ] } { [ -1932 ][ 1227 ] } { [ 1288 ] } { [ 36 ][ -4346 ] } { [ 4914 ] } { [ 949 ] } { [ 4825 ][ -1053 ] } { [ 658 ][ -1116 ] } { [ 2455 ] } { [ -1066 ] } { [ 1836 ] } { [ 2296 ] } { [ 2015 ] } { [ 4877 ] } { [ 1007 ] } { [ 886 ] } { [ 4165 ] } { [ -978 ] } { [ -1658 ] } { [ -4026 ] }
despues de colapsar { [ -3548 ] } { [ -1932 ][ 1227 ] } { [ 1288 ] } { [ 36 ][ -4346 ] } { [ 4914 ] } { [ 949 ] } { [ 4825 ][ -1053 ] } { [ 658 ][ -1116 ] } { [ 2455 ] } { [ -1066 ] } { [ 1836 ] } { [ 2296 ] } { [ 2015 ] } { [ 4877 ] } { [ 1007 ] } { [ 886 ] } { [ 4165 ] } { [ -978 ] } { [ -1658 ] } { [ -4026 ] }
antes   de colapsar { [ -3548 ] } { [ -1932 ][ 1227 ] } { [ 1288 ] } { [ 36 ][ -4346 ] } { [ 4914 ] } { [ 949 ] } { [ 4825 ][ -1053 ] } { [ 658 ][ -1116 ] } { [ 2455 ][ -940 ] } { [ -1066 ] } { [ 1836 ] } { [ 2296 ] } { [ 2015 ] } { [ 4877 ] } { [ 1007 ] } { [ 886 ] } { [ 4165 ] } { [ -978 ] } { [ -1658 ] } { [ -4026 ] } { [ 4649 ] } { [ -3861 ] }
despues de colapsar { [ -3548 ] } { [ -1932 ][ 1227 ] } { [ 1288 ] } { [ 36 ][ -4346 ] } { [ 4914 ] } { [ 949 ] } { [ 4825 ][ -1053 ] } { [ 658 ][ -1116 ] } { [ 2455 ][ -940 ] } { [ -1066 ] } { [ 1836 ] } { [ 2296 ] } { [ 2015 ] } { [ 4877 ] } { [ 1007 ] } { [ 886 ] } { [ 4165 ] } { [ -978 ] } { [ -1658 ] } { [ -4026 ] } { [ 4649 ] } { [ -3861 ] }
antes   de colapsar { [ -3548 ] } { [ -1932 ][ 1227 ] } { [ 1288 ] } { [ 36 ][ -4346 ] } { [ 4914 ][ 1928 ] } { [ 949 ] } { [ 4825 ][ -1053 ] } { [ 658 ][ -1116 ] } { [ 2455 ][ -940 ] } { [ -1066 ] } { [ 1836 ] } { [ 2296 ] } { [ 2015 ] } { [ 4877 ] } { [ 1007 ] } { [ 886 ] } { [ 4165 ] } { [ -978 ] } { [ -1658 ] } { [ -4026 ] } { [ 4649 ] } { [ -3861 ] }
despues de colapsar { [ -3548 ] } { [ -1932 ][ 1227 ] } { [ 1288 ] } { [ 36 ][ -4346 ] } { [ 4914 ][ 1928 ] } { [ 949 ] } { [ 4825 ][ -1053 ] } { [ 658 ][ -1116 ] } { [ 2455 ][ -940 ] } { [ -1066 ] } { [ 1836 ] } { [ 2296 ] } { [ 2015 ] } { [ 4877 ] } { [ 1007 ] } { [ 886 ] } { [ 4165 ] } { [ -978 ] } { [ -1658 ] } { [ -4026 ] } { [ 4649 ] } { [ -3861 ] }
antes   de colapsar { [ -3548 ] } { [ -1932 ][ 1227 ] } { [ 1288 ][ 4058 ] } { [ 36 ][ -4346 ] } { [ 4914 ][ 1928 ] } { [ 949 ] } { [ 4825 ][ -1053 ] } { [ 658 ][ -1116 ] } { [ 2455 ][ -940 ] } { [ -1066 ] } { [ 1836 ] } { [ 2296 ] } { [ 2015 ] } { [ 4877 ] } { [ 1007 ] } { [ 886 ] } { [ 4165 ] } { [ -978 ] } { [ -1658 ] } { [ -4026 ] } { [ 4649 ] } { [ -3861 ][ 4374 ] } { [ -89 ] }
despues de colapsar { [ -3548 ] } { [ -1932 ][ 1227 ] } { [ 1288 ][ 4058 ] } { [ 36 ][ -4346 ] } { [ 4914 ][ 1928 ] } { [ 949 ] } { [ 4825 ][ -1053 ] } { [ 658 ][ -1116 ] } { [ 2455 ][ -940 ] } { [ -1066 ] } { [ 1836 ] } { [ 2296 ] } { [ 2015 ] } { [ 4877 ] } { [ 1007 ] } { [ 886 ] } { [ 4165 ] } { [ -978 ] } { [ -1658 ] } { [ -4026 ] } { [ 4649 ] } { [ -3861 ][ 4374 ] } { [ -89 ] }
antes   de filtrar: { [ -3548 ] } { [ -1932 ][ 1227 ] } { [ 1288 ][ 4058 ][ 842 ] } { [ 36 ][ -4346 ] } { [ 4914 ][ 1928 ] } { [ 949 ] } { [ 4825 ][ -1053 ][ -4129 ] } { [ 658 ][ -1116 ][ 4852 ] } { [ 2455 ][ -940 ] } { [ -1066 ] } { [ 1836 ] } { [ 2296 ] } { [ 2015 ] } { [ 4877 ] } { [ 1007 ][ 944 ] } { [ 886 ] } { [ 4165 ][ 2060 ] } { [ -978 ][ 3714 ] } { [ -1658 ] } { [ -4026 ] } { [ 4649 ] } { [ -3861 ][ 4374 ] } { [ -89 ] } { [ -1526 ] } { [ 3024 ] } { [ -3371 ] } { [ -3500 ] } { [ -1999 ] } { [ -3667 ] } { [ 4055 ] } { [ -1679 ] } { [ -1612 ] } { [ -250 ] } { [ -3873 ] }
despues de filtrar: { [ -3548 ] } { [ -1932 ][ 1227 ] } { [ 1288 ][ 4058 ][ 842 ] } { [ 36 ][ -4346 ] } { [ 4914 ][ 1928 ] } { [ 949 ] } { [ 4825 ][ -1053 ][ -4129 ] } { [ 658 ][ -1116 ][ 4852 ] } { [ 2455 ][ -940 ] } { [ 1836 ] } { [ 2296 ] } { [ 4877 ] } { [ 886 ] } { [ 4165 ][ 2060 ] } { [ -978 ][ 3714 ] } { [ -1658 ] } { [ 4649 ] } { [ -3861 ][ 4374 ] } { [ -89 ] } { [ -1526 ] } { [ -3371 ] } { [ -1999 ] } { [ -3667 ] } { [ -1679 ] } { [ -1612 ] } { [ -3873 ] }
