antes   de filtrar: { [ jcw ][ s4xx2 ] } { [ htyvmiw ][ tb1 ] } { [ 3vwlbfid12 ][ budb ][ ey ] } { [ d3xq96ucx4 ][ bs2w ] } { [ 2qgc9xi9 ] } { [ ty96nfgvk ] } { [ t ][ bmy38 ][ cncqh ] } { [ uebnx9u8s9 ] } { [ jah7 ] } { [ so5if2620 ] } { [ od ] } { [ podspgt0vh ] }
despues de filtrar: { [ jcw ][ s4xx2 ] } { [ htyvmiw ][ tb1 ] } { [ t ][ bmy38 ][ cncqh ] } { [ od ] }
antes   de colapsar { [ jcw ][ s4xx2 ] } { [ htyvmiw ][ tb1 ] } { [ t ][ bmy38 ][ cncqh ] } { [ od ] }
despues de colapsar { [ jcw ][ s4xx2 ] } { [ htyvmiw ][ tb1 ] } { [ t ][ bmy38 ][ cncqh ] } { [ od ] }
antes   de colapsar { [ jcw ][ s4xx2 ] } { [ htyvmiw ][ tb1 ] } { [ t ][ bmy38 ][ cncqh ] } { [ od ] }
despues de colapsar { [ jcw ][ s4xx2 ] } { [ htyvmiw ][ tb1 ] } { [ t ][ bmy38 ][ cncqh ] } { [ od ] }
antes   de colapsar { [ jcw ][ s4xx2 ] } { [ htyvmiw ][ tb1 ][ a7v0noxd0 ] } { [ t ][ bmy38 ][ cncqh ] } { [ od ] }
despues de colapsar { [ jcw ][ s4xx2 ] } { [ htyvmiw ][ tb1 ][ a7v0noxd0 ] } { [ t ][ bmy38 ][ cncqh ] } { [ od ] }
antes   de filtrar: { [ jcw ][ s4xx2 ] } { [ htyvmiw ][ tb1 ][ a7v0noxd0 ] } { [ t ][ bmy38 ][ cncqh ] } { [ od ] }
despues de filtrar: { [ jcw ][ s4xx2 ] } { [ htyvmiw ][ tb1 ][ a7v0noxd0 ] } { [ t ][ bmy38 ][ cncqh ] } { [ od ] }
antes   de colapsar { [ jcw ][ s4xx2 ] } { [ htyvmiw ][ tb1 ][ a7v0noxd0 ] } { [ t ][ bmy38 ][ cncqh ] } { [ od ] }
despues de colapsar { [ jcw ][ s4xx2 ] } { [ htyvmiw ][ tb1 ][ a7v0noxd0 ] } { [ t ][ bmy38 ][ cncqh ] } { [ od ] }
antes   de colapsar { [ jcw ][ s4xx2 ] } { [ htyvmiw ][ tb1 ][ a7v0noxd0 ] } { [ t ][ bmy38 ][ cncqh ] } { [ od ][ xfp6 ] } { [ apymnkcd0c ] }
despues de colapsar { [ jcw ][ s4xx2 ] } { [ htyvmiw ][ tb1 ][ a7v0noxd0 ] } { [ t ][ bmy38 ][ cncqh ] } { [ od ][ xfp6 ] } { [ apymnkcd0c ] }
antes   de colapsar { [ jcw ][ s4xx2 ] } { [ htyvmiw ][ tb1 ][ a7v0noxd0 ][ b2a8dw7vi ] } { [ t ][ bmy38 ][ cncqh ] } { [ od ][ xfp6 ] } { [ apymnkcd0c ] } { [ s4 ] } { [ 8kkvr969w1 ] } { [ 2 ] } { [ 73ss1s16h5 ][ ks0qm ] } { [ i460jayd ] } { [ k ] } { [ vlh ] } { [ y1uxkv ] } { [ 3k ] }
despues de colapsar { [ jcw ][ s4xx2 ] } { [ htyvmiw ][ tb1 ][ a7v0noxd0 ][ b2a8dw7vi ] } { [ t ][ bmy38 ][ cncqh ] } { [ od ][ xfp6 ] } { [ apymnkcd0c ] } { [ s4 ] } { [ 8kkvr969w1 ] } { [ 2 ] } { [ 7k3ss0sq1m ] } { [ i460jayd ] } { [ k ] } { [ vlh ] } { [ y1uxkv ] } { [ 3k ] }
antes   de filtrar: { [ jcw ][ s4xx2 ][ u ] } { [ htyvmiw ][ tb1 ][ a7v0noxd0 ][ b2a8dw7vi ] } { [ t ][ bmy38 ][ cncqh ] } { [ od ][ xfp6 ] } { [ apymnkcd0c ] } { [ s4 ] } { [ 8kkvr969w1 ] } { [ 2 ] } { [ 7k3ss0sq1m ] } { [ i460jayd ] } { [ k ] } { [ vlh ][ qy20bsb6ya ] } { [ y1uxkv ] } { [ 3k ] } { [ 2x32n54696 ] } { [ 5g4 ] } { [ i6bbjj5fi ] } { [ yf2cx3 ] } { [ lqxnwbha ] }
despues de filtrar: { [ jcw ][ s4xx2 ][ u ] } { [ htyvmiw ][ tb1 ][ a7v0noxd0 ][ b2a8dw7vi ] } { [ t ][ bmy38 ][ cncqh ] } { [ od ][ xfp6 ] } { [ k ] } { [ vlh ][ qy20bsb6ya ] } { [ lqxnwbha ] }
antes   de colapsar { [ jcw ][ s4xx2 ][ u ] } { [ htyvmiw ][ tb1 ][ a7v0noxd0 ][ b2a8dw7vi ] } { [ t ][ bmy38 ][ cncqh ] } { [ od ][ xfp6 ] } { [ k ] } { [ vlh ][ qy20bsb6ya ] } { [ lqxnwbha ] } { [ yausohel ][ ieryxh9yfc ] } { [ e1 ] } { [ 8 ] } { [ 71d ] }
despues de colapsar { [ jcw ][ s4xx2 ][ u ] } { [ htyvmiw ][ tb1 ][ a7v0noxd0 ][ b2a8dw7vi ] } { [ t ][ bmy38 ][ cncqh ] } { [ od ][ xfp6 ] } { [ k ] } { [ vlh ][ qy20bsb6ya ] } { [ lqxnwbha ] } { [ yausohel ][ ieryxh9yfc ] } { [ e1 ] } { [ 8 ] } { [ 71d ] }
antes   de colapsar { [ 1520 ][ -1559 ] }
despues de colapsar { [ 0 ] }
antes   de colapsar { [ 0 ] } { [ 1778 ] } { [ -1939 ] }
despues de colapsar { [ 0 ] } { [ 1778 ] } { [ -1939 ] }
antes   de colapsar { [ 0 ] } { [ 1778 ] } { [ -1939 ] }
despues de colapsar { [ 0 ] } { [ 1778 ] } { [ -1939 ] }
antes   de colapsar { [ 0 ] } { [ 1778 ] } { [ -1939 ] } { [ 1311 ] }
despues de colapsar { [ 0 ] } { [ 1778 ] } { [ -1939 ] } { [ 1311 ] }
antes   de colapsar { [ 0 ] } { [ 1778 ] } { [ -1939 ] } { [ 1311 ] }
despues de colapsar { [ 0 ] } { [ 1778 ] } { [ -1939 ] } { [ 1311 ] }
antes   de filtrar: { [ 0 ][ -4931 ] } { [ 1778 ][ -4339 ] } { [ -1939 ] } { [ 1311 ] } { [ 4471 ] } { [ -1121 ] }
despues de filtrar: { [ 0 ][ -4931 ] } { [ 1778 ][ -4339 ] } { [ -1939 ] } { [ 1311 ] } { [ 4471 ] } { [ -1121 ] }
antes   de filtrar: { [ 0 ][ -4931 ] } { [ 1778 ][ -4339 ] } { [ -1939 ] } { [ 1311 ][ 2087 ][ -157 ] } { [ 4471 ] } { [ -1121 ] } { [ 1043 ] } { [ -2498 ] } { [ 3139 ] } { [ -4968 ] } { [ -2206 ] } { [ -2946 ] } { [ -1560 ] } { [ 1821 ] } { [ 4637 ] } { [ 1420 ] }
despues de filtrar: { [ 0 ][ -4931 ] } { [ 1778 ][ -4339 ] } { [ -1939 ] } { [ 1311 ][ 2087 ][ -157 ] } { [ 4471 ] } { [ -1121 ] } { [ -2498 ] } { [ 3139 ] } { [ -4968 ] } { [ -2946 ] } { [ 1821 ] } { [ 4637 ] }
antes   de filtrar: { [ 0 ][ -4931 ][ -2253 ] } { [ 1778 ][ -4339 ] } { [ -1939 ] } { [ 1311 ][ 2087 ][ -157 ] } { [ 4471 ] } { [ -1121 ] } { [ -2498 ][ -1127 ] } { [ 3139 ] } { [ -4968 ] } { [ -2946 ] } { [ 1821 ] } { [ 4637 ] } { [ 3100 ] } { [ -2312 ] } { [ 1397 ] } { [ 1320 ] } { [ -723 ] } { [ 4141 ] }
despues de filtrar: { [ 0 ][ -4931 ][ -2253 ] } { [ 1778 ][ -4339 ] } { [ -1939 ] } { [ 1311 ][ 2087 ][ -157 ] } { [ 4471 ] } { [ -1121 ] } { [ -2498 ][ -1127 ] } { [ 3139 ] } { [ -4968 ] } { [ -2946 ] } { [ 1821 ] } { [ 4637 ] } { [ -2312 ] } { [ 1397 ] } { [ -723 ] } { [ 4141 ] }
antes   de colapsar { [ 0 ][ -4931 ][ -2253 ] } { [ 1778 ][ -4339 ] } { [ -1939 ] } { [ 1311 ][ 2087 ][ -157 ] } { [ 4471 ] } { [ -1121 ] } { [ -2498 ][ -1127 ] } { [ 3139 ] } { [ -4968 ] } { [ -2946 ] } { [ 1821 ] } { [ 4637 ] } { [ -2312 ] } { [ 1397 ] } { [ -723 ] } { [ 4141 ][ -3415 ] } { [ -362 ] } { [ -4471 ] }
despues de colapsar { [ 0 ][ -4931 ][ -2253 ] } { [ 1778 ][ -4339 ] } { [ -1939 ] } { [ 1311 ][ 2087 ][ -157 ] } { [ 4471 ] } { [ -1121 ] } { [ -2498 ][ -1127 ] } { [ 3139 ] } { [ -4968 ] } { [ -2946 ] } { [ 1821 ] } { [ 4637 ] } { [ -2312 ] } { [ 1397 ] } { [ -723 ] } { [ 4141 ][ -3415 ] } { [ -362 ] } { [ -4471 ] }
antes   de colapsar { [ 0 ][ -4931 ][ -2253 ] } { [ 1778 ][ -4339 ] } { [ -1939 ] } { [ 1311 ][ 2087 ][ -157 ] } { [ 4471 ] } { [ -1121 ] } { [ -2498 ][ -1127 ] } { [ 3139 ] } { [ -4968 ] } { [ -2946 ][ 1448 ] } { [ 1821 ] } { [ 4637 ] } { [ -2312 ] } { [ 1397 ] } { [ -723 ][ -543 ] } { [ 4141 ][ -3415 ] } { [ -362 ][ -2897 ] } { [ -4471 ] } { [ 3203 ][ -3925 ] } { [ -715 ] } { [ -4705 ] } { [ -3494 ] } { [ 1422 ] } { [ 1000 ] } { [ -4506 ] }
despues de colapsar { [ 0 ][ -4931 ][ -2253 ] } { [ 1778 ][ -4339 ] } { [ -1939 ] } { [ 1311 ][ 2087 ][ -157 ] } { [ 4471 ] } { [ -1121 ] } { [ -2498 ][ -1127 ] } { [ 3139 ] } { [ -4968 ] } { [ -2946 ][ 1448 ] } { [ 1821 ] } { [ 4637 ] } { [ -2312 ] } { [ 1397 ] } { [ -723 ][ -543 ] } { [ 4141 ][ -3415 ] } { [ -362 ][ -2897 ] } { [ -4471 ] } { [ 0 ] } { [ -715 ] } { [ -4705 ] } { [ -3494 ] } { [ 1422 ] } { [ 1000 ] } { [ -4506 ] }
antes   de filtrar: { [ 6.280196 ][ 22.839994 ] } { [ 52.412928 ] } { [ -10.126351 ] }
despues de filtrar: { [ 6.280196 ][ 22.839994 ] } { [ 52.412928 ] } { [ -10.126351 ] }
antes   de filtrar: { [ 6.280196 ][ 22.839994 ] } { [ 52.412928 ] } { [ -10.126351 ] } { [ 72.130783 ] } { [ 15.409747 ] }
despues de filtrar: { [ 6.280196 ][ 22.839994 ] } { [ 52.412928 ] } { [ -10.126351 ] } { [ 72.130783 ] } { [ 15.409747 ] }
antes   de colapsar { [ 6.280196 ][ 22.839994 ] } { [ 52.412928 ] } { [ -10.126351 ] } { [ 72.130783 ] } { [ 15.409747 ] }
despues de colapsar { [ 6.280196 ][ 22.839994 ] } { [ 52.412928 ] } { [ -10.126351 ] } { [ 72.130783 ] } { [ 15.409747 ] }
antes   de filtrar: { [ 6.280196 ][ 22.839994 ] } { [ 52.412928 ][ 25.001726 ] } { [ -10.126351 ] } { [ 72.130783 ] } { [ 15.409747 ] } { [ 53.089656 ] } { [ -0.254138 ][ -22.580992 ][ 15.109492 ] } { [ -11.885216 ] } { [ -2.495935 ][ -24.417118 ][ 25.099213 ] } { [ 65.100518 ] } { [ 34.413505 ] } { [ 18.681517 ] }
despues de filtrar: { [ 6.280196 ][ 22.839994 ] } { [ 52.412928 ][ 25.001726 ] } { [ -10.126351 ] } { [ 72.130783 ] } { [ 15.409747 ] } { [ 53.089656 ] } { [ -0.254138 ][ -22.580992 ][ 15.109492 ] } { [ -2.495935 ][ -24.417118 ][ 25.099213 ] } { [ 65.100518 ] } { [ 34.413505 ] }
antes   de colapsar { [ 6.280196 ][ 22.839994 ] } { [ 52.412928 ][ 25.001726 ] } { [ -10.126351 ] } { [ 72.130783 ] } { [ 15.409747 ] } { [ 53.089656 ] } { [ -0.254138 ][ -22.580992 ][ 15.109492 ] } { [ -2.495935 ][ -24.417118 ][ 25.099213 ] } { [ 65.100518 ] } { [ 34.413505 ] } { [ 59.121922 ] } { [ 69.956105 ] }
despues de colapsar { [ 6.280196 ][ 22.839994 ] } { [ 52.412928 ][ 25.001726 ] } { [ -10.126351 ] } { [ 72.130783 ] } { [ 15.409747 ] } { [ 53.089656 ] } { [ -0.254138 ][ -22.580992 ][ 15.109492 ] } { [ -2.495935 ][ -24.417118 ][ 25.099213 ] } { [ 65.100518 ] } { [ 34.413505 ] } { [ 59.121922 ] } { [ 69.956105 ] }
antes   de colapsar { [ 6.280196 ][ 22.839994 ] } { [ 52.412928 ][ 25.001726 ] } { [ -10.126351 ] } { [ 72.130783 ] } { [ 15.409747 ] } { [ 53.089656 ] } { [ -0.254138 ][ -22.580992 ][ 15.109492 ] } { [ -2.495935 ][ -24.417118 ][ 25.099213 ] } { [ 65.100518 ] } { [ 34.413505 ] } { [ 59.121922 ] } { [ 69.956105 ] }
despues de colapsar { [ 6.280196 ][ 22.839994 ] } { [ 52.412928 ][ 25.001726 ] } { [ -10.126351 ] } { [ 72.130783 ] } { [ 15.409747 ] } { [ 53.089656 ] } { [ -0.254138 ][ -22.580992 ][ 15.109492 ] } { [ -2.495935 ][ -24.417118 ][ 25.099213 ] } { [ 65.100518 ] } { [ 34.413505 ] } { [ 59.121922 ] } { [ 69.956105 ] }
antes   de colapsar { [ 6.280196 ][ 22.839994 ] } { [ 52.412928 ][ 25.001726 ][ -15.589082 ] } { [ -10.126351 ] } { [ 72.130783 ][ -5.950292 ] } { [ 15.409747 ] } { [ 53.089656 ] } { [ -0.254138 ][ -22.580992 ][ 15.109492 ] } { [ -2.495935 ][ -24.417118 ][ 25.099213 ] } { [ 65.100518 ][ 23.448032 ] } { [ 34.413505 ][ 8.526458 ] } { [ 59.121922 ] } { [ 69.956105 ] } { [ 47.430433 ] } { [ -20.748208 ] } { [ 63.805866 ] } { [ 15.068379 ] }
despues de colapsar { [ 6.280196 ][ 22.839994 ] } { [ 52.412928 ][ 25.001726 ][ -15.589082 ] } { [ -10.126351 ] } { [ 72.130783 ][ -5.950292 ] } { [ 15.409747 ] } { [ 53.089656 ] } { [ -0.254138 ][ -22.580992 ][ 15.109492 ] } { [ -2.495935 ][ -24.417118 ][ 25.099213 ] } { [ 65.100518 ][ 23.448032 ] } { [ 34.413505 ][ 8.526458 ] } { [ 59.121922 ] } { [ 69.956105 ] } { [ 47.430433 ] } { [ -20.748208 ] } { [ 63.805866 ] } { [ 15.068379 ] }
antes   de colapsar { [ 6.280196 ][ 22.839994 ] } { [ 52.412928 ][ 25.001726 ][ -15.589082 ] } { [ -10.126351 ] } { [ 72.130783 ][ -5.950292 ] } { [ 15.409747 ] } { [ 53.089656 ] } { [ -0.254138 ][ -22.580992 ][ 15.109492 ] } { [ -2.495935 ][ -24.417118 ][ 25.099213 ] } { [ 65.100518 ][ 23.448032 ] } { [ 34.413505 ][ 8.526458 ] } { [ 59.121922 ] } { [ 69.956105 ] } { [ 47.430433 ] } { [ -20.748208 ] } { [ 63.805866 ] } { [ 15.068379 ] } { [ 57.088397 ] } { [ 58.250654 ] } { [ 11.507883 ] }
despues de colapsar { [ 6.280196 ][ 22.839994 ] } { [ 52.412928 ][ 25.001726 ][ -15.589082 ] } { [ -10.126351 ] } { [ 72.130783 ][ -5.950292 ] } { [ 15.409747 ] } { [ 53.089656 ] } { [ -0.254138 ][ -22.580992 ][ 15.109492 ] } { [ -2.495935 ][ -24.417118 ][ 25.099213 ] } { [ 65.100518 ][ 23.448032 ] } { [ 34.413505 ][ 8.526458 ] } { [ 59.121922 ] } { [ 69.956105 ] } { [ 47.430433 ] } { [ -20.748208 ] } { [ 63.805866 ] } { [ 15.068379 ] } { [ 57.088397 ] } { [ 58.250654 ] } { [ 11.507883 ] }
antes   de colapsar { [ 6.280196 ][ 22.839994 ] } { [ 52.412928 ][ 25.001726 ][ -15.589082 ] } { [ -10.126351 ] } { [ 72.130783 ][ -5.950292 ] } { [ 15.409747 ] } { [ 53.089656 ] } { [ -0.254138 ][ -22.580992 ][ 15.109492 ] } { [ -2.495935 ][ -24.417118 ][ 25.099213 ] } { [ 65.100518 ][ 23.448032 ] } { [ 34.413505 ][ 8.526458 ] } { [ 59.121922 ] } { [ 69.956105 ] } { [ 47.430433 ] } { [ -20.748208 ] } { [ 63.805866 ] } { [ 15.068379 ] } { [ 57.088397 ] } { [ 58.250654 ] } { [ 11.507883 ] } { [ 66.739698 ] } { [ 56.593340 ] } { [ 28.800408 ] } { [ 71.911835 ] }
despues de colapsar { [ 6.280196 ][ 22.839994 ] } { [ 52.412928 ][ 25.001726 ][ -15.589082 ] } { [ -10.126351 ] } { [ 72.130783 ][ -5.950292 ] } { [ 15.409747 ] } { [ 53.089656 ] } { [ -0.254138 ][ -22.580992 ][ 15.109492 ] } { [ -2.495935 ][ -24.417118 ][ 25.099213 ] } { [ 65.100518 ][ 23.448032 ] } { [ 34.413505 ][ 8.526458 ] } { [ 59.121922 ] } { [ 69.956105 ] } { [ 47.430433 ] } { [ -20.748208 ] } { [ 63.805866 ] } { [ 15.068379 ] } { [ 57.088397 ] } { [ 58.250654 ] } { [ 11.507883 ] } { [ 66.739698 ] } { [ 56.593340 ] } { [ 28.800408 ] } { [ 71.911835 ] }
antes   de colapsar { [ 6.280196 ][ 22.839994 ] } { [ 52.412928 ][ 25.001726 ][ -15.589082 ] } { [ -10.126351 ] } { [ 72.130783 ][ -5.950292 ] } { [ 15.409747 ] } { [ 53.089656 ] } { [ -0.254138 ][ -22.580992 ][ 15.109492 ] } { [ -2.495935 ][ -24.417118 ][ 25.099213 ] } { [ 65.100518 ][ 23.448032 ] } { [ 34.413505 ][ 8.526458 ] } { [ 59.121922 ] } { [ 69.956105 ] } { [ 47.430433 ] } { [ -20.748208 ] } { [ 63.805866 ][ 40.553847 ] } { [ 15.068379 ] } { [ 57.088397 ] } { [ 58.250654 ] } { [ 11.507883 ] } { [ 66.739698 ] } { [ 56.593340 ] } { [ 28.800408 ] } { [ 71.911835 ] } { [ -2.905202 ] } { [ -19.762866 ] }
despues de colapsar { [ 6.280196 ][ 22.839994 ] } { [ 52.412928 ][ 25.001726 ][ -15.589082 ] } { [ -10.126351 ] } { [ 72.130783 ][ -5.950292 ] } { [ 15.409747 ] } { [ 53.089656 ] } { [ -0.254138 ][ -22.580992 ][ 15.109492 ] } { [ -2.495935 ][ -24.417118 ][ 25.099213 ] } { [ 65.100518 ][ 23.448032 ] } { [ 34.413505 ][ 8.526458 ] } { [ 59.121922 ] } { [ 69.956105 ] } { [ 47.430433 ] } { [ -20.748208 ] } { [ 10.215660 ] } { [ 15.068379 ] } { [ 57.088397 ] } { [ 58.250654 ] } { [ 11.507883 ] } { [ 66.739698 ] } { [ 56.593340 ] } { [ 28.800408 ] } { [ 71.911835 ] } { [ -2.905202 ] } { [ -19.762866 ] }
antes   de colapsar { [ -3123 ][ -52 ] }
despues de colapsar { [ -3123 ][ -52 ] }
antes   de filtrar: { [ -3123 ][ -52 ] } { [ 1413 ] }
despues de filtrar: { [ -3123 ][ -52 ] } { [ 1413 ] }
antes   de colapsar { [ -3123 ][ -52 ] } { [ 1413 ][ -2111 ] }
despues de colapsar { [ -3123 ][ -52 ] } { [ 1413 ][ -2111 ] }
antes   de filtrar: { [ -3123 ][ -52 ] } { [ 1413 ][ -2111 ] }
despues de filtrar: { [ -3123 ][ -52 ] } { [ 1413 ][ -2111 ] }
antes   de colapsar { [ -3123 ][ -52 ][ -735 ][ -4245 ] } { [ 1413 ][ -2111 ] } { [ -2608 ] } { [ -3936 ][ 2323 ] } { [ 443 ] } { [ 3999 ] } { [ -74 ] } { [ 2922 ] } { [ 4448 ] } { [ -432 ] } { [ 617 ] } { [ -3009 ][ 1750 ] } { [ 2073 ] } { [ -1445 ] }
despues de colapsar { [ -3123 ][ -52 ][ -735 ][ -4245 ] } { [ 1413 ][ -2111 ] } { [ -2608 ] } { [ -3936 ][ 2323 ] } { [ 443 ] } { [ 3999 ] } { [ -74 ] } { [ 2922 ] } { [ 4448 ] } { [ -432 ] } { [ 617 ] } { [ 0 ] } { [ 2073 ] } { [ -1445 ] }
antes   de filtrar: { [ -3123 ][ -52 ][ -735 ][ -4245 ] } { [ 1413 ][ -2111 ][ -1749 ] } { [ -2608 ] } { [ -3936 ][ 2323 ] } { [ 443 ][ 2399 ] } { [ 3999 ] } { [ -74 ][ 2107 ] } { [ 2922 ] } { [ 4448 ] } { [ -432 ] } { [ 617 ][ 3375 ] } { [ 0 ] } { [ 2073 ] } { [ -1445 ] } { [ -4748 ] } { [ -1205 ] } { [ 4510 ] } { [ -1624 ] }
despues de filtrar: { [ -3123 ][ -52 ][ -735 ][ -4245 ] } { [ 1413 ][ -2111 ][ -1749 ] } { [ -3936 ][ 2323 ] } { [ 443 ][ 2399 ] } { [ 3999 ] } { [ -74 ][ 2107 ] } { [ 2922 ] } { [ 4448 ] } { [ -432 ] } { [ 617 ][ 3375 ] } { [ 0 ] } { [ -1445 ] } { [ -4748 ] } { [ -1624 ] }
antes   de colapsar { [ -3123 ][ -52 ][ -735 ][ -4245 ] } { [ 1413 ][ -2111 ][ -1749 ] } { [ -3936 ][ 2323 ] } { [ 443 ][ 2399 ] } { [ 3999 ] } { [ -74 ][ 2107 ] } { [ 2922 ] } { [ 4448 ][ 698 ] } { [ -432 ] } { [ 617 ][ 3375 ] } { [ 0 ] } { [ -1445 ] } { [ -4748 ] } { [ -1624 ] } { [ 2466 ] } { [ 396 ] } { [ -3060 ] } { [ 701 ] } { [ -445 ] } { [ 1400 ] } { [ -3517 ] } { [ 4212 ] } { [ 3526 ] } { [ -1883 ] }
despues de colapsar { [ -3123 ][ -52 ][ -735 ][ -4245 ] } { [ 1413 ][ -2111 ][ -1749 ] } { [ -3936 ][ 2323 ] } { [ 443 ][ 2399 ] } { [ 3999 ] } { [ -74 ][ 2107 ] } { [ 2922 ] } { [ 4448 ][ 698 ] } { [ -432 ] } { [ 617 ][ 3375 ] } { [ 0 ] } { [ -1445 ] } { [ -4748 ] } { [ -1624 ] } { [ 2466 ] } { [ 396 ] } { [ -3060 ] } { [ 701 ] } { [ -445 ] } { [ 1400 ] } { [ -3517 ] } { [ 4212 ] } { [ 3526 ] } { [ -1883 ] }
antes   de colapsar { [ -3123 ][ -52 ][ -735 ][ -4245 ] } { [ 1413 ][ -2111 ][ -1749 ] } { [ -3936 ][ 2323 ] } { [ 443 ][ 2399 ] } { [ 3999 ] } { [ -74 ][ 2107 ] } { [ 2922 ] } { [ 4448 ][ 698 ] } { [ -432 ] } { [ 617 ][ 3375 ] } { [ 0 ] } { [ -1445 ] } { [ -4748 ] } { [ -1624 ] } { [ 2466 ] } { [ 396 ] } { [ -3060 ] } { [ 701 ] } { [ -445 ] } { [ 1400 ] } { [ -3517 ] } { [ 4212 ] } { [ 3526 ] } { [ -1883 ] }
despues de colapsar { [ -3123 ][ -52 ][ -735 ][ -4245 ] } { [ 1413 ][ -2111 ][ -1749 ] } { [ -3936 ][ 2323 ] } { [ 443 ][ 2399 ] } { [ 3999 ] } { [ -74 ][ 2107 ] } { [ 2922 ] } { [ 4448 ][ 698 ] } { [ -432 ] } { [ 617 ][ 3375 ] } { [ 0 ] } { [ -1445 ] } { [ -4748 ] } { [ -1624 ] } { [ 2466 ] } { [ 396 ] } { [ -3060 ] } { [ 701 ] } { [ -445 ] } { [ 1400 ] } { [ -3517 ] } { [ 4212 ] } { [ 3526 ] } { [ -1883 ] }
antes   de colapsar { [ -3123 ][ -52 ][ -735 ][ -4245 ] } { [ 1413 ][ -2111 ][ -1749 ] } { [ -3936 ][ 2323 ] } { [ 443 ][ 2399 ] } { [ 3999 ] } { [ -74 ][ 2107 ] } { [ 2922 ] } { [ 4448 ][ 698 ] } { [ -432 ] } { [ 617 ][ 3375 ] } { [ 0 ] } { [ -1445 ] } { [ -4748 ][ 1395 ] } { [ -1624 ] } { [ 2466 ] } { [ 396 ] } { [ -3060 ] } { [ 701 ] } { [ -445 ] } { [ 1400 ] } { [ -3517 ] } { [ 4212 ] } { [ 3526 ] } { [ -1883 ] } { [ -2763 ] } { [ -969 ] } { [ 2746 ] } { [ -2612 ] } { [ 3816 ] } { [ -3730 ] }
despues de colapsar { [ -3123 ][ -52 ][ -735 ][ -4245 ] } { [ 1413 ][ -2111 ][ -1749 ] } { [ -3936 ][ 2323 ] } { [ 443 ][ 2399 ] } { [ 3999 ] } { [ -74 ][ 2107 ] } { [ 2922 ] } { [ 4448 ][ 698 ] } { [ -432 ] } { [ 617 ][ 3375 ] } { [ 0 ] } { [ -1445 ] } { [ -4748 ][ 1395 ] } { [ -1624 ] } { [ 2466 ] } { [ 396 ] } { [ -3060 ] } { [ 701 ] } { [ -445 ] } { [ 1400 ] } { [ -3517 ] } { [ 4212 ] } { [ 3526 ] } { [ -1883 ] } { [ -2763 ] } { [ -969 ] } { [ 2746 ] } { [ -2612 ] } { [ 3816 ] } { [ -3730 ] }
antes   de colapsar { [ -3123 ][ -52 ][ -735 ][ -4245 ] } { [ 1413 ][ -2111 ][ -1749 ] } { [ -3936 ][ 2323 ] } { [ 443 ][ 2399 ][ -3855 ] } { [ 3999 ] } { [ -74 ][ 2107 ] } { [ 2922 ] } { [ 4448 ][ 698 ] } { [ -432 ] } { [ 617 ][ 3375 ] } { [ 0 ] } { [ -1445 ] } { [ -4748 ][ 1395 ] } { [ -1624 ] } { [ 2466 ] } { [ 396 ] } { [ -3060 ] } { [ 701 ] } { [ -445 ] } { [ 1400 ] } { [ -3517 ] } { [ 4212 ] } { [ 3526 ] } { [ -1883 ] } { [ -2763 ] } { [ -969 ] } { [ 2746 ] } { [ -2612 ] } { [ 3816 ] } { [ -3730 ] }
despues de colapsar { [ -3123 ][ -52 ][ -735 ][ -4245 ] } { [ 1413 ][ -2111 ][ -1749 ] } { [ -3936 ][ 2323 ] } { [ 443 ][ 2399 ][ -3855 ] } { [ 3999 ] } { [ -74 ][ 2107 ] } { [ 2922 ] } { [ 4448 ][ 698 ] } { [ -432 ] } { [ 617 ][ 3375 ] } { [ 0 ] } { [ -1445 ] } { [ -4748 ][ 1395 ] } { [ -1624 ] } { [ 2466 ] } { [ 396 ] } { [ -3060 ] } { [ 701 ] } { [ -445 ] } { [ 1400 ] } { [ -3517 ] } { [ 4212 ] } { [ 3526 ] } { [ -1883 ] } { [ -2763 ] } { [ -969 ] } { [ 2746 ] } { [ -2612 ] } { [ 3816 ] } { [ -3730 ] }
antes   de filtrar: { [ 44.665082 ] } { [ -10.366383 ][ 74.451933 ][ 74.761272 ] } { [ 51.224284 ][ 13.914817 ] } { [ 23.290796 ] } { [ 34.023179 ] } { [ 4.452996 ] }
despues de filtrar: { [ -10.366383 ][ 74.451933 ][ 74.761272 ] } { [ 51.224284 ][ 13.914817 ] } { [ 23.290796 ] } { [ 34.023179 ] } { [ 4.452996 ] }
antes   de filtrar: { [ -10.366383 ][ 74.451933 ][ 74.761272 ] } { [ 51.224284 ][ 13.914817 ] } { [ 23.290796 ] } { [ 34.023179 ] } { [ 4.452996 ] } { [ 68.935118 ] } { [ 51.581789 ] }
despues de filtrar: { [ -10.366383 ][ 74.451933 ][ 74.761272 ] } { [ 51.224284 ][ 13.914817 ] } { [ 23.290796 ] } { [ 34.023179 ] } { [ 4.452996 ] }
antes   de colapsar { [ -10.366383 ][ 74.451933 ][ 74.761272 ] } { [ 51.224284 ][ 13.914817 ][ -17.930536 ] } { [ 23.290796 ] } { [ 34.023179 ] } { [ 4.452996 ] } { [ -21.893791 ] }
despues de colapsar { [ -10.366383 ][ 74.451933 ][ 74.761272 ] } { [ 51.224284 ][ 13.914817 ][ -17.930536 ] } { [ 23.290796 ] } { [ 34.023179 ] } { [ 4.452996 ] } { [ -21.893791 ] }
antes   de colapsar { [ -10.366383 ][ 74.451933 ][ 74.761272 ] } { [ 51.224284 ][ 13.914817 ][ -17.930536 ] } { [ 23.290796 ][ 53.406890 ] } { [ 34.023179 ] } { [ 4.452996 ] } { [ -21.893791 ] } { [ 73.820305 ] } { [ 1.058065 ][ 31.625417 ] } { [ 56.738719 ][ 49.793467 ] } { [ -14.351927 ][ 54.828008 ] } { [ 53.970482 ] } { [ 62.811111 ][ 48.565947 ] } { [ 63.324251 ] } { [ 15.889776 ] } { [ 49.918328 ] } { [ 37.877988 ] }
despues de colapsar { [ -10.366383 ][ 74.451933 ][ 74.761272 ] } { [ 51.224284 ][ 13.914817 ][ -17.930536 ] } { [ 23.290796 ][ 53.406890 ] } { [ 34.023179 ] } { [ 4.452996 ] } { [ -21.893791 ] } { [ 73.820305 ] } { [ 1.058065 ][ 31.625417 ] } { [ 10.321443 ] } { [ -14.351927 ][ 54.828008 ] } { [ 53.970482 ] } { [ 10.553533 ] } { [ 63.324251 ] } { [ 15.889776 ] } { [ 49.918328 ] } { [ 37.877988 ] }
antes   de colapsar { [ -10.366383 ][ 74.451933 ][ 74.761272 ] } { [ 51.224284 ][ 13.914817 ][ -17.930536 ] } { [ 23.290796 ][ 53.406890 ][ -13.344850 ] } { [ 34.023179 ] } { [ 4.452996 ] } { [ -21.893791 ] } { [ 73.820305 ] } { [ 1.058065 ][ 31.625417 ] } { [ 10.321443 ] } { [ -14.351927 ][ 54.828008 ] } { [ 53.970482 ] } { [ 10.553533 ] } { [ 63.324251 ] } { [ 15.889776 ] } { [ 49.918328 ] } { [ 37.877988 ] } { [ 47.177627 ] } { [ 63.002676 ] } { [ 26.621968 ] } { [ -24.233202 ] } { [ -6.511360 ] }
despues de colapsar { [ -10.366383 ][ 74.451933 ][ 74.761272 ] } { [ 51.224284 ][ 13.914817 ][ -17.930536 ] } { [ 23.290796 ][ 53.406890 ][ -13.344850 ] } { [ 34.023179 ] } { [ 4.452996 ] } { [ -21.893791 ] } { [ 73.820305 ] } { [ 1.058065 ][ 31.625417 ] } { [ 10.321443 ] } { [ -14.351927 ][ 54.828008 ] } { [ 53.970482 ] } { [ 10.553533 ] } { [ 63.324251 ] } { [ 15.889776 ] } { [ 49.918328 ] } { [ 37.877988 ] } { [ 47.177627 ] } { [ 63.002676 ] } { [ 26.621968 ] } { [ -24.233202 ] } { [ -6.511360 ] }
antes   de colapsar { [ -10.366383 ][ 74.451933 ][ 74.761272 ] } { [ 51.224284 ][ 13.914817 ][ -17.930536 ] } { [ 23.290796 ][ 53.406890 ][ -13.344850 ] } { [ 34.023179 ] } { [ 4.452996 ] } { [ -21.893791 ] } { [ 73.820305 ] } { [ 1.058065 ][ 31.625417 ] } { [ 10.321443 ] } { [ -14.351927 ][ 54.828008 ] } { [ 53.970482 ] } { [ 10.553533 ] } { [ 63.324251 ] } { [ 15.889776 ] } { [ 49.918328 ] } { [ 37.877988 ] } { [ 47.177627 ] } { [ 63.002676 ] } { [ 26.621968 ] } { [ -24.233202 ] } { [ -6.511360 ] }
despues de colapsar { [ -10.366383 ][ 74.451933 ][ 74.761272 ] } { [ 51.224284 ][ 13.914817 ][ -17.930536 ] } { [ 23.290796 ][ 53.406890 ][ -13.344850 ] } { [ 34.023179 ] } { [ 4.452996 ] } { [ -21.893791 ] } { [ 73.820305 ] } { [ 1.058065 ][ 31.625417 ] } { [ 10.321443 ] } { [ -14.351927 ][ 54.828008 ] } { [ 53.970482 ] } { [ 10.553533 ] } { [ 63.324251 ] } { [ 15.889776 ] } { [ 49.918328 ] } { [ 37.877988 ] } { [ 47.177627 ] } { [ 63.002676 ] } { [ 26.621968 ] } { [ -24.233202 ] } { [ -6.511360 ] }
antes   de colapsar { [ -10.366383 ][ 74.451933 ][ 74.761272 ] } { [ 51.224284 ][ 13.914817 ][ -17.930536 ] } { [ 23.290796 ][ 53.406890 ][ -13.344850 ] } { [ 34.023179 ] } { [ 4.452996 ][ 25.555083 ] } { [ -21.893791 ] } { [ 73.820305 ] } { [ 1.058065 ][ 31.625417 ] } { [ 10.321443 ] } { [ -14.351927 ][ 54.828008 ] } { [ 53.970482 ] } { [ 10.553533 ] } { [ 63.324251 ] } { [ 15.889776 ] } { [ 49.918328 ] } { [ 37.877988 ] } { [ 47.177627 ] } { [ 63.002676 ] } { [ 26.621968 ] } { [ -24.233202 ] } { [ -6.511360 ] } { [ 14.164353 ] } { [ -4.146820 ] }
despues de colapsar { [ -10.366383 ][ 74.451933 ][ 74.761272 ] } { [ 51.224284 ][ 13.914817 ][ -17.930536 ] } { [ 23.290796 ][ 53.406890 ][ -13.344850 ] } { [ 34.023179 ] } { [ 4.452996 ][ 25.555083 ] } { [ -21.893791 ] } { [ 73.820305 ] } { [ 1.058065 ][ 31.625417 ] } { [ 10.321443 ] } { [ -14.351927 ][ 54.828008 ] } { [ 53.970482 ] } { [ 10.553533 ] } { [ 63.324251 ] } { [ 15.889776 ] } { [ 49.918328 ] } { [ 37.877988 ] } { [ 47.177627 ] } { [ 63.002676 ] } { [ 26.621968 ] } { [ -24.233202 ] } { [ -6.511360 ] } { [ 14.164353 ] } { [ -4.146820 ] }
antes   de colapsar { [ -10.366383 ][ 74.451933 ][ 74.761272 ] } { [ 51.224284 ][ 13.914817 ][ -17.930536 ] } { [ 23.290796 ][ 53.406890 ][ -13.344850 ] } { [ 34.023179 ][ 25.209048 ] } { [ 4.452996 ][ 25.555083 ] } { [ -21.893791 ] } { [ 73.820305 ] } { [ 1.058065 ][ 31.625417 ] } { [ 10.321443 ] } { [ -14.351927 ][ 54.828008 ][ 62.767490 ] } { [ 53.970482 ] } { [ 10.553533 ] } { [ 63.324251 ] } { [ 15.889776 ] } { [ 49.918328 ] } { [ 37.877988 ] } { [ 47.177627 ] } { [ 63.002676 ] } { [ 26.621968 ] } { [ -24.233202 ] } { [ -6.511360 ] } { [ 14.164353 ] } { [ -4.146820 ] } { [ 14.970827 ] } { [ 9.058088 ] }
despues de colapsar { [ -10.366383 ][ 74.451933 ][ 74.761272 ] } { [ 51.224284 ][ 13.914817 ][ -17.930536 ] } { [ 23.290796 ][ 53.406890 ][ -13.344850 ] } { [ 34.023179 ][ 25.209048 ] } { [ 4.452996 ][ 25.555083 ] } { [ -21.893791 ] } { [ 73.820305 ] } { [ 1.058065 ][ 31.625417 ] } { [ 10.321443 ] } { [ -14.351927 ][ 54.828008 ][ 62.767490 ] } { [ 53.970482 ] } { [ 10.553533 ] } { [ 63.324251 ] } { [ 15.889776 ] } { [ 49.918328 ] } { [ 37.877988 ] } { [ 47.177627 ] } { [ 63.002676 ] } { [ 26.621968 ] } { [ -24.233202 ] } { [ -6.511360 ] } { [ 14.164353 ] } { [ -4.146820 ] } { [ 14.970827 ] } { [ 9.058088 ] }
antes   de colapsar { [ -10.366383 ][ 74.451933 ][ 74.761272 ] } { [ 51.224284 ][ 13.914817 ][ -17.930536 ] } { [ 23.290796 ][ 53.406890 ][ -13.344850 ] } { [ 34.023179 ][ 25.209048 ] } { [ 4.452996 ][ 25.555083 ] } { [ -21.893791 ] } { [ 73.820305 ] } { [ 1.058065 ][ 31.625417 ] } { [ 10.321443 ] } { [ -14.351927 ][ 54.828008 ][ 62.767490 ] } { [ 53.970482 ] } { [ 10.553533 ] } { [ 63.324251 ] } { [ 15.889776 ] } { [ 49.918328 ] } { [ 37.877988 ] } { [ 47.177627 ] } { [ 63.002676 ] } { [ 26.621968 ] } { [ -24.233202 ] } { [ -6.511360 ] } { [ 14.164353 ] } { [ -4.146820 ] } { [ 14.970827 ] } { [ 9.058088 ] } { [ 33.467744 ] }
despues de colapsar { [ -10.366383 ][ 74.451933 ][ 74.761272 ] } { [ 51.224284 ][ 13.914817 ][ -17.930536 ] } { [ 23.290796 ][ 53.406890 ][ -13.344850 ] } { [ 34.023179 ][ 25.209048 ] } { [ 4.452996 ][ 25.555083 ] } { [ -21.893791 ] } { [ 73.820305 ] } { [ 1.058065 ][ 31.625417 ] } { [ 10.321443 ] } { [ -14.351927 ][ 54.828008 ][ 62.767490 ] } { [ 53.970482 ] } { [ 10.553533 ] } { [ 63.324251 ] } { [ 15.889776 ] } { [ 49.918328 ] } { [ 37.877988 ] } { [ 47.177627 ] } { [ 63.002676 ] } { [ 26.621968 ] } { [ -24.233202 ] } { [ -6.511360 ] } { [ 14.164353 ] } { [ -4.146820 ] } { [ 14.970827 ] } { [ 9.058088 ] } { [ 33.467744 ] }
antes   de filtrar: { [ -10.366383 ][ 74.451933 ][ 74.761272 ] } { [ 51.224284 ][ 13.914817 ][ -17.930536 ] } { [ 23.290796 ][ 53.406890 ][ -13.344850 ] } { [ 34.023179 ][ 25.209048 ] } { [ 4.452996 ][ 25.555083 ] } { [ -21.893791 ] } { [ 73.820305 ] } { [ 1.058065 ][ 31.625417 ] } { [ 10.321443 ] } { [ -14.351927 ][ 54.828008 ][ 62.767490 ] } { [ 53.970482 ] } { [ 10.553533 ] } { [ 63.324251 ] } { [ 15.889776 ] } { [ 49.918328 ] } { [ 37.877988 ] } { [ 47.177627 ] } { [ 63.002676 ] } { [ 26.621968 ] } { [ -24.233202 ] } { [ -6.511360 ] } { [ 14.164353 ] } { [ -4.146820 ] } { [ 14.970827 ] } { [ 9.058088 ] } { [ 33.467744 ] } { [ 21.558345 ] } { [ 23.046594 ] } { [ -6.899233 ] }
despues de filtrar: { [ -10.366383 ][ 74.451933 ][ 74.761272 ] } { [ 51.224284 ][ 13.914817 ][ -17.930536 ] } { [ 23.290796 ][ 53.406890 ][ -13.344850 ] } { [ 34.023179 ][ 25.209048 ] } { [ 4.452996 ][ 25.555083 ] } { [ 1.058065 ][ 31.625417 ] } { [ 10.321443 ] } { [ -14.351927 ][ 54.828008 ][ 62.767490 ] } { [ 63.324251 ] } { [ 47.177627 ] } { [ 63.002676 ] } { [ -24.233202 ] } { [ 14.164353 ] } { [ -4.146820 ] } { [ 9.058088 ] } { [ 33.467744 ] } { [ 23.046594 ] }
