antes   de filtrar: { [ 4918 ] }
despues de filtrar: { [ 4918 ] }
antes   de colapsar { [ 4918 ][ -209 ][ -4601 ] } { [ 3442 ] } { [ -1030 ] }
despues de colapsar { [ 4918 ][ -209 ][ -4601 ] } { [ 3442 ] } { [ -1030 ] }
antes   de colapsar { [ 4918 ][ -209 ][ -4601 ] } { [ 3442 ] } { [ -1030 ] }
despues de colapsar { [ 4918 ][ -209 ][ -4601 ] } { [ 3442 ] } { [ -1030 ] }
antes   de filtrar: { [ 4918 ][ -209 ][ -4601 ] } { [ 3442 ][ -478 ] } { [ -1030 ] } { [ 1900 ] } { [ -1373 ][ -559 ] } { [ 2174 ] } { [ -1667 ] } { [ -1240 ] } { [ -4715 ] }
despues de filtrar: { [ 4918 ][ -209 ][ -4601 ] } { [ 3442 ][ -478 ] } { [ -1373 ][ -559 ] } { [ 2174 ] } { [ -1667 ] } { [ -4715 ] }
antes   de colapsar { [ 4918 ][ -209 ][ -4601 ] } { [ 3442 ][ -478 ][ -911 ] } { [ -1373 ][ -559 ] } { [ 2174 ] } { [ -1667 ] } { [ -4715 ] } { [ 969 ] } { [ 2386 ] } { [ 2869 ] } { [ -863 ] }
despues de colapsar { [ 4918 ][ -209 ][ -4601 ] } { [ 3442 ][ -478 ][ -911 ] } { [ -1373 ][ -559 ] } { [ 2174 ] } { [ -1667 ] } { [ -4715 ] } { [ 969 ] } { [ 2386 ] } { [ 2869 ] } { [ -863 ] }
antes   de colapsar { [ 4918 ][ -209 ][ -4601 ] } { [ 3442 ][ -478 ][ -911 ] } { [ -1373 ][ -559 ] } { [ 2174 ] } { [ -1667 ] } { [ -4715 ] } { [ 969 ][ -3517 ] } { [ 2386 ] } { [ 2869 ] } { [ -863 ] } { [ 1188 ] } { [ -1997 ] } { [ 2681 ] } { [ 2979 ] }
despues de colapsar { [ 4918 ][ -209 ][ -4601 ] } { [ 3442 ][ -478 ][ -911 ] } { [ -1373 ][ -559 ] } { [ 2174 ] } { [ -1667 ] } { [ -4715 ] } { [ 969 ][ -3517 ] } { [ 2386 ] } { [ 2869 ] } { [ -863 ] } { [ 1188 ] } { [ -1997 ] } { [ 2681 ] } { [ 2979 ] }
antes   de colapsar { [ 4918 ][ -209 ][ -4601 ] } { [ 3442 ][ -478 ][ -911 ] } { [ -1373 ][ -559 ] } { [ 2174 ] } { [ -1667 ] } { [ -4715 ] } { [ 969 ][ -3517 ] } { [ 2386 ] } { [ 2869 ] } { [ -863 ] } { [ 1188 ] } { [ -1997 ] } { [ 2681 ] } { [ 2979 ] }
despues de colapsar { [ 4918 ][ -209 ][ -4601 ] } { [ 3442 ][ -478 ][ -911 ] } { [ -1373 ][ -559 ] } { [ 2174 ] } { [ -1667 ] } { [ -4715 ] } { [ 969 ][ -3517 ] } { [ 2386 ] } { [ 2869 ] } { [ -863 ] } { [ 1188 ] } { [ -1997 ] } { [ 2681 ] } { [ 2979 ] }
antes   de filtrar: { [ 4918 ][ -209 ][ -4601 ] } { [ 3442 ][ -478 ][ -911 ] } { [ -1373 ][ -559 ] } { [ 2174 ] } { [ -1667 ] } { [ -4715 ] } { [ 969 ][ -3517 ] } { [ 2386 ] } { [ 2869 ] } { [ -863 ] } { [ 1188 ] } { [ -1997 ] } { [ 2681 ] } { [ 2979 ] }
despues de filtrar: { [ 4918 ][ -209 ][ -4601 ] } { [ 3442 ][ -478 ][ -911 ] } { [ -1373 ][ -559 ] } { [ 2174 ] } { [ -1667 ] } { [ -4715 ] } { [ 969 ][ -3517 ] } { [ 2386 ] } { [ 2869 ] } { [ -863 ] } { [ 1188 ] } { [ -1997 ] } { [ 2681 ] } { [ 2979 ] }
antes   de colapsar { [ 4918 ][ -209 ][ -4601 ] } { [ 3442 ][ -478 ][ -911 ] } { [ -1373 ][ -559 ] } { [ 2174 ] } { [ -1667 ] } { [ -4715 ] } { [ 969 ][ -3517 ] } { [ 2386 ] } { [ 2869 ] } { [ -863 ] } { [ 1188 ] } { [ -1997 ][ -2162 ] } { [ 2681 ] } { [ 2979 ] } { [ 3617 ] } { [ 1518 ] } { [ 3287 ] } { [ -3511 ] }
despues de colapsar { [ 4918 ][ -209 ][ -4601 ] } { [ 3442 ][ -478 ][ -911 ] } { [ -1373 ][ -559 ] } { [ 2174 ] } { [ -1667 ] } { [ -4715 ] } { [ 969 ][ -3517 ] } { [ 2386 ] } { [ 2869 ] } { [ -863 ] } { [ 1188 ] } { [ -1997 ][ -2162 ] } { [ 2681 ] } { [ 2979 ] } { [ 3617 ] } { [ 1518 ] } { [ 3287 ] } { [ -3511 ] }
antes   de colapsar { [ 4918 ][ -209 ][ -4601 ] } { [ 3442 ][ -478 ][ -911 ] } { [ -1373 ][ -559 ] } { [ 2174 ] } { [ -1667 ] } { [ -4715 ] } { [ 969 ][ -3517 ] } { [ 2386 ] } { [ 2869 ] } { [ -863 ] } { [ 1188 ] } { [ -1997 ][ -2162 ] } { [ 2681 ] } { [ 2979 ] } { [ 3617 ] } { [ 1518 ] } { [ 3287 ] } { [ -3511 ] } { [ -4408 ] }
despues de colapsar { [ 4918 ][ -209 ][ -4601 ] } { [ 3442 ][ -478 ][ -911 ] } { [ -1373 ][ -559 ] } { [ 2174 ] } { [ -1667 ] } { [ -4715 ] } { [ 969 ][ -3517 ] } { [ 2386 ] } { [ 2869 ] } { [ -863 ] } { [ 1188 ] } { [ -1997 ][ -2162 ] } { [ 2681 ] } { [ 2979 ] } { [ 3617 ] } { [ 1518 ] } { [ 3287 ] } { [ -3511 ] } { [ -4408 ] }
antes   de colapsar { [ 599 ] } { [ -424 ][ 2006 ] } { [ 2658 ] } { [ -2040 ] }
despues de colapsar { [ 599 ] } { [ -424 ][ 2006 ] } { [ 2658 ] } { [ -2040 ] }
antes   de colapsar { [ 599 ] } { [ -424 ][ 2006 ] } { [ 2658 ][ -77 ] } { [ -2040 ][ 976 ] } { [ -64 ] } { [ -4664 ] }
despues de colapsar { [ 599 ] } { [ -424 ][ 2006 ] } { [ 2658 ][ -77 ] } { [ 0 ] } { [ -64 ] } { [ -4664 ] }
antes   de colapsar { [ 599 ] } { [ -424 ][ 2006 ] } { [ 2658 ][ -77 ] } { [ 0 ] } { [ -64 ] } { [ -4664 ] } { [ 2606 ] } { [ 4537 ] } { [ -562 ] }
despues de colapsar { [ 599 ] } { [ -424 ][ 2006 ] } { [ 2658 ][ -77 ] } { [ 0 ] } { [ -64 ] } { [ -4664 ] } { [ 2606 ] } { [ 4537 ] } { [ -562 ] }
antes   de colapsar { [ 599 ] } { [ -424 ][ 2006 ] } { [ 2658 ][ -77 ] } { [ 0 ] } { [ -64 ] } { [ -4664 ] } { [ 2606 ] } { [ 4537 ] } { [ -562 ] }
despues de colapsar { [ 599 ] } { [ -424 ][ 2006 ] } { [ 2658 ][ -77 ] } { [ 0 ] } { [ -64 ] } { [ -4664 ] } { [ 2606 ] } { [ 4537 ] } { [ -562 ] }
antes   de colapsar { [ 599 ] } { [ -424 ][ 2006 ] } { [ 2658 ][ -77 ] } { [ 0 ] } { [ -64 ] } { [ -4664 ] } { [ 2606 ] } { [ 4537 ] } { [ -562 ] }
despues de colapsar { [ 599 ] } { [ -424 ][ 2006 ] } { [ 2658 ][ -77 ] } { [ 0 ] } { [ -64 ] } { [ -4664 ] } { [ 2606 ] } { [ 4537 ] } { [ -562 ] }
antes   de filtrar: { [ 599 ] } { [ -424 ][ 2006 ] } { [ 2658 ][ -77 ] } { [ 0 ] } { [ -64 ] } { [ -4664 ] } { [ 2606 ] } { [ 4537 ] } { [ -562 ] }
despues de filtrar: { [ 599 ] } { [ -424 ][ 2006 ] } { [ 2658 ][ -77 ] } { [ 0 ] } { [ -64 ] } { [ -4664 ] } { [ 4537 ] } { [ -562 ] }
antes   de filtrar: { [ 599 ] } { [ -424 ][ 2006 ] } { [ 2658 ][ -77 ] } { [ 0 ] } { [ -64 ] } { [ -4664 ] } { [ 4537 ] } { [ -562 ] } { [ -2908 ] }
despues de filtrar: { [ 599 ] } { [ -424 ][ 2006 ] } { [ 2658 ][ -77 ] } { [ 0 ] } { [ -64 ] } { [ -4664 ] } { [ 4537 ] } { [ -562 ] }
antes   de colapsar { [ 599 ] } { [ -424 ][ 2006 ] } { [ 2658 ][ -77 ] } { [ 0 ] } { [ -64 ] } { [ -4664 ] } { [ 4537 ] } { [ -562 ] }
despues de colapsar { [ 599 ] } { [ -424 ][ 2006 ] } { [ 2658 ][ -77 ] } { [ 0 ] } { [ -64 ] } { [ -4664 ] } { [ 4537 ] } { [ -562 ] }
antes   de colapsar { [ 599 ] } { [ -424 ][ 2006 ] } { [ 2658 ][ -77 ] } { [ 0 ] } { [ -64 ] } { [ -4664 ] } { [ 4537 ] } { [ -562 ] } { [ -3520 ] }
despues de colapsar { [ 599 ] } { [ -424 ][ 2006 ] } { [ 2658 ][ -77 ] } { [ 0 ] } { [ -64 ] } { [ -4664 ] } { [ 4537 ] } { [ -562 ] } { [ -3520 ] }
antes   de filtrar: { [ 599 ][ -107 ][ -3680 ] } { [ -424 ][ 2006 ] } { [ 2658 ][ -77 ] } { [ 0 ][ 4018 ] } { [ -64 ] } { [ -4664 ] } { [ 4537 ] } { [ -562 ] } { [ -3520 ] } { [ 4417 ][ -2457 ] } { [ 2052 ] } { [ -4991 ] } { [ 3758 ] } { [ 1995 ] } { [ -2431 ][ 3037 ] } { [ 4491 ] } { [ 3062 ][ -3879 ] } { [ 230 ] } { [ -2260 ] } { [ 607 ][ -2057 ] } { [ -1502 ] } { [ -1353 ] } { [ 4021 ] } { [ -516 ] } { [ -422 ] } { [ -1927 ] } { [ -4691 ] }
despues de filtrar: { [ 599 ][ -107 ][ -3680 ] } { [ -424 ][ 2006 ] } { [ 2658 ][ -77 ] } { [ 0 ][ 4018 ] } { [ -64 ] } { [ -4664 ] } { [ 4537 ] } { [ -562 ] } { [ 4417 ][ -2457 ] } { [ -4991 ] } { [ 3758 ] } { [ 1995 ] } { [ -2431 ][ 3037 ] } { [ 4491 ] } { [ -1353 ] } { [ -516 ] } { [ -422 ] } { [ -1927 ] } { [ -4691 ] }
antes   de filtrar: { [ w4r01 ][ 3lt6b ] } { [ cbo1p ] } { [ p4o ] } { [ 1at ] } { [ 5 ] } { [ 8s0x8 ] } { [ io ] } { [ p0newkfnr ] }
despues de filtrar: { [ io ] }
antes   de filtrar: { [ io ][ bjatcw ][ br5ipyvdtu ][ d ] } { [ oj96ryw ][ v0yac ] } { [ 15 ] } { [ doatm5k ][ j ] } { [ ixkl ] } { [ u ] } { [ 2jw75bsg ] }
despues de filtrar: { [ io ][ bjatcw ][ br5ipyvdtu ][ d ] } { [ ixkl ] } { [ u ] }
antes   de colapsar { [ io ][ bjatcw ][ br5ipyvdtu ][ d ] } { [ ixkl ] } { [ u ] } { [ k ] }
despues de colapsar { [ io ][ bjatcw ][ br5ipyvdtu ][ d ] } { [ ixkl ] } { [ u ] } { [ k ] }
antes   de colapsar { [ io ][ bjatcw ][ br5ipyvdtu ][ d ][ 2x3eovua ] } { [ ixkl ][ dba2e42y ] } { [ u ] } { [ k ][ 04xun4vi ] } { [ t9jp ] } { [ gsx3fs ] } { [ uh6e8pedli ] } { [ 2t2i067j ] }
despues de colapsar { [ io ][ bjatcw ][ br5ipyvdtu ][ d ][ 2x3eovua ] } { [ ixkl ][ dba2e42y ] } { [ u ] } { [ k ][ 04xun4vi ] } { [ t9jp ] } { [ gsx3fs ] } { [ uh6e8pedli ] } { [ 2t2i067j ] }
antes   de colapsar { [ io ][ bjatcw ][ br5ipyvdtu ][ d ][ 2x3eovua ] } { [ ixkl ][ dba2e42y ] } { [ u ] } { [ k ][ 04xun4vi ] } { [ t9jp ] } { [ gsx3fs ] } { [ uh6e8pedli ] } { [ 2t2i067j ] } { [ ra7w72g ] }
despues de colapsar { [ io ][ bjatcw ][ br5ipyvdtu ][ d ][ 2x3eovua ] } { [ ixkl ][ dba2e42y ] } { [ u ] } { [ k ][ 04xun4vi ] } { [ t9jp ] } { [ gsx3fs ] } { [ uh6e8pedli ] } { [ 2t2i067j ] } { [ ra7w72g ] }
antes   de filtrar: { [ io ][ bjatcw ][ br5ipyvdtu ][ d ][ 2x3eovua ] } { [ ixkl ][ dba2e42y ] } { [ u ] } { [ k ][ 04xun4vi ] } { [ t9jp ] } { [ gsx3fs ] } { [ uh6e8pedli ] } { [ 2t2i067j ] } { [ ra7w72g ] }
despues de filtrar: { [ io ][ bjatcw ][ br5ipyvdtu ][ d ][ 2x3eovua ] } { [ ixkl ][ dba2e42y ] } { [ u ] } { [ k ][ 04xun4vi ] }
antes   de colapsar { [ io ][ bjatcw ][ br5ipyvdtu ][ d ][ 2x3eovua ] } { [ ixkl ][ dba2e42y ][ hafj ] } { [ u ] } { [ k ][ 04xun4vi ] } { [ i78nqhh ] } { [ gbbuy ] } { [ tns ][ vwafb ] }
despues de colapsar { [ io ][ bjatcw ][ br5ipyvdtu ][ d ][ 2x3eovua ] } { [ ixkl ][ dba2e42y ][ hafj ] } { [ u ] } { [ k ][ 04xun4vi ] } { [ i78nqhh ] } { [ gbbuy ] } { [ tns ][ vwafb ] }
antes   de colapsar { [ io ][ bjatcw ][ br5ipyvdtu ][ d ][ 2x3eovua ] } { [ ixkl ][ dba2e42y ][ hafj ][ 8g2ttntd1h ] } { [ u ] } { [ k ][ 04xun4vi ] } { [ i78nqhh ] } { [ gbbuy ] } { [ tns ][ vwafb ] } { [ 2ph ] } { [ ne9fwpmo ] } { [ gd ] } { [ sbwlqh ] }
despues de colapsar { [ io ][ bjatcw ][ br5ipyvdtu ][ d ][ 2x3eovua ] } { [ ixkl ][ dba2e42y ][ hafj ][ 8g2ttntd1h ] } { [ u ] } { [ k ][ 04xun4vi ] } { [ i78nqhh ] } { [ gbbuy ] } { [ tns ][ vwafb ] } { [ 2ph ] } { [ ne9fwpmo ] } { [ gd ] } { [ sbwlqh ] }
antes   de colapsar { [ io ][ bjatcw ][ br5ipyvdtu ][ d ][ 2x3eovua ] } { [ ixkl ][ dba2e42y ][ hafj ][ 8g2ttntd1h ][ vf3p9 ] } { [ u ] } { [ k ][ 04xun4vi ][ kvro ] } { [ i78nqhh ] } { [ gbbuy ] } { [ tns ][ vwafb ] } { [ 2ph ] } { [ ne9fwpmo ] } { [ gd ] } { [ sbwlqh ] } { [ b3jv42r4 ] } { [ 052h096 ] } { [ a ] }
despues de colapsar { [ io ][ bjatcw ][ br5ipyvdtu ][ d ][ 2x3eovua ] } { [ ixkl ][ dba2e42y ][ hafj ][ 8g2ttntd1h ][ vf3p9 ] } { [ u ] } { [ k ][ 04xun4vi ][ kvro ] } { [ i78nqhh ] } { [ gbbuy ] } { [ tns ][ vwafb ] } { [ 2ph ] } { [ ne9fwpmo ] } { [ gd ] } { [ sbwlqh ] } { [ b3jv42r4 ] } { [ 052h096 ] } { [ a ] }
antes   de colapsar { [ io ][ bjatcw ][ br5ipyvdtu ][ d ][ 2x3eovua ] } { [ ixkl ][ dba2e42y ][ hafj ][ 8g2ttntd1h ][ vf3p9 ] } { [ u ] } { [ k ][ 04xun4vi ][ kvro ] } { [ i78nqhh ] } { [ gbbuy ] } { [ tns ][ vwafb ] } { [ 2ph ] } { [ ne9fwpmo ] } { [ gd ] } { [ sbwlqh ] } { [ b3jv42r4 ] } { [ 052h096 ] } { [ a ] } { [ 4g ] }
despues de colapsar { [ io ][ bjatcw ][ br5ipyvdtu ][ d ][ 2x3eovua ] } { [ ixkl ][ dba2e42y ][ hafj ][ 8g2ttntd1h ][ vf3p9 ] } { [ u ] } { [ k ][ 04xun4vi ][ kvro ] } { [ i78nqhh ] } { [ gbbuy ] } { [ tns ][ vwafb ] } { [ 2ph ] } { [ ne9fwpmo ] } { [ gd ] } { [ sbwlqh ] } { [ b3jv42r4 ] } { [ 052h096 ] } { [ a ] } { [ 4g ] }
antes   de colapsar { [ 3174 ][ 3295 ] } { [ -2731 ] }
despues de colapsar { [ 3174 ][ 3295 ] } { [ -2731 ] }
antes   de filtrar: { [ 3174 ][ 3295 ][ -4659 ] } { [ -2731 ] } { [ 4777 ] } { [ 3463 ] } { [ -4302 ][ -2393 ][ 612 ] } { [ -4723 ] } { [ -3852 ] } { [ 595 ][ -901 ][ -1722 ] } { [ -471 ] } { [ 985 ] } { [ 4655 ][ 3649 ] } { [ -2146 ] } { [ -3569 ] } { [ 4992 ][ -4846 ] } { [ -2316 ] }
despues de filtrar: { [ 3174 ][ 3295 ][ -4659 ] } { [ -2731 ] } { [ 4777 ] } { [ 3463 ] } { [ -4723 ] } { [ -3852 ] } { [ 595 ][ -901 ][ -1722 ] } { [ -471 ] } { [ 985 ] } { [ 4655 ][ 3649 ] } { [ -2146 ] } { [ -3569 ] } { [ 4992 ][ -4846 ] } { [ -2316 ] }
antes   de colapsar { [ 3174 ][ 3295 ][ -4659 ][ -4711 ] } { [ -2731 ] } { [ 4777 ] } { [ 3463 ] } { [ -4723 ] } { [ -3852 ] } { [ 595 ][ -901 ][ -1722 ] } { [ -471 ][ 704 ] } { [ 985 ] } { [ 4655 ][ 3649 ] } { [ -2146 ] } { [ -3569 ] } { [ 4992 ][ -4846 ] } { [ -2316 ] } { [ -3568 ] } { [ -1973 ] } { [ 607 ] } { [ -3597 ] }
despues de colapsar { [ 3174 ][ 3295 ][ -4659 ][ -4711 ] } { [ -2731 ] } { [ 4777 ] } { [ 3463 ] } { [ -4723 ] } { [ -3852 ] } { [ 595 ][ -901 ][ -1722 ] } { [ -471 ][ 704 ] } { [ 985 ] } { [ 4655 ][ 3649 ] } { [ -2146 ] } { [ -3569 ] } { [ 4992 ][ -4846 ] } { [ -2316 ] } { [ -3568 ] } { [ -1973 ] } { [ 607 ] } { [ -3597 ] }
antes   de colapsar { [ 3174 ][ 3295 ][ -4659 ][ -4711 ] } { [ -2731 ] } { [ 4777 ] } { [ 3463 ] } { [ -4723 ] } { [ -3852 ] } { [ 595 ][ -901 ][ -1722 ] } { [ -471 ][ 704 ] } { [ 985 ] } { [ 4655 ][ 3649 ] } { [ -2146 ] } { [ -3569 ] } { [ 4992 ][ -4846 ] } { [ -2316 ] } { [ -3568 ] } { [ -1973 ] } { [ 607 ] } { [ -3597 ] }
despues de colapsar { [ 3174 ][ 3295 ][ -4659 ][ -4711 ] } { [ -2731 ] } { [ 4777 ] } { [ 3463 ] } { [ -4723 ] } { [ -3852 ] } { [ 595 ][ -901 ][ -1722 ] } { [ -471 ][ 704 ] } { [ 985 ] } { [ 4655 ][ 3649 ] } { [ -2146 ] } { [ -3569 ] } { [ 4992 ][ -4846 ] } { [ -2316 ] } { [ -3568 ] } { [ -1973 ] } { [ 607 ] } { [ -3597 ] }
antes   de colapsar { [ 3174 ][ 3295 ][ -4659 ][ -4711 ] } { [ -2731 ] } { [ 4777 ] } { [ 3463 ] } { [ -4723 ] } { [ -3852 ] } { [ 595 ][ -901 ][ -1722 ] } { [ -471 ][ 704 ] } { [ 985 ] } { [ 4655 ][ 3649 ] } { [ -2146 ] } { [ -3569 ] } { [ 4992 ][ -4846 ] } { [ -2316 ] } { [ -3568 ] } { [ -1973 ] } { [ 607 ] } { [ -3597 ] } { [ -3946 ] } { [ 4664 ] } { [ 3752 ] } { [ -740 ] } { [ -1196 ] }
despues de colapsar { [ 3174 ][ 3295 ][ -4659 ][ -4711 ] } { [ -2731 ] } { [ 4777 ] } { [ 3463 ] } { [ -4723 ] } { [ -3852 ] } { [ 595 ][ -901 ][ -1722 ] } { [ -471 ][ 704 ] } { [ 985 ] } { [ 4655 ][ 3649 ] } { [ -2146 ] } { [ -3569 ] } { [ 4992 ][ -4846 ] } { [ -2316 ] } { [ -3568 ] } { [ -1973 ] } { [ 607 ] } { [ -3597 ] } { [ -3946 ] } { [ 4664 ] } { [ 3752 ] } { [ -740 ] } { [ -1196 ] }
antes   de colapsar { [ 3174 ][ 3295 ][ -4659 ][ -4711 ] } { [ -2731 ] } { [ 4777 ] } { [ 3463 ] } { [ -4723 ] } { [ -3852 ] } { [ 595 ][ -901 ][ -1722 ] } { [ -471 ][ 704 ] } { [ 985 ] } { [ 4655 ][ 3649 ] } { [ -2146 ] } { [ -3569 ] } { [ 4992 ][ -4846 ] } { [ -2316 ] } { [ -3568 ] } { [ -1973 ] } { [ 607 ] } { [ -3597 ] } { [ -3946 ] } { [ 4664 ] } { [ 3752 ] } { [ -740 ] } { [ -1196 ] } { [ 3455 ] }
despues de colapsar { [ 3174 ][ 3295 ][ -4659 ][ -4711 ] } { [ -2731 ] } { [ 4777 ] } { [ 3463 ] } { [ -4723 ] } { [ -3852 ] } { [ 595 ][ -901 ][ -1722 ] } { [ -471 ][ 704 ] } { [ 985 ] } { [ 4655 ][ 3649 ] } { [ -2146 ] } { [ -3569 ] } { [ 4992 ][ -4846 ] } { [ -2316 ] } { [ -3568 ] } { [ -1973 ] } { [ 607 ] } { [ -3597 ] } { [ -3946 ] } { [ 4664 ] } { [ 3752 ] } { [ -740 ] } { [ -1196 ] } { [ 3455 ] }
antes   de filtrar: { [ 3174 ][ 3295 ][ -4659 ][ -4711 ] } { [ -2731 ] } { [ 4777 ] } { [ 3463 ] } { [ -4723 ] } { [ -3852 ] } { [ 595 ][ -901 ][ -1722 ] } { [ -471 ][ 704 ] } { [ 985 ] } { [ 4655 ][ 3649 ] } { [ -2146 ] } { [ -3569 ] } { [ 4992 ][ -4846 ] } { [ -2316 ] } { [ -3568 ] } { [ -1973 ] } { [ 607 ] } { [ -3597 ] } { [ -3946 ] } { [ 4664 ] } { [ 3752 ] } { [ -740 ][ 3803 ] } { [ -1196 ] } { [ 3455 ] } { [ 4411 ] } { [ -2046 ] } { [ -893 ] } { [ -3423 ] } { [ 3051 ] } { [ -3090 ] }
despues de filtrar: { [ 3174 ][ 3295 ][ -4659 ][ -4711 ] } { [ -2731 ] } { [ 4777 ] } { [ 3463 ] } { [ -4723 ] } { [ -3852 ] } { [ 595 ][ -901 ][ -1722 ] } { [ -471 ][ 704 ] } { [ 985 ] } { [ 4655 ][ 3649 ] } { [ -2146 ] } { [ -3569 ] } { [ 4992 ][ -4846 ] } { [ -2316 ] } { [ -3568 ] } { [ -1973 ] } { [ -3597 ] } { [ -3946 ] } { [ 4664 ] } { [ 3752 ] } { [ -1196 ] } { [ 3455 ] } { [ 4411 ] } { [ -893 ] } { [ -3423 ] }
antes   de filtrar: { [ 3174 ][ 3295 ][ -4659 ][ -4711 ] } { [ -2731 ] } { [ 4777 ] } { [ 3463 ] } { [ -4723 ] } { [ -3852 ] } { [ 595 ][ -901 ][ -1722 ] } { [ -471 ][ 704 ] } { [ 985 ] } { [ 4655 ][ 3649 ] } { [ -2146 ] } { [ -3569 ] } { [ 4992 ][ -4846 ] } { [ -2316 ] } { [ -3568 ] } { [ -1973 ] } { [ -3597 ] } { [ -3946 ] } { [ 4664 ] } { [ 3752 ] } { [ -1196 ] } { [ 3455 ] } { [ 4411 ] } { [ -893 ] } { [ -3423 ] } { [ -2019 ] }
despues de filtrar: { [ 3174 ][ 3295 ][ -4659 ][ -4711 ] } { [ -2731 ] } { [ 4777 ] } { [ 3463 ] } { [ -4723 ] } { [ -3852 ] } { [ 595 ][ -901 ][ -1722 ] } { [ -471 ][ 704 ] } { [ 985 ] } { [ 4655 ][ 3649 ] } { [ -2146 ] } { [ -3569 ] } { [ 4992 ][ -4846 ] } { [ -2316 ] } { [ -3568 ] } { [ -1973 ] } { [ -3597 ] } { [ -3946 ] } { [ 4664 ] } { [ 3752 ] } { [ -1196 ] } { [ 3455 ] } { [ 4411 ] } { [ -893 ] } { [ -3423 ] }
antes   de colapsar { [ 3174 ][ 3295 ][ -4659 ][ -4711 ] } { [ -2731 ] } { [ 4777 ] } { [ 3463 ] } { [ -4723 ] } { [ -3852 ] } { [ 595 ][ -901 ][ -1722 ] } { [ -471 ][ 704 ] } { [ 985 ] } { [ 4655 ][ 3649 ] } { [ -2146 ] } { [ -3569 ] } { [ 4992 ][ -4846 ] } { [ -2316 ] } { [ -3568 ] } { [ -1973 ] } { [ -3597 ] } { [ -3946 ] } { [ 4664 ] } { [ 3752 ] } { [ -1196 ] } { [ 3455 ] } { [ 4411 ] } { [ -893 ][ -3287 ] } { [ -3423 ] }
despues de colapsar { [ 3174 ][ 3295 ][ -4659 ][ -4711 ] } { [ -2731 ] } { [ 4777 ] } { [ 3463 ] } { [ -4723 ] } { [ -3852 ] } { [ 595 ][ -901 ][ -1722 ] } { [ -471 ][ 704 ] } { [ 985 ] } { [ 4655 ][ 3649 ] } { [ -2146 ] } { [ -3569 ] } { [ 4992 ][ -4846 ] } { [ -2316 ] } { [ -3568 ] } { [ -1973 ] } { [ -3597 ] } { [ -3946 ] } { [ 4664 ] } { [ 3752 ] } { [ -1196 ] } { [ 3455 ] } { [ 4411 ] } { [ -893 ][ -3287 ] } { [ -3423 ] }
antes   de colapsar { [ 3174 ][ 3295 ][ -4659 ][ -4711 ] } { [ -2731 ] } { [ 4777 ] } { [ 3463 ] } { [ -4723 ] } { [ -3852 ] } { [ 595 ][ -901 ][ -1722 ][ 3551 ] } { [ -471 ][ 704 ] } { [ 985 ] } { [ 4655 ][ 3649 ] } { [ -2146 ] } { [ -3569 ] } { [ 4992 ][ -4846 ] } { [ -2316 ] } { [ -3568 ][ -534 ] } { [ -1973 ] } { [ -3597 ] } { [ -3946 ] } { [ 4664 ] } { [ 3752 ] } { [ -1196 ] } { [ 3455 ] } { [ 4411 ] } { [ -893 ][ -3287 ] } { [ -3423 ] } { [ 1333 ] } { [ -3553 ] } { [ -641 ] }
despues de colapsar { [ 3174 ][ 3295 ][ -4659 ][ -4711 ] } { [ -2731 ] } { [ 4777 ] } { [ 3463 ] } { [ -4723 ] } { [ -3852 ] } { [ 595 ][ -901 ][ -1722 ][ 3551 ] } { [ -471 ][ 704 ] } { [ 985 ] } { [ 4655 ][ 3649 ] } { [ -2146 ] } { [ -3569 ] } { [ 4992 ][ -4846 ] } { [ -2316 ] } { [ -3568 ][ -534 ] } { [ -1973 ] } { [ -3597 ] } { [ -3946 ] } { [ 4664 ] } { [ 3752 ] } { [ -1196 ] } { [ 3455 ] } { [ 4411 ] } { [ -893 ][ -3287 ] } { [ -3423 ] } { [ 1333 ] } { [ -3553 ] } { [ -641 ] }
antes   de filtrar: { [ uc ][ pb ][ lfbrpyj3o ] } { [ ohse0 ] } { [ dwje ] } { [ yfpqa1v ] }
despues de filtrar: { [ uc ][ pb ][ lfbrpyj3o ] } { [ dwje ] }
antes   de filtrar: { [ uc ][ pb ][ lfbrpyj3o ] } { [ dwje ] } { [ 5gy ] } { [ 45 ][ 6x ] } { [ l ] } { [ b1tipghr ] } { [ 798wc8 ] } { [ gq3akttx ][ ewaxd7s ] } { [ pkwtq4otnp ] } { [ 5wv6yp ] } { [ djh4nvecbq ] }
despues de filtrar: { [ uc ][ pb ][ lfbrpyj3o ] } { [ dwje ] } { [ l ] }
antes   de colapsar { [ uc ][ pb ][ lfbrpyj3o ] } { [ dwje ] } { [ l ] }
despues de colapsar { [ uc ][ pb ][ lfbrpyj3o ] } { [ dwje ] } { [ l ] }
antes   de colapsar { [ uc ][ pb ][ lfbrpyj3o ] } { [ dwje ] } { [ l ] } { [ 7hreyo897o ] } { [ fbvjp ] } { [ piv6 ] }
despues de colapsar { [ uc ][ pb ][ lfbrpyj3o ] } { [ dwje ] } { [ l ] } { [ 7hreyo897o ] } { [ fbvjp ] } { [ piv6 ] }
antes   de colapsar { [ uc ][ pb ][ lfbrpyj3o ][ e8h6sbdc8 ] } { [ dwje ] } { [ l ] } { [ 7hreyo897o ] } { [ fbvjp ] } { [ piv6 ] }
despues de colapsar { [ uc ][ pb ][ lfbrpyj3o ][ e8h6sbdc8 ] } { [ dwje ] } { [ l ] } { [ 7hreyo897o ] } { [ fbvjp ] } { [ piv6 ] }
antes   de colapsar { [ uc ][ pb ][ lfbrpyj3o ][ e8h6sbdc8 ] } { [ dwje ] } { [ l ] } { [ 7hreyo897o ] } { [ fbvjp ] } { [ piv6 ] }
despues de colapsar { [ uc ][ pb ][ lfbrpyj3o ][ e8h6sbdc8 ] } { [ dwje ] } { [ l ] } { [ 7hreyo897o ] } { [ fbvjp ] } { [ piv6 ] }
antes   de colapsar { [ uc ][ pb ][ lfbrpyj3o ][ e8h6sbdc8 ] } { [ dwje ] } { [ l ][ 2y8kp ] } { [ 7hreyo897o ] } { [ fbvjp ] } { [ piv6 ] } { [ e827s03 ] }
despues de colapsar { [ uc ][ pb ][ lfbrpyj3o ][ e8h6sbdc8 ] } { [ dwje ] } { [ l ][ 2y8kp ] } { [ 7hreyo897o ] } { [ fbvjp ] } { [ piv6 ] } { [ e827s03 ] }
antes   de colapsar { [ uc ][ pb ][ lfbrpyj3o ][ e8h6sbdc8 ] } { [ dwje ] } { [ l ][ 2y8kp ] } { [ 7hreyo897o ] } { [ fbvjp ] } { [ piv6 ][ b45d ] } { [ e827s03 ][ eh ] } { [ u72vdwaa7 ] } { [ 3plvp ] } { [ lqkrx ] } { [ 3b3jmaf5c ] } { [ drrj81cg ] }
despues de colapsar { [ uc ][ pb ][ lfbrpyj3o ][ e8h6sbdc8 ] } { [ dwje ] } { [ l ][ 2y8kp ] } { [ 7hreyo897o ] } { [ fbvjp ] } { [ pbi4v56d ] } { [ ee8h27s03 ] } { [ u72vdwaa7 ] } { [ 3plvp ] } { [ lqkrx ] } { [ 3b3jmaf5c ] } { [ drrj81cg ] }
antes   de filtrar: { [ uc ][ pb ][ lfbrpyj3o ][ e8h6sbdc8 ] } { [ dwje ] } { [ l ][ 2y8kp ] } { [ 7hreyo897o ][ da55 ] } { [ fbvjp ] } { [ pbi4v56d ] } { [ ee8h27s03 ] } { [ u72vdwaa7 ] } { [ 3plvp ] } { [ lqkrx ] } { [ 3b3jmaf5c ] } { [ drrj81cg ] }
despues de filtrar: { [ uc ][ pb ][ lfbrpyj3o ][ e8h6sbdc8 ] } { [ dwje ] } { [ l ][ 2y8kp ] } { [ fbvjp ] } { [ lqkrx ] }
antes   de colapsar { [ uc ][ pb ][ lfbrpyj3o ][ e8h6sbdc8 ][ 1jnhg ] } { [ dwje ] } { [ l ][ 2y8kp ][ 9opp0i ] } { [ fbvjp ] } { [ lqkrx ] } { [ f216 ] } { [ pr ] } { [ 1kcowhp ] } { [ yu ] } { [ 81ol ] } { [ b ] }
despues de colapsar { [ uc ][ pb ][ lfbrpyj3o ][ e8h6sbdc8 ][ 1jnhg ] } { [ dwje ] } { [ l ][ 2y8kp ][ 9opp0i ] } { [ fbvjp ] } { [ lqkrx ] } { [ f216 ] } { [ pr ] } { [ 1kcowhp ] } { [ yu ] } { [ 81ol ] } { [ b ] }
